================================================================================================================================
RESEARCH LINE a_ratio_study (2026-09-22): is 50/50 core/TQQQ the right A row? decay, drift, beta-matching
================================================================================================================================
  LIVE real   CAGR  37.29%  MaxDD  -18.6%  exSharpe F 1.376 S 1.376 H nan  exp 67.2%  reb/yr 45.1
  LIVE proxy  CAGR  25.46%  MaxDD  -27.0%  exSharpe F 0.990 S 1.305 H 0.754  exp 62.2%  reb/yr 47.9
  QQQ  real   CAGR  18.51%  MaxDD  -35.6%  exSharpe 0.772   (same dates, buy-and-hold)
  QQQ  proxy  CAGR   8.07%  MaxDD  -80.5%  exSharpe 0.356   (same dates, buy-and-hold)
  proxy core = QQQ total return, proxy TQQQ = synthetic 3x; real core = SPMO, real TQQQ = the fund.
  flat-leverage null (live x k): real: 19.4%/-9.2%, 23.0%/-11.0%, 26.5%/-12.8%, 30.0%/-14.6%, 33.7%/-16.5%, 37.3%/-18.6%, 40.9%/-20.4%, 44.5%/-22.4%, 48.1%/-24.3%, 51.8%/-26.2%, 55.5%/-28.0% | proxy: 13.9%/-14.0%, 16.2%/-16.7%, 18.5%/-19.3%, 20.9%/-21.8%, 23.2%/-24.3%, 25.5%/-27.0%, 27.7%/-29.8%, 29.9%/-32.7%, 32.0%/-35.6%, 34.1%/-38.6%, 36.2%/-41.3%

================================================================================================================================
1  THE DIAL: core/TQQQ in A (the trim, vol target, band, every other state unchanged)
   edge = MaxDD minus the flat-leverage null's MaxDD at the same CAGR (POSITIVE = shallower than just levering live)
================================================================================================================================

  REAL
   core/TQQQ     CAGR   dCAGR   MaxDD   edge   exSh F      S      H      dF    exp   reb
     80/20     30.03%   -7.26  -15.0%  -0.36    1.375  1.375    -    -0.001  67.2%  44.0
     70/30     32.50%   -4.80  -15.9%  -0.02    1.388  1.388    -    +0.012  67.2%  44.9
     65/35     33.70%   -3.60  -16.4%  +0.14    1.388  1.388    -    +0.012  67.2%  45.0
     60/40     34.90%   -2.39  -16.8%  +0.36    1.386  1.386    -    +0.010  67.2%  45.0
     55/45     36.10%   -1.20  -17.4%  +0.45    1.382  1.382    -    +0.006  67.2%  45.0
     50/50     37.29%   +0.00  -18.6%  +0.00    1.376  1.376    -    +0.000  67.2%  45.1  <- LIVE
     45/55     38.48%   +1.19  -19.7%  -0.50    1.369  1.369    -    -0.007  67.2%  45.1
     40/60     39.63%   +2.34  -20.8%  -1.01    1.360  1.360    -    -0.016  67.2%  45.2
     35/65     40.82%   +3.53  -21.9%  -1.49    1.352  1.352    -    -0.023  67.2%  45.2
     30/70     41.94%   +4.65  -23.0%  -1.97    1.342  1.342    -    -0.033  67.2%  44.9
     20/80     44.21%   +6.92  -25.1%  -2.88    1.323  1.323    -    -0.052  67.2%  44.2
  marginal CAGR per +10pp TQQQ:  20->30: +2.47  30->35: +2.40  35->40: +2.41  40->45: +2.39  45->50: +2.39  50->55: +2.38  55->60: +2.30  60->65: +2.38  65->70: +2.24  70->80: +2.27

  PROXY
   core/TQQQ     CAGR   dCAGR   MaxDD   edge   exSh F      S      H      dF    exp   reb
     80/20     20.89%   -4.57  -25.1%  -3.25    0.984  1.302  0.745  -0.007  62.2%  47.4
     70/30     22.42%   -3.04  -25.7%  -2.21    0.989  1.307  0.750  -0.002  62.2%  47.6
     65/35     23.19%   -2.27  -26.0%  -1.69    0.990  1.307  0.752  -0.000  62.2%  47.8
     60/40     23.95%   -1.51  -26.3%  -1.12    0.991  1.307  0.754  +0.001  62.2%  47.9
     55/45     24.71%   -0.75  -26.6%  -0.55    0.991  1.307  0.754  +0.001  62.2%  48.0
     50/50     25.46%   +0.00  -27.0%  +0.00    0.990  1.305  0.754  +0.000  62.2%  47.9  <- LIVE
     45/55     26.20%   +0.74  -27.8%  +0.07    0.989  1.302  0.754  -0.001  62.2%  47.9
     40/60     26.93%   +1.47  -28.8%  +0.02    0.988  1.297  0.755  -0.002  62.2%  47.9
     35/65     27.64%   +2.19  -30.0%  -0.28    0.986  1.293  0.754  -0.005  62.2%  47.8
     30/70     28.35%   +2.90  -31.3%  -0.60    0.983  1.289  0.753  -0.007  62.2%  47.7
     20/80     29.77%   +4.31  -33.8%  -1.18    0.979  1.283  0.751  -0.011  62.2%  47.3
  marginal CAGR per +10pp TQQQ:  20->30: +1.53  30->35: +1.54  35->40: +1.52  40->45: +1.52  45->50: +1.49  50->55: +1.48  55->60: +1.47  60->65: +1.42  65->70: +1.42  70->80: +1.41

================================================================================================================================
2  DECAY: realized TQQQ log return minus 3 x QQQ log return, by where the strategy actually holds it
================================================================================================================================
  real   state A days     n  1854  QQQ vol  16.3%  realized drag -12.09%/yr   naive 3x2 s^2/2  -7.94%/yr
  real   all other days   n   871  QQQ vol  31.3%  realized drag -37.17%/yr   naive 3x2 s^2/2 -29.38%/yr
  real   every day        n  2725  QQQ vol  22.2%  realized drag -20.11%/yr   naive 3x2 s^2/2 -14.79%/yr
  real: decay charged to the BOOK (held TQQQ weight x daily log-drag, A days only), %/yr of the whole strategy:
     70/30: -1.73   60/40: -2.30   50/50: -2.88   40/60: -3.45   30/70: -4.03
  proxy  state A days     n  3909  QQQ vol  17.1%  realized drag -12.18%/yr   naive 3x2 s^2/2  -8.79%/yr
  proxy  all other days   n  2666  QQQ vol  34.5%  realized drag -39.63%/yr   naive 3x2 s^2/2 -35.76%/yr
  proxy  every day        n  6575  QQQ vol  25.6%  realized drag -23.31%/yr   naive 3x2 s^2/2 -19.72%/yr
  proxy: decay charged to the BOOK (held TQQQ weight x daily log-drag, A days only), %/yr of the whole strategy:
     70/30: -1.52   60/40: -2.02   50/50: -2.53   40/60: -3.03   30/70: -3.53

================================================================================================================================
3  DRIFT: inside A, how far the held TQQQ weight wanders from target, how often the band fires, what it costs
   (weights are shares of the RISKY book, so the vol target and the trim do not blur the ratio)
================================================================================================================================
  harness     row  A days  mean held T    p10    p90  A band fires/yr
  real     70/30     1650        30.4%  29.5%  31.6%              8.1
  real     60/40     1650        40.4%  39.5%  41.6%              8.3
  real     50/50     1650        50.4%  49.5%  51.6%              8.4
  real     40/60     1650        60.4%  59.5%  61.6%              8.5
  real     30/70     1650        70.4%  69.6%  71.6%              8.2
  proxy    70/30     3550        30.4%  29.7%  31.5%              9.5
  proxy    60/40     3550        40.4%  39.6%  41.6%              9.9
  proxy    50/50     3550        50.4%  49.6%  51.6%              9.9
  proxy    40/60     3550        60.4%  59.6%  61.6%              9.9
  proxy    30/70     3550        70.4%  69.7%  71.6%              9.7

================================================================================================================================
4  BETA-MATCHED ALTERNATIVES: nominal beta 2.0 = core + 3 TQQQ + 2 QLD. Family SPMO = TQQQ = c, QLD = 1 - 2c.
   Decay load (units of s^2/2): 6 x TQQQ + 2 x QLD = 2 + 2c.  c = 0.50 is live (3.0 units), c = 0 is 100% QLD (2.0 units).
   MEASURED beta to QQQ on A days is reported because SPMO's beta is not 1 -- nominal matching is not enough.
================================================================================================================================

  REAL
    SPMO/TQQQ/QLD     CAGR   dCAGR   MaxDD   edge   exSh F      S      H      dF  beta_A  bp/d on A
   50.0/50.0/  0.0   37.29%   +0.00  -18.6%  +0.00    1.376  1.376    -    +0.000    1.85       15.6  <- LIVE
   40.0/40.0/ 20.0   37.46%   +0.16  -19.1%  -0.41    1.372  1.372    -    -0.004    1.88       15.6
   33.3/33.3/ 33.3   37.46%   +0.17  -19.4%  -0.73    1.365  1.365    -    -0.011    1.90       15.6
   25.0/25.0/ 50.0   37.56%   +0.27  -19.8%  -1.09    1.359  1.359    -    -0.017    1.92       15.7
   15.0/15.0/ 70.0   37.63%   +0.34  -20.3%  -1.54    1.350  1.350    -    -0.026    1.95       15.7
    0.0/ 0.0/100.0   37.59%   +0.30  -21.0%  -2.29    1.332  1.332    -    -0.044    1.99       15.7

  PROXY
    SPMO/TQQQ/QLD     CAGR   dCAGR   MaxDD   edge   exSh F      S      H      dF  beta_A  bp/d on A
   50.0/50.0/  0.0   25.46%   +0.00  -27.0%  +0.00    0.990  1.305  0.754  +0.000    2.00       13.3  <- LIVE
   40.0/40.0/ 20.0   25.46%   +0.00  -27.0%  -0.02    0.990  1.303  0.755  +0.000    2.00       13.2
   33.3/33.3/ 33.3   25.47%   +0.02  -27.0%  -0.02    0.991  1.304  0.756  +0.001    2.00       13.2
   25.0/25.0/ 50.0   25.50%   +0.04  -27.0%  -0.00    0.992  1.305  0.756  +0.002    2.00       13.2
   15.0/15.0/ 70.0   25.48%   +0.02  -27.0%  -0.06    0.992  1.305  0.756  +0.001    2.00       13.1
    0.0/ 0.0/100.0   25.46%   +0.00  -27.1%  -0.14    0.992  1.304  0.757  +0.001    2.00       13.1

================================================================================================================================
5  PAIRED CIRCULAR BLOCK BOOTSTRAP (2000 draws, 60-day blocks) of the EXCESS-Sharpe and excess log-return difference vs live
================================================================================================================================
  real   70/30      dSharpe +0.012  95% CI [-0.074, +0.096]  P(not better)   38%   dLogRet -3.56pp/yr  95% CI [-6.70, -0.36]
  real   60/40      dSharpe +0.010  95% CI [-0.029, +0.048]  P(not better)   29%   dLogRet -1.76pp/yr  95% CI [-3.30, -0.17]
  real   40/60      dSharpe -0.016  95% CI [-0.047, +0.016]  P(not better)   83%   dLogRet +1.69pp/yr  95% CI [+0.11, +3.24]
  real   30/70      dSharpe -0.033  95% CI [-0.092, +0.025]  P(not better)   88%   dLogRet +3.33pp/yr  95% CI [+0.18, +6.42]
  real   1/3 each   dSharpe -0.011  95% CI [-0.034, +0.013]  P(not better)   81%   dLogRet +0.12pp/yr  95% CI [-0.45, +0.77]
  real   100% QLD   dSharpe -0.044  95% CI [-0.114, +0.022]  P(not better)   90%   dLogRet +0.22pp/yr  95% CI [-1.46, +2.02]
  proxy  70/30      dSharpe -0.002  95% CI [-0.039, +0.035]  P(not better)   52%   dLogRet -2.45pp/yr  95% CI [-3.95, -0.91]
  proxy  60/40      dSharpe +0.001  95% CI [-0.016, +0.017]  P(not better)   47%   dLogRet -1.21pp/yr  95% CI [-1.96, -0.43]
  proxy  40/60      dSharpe -0.002  95% CI [-0.017, +0.012]  P(not better)   63%   dLogRet +1.17pp/yr  95% CI [+0.40, +1.92]
  proxy  30/70      dSharpe -0.007  95% CI [-0.034, +0.021]  P(not better)   69%   dLogRet +2.28pp/yr  95% CI [+0.74, +3.80]
  proxy  1/3 each   dSharpe +0.001  95% CI [-0.001, +0.002]  P(not better)   25%   dLogRet +0.01pp/yr  95% CI [-0.03, +0.05]
  proxy  100% QLD   dSharpe +0.001  95% CI [-0.002, +0.005]  P(not better)   27%   dLogRet +0.00pp/yr  95% CI [-0.09, +0.11]

  done in 36s
