
===== REAL =====
  A days by trim votes: n | 50/50 log-ret pp/yr contributed | 40/60 minus 50/50 pp/yr
    0 votes:  1377 | +19.94 |  +1.70
    1 votes:   137 |  +0.38 |  +0.05
    2 votes:   136 |  -0.41 |  -0.05
    3 votes:   204 |  +0.08 |  -0.00
  20 worst A days for the book: votes =  [0, 0, 0, 0, 0, 0, 0, 0, 0, 0, 0, 0, 0, 0, 0, 0, 0, 1, 0, 0]  -> with >=1 vote: 1
  50/50 drawdowns deeper than 8%: peak date, trough, depth, max votes in the 20 sessions before the peak, share of the fall spent in A with >=1 vote
    2021-11-18 -> 2023-01-17   -18.6%   votes pre-peak 0   A days in fall 42, with a vote 1
    2025-02-18 -> 2025-03-03   -17.8%   votes pre-peak 0   A days in fall 4, with a vote 0
    2023-09-13 -> 2023-10-26   -17.0%   votes pre-peak 2   A days in fall 10, with a vote 1
    2018-01-30 -> 2018-02-07   -16.5%   votes pre-peak 3   A days in fall 5, with a vote 1
    2018-03-09 -> 2018-04-05   -16.3%   votes pre-peak 1   A days in fall 8, with a vote 1
    2018-08-28 -> 2018-12-07   -15.0%   votes pre-peak 0   A days in fall 26, with a vote 0
    2021-04-23 -> 2021-05-11   -14.3%   votes pre-peak 2   A days in fall 12, with a vote 0
    2024-03-21 -> 2024-04-18   -13.8%   votes pre-peak 3   A days in fall 15, with a vote 3

===== PROXY =====
  A days by trim votes: n | 50/50 log-ret pp/yr contributed | 40/60 minus 50/50 pp/yr
    0 votes:  2897 | +15.02 |  +1.22
    1 votes:   322 |  -0.07 |  -0.02
    2 votes:   331 |  -0.37 |  -0.03
    3 votes:   359 |  +0.01 |  -0.00
  20 worst A days for the book: votes =  [0, 0, 0, 0, 0, 0, 0, 0, 0, 0, 0, 0, 0, 0, 0, 0, 0, 0, 0, 0]  -> with >=1 vote: 0
  50/50 drawdowns deeper than 8%: peak date, trough, depth, max votes in the 20 sessions before the peak, share of the fall spent in A with >=1 vote
    2004-12-13 -> 2005-10-31   -27.0%   votes pre-peak 2   A days in fall 91, with a vote 3
    2000-07-14 -> 2002-08-28   -26.7%   votes pre-peak 0   A days in fall 63, with a vote 18
    2007-11-05 -> 2009-03-13   -25.4%   votes pre-peak 3   A days in fall 52, with a vote 2
    2021-11-18 -> 2023-01-18   -25.3%   votes pre-peak 0   A days in fall 42, with a vote 1
    2011-04-26 -> 2011-12-13   -20.6%   votes pre-peak 0   A days in fall 70, with a vote 0
    2012-04-26 -> 2012-06-01   -19.7%   votes pre-peak 3   A days in fall 5, with a vote 0
    2007-07-18 -> 2007-08-15   -19.6%   votes pre-peak 0   A days in fall 13, with a vote 0
    2004-01-23 -> 2004-09-24   -19.6%   votes pre-peak 3   A days in fall 73, with a vote 2
