==============================================================================================================
RESEARCH LINE breadth_signal -- market breadth proxies as a gate / tilt / classifier input
==============================================================================================================

STANDING FIGURES (must match briefing): 26y proxy 22.18% / 0.913 / -33.6%  S 1.103 H 0.768  exp 67.7% | real weekly 31.40% / 1.248 / -25.0%
  rows 6575 2000-07-03..2026-08-26; real rows 564 2015-11-06..2026-08-21

SERIES COVERAGE (first date with a trailing-252 percentile) and LAST readings (what breadth said on 2026-09-08/09)
  series       first pct  n days |  value 09-08   pct |  value 09-09   pct
  qqew_20     2007-05-31    4849 |      -0.0242  0.26 |      -0.0349  0.14
  qqew_60     2007-07-27    4809 |       0.0351  0.82 |       0.0290  0.82
  qqew_s50    2007-07-12    4820 |      -0.0155  0.38 |      -0.0208  0.30
  qqew_s200   2008-02-14    4670 |       0.0003  0.88 |      -0.0046  0.86
  rsp_20      2004-05-27    5605 |      -0.0135  0.30 |      -0.0285  0.11
  rsp_60      2004-07-27    5565 |      -0.0115  0.51 |      -0.0248  0.41
  rsp_s50     2004-07-12    5576 |      -0.0194  0.21 |      -0.0285  0.14
  rsp_s200    2005-02-11    5426 |      -0.0172  0.46 |      -0.0269  0.41
  nhnl1       2000-09-12    6535 |       0.0000  0.34 |       0.0000  0.34
  nhnl10      2000-09-25    6526 |       0.0033  0.24 |       0.0033  0.25
  sec200      2000-10-04    6519 |       0.7778  0.29 |       0.6667  0.07
  sec50       2000-09-12    6535 |       0.5556  0.24 |       0.4444  0.14
  basket names available for NH-NL: 22 on 2003-01-02, 25 on 2010-01-04, 30 on 2026-09-09; the basket is the 2026-09 top 30, so early counts are on survivors only.

ALIGNMENT CHECK: corr(QQQ d0->d1 return, CHANGE of the raw series over d0->d1) should be clearly non-zero for the
  ratio/NHNL series (contemporaneous), and corr(pct at d0, QQQ d0->d1) is the PREDICTIVE pairing.
  series         n   contemp   pred d1  pred 21d  pred 63d
  qqew_20     4840    -0.185    -0.004    -0.033     0.057
  qqew_60     4800    -0.179     0.009     0.071     0.100
  qqew_s50    4811    -0.232     0.001     0.000     0.079
  qqew_s200   4661    -0.229     0.004     0.024     0.079
  rsp_20      5596     0.002     0.017    -0.032     0.013
  rsp_60      5556    -0.004     0.018     0.063     0.044
  rsp_s50     5567    -0.007     0.011    -0.014     0.038
  rsp_s200    5417    -0.011     0.012     0.001     0.004
  nhnl1       6526     0.441    -0.009    -0.025    -0.013
  nhnl10      6517     0.290    -0.002    -0.028    -0.012
  sec200      6510     0.368    -0.014    -0.050    -0.033
  sec50       6526     0.413    -0.019    -0.056    -0.062

FORWARD 21-DAY QQQ RETURN BY TRAILING-252 PERCENTILE QUINTILE OF EACH SERIES (causal buckets; mean %, n)
  series                Q1            Q2            Q3            Q4            Q5     Q5-Q1   | search-era Q5-Q1 | holdout-era Q5-Q1
  qqew_20       1.22 (1057)    1.71 ( 965)    1.69 ( 937)    1.84 ( 894)    0.38 ( 967)     -0.84   |    -0.68        |    -1.22
  qqew_60       0.92 (1163)    0.79 ( 951)    1.65 ( 948)    1.82 ( 730)    1.84 ( 988)      0.92   |    +0.94        |    +0.93
  qqew_s50      1.05 (1061)    1.39 ( 951)    1.67 (1012)    2.16 ( 764)    0.68 (1003)     -0.37   |    -0.40        |    -0.53
  qqew_s200     0.97 (1385)    1.74 ( 939)    2.14 ( 597)    1.14 ( 688)    1.60 (1032)      0.63   |    +0.75        |    +0.48
  rsp_20        1.70 (1236)    1.27 (1166)    1.13 (1054)    0.98 (1016)    1.24 (1104)     -0.47   |    +0.17        |    -1.18
  rsp_60        0.85 (1309)    1.04 (1139)    1.57 ( 988)    1.46 (1018)    1.81 (1082)      0.96   |    +3.00        |    -1.42
  rsp_s50       1.38 (1261)    1.45 (1182)    1.49 (1052)    0.93 ( 932)    1.22 (1120)     -0.15   |    +0.63        |    -1.09
  rsp_s200      1.29 (1716)    1.74 ( 959)    0.56 ( 817)    1.49 ( 745)    1.38 (1160)      0.09   |    +1.40        |    -1.81
  nhnl1         1.43 (1146)    1.18 (1461)   -0.56 (1359)    1.81 (1183)    0.80 (1357)     -0.62   |    -0.91        |    -0.42
  nhnl10        1.54 (1455)    0.85 (1120)   -0.18 (1186)    1.15 (1250)    1.02 (1486)     -0.52   |    -2.04        |    +0.43
  sec200        1.43 (1621)    1.23 (1093)    0.19 ( 928)    0.61 (1555)    0.94 (1293)     -0.49   |    +0.02        |    -0.88
  sec50         1.94 (1482)    0.54 (1181)    0.23 (1276)    0.66 (1185)    0.90 (1382)     -1.04   |    -1.42        |    -0.76

SAME-ROWS BASELINES (live re-scored on each proxy's rows). Holdout has 3856 rows, search 2719.
  series      rows       first  holdout cov          live CAGR/Sh/MDD       S       H    exp
  qqew_20     4840  2007-05-31  2121/3856  55%   25.94% / 1.001 / -33.6%   1.103   0.868  72.3%
  qqew_60     4800  2007-07-27  2081/3856  54%   26.09% / 1.006 / -33.6%   1.103   0.876  72.1%
  qqew_s50    4811  2007-07-12  2092/3856  54%   25.58% / 0.990 / -33.6%   1.103   0.841  72.2%
  qqew_s200   4661  2008-02-14  1942/3856  50%   26.57% / 1.030 / -33.6%   1.103   0.923  72.1%
  rsp_20      5596  2004-05-27  2877/3856  75%   24.94% / 0.979 / -33.6%   1.103   0.858  74.3%
  rsp_60      5556  2004-07-27  2837/3856  74%   25.42% / 0.994 / -33.6%   1.103   0.886  74.2%
  rsp_s50     5567  2004-07-12  2848/3856  74%   25.38% / 0.994 / -33.6%   1.103   0.885  74.1%
  rsp_s200    5417  2005-02-11  2698/3856  70%   25.36% / 0.991 / -33.6%   1.103   0.875  74.0%
  nhnl1       6526  2000-09-12  3807/3856  99%   22.96% / 0.939 / -33.6%   1.103   0.813  67.9%
  nhnl10      6517  2000-09-25  3798/3856  98%   23.03% / 0.941 / -33.6%   1.103   0.816  68.0%
  sec200      6510  2000-10-04  3791/3856  98%   23.05% / 0.941 / -33.6%   1.103   0.816  68.0%
  sec50       6526  2000-09-12  3807/3856  99%   22.96% / 0.939 / -33.6%   1.103   0.813  67.9%

VARIANT SCREEN.  Each line: candidate on its proxy rows vs same-rows live (dS, dH = Sharpe minus live in search / holdout),
  exposure (deployed capital, %), real weekly rows Sharpe vs live real, and the sign-flip placebo's dS/dH. 'both' = beats
  live on search AND holdout. iv1/iv2: T* bisected so exposure matches live on the same rows (flip re-calibrated).
  series    var             CAGR/Sh/MDD      dS      dH    exp  both | real Sh   dReal | flip dS      dH    T*/c*
  qqew_20   i25  23.33% / 0.956 / -33.7%  -0.056  -0.032  68.7%     -     1.225  -0.023    +0.034  -0.007         
  qqew_20   i50  20.58% / 0.890 / -33.9%  -0.134  -0.083  65.1%     -     1.185  -0.063    +0.056  -0.022         
  qqew_20   ii   21.19% / 0.927 / -32.5%  -0.076  -0.070  61.8%     -     1.228  -0.020    -0.025  -0.031         
  qqew_20   iii  25.60% / 0.995 / -33.8%  -0.007  -0.004  72.3%     -     1.258  +0.010    +0.021  -0.036         
  qqew_20   iv1  25.11% / 0.985 / -33.7%  -0.021  -0.009  72.3%     -     1.224  -0.024    -0.016  +0.002  c=1.472
  qqew_20   iv2  24.76% / 0.953 / -35.8%  -0.067  -0.025  72.3%     -     1.206  -0.042    -0.012  -0.048  T=0.305
  qqew_20   conf 23.21% / 0.930 / -34.1%  -0.065  -0.080  75.8%     -     1.236  -0.012    -0.020  -0.066         
  qqew_60   i25  25.94% / 1.051 / -29.7%  +0.034  +0.061  67.9%   YES     1.273  +0.025    -0.020  +0.048         
  qqew_60   i50  25.57% / 1.081 / -25.7%  +0.054  +0.107  63.8%   YES     1.277  +0.029    -0.051  +0.089         
  qqew_60   ii   22.43% / 0.978 / -31.6%  -0.036  -0.019  60.5%     -     1.232  -0.016    -0.055  -0.078         
  qqew_60   iii  25.74% / 0.998 / -33.3%  +0.004  -0.024  71.9%     -     1.267  +0.019    +0.003  -0.001         
  qqew_60   iv1  26.05% / 1.016 / -30.8%  +0.001  +0.024  72.1%   YES     1.239  -0.009    -0.032  +0.007  c=1.521
  qqew_60   iv2  26.85% / 1.020 / -33.3%  +0.002  +0.028  72.1%   YES     1.251  +0.003    -0.045  -0.036  T=0.352
  qqew_60   conf 23.38% / 0.937 / -31.7%  -0.075  -0.060  75.3%     -     1.101  -0.147    -0.018  +0.056         
  qqew_s50  i25  24.57% / 0.997 / -32.7%  -0.027  +0.050  68.6%     -     1.219  -0.029    -0.007  -0.002         
  qqew_s50  i50  23.38% / 0.988 / -32.7%  -0.070  +0.086  65.0%     -     1.171  -0.077    -0.027  -0.009         
  qqew_s50  ii   22.60% / 0.984 / -32.0%  +0.011  -0.028  60.7%     -     1.272  +0.024    -0.101  -0.059         
  qqew_s50  iii  25.75% / 0.999 / -33.3%  +0.021  -0.008  72.0%     -     1.279  +0.031    +0.009  -0.039         
  qqew_s50  iv1  25.07% / 0.985 / -32.8%  -0.013  +0.005  72.2%     -     1.233  -0.015    -0.012  +0.003  c=1.477
  qqew_s50  iv2  25.18% / 0.969 / -34.9%  -0.028  -0.016  72.2%     -     1.226  -0.022    -0.047  -0.046  T=0.304
  qqew_s50  conf 23.20% / 0.929 / -32.7%  -0.080  -0.037  75.5%     -     1.109  -0.139    -0.062  -0.044         
  qqew_s200 i25  25.97% / 1.071 / -28.6%  +0.027  +0.063  67.1%   YES     1.275  +0.027    -0.026  -0.010         
  qqew_s200 i50  25.22% / 1.098 / -25.1%  +0.036  +0.118  62.2%   YES     1.283  +0.035    -0.062  -0.031         
  qqew_s200 ii   22.72% / 0.996 / -31.5%  +0.010  -0.098  60.5%     -     1.240  -0.008    -0.081  -0.021         
  qqew_s200 iii  25.88% / 1.012 / -34.6%  +0.004  -0.052  71.8%     -     1.254  +0.006    -0.009  -0.052         
  qqew_s200 iv1  26.79% / 1.049 / -31.9%  -0.005  +0.056  72.1%     -     1.241  -0.007    -0.000  -0.003  c=1.551
  qqew_s200 iv2  26.66% / 1.040 / -32.7%  +0.002  +0.024  72.1%   YES     1.250  +0.002    -0.034  -0.047  c=1.185
  qqew_s200 conf 24.45% / 0.980 / -31.6%  -0.079  -0.007  76.4%     -     1.147  -0.101    -0.034  +0.045         
  qqew_s200 repl 20.11% / 1.006 / -31.4%  -0.183  +0.195  64.1%     -     0.906  -0.342    -0.346  -0.412         
  rsp_20    i25  24.73% / 1.013 / -32.1%  +0.041  +0.027  70.9%   YES     1.280  +0.032    -0.003  -0.011         
  rsp_20    i50  24.35% / 1.033 / -30.7%  +0.067  +0.043  67.4%   YES     1.298  +0.050    -0.019  -0.037         
  rsp_20    ii   21.63% / 0.946 / -31.8%  -0.042  -0.023  64.4%     -     1.237  -0.011    -0.059  -0.054         
  rsp_20    iii  24.31% / 0.962 / -33.3%  -0.006  -0.027  73.9%     -     1.261  +0.014    -0.022  -0.054         
  rsp_20    iv1  25.53% / 1.010 / -32.8%  +0.041  +0.022  74.3%   YES     1.267  +0.019    -0.046  +0.020  c=1.460
  rsp_20    iv2  25.14% / 0.975 / -34.2%  -0.003  -0.010  74.3%     -     1.270  +0.022    -0.067  -0.033  T=0.356
  rsp_20    conf 23.46% / 0.946 / -32.5%  -0.063  -0.006  76.6%     -     1.199  -0.049    -0.013  -0.065         
  rsp_60    i25  25.57% / 1.043 / -29.1%  +0.083  +0.016  70.4%   YES     1.320  +0.072    -0.030  -0.000         
  rsp_60    i50  25.55% / 1.079 / -26.1%  +0.153  +0.022  66.6%   YES     1.379  +0.131    -0.074  -0.010         
  rsp_60    ii   22.50% / 0.978 / -31.5%  +0.010  -0.042  63.7%     -     1.295  +0.048    -0.097  -0.028         
  rsp_60    iii  24.99% / 0.986 / -33.3%  +0.020  -0.038  73.5%     -     1.277  +0.029    -0.029  -0.021         
  rsp_60    iv1  25.45% / 1.007 / -31.1%  +0.035  -0.009  74.2%     -     1.288  +0.040    -0.076  -0.004  c=1.508
  rsp_60    iv2  25.51% / 1.005 / -32.3%  +0.031  -0.010  74.2%     -     1.284  +0.036    -0.093  -0.017  c=1.175
  rsp_60    conf 24.34% / 0.977 / -31.7%  -0.020  -0.014  76.1%     -     1.106  -0.141    +0.062  -0.037         
  rsp_s50   i25  24.83% / 1.016 / -32.5%  +0.050  -0.003  70.6%     -     1.279  +0.031    +0.014  -0.010         
  rsp_s50   i50  24.13% / 1.025 / -31.9%  +0.086  -0.017  67.0%     -     1.295  +0.047    +0.010  -0.032         
  rsp_s50   ii   22.55% / 0.982 / -31.2%  -0.024  +0.001  63.9%     -     1.246  -0.002    -0.075  -0.074         
  rsp_s50   iii  24.70% / 0.976 / -33.5%  +0.004  -0.041  73.5%     -     1.249  +0.001    -0.001  -0.041         
  rsp_s50   iv1  26.01% / 1.028 / -33.5%  +0.054  +0.015  74.1%   YES     1.266  +0.018    -0.041  -0.013  c=1.481
  rsp_s50   iv2  25.45% / 0.983 / -35.4%  +0.004  -0.029  74.1%     -     1.244  -0.004    -0.050  -0.030  T=0.411
  rsp_s50   conf 23.73% / 0.956 / -32.9%  -0.055  -0.020  76.3%     -     1.133  -0.115    +0.042  -0.028         
  rsp_s200  i25  23.76% / 1.004 / -28.2%  +0.059  -0.038  68.8%     -     1.321  +0.073    -0.028  -0.000         
  rsp_s200  i50  21.92% / 0.993 / -26.5%  +0.101  -0.105  63.5%     -     1.379  +0.131    -0.079  -0.008         
  rsp_s200  ii   21.52% / 0.948 / -31.6%  -0.004  -0.087  62.8%     -     1.245  -0.003    -0.081  +0.020         
  rsp_s200  iii  24.41% / 0.967 / -34.5%  +0.004  -0.056  73.5%     -     1.254  +0.006    -0.024  -0.018         
  rsp_s200  iv1  25.14% / 0.998 / -34.2%  +0.020  -0.008  74.0%     -     1.276  +0.028    -0.036  +0.007  c=1.598
  rsp_s200  iv2  25.10% / 0.991 / -33.7%  +0.007  -0.010  74.0%     -     1.267  +0.019    -0.074  -0.030  c=1.204
  rsp_s200  conf 23.15% / 0.945 / -31.8%  -0.024  -0.072  76.9%     -     1.162  -0.086    -0.018  +0.034         
  rsp_s200  repl 19.52% / 0.893 / -38.7%  -0.274  +0.079  70.5%     -     1.049  -0.199    -0.142  -0.438         
  nhnl1     i25  21.98% / 0.947 / -30.1%  +0.021  -0.001  65.6%     -     1.260  +0.012    -0.024  -0.002         
  nhnl1     i50  20.86% / 0.940 / -29.9%  +0.025  -0.015  63.3%     -     1.253  +0.005    -0.055  -0.016         
  nhnl1     ii   20.10% / 0.905 / -34.3%  -0.033  -0.036  61.5%     -     1.200  -0.048    -0.113  -0.059         
  nhnl1     iii  23.00% / 0.941 / -33.6%  +0.002  +0.002  67.8%   YES     1.248  +0.000    +0.009  -0.013         
  nhnl1     iv1  22.20% / 0.931 / -30.9%  +0.011  -0.021  67.9%     -     1.241  -0.007    -0.012  -0.010  c=1.396
  nhnl1     iv2  21.92% / 0.908 / -33.4%  -0.008  -0.047  67.9%     -     1.241  -0.007    -0.060  -0.057  T=0.265
  nhnl1     conf 21.99% / 0.919 / -33.4%  -0.053  +0.005  68.1%     -     1.247  -0.001    -0.112  -0.097         
  nhnl10    i25  21.77% / 0.931 / -30.7%  +0.005  -0.021  65.8%     -     1.220  -0.028    -0.041  -0.018         
  nhnl10    i50  20.40% / 0.908 / -28.7%  -0.006  -0.053  63.7%     -     1.171  -0.077    -0.095  -0.047         
  nhnl10    ii   21.29% / 0.929 / -32.9%  -0.033  +0.005  62.7%     -     1.179  -0.069    -0.058  -0.050         
  nhnl10    iii  22.54% / 0.927 / -33.7%  -0.010  -0.017  67.3%     -     1.222  -0.026    -0.004  -0.019         
  nhnl10    iv1  21.47% / 0.898 / -31.6%  -0.024  -0.056  68.0%     -     1.222  -0.025    -0.016  -0.015  c=1.407
  nhnl10    iv2  22.24% / 0.912 / -32.9%  -0.021  -0.034  68.0%     -     1.222  -0.026    -0.057  -0.077  T=0.259
  nhnl10    conf 22.07% / 0.915 / -33.3%  -0.048  -0.009  68.1%     -     1.224  -0.024    -0.163  -0.101         
  nhnl10    repl 20.34% / 0.793 / -43.3%  -0.064  -0.210  73.0%     -     1.011  -0.237    -0.343  -0.445         
  sec200    i25  22.46% / 0.963 / -31.1%  +0.048  +0.001  65.8%   YES     1.284  +0.036    +0.010  -0.029         
  sec200    i50  21.74% / 0.973 / -32.0%  +0.083  -0.010  63.5%     -     1.309  +0.061    +0.007  -0.065         
  sec200    ii   19.71% / 0.882 / -33.3%  -0.060  -0.061  62.2%     -     1.208  -0.040    -0.025  +0.015         
  sec200    iii  21.07% / 0.883 / -35.1%  -0.003  -0.103  67.0%     -     1.217  -0.031    -0.019  +0.007         
  sec200    iv1  22.25% / 0.929 / -32.3%  +0.003  -0.023  68.0%     -     1.242  -0.006    +0.014  -0.043  c=1.424
  sec200    iv2  22.45% / 0.920 / -33.9%  +0.008  -0.047  68.0%     -     1.245  -0.003    -0.035  -0.058  T=0.269
  sec200    conf 21.51% / 0.906 / -34.8%  -0.040  -0.032  68.3%     -     1.277  +0.029    -0.092  -0.010         
  sec200    repl 13.52% / 0.616 / -68.2%  -0.154  -0.446  69.8%     -     1.238  -0.009    -0.439  -0.396         
  sec50     i25  21.65% / 0.942 / -31.7%  +0.019  -0.008  65.3%     -     1.248  -0.000    -0.018  +0.000         
  sec50     i50  20.19% / 0.928 / -32.8%  +0.018  -0.032  62.7%     -     1.223  -0.025    -0.043  -0.012         
  sec50     ii   21.14% / 0.938 / -32.3%  -0.048  +0.037  61.9%     -     1.273  +0.025    -0.045  -0.093         
  sec50     iii  22.63% / 0.929 / -33.6%  -0.005  -0.013  67.4%     -     1.225  -0.022    +0.004  +0.010         
  sec50     iv1  22.12% / 0.928 / -32.5%  +0.019  -0.033  67.9%     -     1.213  -0.035    -0.019  +0.004  c=1.429
  sec50     iv2  21.98% / 0.910 / -33.6%  +0.004  -0.052  67.9%     -     1.241  -0.007    -0.025  -0.039  T=0.272
  sec50     conf 22.23% / 0.927 / -34.0%  -0.013  -0.010  67.9%     -     1.234  -0.014    -0.086  -0.058         

CANDIDATE COUNT: 88 breadth candidates (12 series x 7 gate/tilt variants + 4 replacement classifiers).  both-era passes: 15;  both-era AND real-rows Sharpe above live: 13.  Sign-flip placebos passing both-era: 1.

DEEP CONTROLS on the best variant per proxy FAMILY (selection: largest min(dS, dH) vs same-rows live; a family whose
  best is negative in an era is reported anyway -- that IS the result).

[qqew] best = qqew_60 i50: 25.57% / 1.081 / -25.7%  S 1.156 (live 1.103)  H 0.983 (live 0.876)  exp 63.8% (live 72.1%)  both-era PASS
   exposure control, LIVE design scaled k=0.884 to 63.8%: 23.36% / 1.012 / -30.0%  S 1.111 H 0.877  -> candidate beats it both eras: True
   downturn_review.exposure_control (macro-only/vol30 baseline) k=0.779 matched=True: 18.16% / 0.854 / -29.3%  S 0.946 H 0.726
   sign-flip placebo: 25.18% / 1.014 / -30.9%  S 1.052 H 0.965  both-era FAIL   (a real signal must LOSE when flipped: flip full Sharpe -0.066 vs candidate)
   real weekly rows: candidate 28.31% / 1.277 / -22.0% vs live 31.40% / 1.248 / -25.0%  (dSharpe +0.029); flip 27.36% / 1.177 / -27.9%
   BLOCK BOOTSTRAP vs same-rows live (2000 draws, 4800 sessions): point -0.42pp/yr log-return, +0.075 Sharpe
      block 20d: log-return 95% CI [-3.79, +3.24] pp/yr P(<=0)=0.596   Sharpe CI [-0.055, +0.204] P(<=0)=0.120
      block 60d: log-return 95% CI [-3.84, +3.28] pp/yr P(<=0)=0.584   Sharpe CI [-0.055, +0.209] P(<=0)=0.138
      flip, block 20d: point -0.73pp/yr, +0.009 Sharpe; Sharpe CI [-0.074, +0.097] P(<=0)=0.436
   leave-one-regime-out (Sharpe diff vs same-rows live, window removed):
      drop dot-com 2000-02      (window not covered by this proxy)
      drop GFC 2007-09          +0.063
      drop COVID 2020           +0.060
      drop 2022 bear            +0.064
      drop SPMO era 2015-11+    +0.107

[rsp] best = rsp_20 i50: 24.35% / 1.033 / -30.7%  S 1.169 (live 1.103)  H 0.902 (live 0.858)  exp 67.4% (live 74.3%)  both-era PASS
   exposure control, LIVE design scaled k=0.907 to 67.4%: 22.91% / 0.985 / -30.9%  S 1.110 H 0.862  -> candidate beats it both eras: True
   downturn_review.exposure_control (macro-only/vol30 baseline) k=0.819 matched=True: 17.75% / 0.824 / -30.6%  S 0.942 H 0.701
   sign-flip placebo: 22.29% / 0.950 / -32.1%  S 1.084 H 0.821  both-era FAIL   (a real signal must LOSE when flipped: flip full Sharpe -0.083 vs candidate)
   real weekly rows: candidate 30.40% / 1.298 / -23.6% vs live 31.40% / 1.248 / -25.0%  (dSharpe +0.050); flip 28.48% / 1.212 / -20.3%
   BLOCK BOOTSTRAP vs same-rows live (2000 draws, 5596 sessions): point -0.47pp/yr log-return, +0.054 Sharpe
      block 20d: log-return 95% CI [-3.31, +2.63] pp/yr P(<=0)=0.633   Sharpe CI [-0.058, +0.173] P(<=0)=0.180
