============================================================================================================================================
dgate_buffer_study (2026-09-30): buffer zone on the state-D gate switch-off (pre-registered)
============================================================================================================================================

  REAL  base 40/60
  arm       CAGR  Sharpe   MaxDD  D days  gated  flips  D-day ret   Feb26   Mar26
  live    44.18%   1.804  -18.7%     382     91     40     242.7%   -5.7%   -2.9%
  g2.5    44.45%   1.813  -18.7%     382     92     38     249.5%   -5.7%   -2.9%
  g3      43.69%   1.790  -18.7%     382     96     38     230.2%   -5.7%   -2.9%
  g4      43.28%   1.788  -17.8%     382    108     31     220.0%   -5.7%   -2.7%
  b25     44.44%   1.823  -18.7%     382     99     33     249.2%   -3.4%   -2.9%

  PROXY  base 40/60
  arm       CAGR  Sharpe   MaxDD  D days  gated  flips  D-day ret  holdCAGR  holdSh  holdDD
  live    27.78%   1.199  -22.6%     934    240     97     615.4%    17.54%   0.834  -22.6%
  g2.5    26.72%   1.165  -29.0%     934    257     93     475.2%    15.73%   0.767  -29.0%
  g3      25.81%   1.136  -28.3%     934    277     83     376.2%    14.76%   0.732  -28.3%
  g4      26.08%   1.151  -27.4%     934    308     65     404.5%    15.41%   0.760  -27.4%
  b25     28.14%   1.214  -22.6%     934    253     84     669.3%    17.89%   0.847  -22.6%

  REAL  base 50/50
  arm       CAGR  Sharpe   MaxDD  D days  gated  flips  D-day ret   Feb26   Mar26
  live    41.03%   1.797  -17.8%     382     91     40     242.6%   -5.0%   -2.9%
  g2.5    41.29%   1.807  -17.8%     382     92     38     249.4%   -5.0%   -2.9%
  g3      40.55%   1.782  -17.8%     382     96     38     230.1%   -5.0%   -2.9%
  g4      40.14%   1.781  -15.0%     382    108     31     220.0%   -5.0%   -2.7%
  b25     41.28%   1.818  -17.8%     382     99     33     249.1%   -2.7%   -2.9%

  PROXY  base 50/50
  arm       CAGR  Sharpe   MaxDD  D days  gated  flips  D-day ret  holdCAGR  holdSh  holdDD
  live    26.11%   1.194  -21.9%     934    240     97     615.2%    16.64%   0.834  -21.9%
  g2.5    25.06%   1.158  -29.1%     934    257     93     475.0%    14.84%   0.764  -29.1%
  g3      24.16%   1.127  -28.3%     934    277     83     376.1%    13.88%   0.727  -28.3%
  g4      24.43%   1.144  -25.4%     934    308     65     404.4%    14.53%   0.757  -25.4%
  b25     26.46%   1.210  -21.9%     934    253     84     669.0%    16.99%   0.849  -21.9%

  PRE-REGISTERED VERDICT (base 40/60)
  g2.5   P1 Y (+0.009)  P2 n (-0.034)  P3 n (-0.067)  P4 n (real +0.0 / proxy -6.4 pp)  P5 n (flips 97 -> 93)  => fail
  g3     P1 n (-0.014)  P2 n (-0.064)  P3 n (-0.102)  P4 n (real -0.0 / proxy -5.7 pp)  P5 n (flips 97 -> 83)  => fail
  g4     P1 n (-0.016)  P2 n (-0.048)  P3 n (-0.074)  P4 n (real +0.9 / proxy -4.8 pp)  P5 Y (flips 97 -> 65)  => fail
  b25    P1 Y (+0.019)  P2 Y (+0.015)  P3 Y (+0.014)  P4 Y (real +0.0 / proxy -0.0 pp)  P5 n (flips 97 -> 84)  => fail
  candidate: none -- keep the live gate

  PAIRED BLOCK BOOTSTRAP vs live, base 40/60 (60-day blocks, 2000 draws): excess-Sharpe 95% CI, P(not better)
  g2.5   real [+0.000, +0.028] P 0.36   proxy [-0.066, -0.009] P 1.00
  g3     real [-0.039, +0.011] P 0.87   proxy [-0.104, -0.029] P 1.00
  g4     real [-0.096, +0.075] P 0.65   proxy [-0.109, +0.012] P 0.94
  b25    real [-0.008, +0.048] P 0.10   proxy [-0.000, +0.033] P 0.03
