
==================================================================================================================================
RESEARCH LINE drawdown_study (2026-09-20): where does the drawdown come from, and what would cut it?
==================================================================================================================================
  LIVE baselines (asserted): proxy 25.46% / 1.071 / -27.0%  exp 62.2% | real 37.29% / 1.475 / -18.6%  exp 67.2%

==================================================================================================================================
1a  DRAWDOWN CENSUS: every peak-to-trough episode deeper than 5%, deepest first
==================================================================================================================================

  PROXY (2000-07-03 .. 2026-08-26, 6575 sessions)
  #  peak        trough      recovered      depth  to trough  to recover   state mix at the trough half
  1  2004-12-13  2005-10-31  2006-11-21    -27.0%        223         267   A 65%, D 14%, D-gated 12%, C 7%
  2  2000-07-14  2002-08-28  2003-08-11    -26.7%        531         239   F 76%, A 14%, C 9%, B 1%
  3  2007-11-05  2009-03-13  2009-08-17    -25.4%        340         108   F 77%, C 15%, A 6%, B 2%
  4  2021-11-18  2023-01-18  2023-05-09    -25.3%        291          77   F 60%, C 32%, A 9%
  5  2011-04-26  2011-12-13  2012-02-27    -20.6%        161          50   F 47%, A 33%, C 11%, B 7%
  6  2012-04-26  2012-06-01  2012-09-05    -19.7%         25          66   D 92%, D-gated 8%
  7  2007-07-18  2007-08-15  2007-10-04    -19.6%         20          35   D 45%, A 36%, D-gated 18%
  8  2004-01-23  2004-09-24  2004-11-23    -19.6%        169          42   A 45%, F 42%, E 7%, C 4%

  REAL (2015-11-02 .. 2026-09-03, 2725 sessions)
  #  peak        trough      recovered      depth  to trough  to recover   state mix at the trough half
  1  2021-11-18  2023-01-17  2023-04-27    -18.6%        290          70   F 60%, C 31%, A 9%
  2  2025-02-18  2025-03-03  2025-07-02    -17.8%          9          84   D 60%, D-gated 40%
  3  2023-09-13  2023-10-26  2023-11-13    -17.0%         31          12   D 56%, A 38%, D-gated 6%
  4  2018-01-30  2018-02-07  2018-03-08    -16.5%          6          20   A 75%, D 25%
  5  2018-03-09  2018-04-05  2018-07-11    -16.3%         18          67   D 90%, D-gated 10%
  6  2018-08-28  2018-12-07  2019-03-20    -15.0%         70          69   E 67%, D-gated 19%, F 11%, D 3%
  7  2021-04-23  2021-05-11  2021-06-11    -14.3%         12          22   A 100%
  8  2024-03-21  2024-04-18  2024-05-14    -13.8%         19          18   A 60%, D 40%

==================================================================================================================================
1b  WHERE THE LOSS IS INFLICTED: inside the 3 worst episodes, total log-loss split by regime and by leg
==================================================================================================================================

  PROXY
    2004-12-13 -> 2005-10-31  -27.0%  (223 sessions)
      by regime: D -30.0 pp (48d), A -5.6 pp (92d), B -1.2 pp (3d), D-gated -0.5 pp (33d), E +0.3 pp (24d), F +2.3 pp (15d), C +4.0 pp (9d)
      by leg   : SPMO/core +5.1 pp, TQQQ -4.4 pp, QLD -28.3 pp, XLU +0.0 pp, BOXX +0.8 pp
      average exposure through the episode 70.2% (design average 62.2%)
    2000-07-14 -> 2002-08-28  -26.7%  (531 sessions)
      by regime: A -27.4 pp (64d), B -2.5 pp (2d), C -1.1 pp (69d), D -0.8 pp (2d), D-gated +0.0 pp (4d), E +0.3 pp (17d), F +1.4 pp (374d)
      by leg   : SPMO/core -10.9 pp, TQQQ -21.1 pp, QLD -0.7 pp, XLU +0.0 pp, BOXX +6.4 pp
      average exposure through the episode 15.6% (design average 62.2%)
    2007-11-05 -> 2009-03-13  -25.4%  (340 sessions)
      by regime: A -15.9 pp (53d), B -9.8 pp (10d), C -2.3 pp (48d), E +0.3 pp (26d), F +0.3 pp (170d), D-gated +0.3 pp (34d)
      by leg   : SPMO/core -9.7 pp, TQQQ -15.4 pp, QLD +0.0 pp, XLU +0.0 pp, BOXX +1.4 pp
      average exposure through the episode 28.3% (design average 62.2%)

  REAL
    2021-11-18 -> 2023-01-17  -18.6%  (290 sessions)
      by regime: A -16.5 pp (43d), C -6.5 pp (59d), D-gated -0.1 pp (12d), E +0.0 pp (27d), F +3.2 pp (150d)
      by leg   : SPMO/core -5.5 pp, TQQQ -13.4 pp, QLD +0.0 pp, XLU +0.0 pp, BOXX +1.6 pp
      average exposure through the episode 31.9% (design average 67.2%)
    2025-02-18 -> 2025-03-03  -17.8%  (9 sessions)
      by regime: D -9.7 pp (3d), A -9.7 pp (5d), D-gated -0.1 pp (2d)
      by leg   : SPMO/core -2.0 pp, TQQQ -7.5 pp, QLD -9.3 pp, XLU +0.0 pp, BOXX +0.0 pp
      average exposure through the episode 80.0% (design average 67.2%)
    2023-09-13 -> 2023-10-26  -17.0%  (31 sessions)
      by regime: A -10.3 pp (11d), D -6.7 pp (20d), D-gated -0.1 pp (1d)
      by leg   : SPMO/core -2.2 pp, TQQQ -7.7 pp, QLD -5.9 pp, XLU +0.0 pp, BOXX +0.0 pp
      average exposure through the episode 95.8% (design average 67.2%)

==================================================================================================================================
2  THE NULL: flat de-lever. All four risky legs x k EVERY day. This is what 'just hold less' buys.
==================================================================================================================================

  PROXY
       k     CAGR   Sharpe    MaxDD     exp     dCAGR pp  dMaxDD pp   pp DD per pp CAGR
    1.00   25.46%    1.071   -27.0%   62.2%        +0.00      +0.00                   -
    0.95   24.34%    1.075   -25.6%   59.1%        -1.11      +1.32               1.186
    0.90   23.18%    1.079   -24.3%   56.0%        -2.28      +2.63               1.155
    0.85   22.02%    1.084   -23.1%   52.9%        -3.44      +3.87               1.125
    0.80   20.87%    1.089   -21.8%   49.8%        -4.59      +5.12               1.115
    0.75   19.70%    1.095   -20.6%   46.8%        -5.75      +6.38               1.109
    0.70   18.53%    1.102   -19.3%   43.7%        -6.93      +7.67               1.106
    0.60   16.20%    1.120   -16.7%   37.5%        -9.26     +10.29               1.111
    0.50   13.86%    1.146   -14.0%   31.3%       -11.60     +12.98               1.119
  Sharpe along the frontier is nearly FLAT by construction (same design, de-levered): 1.071, 1.075, 1.079, 1.084, 1.089, 1.095, 1.102, 1.120, 1.146

  REAL
       k     CAGR   Sharpe    MaxDD     exp     dCAGR pp  dMaxDD pp   pp DD per pp CAGR
    1.00   37.29%    1.475   -18.6%   67.2%        +0.00      +0.00                   -
    0.95   35.47%    1.480   -17.7%   63.9%        -1.82      +0.88               0.484
    0.90   33.65%    1.485   -16.5%   60.5%        -3.64      +2.07               0.569
    0.85   31.83%    1.491   -15.5%   57.2%        -5.46      +3.02               0.553
    0.80   30.02%    1.498   -14.6%   53.9%        -7.28      +3.96               0.544
    0.75   28.28%    1.508   -13.6%   50.5%        -9.01      +4.99               0.554
    0.70   26.45%    1.517   -12.8%   47.2%       -10.84      +5.72               0.528
    0.60   22.96%    1.543   -11.0%   40.5%       -14.34      +7.59               0.530
    0.50   19.42%    1.576    -9.2%   33.8%       -17.88      +9.34               0.523
  Sharpe along the frontier is nearly FLAT by construction (same design, de-levered): 1.475, 1.480, 1.485, 1.491, 1.498, 1.508, 1.517, 1.543, 1.576

==================================================================================================================================
3  CANDIDATE LEVERS on the REAL harness. 'vs frontier' = this arm's MaxDD minus the flat-de-lever
   MaxDD at the SAME CAGR. MaxDD is negative, so POSITIVE = SHALLOWER than just holding less (the lever works);
   NEGATIVE = DEEPER than the null, i.e. it gave up return AND got a worse drawdown.
==================================================================================================================================
  lever                            CAGR   Sharpe    MaxDD    exp   reb  |   dCAGR   dMaxDD  dSharpe  vs frontier
  LIVE                           37.29%    1.475   -18.6%  67.2%  45.1  |    0.00     0.00    0.000         0.00
  vol target 18%                 35.85%    1.474   -17.3%  65.3%  48.3  |   -1.44    +1.31   -0.000        +0.61
  vol target 16%                 33.88%    1.474   -16.6%  62.5%  53.4  |   -3.42    +1.92   -0.001        -0.00
  vol target 14%                 31.50%    1.488   -14.9%  58.5%  57.3  |   -5.80    +3.62   +0.013        +0.43
  vol target 12%                 28.14%    1.485   -15.4%  53.3%  61.7  |   -9.15    +3.19   +0.010        -1.86
  TQQQ capped at 40%             34.90%    1.485   -16.8%  67.2%  45.0  |   -2.39    +1.72   +0.011        +0.47
  TQQQ capped at 25%             31.20%    1.489   -15.4%  67.2%  44.6  |   -6.10    +3.12   +0.014        -0.23
  TQQQ capped at 0% (no 3x)      25.00%    1.423   -13.2%  67.2%  42.8  |  -12.29    +5.36   -0.052        -1.14
  B row 85/15                    37.33%    1.477   -18.6%  67.2%  45.1  |   +0.03    -0.00   +0.002        -0.00
  B row 100/0                    37.38%    1.479   -18.6%  67.2%  45.1  |   +0.08    +0.00   +0.004        +0.00
  D gate breadth 0.30            36.78%    1.487   -18.6%  65.6%  45.7  |   -0.51    -0.00   +0.013        -0.25
  D gate gap200 5%               30.10%    1.303   -30.4%  63.7%  45.3  |   -7.20   -11.82   -0.172       -15.74
  D gate 0.30 AND gap 5%         31.75%    1.378   -27.5%  63.0%  44.8  |   -5.55    -8.96   -0.097       -12.02
  NAV brake -10% -> x0.5         24.48%    1.192   -19.1%  58.4%  51.2  |  -12.82    -0.58   -0.283        -7.35
  NAV brake -10% -> cash          3.55%    0.469   -12.6%   7.9%  36.1  |  -33.74    +6.00   -1.006        -3.34
  NAV brake -15% -> x0.5         33.13%    1.367   -18.6%  64.9%  46.6  |   -4.17    -0.07   -0.108        -2.42
  NAV brake -15% -> cash         17.96%    1.021   -18.3%  41.9%  39.1  |  -19.33    +0.29   -0.454        -9.06
  NAV brake -5% -> x0.5          25.25%    1.402   -14.8%  49.8%  50.0  |  -12.05    +3.72   -0.072        -2.65
  D-row vol target 15%           34.90%    1.459   -18.6%  65.8%  47.8  |   -2.39    +0.00   -0.016        -1.25
  D-row vol target 12%           32.61%    1.431   -18.6%  64.2%  47.3  |   -4.68    +0.00   -0.044        -2.61
  drift band 3%                  37.21%    1.474   -18.4%  67.2%  55.0  |   -0.09    +0.15   -0.001        +0.11
  drift band 2%                  37.16%    1.471   -18.4%  67.2%  67.0  |   -0.14    +0.20   -0.003        +0.13

  BEST BY 'vs frontier' (most drawdown bought per point of CAGR, real) -- positive is good:
    vol target 18%               MaxDD  -17.3% at CAGR  35.85%  -> +0.61 pp vs the frontier, Sharpe -0.000
    TQQQ capped at 40%           MaxDD  -16.8% at CAGR  34.90%  -> +0.47 pp vs the frontier, Sharpe +0.011
    vol target 14%               MaxDD  -14.9% at CAGR  31.50%  -> +0.43 pp vs the frontier, Sharpe +0.013
    drift band 2%                MaxDD  -18.4% at CAGR  37.16%  -> +0.13 pp vs the frontier, Sharpe -0.003
    drift band 3%                MaxDD  -18.4% at CAGR  37.21%  -> +0.11 pp vs the frontier, Sharpe -0.001
  WORST -- deeper than simply de-levering to the same CAGR (real):
    NAV brake -15% -> cash       -9.06 pp vs the frontier, Sharpe -0.454
    D gate 0.30 AND gap 5%       -12.02 pp vs the frontier, Sharpe -0.097
    D gate gap200 5%             -15.74 pp vs the frontier, Sharpe -0.172

==================================================================================================================================
3  CANDIDATE LEVERS on the PROXY harness. 'vs frontier' = this arm's MaxDD minus the flat-de-lever
   MaxDD at the SAME CAGR. MaxDD is negative, so POSITIVE = SHALLOWER than just holding less (the lever works);
   NEGATIVE = DEEPER than the null, i.e. it gave up return AND got a worse drawdown.
==================================================================================================================================
  lever                            CAGR   Sharpe    MaxDD    exp   reb  |   dCAGR   dMaxDD  dSharpe  vs frontier
  LIVE                           25.46%    1.071   -27.0%  62.2%  47.9  |    0.00     0.00    0.000         0.00
  vol target 18%                 24.56%    1.070   -27.0%  60.5%  50.7  |   -0.90    -0.00   -0.001        -1.07
  vol target 16%                 23.09%    1.059   -27.0%  58.0%  54.5  |   -2.36    -0.06   -0.012        -2.78
  vol target 14%                 21.23%    1.048   -26.9%  54.4%  59.3  |   -4.23    +0.09   -0.023        -4.64
  vol target 12%                 18.99%    1.038   -24.3%  49.4%  64.5  |   -6.47    +2.70   -0.032        -4.47
  TQQQ capped at 40%             23.89%    1.070   -26.6%  62.2%  47.9  |   -1.57    +0.39   -0.001        -1.44
  TQQQ capped at 25%             21.53%    1.070   -25.7%  62.2%  47.2  |   -3.93    +1.25   -0.001        -3.15
  TQQQ capped at 0% (no 3x)      17.99%    1.088   -23.6%  62.2%  46.2  |   -7.47    +3.34   +0.017        -4.94
  B row 85/15                    25.58%    1.076   -26.8%  62.2%  47.9  |   +0.12    +0.12   +0.006        +0.12
  B row 100/0                    25.77%    1.084   -26.7%  62.2%  47.9  |   +0.31    +0.21   +0.013        +0.21
  D gate breadth 0.30            24.74%    1.061   -27.0%  61.2%  48.1  |   -0.72    +0.00   -0.010        -0.85
  D gate gap200 5%               19.38%    0.901   -32.3%  57.7%  47.7  |   -6.08    -5.31   -0.170       -12.05
  D gate 0.30 AND gap 5%         20.00%    0.931   -30.5%  57.2%  47.7  |   -5.45    -3.53   -0.140        -9.58
  NAV brake -10% -> x0.5         17.28%    0.957   -20.5%  47.0%  51.8  |   -8.18    +6.44   -0.114        -2.63
  NAV brake -10% -> cash          3.80%    0.495   -13.4%   6.4%  25.3  |  -21.66   +13.54   -0.575        +0.56
  NAV brake -15% -> x0.5         20.09%    0.975   -24.9%  53.8%  49.0  |   -5.36    +2.03   -0.096        -3.93
  NAV brake -15% -> cash          5.55%    0.570   -18.6%  11.8%  24.4  |  -19.91    +8.34   -0.501        -4.64
  NAV brake -5% -> x0.5          17.17%    1.064   -17.2%  42.4%  51.5  |   -8.29    +9.71   -0.007        +0.51
  D-row vol target 15%           23.59%    1.036   -26.7%  60.9%  50.9  |   -1.87    +0.21   -0.035        -1.96
  D-row vol target 12%           22.27%    1.016   -26.4%  59.4%  51.4  |   -3.18    +0.53   -0.054        -3.06
  drift band 3%                  25.45%    1.071   -26.9%  62.2%  54.8  |   -0.01    +0.08   +0.000        +0.07
  drift band 2%                  25.48%    1.072   -26.9%  62.2%  63.8  |   +0.03    +0.04   +0.001        +0.04

  BEST BY 'vs frontier' (most drawdown bought per point of CAGR, proxy) -- positive is good:
    NAV brake -10% -> cash       MaxDD  -13.4% at CAGR   3.80%  -> +0.56 pp vs the frontier, Sharpe -0.575
    NAV brake -5% -> x0.5        MaxDD  -17.2% at CAGR  17.17%  -> +0.51 pp vs the frontier, Sharpe -0.007
    B row 100/0                  MaxDD  -26.7% at CAGR  25.77%  -> +0.21 pp vs the frontier, Sharpe +0.013
    B row 85/15                  MaxDD  -26.8% at CAGR  25.58%  -> +0.12 pp vs the frontier, Sharpe +0.006
    drift band 3%                MaxDD  -26.9% at CAGR  25.45%  -> +0.07 pp vs the frontier, Sharpe +0.000
  WORST -- deeper than simply de-levering to the same CAGR (proxy):
    TQQQ capped at 0% (no 3x)    -4.94 pp vs the frontier, Sharpe +0.017
    D gate 0.30 AND gap 5%       -9.58 pp vs the frontier, Sharpe -0.140
    D gate gap200 5%             -12.05 pp vs the frontier, Sharpe -0.170

==================================================================================================================================
4  CROSS-HARNESS: a lever must beat the frontier on BOTH harnesses to be worth anything
==================================================================================================================================
  lever                         real vs frontier  proxy vs frontier   both POSITIVE (beats the null)?
  drift band 3%                            +0.11              +0.07   YES
  drift band 2%                            +0.13              +0.04   
  B row 100/0                              +0.00              +0.21   
  B row 85/15                              -0.00              +0.12   
  D gate breadth 0.30                      -0.25              -0.85   
  vol target 18%                           +0.61              -1.07   
  TQQQ capped at 40%                       +0.47              -1.44   
  D-row vol target 15%                     -1.25              -1.96   
  NAV brake -5% -> x0.5                    -2.65              +0.51   
  vol target 16%                           -0.00              -2.78   
  D-row vol target 12%                     -2.61              -3.06   
  TQQQ capped at 25%                       -0.23              -3.15   
  NAV brake -10% -> cash                   -3.34              +0.56   
  NAV brake -15% -> x0.5                   -2.42              -3.93   
  vol target 12%                           -1.86              -4.47   
  vol target 14%                           +0.43              -4.64   
  TQQQ capped at 0% (no 3x)                -1.14              -4.94   
  NAV brake -10% -> x0.5                   -7.35              -2.63   
  NAV brake -15% -> cash                   -9.06              -4.64   
  D gate 0.30 AND gap 5%                  -12.02              -9.58   
  D gate gap200 5%                        -15.74             -12.05   

  levers that beat the flat-de-lever frontier on BOTH harnesses: drift band 3%
  (A lever that only beats the null on one harness is a fitted artifact of that era, not a risk tool.)

[done] elapsed 6s

==================================================================================================================================
2  THE NULL: flat de-lever. All four risky legs x k EVERY day. This is what 'just hold less' buys.
==================================================================================================================================

  PROXY
       k     CAGR   Sharpe    MaxDD     exp     dCAGR pp  dMaxDD pp   pp DD per pp CAGR
    1.00   25.46%    1.071   -27.0%   62.2%        +0.00      +0.00                   -
    0.95   24.34%    1.075   -25.6%   59.1%        -1.11      +1.32               1.186
    0.90   23.18%    1.079   -24.3%   56.0%        -2.28      +2.63               1.155
    0.85   22.02%    1.084   -23.1%   52.9%        -3.44      +3.87               1.125
    0.80   20.87%    1.089   -21.8%   49.8%        -4.59      +5.12               1.115
    0.75   19.70%    1.095   -20.6%   46.8%        -5.75      +6.38               1.109
    0.70   18.53%    1.102   -19.3%   43.7%        -6.93      +7.67               1.106
    0.60   16.20%    1.120   -16.7%   37.5%        -9.26     +10.29               1.111
    0.50   13.86%    1.146   -14.0%   31.3%       -11.60     +12.98               1.119
  Sharpe along the frontier is nearly FLAT by construction (same design, de-levered): 1.071, 1.075, 1.079, 1.084, 1.089, 1.095, 1.102, 1.120, 1.146

  REAL
       k     CAGR   Sharpe    MaxDD     exp     dCAGR pp  dMaxDD pp   pp DD per pp CAGR
    1.00   37.29%    1.475   -18.6%   67.2%        +0.00      +0.00                   -
    0.95   35.47%    1.480   -17.7%   63.9%        -1.82      +0.88               0.484
    0.90   33.65%    1.485   -16.5%   60.5%        -3.64      +2.07               0.569
    0.85   31.83%    1.491   -15.5%   57.2%        -5.46      +3.02               0.553
    0.80   30.02%    1.498   -14.6%   53.9%        -7.28      +3.96               0.544
    0.75   28.28%    1.508   -13.6%   50.5%        -9.01      +4.99               0.554
    0.70   26.45%    1.517   -12.8%   47.2%       -10.84      +5.72               0.528
    0.60   22.96%    1.543   -11.0%   40.5%       -14.34      +7.59               0.530
    0.50   19.42%    1.576    -9.2%   33.8%       -17.88      +9.34               0.523
  Sharpe along the frontier is nearly FLAT by construction (same design, de-levered): 1.475, 1.480, 1.485, 1.491, 1.498, 1.508, 1.517, 1.543, 1.576

==================================================================================================================================
2  THE NULL: flat de-lever. All four risky legs x k EVERY day. This is what 'just hold less' buys.
==================================================================================================================================

  PROXY
       k     CAGR   Sharpe    MaxDD     exp     dCAGR pp  dMaxDD pp   pp DD per pp CAGR
    1.00   25.46%    1.071   -27.0%   62.2%        +0.00      +0.00                   -
    0.95   24.34%    1.075   -25.6%   59.1%        -1.11      +1.32               1.186
    0.90   23.18%    1.079   -24.3%   56.0%        -2.28      +2.63               1.155
    0.85   22.02%    1.084   -23.1%   52.9%        -3.44      +3.87               1.125
    0.80   20.87%    1.089   -21.8%   49.8%        -4.59      +5.12               1.115
    0.75   19.70%    1.095   -20.6%   46.8%        -5.75      +6.38               1.109
    0.70   18.53%    1.102   -19.3%   43.7%        -6.93      +7.67               1.106
    0.60   16.20%    1.120   -16.7%   37.5%        -9.26     +10.29               1.111
    0.50   13.86%    1.146   -14.0%   31.3%       -11.60     +12.98               1.119
  Sharpe along the frontier is nearly FLAT by construction (same design, de-levered): 1.071, 1.075, 1.079, 1.084, 1.089, 1.095, 1.102, 1.120, 1.146

  REAL
       k     CAGR   Sharpe    MaxDD     exp     dCAGR pp  dMaxDD pp   pp DD per pp CAGR
    1.00   37.29%    1.475   -18.6%   67.2%        +0.00      +0.00                   -
    0.95   35.47%    1.480   -17.7%   63.9%        -1.82      +0.88               0.484
    0.90   33.65%    1.485   -16.5%   60.5%        -3.64      +2.07               0.569
    0.85   31.83%    1.491   -15.5%   57.2%        -5.46      +3.02               0.553
    0.80   30.02%    1.498   -14.6%   53.9%        -7.28      +3.96               0.544
    0.75   28.28%    1.508   -13.6%   50.5%        -9.01      +4.99               0.554
    0.70   26.45%    1.517   -12.8%   47.2%       -10.84      +5.72               0.528
    0.60   22.96%    1.543   -11.0%   40.5%       -14.34      +7.59               0.530
    0.50   19.42%    1.576    -9.2%   33.8%       -17.88      +9.34               0.523
  Sharpe along the frontier is nearly FLAT by construction (same design, de-levered): 1.475, 1.480, 1.485, 1.491, 1.498, 1.508, 1.517, 1.543, 1.576

==================================================================================================================================
2  THE NULL: flat de-lever. All four risky legs x k EVERY day. This is what 'just hold less' buys.
==================================================================================================================================

  PROXY
       k     CAGR   Sharpe    MaxDD     exp     dCAGR pp  dMaxDD pp   pp DD per pp CAGR
    1.00   25.46%    1.071   -27.0%   62.2%        +0.00      +0.00                   -
    0.95   24.34%    1.075   -25.6%   59.1%        -1.11      +1.32               1.186
    0.90   23.18%    1.079   -24.3%   56.0%        -2.28      +2.63               1.155
    0.85   22.02%    1.084   -23.1%   52.9%        -3.44      +3.87               1.125
    0.80   20.87%    1.089   -21.8%   49.8%        -4.59      +5.12               1.115
    0.75   19.70%    1.095   -20.6%   46.8%        -5.75      +6.38               1.109
    0.70   18.53%    1.102   -19.3%   43.7%        -6.93      +7.67               1.106
    0.60   16.20%    1.120   -16.7%   37.5%        -9.26     +10.29               1.111
    0.50   13.86%    1.146   -14.0%   31.3%       -11.60     +12.98               1.119
  Sharpe along the frontier is nearly FLAT by construction (same design, de-levered): 1.071, 1.075, 1.079, 1.084, 1.089, 1.095, 1.102, 1.120, 1.146

  REAL
       k     CAGR   Sharpe    MaxDD     exp     dCAGR pp  dMaxDD pp   pp DD per pp CAGR
    1.00   37.29%    1.475   -18.6%   67.2%        +0.00      +0.00                   -
    0.95   35.47%    1.480   -17.7%   63.9%        -1.82      +0.88               0.484
    0.90   33.65%    1.485   -16.5%   60.5%        -3.64      +2.07               0.569
    0.85   31.83%    1.491   -15.5%   57.2%        -5.46      +3.02               0.553
    0.80   30.02%    1.498   -14.6%   53.9%        -7.28      +3.96               0.544
    0.75   28.28%    1.508   -13.6%   50.5%        -9.01      +4.99               0.554
    0.70   26.45%    1.517   -12.8%   47.2%       -10.84      +5.72               0.528
    0.60   22.96%    1.543   -11.0%   40.5%       -14.34      +7.59               0.530
    0.50   19.42%    1.576    -9.2%   33.8%       -17.88      +9.34               0.523
  Sharpe along the frontier is nearly FLAT by construction (same design, de-levered): 1.475, 1.480, 1.485, 1.491, 1.498, 1.508, 1.517, 1.543, 1.576
