================================================================================================================
RESEARCH LINE dstate_transition_model -- P(breakdown) for a state-D episode, grouped-by-episode, causal
================================================================================================================

STANDING FIGURES (must match briefing 22.18/0.913/-33.6, S 1.103 H 0.768; real 31.40/1.248/-25.0):
  26y proxy 22.18% / 0.913 / -33.6%  S 1.103 H 0.768  exp 67.7% | real weekly 31.40% / 1.248 / -25.0% | rows 6575 2000-07-03..2026-08-26, real rows 564
  Yahoo ^NDX vs FRED NASDAQ100: 6962 common dates, max abs rel diff 2.443% (FRED used as the NDX leg)

SERIES COVERAGE (60d window; first date with a trailing-252 percentile) and readings on 2026-09-09
  qqew_60       2007-07-27  n  4810  | 09-09 value +0.0290 pct 0.82  | QQEW/QQQ (the original; 2006-05+)
  ndxsurv_60    2000-12-06  n  6476  | 09-09 value +0.0290 pct 0.82  | survivor equal-weight NDX 1999-2006 spliced to QQEW (ILLUSTRATIVE, ~30% coverage)
  comp_60       1999-03-29  n  6905  | 09-09 value +0.0212 pct 0.95  | NASDAQCOM/NASDAQ100 (FRED, composite vs mega-cap)
  rut_60        1999-03-29  n  6905  | 09-09 value -0.0005 pct 0.35  | Russell 2000 / NDX
  rua_60        1999-03-29  n  6905  | 09-09 value +0.0328 pct 0.90  | Russell 3000 / NDX
  nya_60        1999-03-29  n  6905  | 09-09 value +0.0371 pct 0.69  | NYSE Composite / NDX
  w5k_60        1999-03-29  n  6905  | 09-09 value +0.0316 pct 0.89  | Wilshire 5000 / NDX
  rsp_60        2004-07-27  n  5566  | 09-09 value -0.0248 pct 0.41  | RSP/SPY (S&P equal-weight; 2003-05+)

ALIGNMENT CHECK (60d series): contemp = corr(QQQ d0->d1, raw log-ratio change d0->d1); pred = corr(pct at d0, QQQ d0->d1)
  qqew_60      n  4799  contemp -0.235  pred d1 +0.009
  ndxsurv_60   n  6465  contemp -0.232  pred d1 +0.006
  comp_60      n  6574  contemp -0.444  pred d1 -0.004
  rut_60       n  6574  contemp -0.430  pred d1 -0.001
  rua_60       n  6574  contemp -0.667  pred d1 +0.008
  nya_60       n  6574  contemp -0.678  pred d1 +0.009
  w5k_60       n  6574  contemp -0.670  pred d1 +0.007
  rsp_60       n  5555  contemp -0.007  pred d1 +0.017

(reused breadth_dgate_2000.py sections 0-3 verbatim: 192 lines)

REFERENCE on the 4800 QQEW rows 2007-07-27..2026-08-26 (must match the earlier notes):
  live   26.09% / 1.006 / -33.6% S 1.103 H 0.876 exp 72.1%   (note: 26.09/1.006/-33.6 S 1.103 H 0.876)
  gated  31.71% / 1.218 / -28.5% S 1.332 H 1.065 exp 70.0%   (note: 31.71/1.218/-28.5 S 1.332 H 1.065)
  const-D q=0.850 25.32% / 1.024 / -31.2% S 1.127 H 0.886 exp 70.0%

ANATOMY BUCKET TABLE (reused grid(); must match P(E/F) 0.54/0.27/0.05/0.05/0.30 on n=124/162/187/132/122):

  [state D days]  n=727
  bucket      n  eps  P(E/F)  P(A/B) P(to D) P(down) to-chg  d1 bp   fwd5  fwd10  fwd20  med20  vol20
  0.0-0.2   124   23    0.54    0.46    0.00    0.54    9.4  -34.8  -1.32  -2.05  -1.91  -0.97   29.7
  0.2-0.4   162   35    0.27    0.73    0.00    0.27   11.2   11.1   0.74   1.12   2.25   3.62   18.2
  0.4-0.6   187   36    0.05    0.95    0.00    0.05    8.9   21.8   1.09   2.02   3.50   4.18   17.1
  0.6-0.8   132   26    0.05    0.95    0.00    0.05    9.8   27.6   1.69   2.97   4.92   5.60   15.6
  0.8-1.0   122   20    0.30    0.70    0.00    0.30    9.4   15.4   0.30   0.83   2.01   2.74   17.9
  reproduced.  (setup 2.2s)

================================================================================================================
1. SAMPLES, LABELS, FEATURES
================================================================================================================
  [Q: QQEW rows 2007-07+] D days 727 (skipped for missing feature: 0), episodes 71, breakdown episodes 19 (0.27), breakdown days 163 (0.22); exits {'A': 52, 'E': 19}
  [C: full proxy rows 2000-07+ (composite/NDX breadth)] D days 934 (skipped for missing feature: 0), episodes 88, breakdown episodes 25 (0.28), breakdown days 224 (0.24); exits {'E': 25, 'A': 63}
  vol percentile: 191 early sessions use an expanding (>=60 obs) causal percentile instead of the 252-window

  feature means on D days by label (raw units), sample Q:
  feature      recover  breakdown  diff t  |  sample C:    recover  breakdown  diff t
  bp            0.5464     0.4414   -3.91
  bp_sq         0.0872     0.1376    7.76
  bp_comp                                  |  
  gap200        0.0612     0.0273  -17.57
  gap50        -0.0180    -0.0289   -7.95
  vol30         0.1904     0.1952    0.99
  vol_pct       0.5957     0.5612   -1.50
  ldse          1.9623     1.9865    0.29
  ret20        -0.0247    -0.0341   -4.13
  fast_def      0.7775     0.8839    4.01
  volratio      1.0780     1.1129    1.92
  dgs2_60      -0.0142     0.0838    3.00
  (t is day-weighted and overstated: the ~70-90 episodes are the independent units, not the days)

================================================================================================================
2. GROUPED 10-FOLD CV (stratified on the episode label; lambda / features / stump chosen INSIDE each training fold)
================================================================================================================

[C: full proxy rows 2000-07+ (composite/NDX breadth)]  (37s)
  inner-CV lambda chosen per fold: all-L2 [100.0, 100.0, 100.0, 100.0, 100.0, 100.0, 100.0, 100.0, 100.0, 100.0]; breadth [100.0, 30.0, 100.0, 100.0, 100.0, 100.0, 100.0, 100.0, 100.0, 100.0]; noGap-L2 [100.0, 100.0, 100.0, 100.0, 100.0, 100.0, 100.0, 100.0, 100.0, 100.0]
  forward selection per fold: [['gap200'], ['gap200', 'ldse'], ['gap200'], ['gap200', 'dgs2_60', 'vol30'], ['gap200'], ['gap200'], ['gap200', 'bp_sq', 'fast_def'], ['gap200'], ['gap200'], ['gap200']]
  stump per fold: [('gap200', 0.025, 0.56, 0.13), ('gap200', 0.041, 0.39, 0.08), ('gap200', 0.026, 0.65, 0.16), ('gap200', 0.041, 0.43, 0.1), ('gap200', 0.04, 0.45, 0.09), ('gap200', 0.041, 0.43, 0.09), ('gap200', 0.042, 0.47, 0.11), ('gap200', 0.041, 0.48, 0.11), ('gap200', 0.039, 0.47, 0.12), ('gap200', 0.041, 0.49, 0.11)]
  bucket rates per fold (bottom..top quintile): 0.42/0.15/0.09/0.12/0.24; 0.42/0.23/0.14/0.12/0.11; 0.56/0.24/0.12/0.17/0.26; 0.41/0.23/0.12/0.13/0.28; 0.39/0.22/0.12/0.17/0.28 ...

  grouped 10-fold, out-of-fold metrics (C)
  model      | day: logloss  Brier    AUC | first-day: logloss  Brier    AUC | ep-mean: logloss  Brier    AUC | >=5d to exit: ll  Brier    AUC
  bucket             0.5938 0.1954  0.484               0.6068 0.2022  0.560             0.5813 0.1957  0.628             0.6297 0.2077  0.402
  breadth            0.5921 0.1927  0.471               0.5843 0.1983  0.632             0.5877 0.1989  0.646             0.6133 0.1983  0.385
  breadth+U          0.5662 0.1872  0.494               0.5826 0.1955  0.590             0.5731 0.1934  0.641             0.5858 0.1940  0.412
  all-L2             0.5176 0.1715  0.684               0.5184 0.1731  0.745             0.4586 0.1509  0.872             0.5810 0.1951  0.553
  noGap-L2           0.5956 0.1951  0.460               0.6079 0.2017  0.544             0.5892 0.1963  0.606             0.6285 0.2070  0.359
  fwd-sel            0.4903 0.1636  0.737               0.5208 0.1777  0.763             0.4147 0.1375  0.856             0.5530 0.1877  0.646
  stump              0.5186 0.1707  0.642               0.5721 0.1884  0.642             0.4716 0.1567  0.820             0.5666 0.1890  0.569
  (constant P = sample base rate 0.240: day log-loss 0.5509, Brier 0.1823; n days 934, episodes 88; days >=5 to exit 641)
    calibration [bucket] fixed bins of predicted P; day-weighted and first-day-of-episode
    bin        n days  mean P realized | n eps  mean P realized
    0.0-0.1        48   0.092    0.312       5   0.092    0.600
    0.1-0.2       415   0.135    0.234      35   0.138    0.143
    0.2-0.3       240   0.251    0.121      26   0.255    0.269
    0.3-0.4        65   0.337    0.292       4   0.368    0.500
    0.4-0.5        87   0.430    0.655      15   0.430    0.467
    0.5-0.6        79   0.546    0.089       3   0.562    0.333
    calibration [breadth] fixed bins of predicted P; day-weighted and first-day-of-episode
    bin        n days  mean P realized | n eps  mean P realized
    0.0-0.1        52   0.088    0.712       1   0.082    0.000
    0.1-0.2       161   0.169    0.236      15   0.177    0.267
    0.2-0.3       615   0.246    0.207      63   0.246    0.254
    0.3-0.4       106   0.333    0.208       9   0.325    0.556
    calibration [all-L2] fixed bins of predicted P; day-weighted and first-day-of-episode
    bin        n days  mean P realized | n eps  mean P realized
    0.0-0.1       165   0.071    0.042      12   0.075    0.000
    0.1-0.2       312   0.147    0.212      29   0.147    0.207
    0.2-0.3       215   0.246    0.251      18   0.240    0.222
    0.3-0.4       114   0.344    0.342      12   0.328    0.500
    0.4-0.5        66   0.442    0.409      11   0.434    0.364
    0.5-0.6        31   0.546    0.645       3   0.557    1.000
    0.6-0.7        20   0.655    0.300       2   0.638    0.500
    0.7-0.8        11   0.736    0.455       1   0.715    1.000

  same, second fold assignment (C; fwd-sel omitted for time)
  model      | day: logloss  Brier    AUC | first-day: logloss  Brier    AUC | ep-mean: logloss  Brier    AUC | >=5d to exit: ll  Brier    AUC
  bucket             0.5837 0.1895  0.485               0.6048 0.2015  0.566             0.5786 0.1934  0.618             0.6182 0.2011  0.403
  breadth            0.5700 0.1867  0.525               0.5813 0.1973  0.658             0.5837 0.1978  0.669             0.5831 0.1902  0.447
  breadth+U          0.5528 0.1814  0.514               0.5762 0.1932  0.608             0.5664 0.1903  0.652             0.5698 0.1872  0.430
  all-L2             0.5388 0.1775  0.661               0.5493 0.1854  0.728             0.4803 0.1601  0.842             0.6073 0.2019  0.529
  noGap-L2           0.6062 0.1963  0.467               0.6253 0.2099  0.539             0.6050 0.2028  0.590             0.6415 0.2080  0.371
  stump              0.4966 0.1624  0.662               0.5367 0.1760  0.675             0.4594 0.1518  0.835             0.5374 0.1774  0.600
  (constant P = sample base rate 0.240: day log-loss 0.5509, Brier 0.1823; n days 934, episodes 88; days >=5 to exit 641)

================================================================================================================
3. LEAVE-ONE-EPISODE-OUT (cheap models; lambda fixed at the median of the 10-fold inner-CV choices -> a mild leak, noted)
================================================================================================================

[C: full proxy rows 2000-07+ (composite/NDX breadth)] lambda all-L2 100.0, breadth 100.0, breadth+U 100.0  (9s)

  leave-one-episode-out (C, 88 folds)
  model      | day: logloss  Brier    AUC | first-day: logloss  Brier    AUC | ep-mean: logloss  Brier    AUC | >=5d to exit: ll  Brier    AUC
  bucket             0.6124 0.1991  0.427               0.6196 0.2070  0.499             0.5948 0.2001  0.580             0.6520 0.2117  0.335
  breadth            0.5946 0.1944  0.441               0.5948 0.2023  0.583             0.5980 0.2029  0.601             0.6120 0.1991  0.352
  breadth+U          0.5765 0.1899  0.444               0.5916 0.1990  0.558             0.5809 0.1961  0.615             0.5975 0.1969  0.352
  all-L2             0.5367 0.1774  0.642               0.5319 0.1788  0.734             0.4715 0.1566  0.856             0.6028 0.2012  0.497
  noGap-L2           0.6158 0.2006  0.423               0.6216 0.2072  0.527             0.6028 0.2011  0.575             0.6521 0.2130  0.315
  stump              0.5136 0.1691  0.573               0.5629 0.1853  0.572             0.4700 0.1569  0.827             0.5564 0.1844  0.510
  (constant P = sample base rate 0.240: day log-loss 0.5509, Brier 0.1823; n days 934, episodes 88; days >=5 to exit 641)

================================================================================================================
4. TIME-ORDERED: fit on episodes ending before 2015-11-01, test on the rest; and the reverse
================================================================================================================
  [C] fit <2015-11 (45 eps) -> test 2015-11+ (43 eps): all-L2 lambda 100.0
  [C] fit <2015-11 (45 eps) -> test 2015-11+ (43 eps): fwd-sel ['gap200']
  [C] fit <2015-11 (45 eps) -> test 2015-11+ (43 eps): stump dgs2_60 < 0.550 -> 0.18 else 0.94

  [C] fit <2015-11 (45 eps) -> test 2015-11+ (43 eps)
  model      | day: logloss  Brier    AUC | first-day: logloss  Brier    AUC | ep-mean: logloss  Brier    AUC | >=5d to exit: ll  Brier    AUC
  bucket             0.5990 0.2010  0.426               0.6218 0.2093  0.412             0.6046 0.2030  0.432             0.6042 0.2024  0.408
  breadth            0.6017 0.2006  0.102               0.6061 0.2032  0.219             0.6063 0.2032  0.185             0.5993 0.1995  0.091
  breadth+U          0.5723 0.1913  0.536               0.5813 0.1954  0.523             0.5741 0.1924  0.514             0.5734 0.1915  0.514
  all-L2             0.5185 0.1724  0.690               0.5472 0.1830  0.653             0.4769 0.1570  0.830             0.5827 0.1960  0.522
  noGap-L2           0.5857 0.1984  0.484               0.5970 0.2022  0.503             0.5667 0.1911  0.551             0.6134 0.2091  0.396
  fwd-sel            0.4363 0.1422  0.829               0.5314 0.1778  0.733             0.4001 0.1336  0.889             0.5023 0.1677  0.753
  stump              0.6784 0.2232  0.490               0.7091 0.2360  0.469             0.6059 0.2058  0.497             0.7407 0.2439  0.464
  (constant P = sample base rate 0.246: day log-loss 0.5580, Brier 0.1855; n days 382, episodes 43; days >=5 to exit 234)
  [C] fit 2015-11+ -> test <2015-11: all-L2 lambda 10.0
  [C] fit 2015-11+ -> test <2015-11: fwd-sel ['bp', 'gap200']
  [C] fit 2015-11+ -> test <2015-11: stump bp < 0.296 -> 0.63 else 0.07

  [C] fit 2015-11+ -> test <2015-11
  model      | day: logloss  Brier    AUC | first-day: logloss  Brier    AUC | ep-mean: logloss  Brier    AUC | >=5d to exit: ll  Brier    AUC
  bucket             0.9556 0.2609  0.427               0.8608 0.2519  0.574             0.8665 0.2520  0.556             1.0150 0.2770  0.372
  breadth            1.0107 0.2597  0.392               0.8603 0.2572  0.567             0.8772 0.2554  0.555             1.0857 0.2748  0.327
  breadth+U          0.8877 0.2629  0.392               0.8366 0.2623  0.567             0.8410 0.2619  0.553             0.9407 0.2779  0.327
  all-L2             0.7495 0.2524  0.608               0.7123 0.2290  0.698             0.6331 0.2160  0.728             0.8222 0.2763  0.530
  noGap-L2           0.7292 0.2414  0.398               0.7625 0.2441  0.551             0.7543 0.2470  0.537             0.7592 0.2524  0.309
  fwd-sel            0.8623 0.2582  0.578               0.6971 0.2195  0.737             0.6171 0.2026  0.763             0.9818 0.2873  0.489
  stump              0.7126 0.2349  0.508               0.7219 0.2359  0.601             0.6685 0.2161  0.644             0.7542 0.2502  0.463
  (constant P = sample base rate 0.236: day log-loss 0.5458, Brier 0.1800; n days 552, episodes 45; days >=5 to exit 407)

================================================================================================================
5. COEFFICIENTS (all-L2 on the whole sample, lambda = LOEO choice; standardized units; episode-bootstrap 95% interval)
================================================================================================================

[C: full proxy rows 2000-07+ (composite/NDX breadth)] lambda 100.0, n 934, 400 episode-bootstrap refits
  feature       coef  boot lo  boot hi  P(sign flips)   raw sd (1 unit of coef)
  intercept   -1.344   -2.506   -0.689
  bp          -0.179   -0.565    0.171           0.16   0.3145
  bp_sq        0.306   -0.002    0.565           0.03   0.0879
  gap200      -0.612   -0.809   -0.389           0.00   0.0336
  gap50       -0.198   -0.362   -0.026           0.01   0.0183
  vol30        0.148   -0.116    0.387           0.16   0.0576
  vol_pct     -0.165   -0.493    0.214           0.27   0.2961
  ldse        -0.037   -0.351    0.180           0.34   1.0172
  ret20       -0.035   -0.221    0.108           0.31   0.0304
  fast_def     0.107   -0.050    0.266           0.07   0.3979
  volratio     0.052   -0.164    0.244           0.33   0.2325
  dgs2_60      0.175   -0.198    0.477           0.23   0.3997
  breadth-only: intercept -1.165, slope -0.211 per sd of pct (0.315) -> P at pct 0.1 / 0.5 / 0.9 = 0.29 / 0.24 / 0.19

================================================================================================================
6. DECISION VALUE through the harness: policies driven by the OUT-OF-FOLD P (10-fold grouped CV of section 2)
================================================================================================================
'cash > p*': the D row's QLD leg to cash when P_oof > p*; 'w=1-P': QLD weight scaled by (1 - P_oof).  Controls: same-rows live,
the plain breadth gate (pct<0.2), constant-D at the policy's deployed capital (calib_q).  Episode-block bootstrap (ep_boot)
of the Sharpe / log-return difference vs constant-D and vs live, 1000 draws.  A day with no P (not in the sample) holds the live row.

[C: full proxy rows 2000-07+ (composite/NDX breadth)] rows 6575 2000-07-03..2026-08-26; live 22.18% / 0.913 / -33.6% S 1.103 H 0.768 exp 67.7%
  policy                             CAGR/Sh/MDD      S      H    exp   on  | vs live S/H | vs constD S/H | ep-boot Sh CI vs constD  P<=0  | vs live Sh CI  P<=0| real Sh   n
  breadth gate pct<0.2    24.59% / 1.024 / -35.1%  1.345  0.785  65.1%  187  +0.243/+0.017   +0.212/+0.012        [-0.004,+0.199] 0.031  [+0.006,+0.237] 0.019    1.502   0
  -- model bucket: OOF P on 934 D days; mean P 0.239; P>0.3/0.4/0.5/0.6 on 231/166/79/0 days  (rr D rows 79)
  bucket cash > 0.3       23.98% / 1.008 / -35.1%  1.313  0.780  64.5%  231  +0.210/+0.012   +0.172/+0.006        [-0.015,+0.186] 0.066  [-0.013,+0.225] 0.048    1.470  79
  bucket cash > 0.4       23.58% / 0.985 / -35.1%  1.229  0.801  65.4%  166  +0.127/+0.034   +0.099/+0.029        [-0.026,+0.148] 0.078  [-0.020,+0.173] 0.075    1.377  79
  bucket cash > 0.5       22.16% / 0.922 / -33.6%  1.163  0.737  66.5%   79  +0.061/-0.031   +0.045/-0.034        [-0.046,+0.045] 0.466  [-0.029,+0.059] 0.335    1.286  79
  bucket cash > 0.6       22.18% / 0.913 / -33.6%  1.103  0.768  67.7%    0  +0.000/+0.000   -0.000/-0.000        [-0.000,+0.000] 0.907  [+0.000,+0.000] 1.000    1.248  79
  bucket w = 1-P          21.96% / 0.960 / -29.9%  1.204  0.777  64.6%  934  +0.102/+0.009   +0.065/+0.003        [-0.001,+0.061] 0.028  [-0.004,+0.099] 0.035    1.333  79
  -- model breadth: OOF P on 934 D days; mean P 0.234; P>0.3/0.4/0.5/0.6 on 106/0/0/0 days  (rr D rows 79)
  breadth cash > 0.3      22.78% / 0.952 / -33.6%  1.220  0.748  66.2%  106  +0.118/-0.020   +0.099/-0.023        [-0.039,+0.109] 0.252  [-0.033,+0.125] 0.175    1.361  79
  breadth cash > 0.4      22.18% / 0.913 / -33.6%  1.103  0.768  67.7%    0  +0.000/+0.000   -0.000/-0.000        [-0.000,+0.000] 0.929  [+0.000,+0.000] 1.000    1.248  79
  breadth cash > 0.5      22.18% / 0.913 / -33.6%  1.103  0.768  67.7%    0  +0.000/+0.000   -0.000/-0.000        [-0.000,+0.000] 0.917  [+0.000,+0.000] 1.000    1.248  79
  breadth cash > 0.6      22.18% / 0.913 / -33.6%  1.103  0.768  67.7%    0  +0.000/+0.000   -0.000/-0.000        [-0.000,+0.000] 0.925  [+0.000,+0.000] 1.000    1.248  79
  breadth w = 1-P         21.53% / 0.946 / -29.5%  1.171  0.777  64.6%  934  +0.069/+0.009   +0.032/+0.003        [+0.000,+0.029] 0.022  [-0.009,+0.075] 0.055    1.295  79
  -- model breadth+U: OOF P on 934 D days; mean P 0.237; P>0.3/0.4/0.5/0.6 on 211/74/9/0 days  (rr D rows 79)
  breadth+U cash > 0.3    23.72% / 0.998 / -33.6%  1.308  0.767  64.8%  211  +0.205/-0.001   +0.170/-0.008        [-0.031,+0.180] 0.093  [-0.022,+0.207] 0.072    1.449  79
  breadth+U cash > 0.4    22.94% / 0.945 / -33.6%  1.155  0.784  66.6%   74  +0.053/+0.016   +0.039/+0.013        [-0.014,+0.071] 0.103  [-0.009,+0.078] 0.069    1.310  79
  breadth+U cash > 0.5    22.30% / 0.917 / -33.6%  1.111  0.769  67.6%    9  +0.009/+0.001   +0.007/+0.001        [-0.007,+0.017] 0.291  [-0.006,+0.017] 0.171    1.255  79
  breadth+U cash > 0.6    22.18% / 0.913 / -33.6%  1.103  0.768  67.7%    0  +0.000/+0.000   -0.000/-0.000        [-0.000,+0.000] 0.916  [+0.000,+0.000] 1.000    1.248  79
  breadth+U w = 1-P       21.84% / 0.956 / -29.8%  1.195  0.777  64.6%  934  +0.093/+0.009   +0.056/+0.002        [+0.004,+0.046] 0.011  [-0.003,+0.091] 0.035    1.321  79
  -- model all-L2: OOF P on 934 D days; mean P 0.232; P>0.3/0.4/0.5/0.6 on 242/128/62/31 days  (rr D rows 79)
  all-L2 cash > 0.3       20.35% / 0.894 / -37.5%  1.212  0.655  64.3%  242  +0.110/-0.113   +0.070/-0.119        [-0.181,+0.096] 0.687  [-0.170,+0.136] 0.609    1.371  79
  all-L2 cash > 0.4       21.98% / 0.931 / -30.0%  1.178  0.746  65.9%  128  +0.076/-0.022   +0.054/-0.026        [-0.079,+0.102] 0.415  [-0.077,+0.117] 0.338    1.375  79
  all-L2 cash > 0.5       22.59% / 0.938 / -30.1%  1.208  0.734  66.9%   62  +0.106/-0.034   +0.095/-0.037        [-0.032,+0.076] 0.225  [-0.031,+0.078] 0.178    1.351  79
  all-L2 cash > 0.6       22.76% / 0.936 / -33.6%  1.184  0.749  67.3%   31  +0.081/-0.019   +0.075/-0.020        [-0.014,+0.060] 0.131  [-0.012,+0.065] 0.106    1.309  79
  all-L2 w = 1-P          21.17% / 0.934 / -31.5%  1.191  0.741  64.6%  934  +0.089/-0.026   +0.052/-0.033        [-0.036,+0.045] 0.433  [-0.035,+0.079] 0.236    1.340  79
  all-L2 gate & P>0.3     22.82% / 0.957 / -35.1%  1.228  0.754  65.9%  132  +0.125/-0.014   +0.102/-0.018        [-0.067,+0.139] 0.264  [-0.068,+0.163] 0.208    1.457  79
  all-L2 gate & P>0.5     23.09% / 0.952 / -33.6%  1.174  0.784  67.0%   53  +0.072/+0.016   +0.061/+0.014        [+0.002,+0.071] 0.020  [+0.005,+0.078] 0.012    1.351  79
  all-L2 gate | P>0.6     24.47% / 1.021 / -35.1%  1.345  0.778  65.1%  188  +0.243/+0.010   +0.212/+0.006        [-0.001,+0.199] 0.026  [-0.002,+0.223] 0.026    1.502  79
  all-L2 gate | P>0.8     24.59% / 1.024 / -35.1%  1.345  0.785  65.1%  187  +0.243/+0.017   +0.212/+0.012        [-0.004,+0.210] 0.032  [-0.001,+0.236] 0.026    1.502  79
  -- model noGap-L2: OOF P on 934 D days; mean P 0.233; P>0.3/0.4/0.5/0.6 on 201/90/32/5 days  (rr D rows 79)
  noGap-L2 cash > 0.3     21.03% / 0.906 / -34.1%  1.278  0.634  64.9%  201  +0.176/-0.134   +0.143/-0.139        [-0.143,+0.094] 0.677  [-0.136,+0.131] 0.572    1.412  79
  noGap-L2 cash > 0.4     23.21% / 0.964 / -33.6%  1.217  0.776  66.5%   90  +0.115/+0.008   +0.099/+0.005        [-0.037,+0.122] 0.154  [-0.035,+0.141] 0.118    1.373  79
  noGap-L2 cash > 0.5     22.58% / 0.932 / -33.6%  1.161  0.759  67.3%   32  +0.059/-0.009   +0.052/-0.010        [-0.013,+0.062] 0.263  [-0.008,+0.066] 0.184    1.296  79
  noGap-L2 cash > 0.6     21.93% / 0.905 / -33.6%  1.103  0.754  67.6%    5  +0.000/-0.014   -0.002/-0.014        [-0.024,-0.000] 0.990  [-0.023,+0.000] 1.000    1.248  79
  noGap-L2 w = 1-P        21.32% / 0.939 / -30.9%  1.195  0.749  64.6%  934  +0.092/-0.019   +0.056/-0.025        [-0.022,+0.042] 0.334  [-0.028,+0.081] 0.147    1.320  79
  noGap-L2 gate & P>0.3   23.99% / 0.997 / -33.6%  1.356  0.731  65.7%  142  +0.254/-0.037   +0.229/-0.041        [-0.025,+0.177] 0.082  [-0.027,+0.192] 0.074    1.491  79
  noGap-L2 gate & P>0.5   22.58% / 0.932 / -33.6%  1.161  0.759  67.3%   32  +0.059/-0.009   +0.052/-0.010        [-0.012,+0.066] 0.214  [-0.008,+0.068] 0.162    1.296  79
  noGap-L2 gate | P>0.6   24.59% / 1.024 / -35.1%  1.345  0.785  65.1%  187  +0.243/+0.017   +0.212/+0.012        [+0.002,+0.201] 0.022  [+0.000,+0.232] 0.024    1.502  79
  noGap-L2 gate | P>0.8   24.59% / 1.024 / -35.1%  1.345  0.785  65.1%  187  +0.243/+0.017   +0.212/+0.012        [-0.000,+0.210] 0.026  [+0.003,+0.229] 0.024    1.502  79
  -- model fwd-sel: OOF P on 934 D days; mean P 0.230; P>0.3/0.4/0.5/0.6 on 283/186/118/63 days  (rr D rows 79)
  fwd-sel cash > 0.3      17.91% / 0.808 / -35.5%  1.133  0.553  63.7%  283  +0.030/-0.215   -0.015/-0.219        [-0.271,+0.014] 0.956  [-0.262,+0.050] 0.901    1.211  79
  fwd-sel cash > 0.4      20.40% / 0.882 / -36.4%  1.224  0.615  65.1%  186  +0.121/-0.153   +0.091/-0.157        [-0.160,+0.073] 0.797  [-0.157,+0.075] 0.719    1.250  79
  fwd-sel cash > 0.5      22.67% / 0.948 / -29.5%  1.206  0.750  66.1%  118  +0.103/-0.017   +0.083/-0.021        [-0.067,+0.116] 0.284  [-0.057,+0.133] 0.226    1.289  79
  fwd-sel cash > 0.6      22.81% / 0.947 / -29.8%  1.221  0.737  66.9%   63  +0.119/-0.031   +0.107/-0.034        [-0.037,+0.092] 0.215  [-0.025,+0.106] 0.163    1.298  79
  fwd-sel w = 1-P         20.60% / 0.910 / -31.7%  1.155  0.722  64.7%  934  +0.052/-0.046   +0.017/-0.053        [-0.087,+0.046] 0.732  [-0.070,+0.077] 0.530    1.295  79
  fwd-sel gate & P>0.3    22.63% / 0.942 / -35.1%  1.174  0.765  66.4%   96  +0.072/-0.003   +0.054/-0.006        [-0.050,+0.098] 0.307  [-0.040,+0.111] 0.205    1.351  79
  fwd-sel gate & P>0.5    23.25% / 0.956 / -35.1%  1.159  0.802  67.0%   49  +0.056/+0.034   +0.047/+0.032        [-0.012,+0.090] 0.067  [-0.012,+0.097] 0.065    1.310  79
  fwd-sel gate | P>0.6    24.56% / 1.033 / -30.6%  1.425  0.739  64.7%  221  +0.322/-0.029   +0.286/-0.035        [-0.010,+0.221] 0.046  [-0.008,+0.254] 0.036    1.516  79
  fwd-sel gate | P>0.8    24.64% / 1.026 / -35.1%  1.345  0.788  65.1%  189  +0.243/+0.020   +0.212/+0.015        [-0.002,+0.205] 0.031  [-0.001,+0.227] 0.027    1.502  79
  -- model stump: OOF P on 934 D days; mean P 0.239; P>0.3/0.4/0.5/0.6 on 320/261/64/36 days  (rr D rows 79)
  stump cash > 0.3        16.82% / 0.773 / -39.7%  1.015  0.584  63.2%  320  -0.087/-0.183   -0.138/-0.187        [-0.313,-0.010] 0.988  [-0.298,+0.015] 0.967    1.305  79
  stump cash > 0.4        18.51% / 0.827 / -39.7%  1.114  0.603  64.0%  261  +0.011/-0.165   -0.031/-0.169        [-0.239,+0.034] 0.928  [-0.221,+0.075] 0.867    1.330  79
  stump cash > 0.5        21.24% / 0.892 / -29.5%  1.133  0.708  66.8%   64  +0.031/-0.060   +0.019/-0.063        [-0.095,+0.037] 0.795  [-0.088,+0.050] 0.704    1.279  79
  stump cash > 0.6        21.80% / 0.907 / -29.9%  1.151  0.720  67.2%   36  +0.049/-0.048   +0.041/-0.049        [-0.059,+0.045] 0.664  [-0.057,+0.044] 0.607    1.252  79
  stump w = 1-P           19.87% / 0.885 / -33.2%  1.115  0.709  64.5%  934  +0.012/-0.059   -0.025/-0.065        [-0.101,+0.010] 0.932  [-0.096,+0.043] 0.798    1.298  79

  PER-DAY QLD-LEG (d0->d1, bp) BY OUT-OF-FOLD P, within gated (pct<0.2) and un-gated D days; label share = P(E/F) of the days:
  model     scope     P range         n QLD d1 bp     t  label| fwd20 QQQ %
  bucket    gated     < med 0.45     76     -65.8 -1.38   0.83        -2.23
  bucket    gated     >= med        111      -6.0 -0.24   0.18         3.07
  bucket    gated     > 0.5          79       3.7  0.12   0.09         3.56
  bucket    un-gated  < med 0.16    371      26.4  1.95   0.28         1.55
  bucket    un-gated  >= med        376      33.2  2.39   0.10         3.40
  bucket    un-gated  > 0.5           0
  all-L2    gated     < med 0.37     93     -53.5 -1.73   0.41         1.21
  all-L2    gated     >= med         94      -7.3 -0.19   0.48         0.62
  all-L2    gated     > 0.5          53     -55.0 -1.06   0.49        -0.04
  all-L2    un-gated  < med 0.16    373      21.8  1.65   0.14         2.16
  all-L2    un-gated  >= med        374      37.9  2.66   0.24         2.81
  all-L2    un-gated  > 0.5           9     150.4  1.06   0.56         3.24
  noGap-L2  gated     < med 0.37     93     -28.3 -0.89   0.49         1.97
  noGap-L2  gated     >= med         94     -32.2 -0.86   0.39        -0.13
  noGap-L2  gated     > 0.5          32     -39.5 -0.52   0.28         0.10
  noGap-L2  un-gated  < med 0.19    373      13.8  1.07   0.27         1.32
  noGap-L2  un-gated  >= med        374      45.9  3.16   0.11         3.65
  noGap-L2  un-gated  > 0.5           0
  fwd-sel   gated     < med 0.31     93     -51.4 -1.43   0.42        -0.22
  fwd-sel   gated     >= med         94      -9.4 -0.28   0.47         2.03
  fwd-sel   gated     > 0.5          49     -36.8 -0.72   0.59         1.48
  fwd-sel   un-gated  < med 0.15    373      23.7  1.79   0.06         3.08
  fwd-sel   un-gated  >= med        374      36.0  2.54   0.32         1.89
  fwd-sel   un-gated  > 0.5          69      21.5  0.60   0.49         2.56

  real-rows note: rr is weekly with its own 20/100 overlay on the long QQQ file; a D row gets the daily OOF P at the same d0 when
  that date is a sample D day (n = matched D rows), otherwise the live row.  Real Sharpe is reported, not used for selection.

================================================================================================================
7. TODAY'S READING
================================================================================================================
  last proxy row 2026-08-26: state A eff A fast A; QQQ file last 2026-09-04; DGS2 last 2026-09-08 = 4.39
  features at 2026-08-26 (as a hypothetical FIRST D day tomorrow: ldse=0): bp=0.7758, bp_sq=0.0761, gap200=0.0875, gap50=-0.0014, vol30=0.2166, vol_pct=0.7520, ldse=0.0000, ret20=0.0750, fast_def=0.0000, volratio=0.6003, dgs2_60=0.1400
  [C] hypothetical D day with 2026-08-26 features: all-L2 P(breakdown) = 0.060  episode-bootstrap 95% [0.021, 0.147] | bucket base rate 0.16 | largest logit contributions: gap200 -0.63, fast_def -0.22, vol30 +0.06, ldse +0.07

  freshest date with both QQQ and QQEW closes: 2026-09-04: macro state A, fast D, breadth pct 0.867 (comp 0.899)
  features: bp=0.8671, bp_sq=0.1347, bp_comp=0.8988, gap200=0.0931, gap50=0.0111, vol30=0.1978, vol_pct=0.6012, ldse=0.0000, ret20=-0.0056, fast_def=1.0000, volratio=0.6946, dgs2_60=0.2400
  [C] hypothetical D day with 2026-09-04 features: all-L2 P(breakdown) = 0.086  episode-bootstrap 95% [0.037, 0.193] | bucket base rate 0.26 | largest logit contributions: gap200 -0.73, gap50 -0.34, dgs2_60 +0.10, bp_sq +0.12

CANDIDATE COUNT this line: 7 model classes x 2 samples, fold-internal hyper-parameters; harness policies 7 models x 5 policies + 3 x 4 gate combinations = 47 cells per sample (reported in full, none selected).
Done in 268s.
