================================================================================================================
RESEARCH LINE dstate_transition_model -- P(breakdown) for a state-D episode, grouped-by-episode, causal
================================================================================================================

STANDING FIGURES (must match briefing 22.18/0.913/-33.6, S 1.103 H 0.768; real 31.40/1.248/-25.0):
  26y proxy 22.18% / 0.913 / -33.6%  S 1.103 H 0.768  exp 67.7% | real weekly 31.40% / 1.248 / -25.0% | rows 6575 2000-07-03..2026-08-26, real rows 564
  Yahoo ^NDX vs FRED NASDAQ100: 6962 common dates, max abs rel diff 2.443% (FRED used as the NDX leg)

SERIES COVERAGE (60d window; first date with a trailing-252 percentile) and readings on 2026-09-09
  qqew_60       2007-07-27  n  4810  | 09-09 value +0.0290 pct 0.82  | QQEW/QQQ (the original; 2006-05+)
  ndxsurv_60    2000-12-06  n  6476  | 09-09 value +0.0290 pct 0.82  | survivor equal-weight NDX 1999-2006 spliced to QQEW (ILLUSTRATIVE, ~30% coverage)
  comp_60       1999-03-29  n  6905  | 09-09 value +0.0212 pct 0.95  | NASDAQCOM/NASDAQ100 (FRED, composite vs mega-cap)
  rut_60        1999-03-29  n  6905  | 09-09 value -0.0005 pct 0.35  | Russell 2000 / NDX
  rua_60        1999-03-29  n  6905  | 09-09 value +0.0328 pct 0.90  | Russell 3000 / NDX
  nya_60        1999-03-29  n  6905  | 09-09 value +0.0371 pct 0.69  | NYSE Composite / NDX
  w5k_60        1999-03-29  n  6905  | 09-09 value +0.0316 pct 0.89  | Wilshire 5000 / NDX
  rsp_60        2004-07-27  n  5566  | 09-09 value -0.0248 pct 0.41  | RSP/SPY (S&P equal-weight; 2003-05+)

ALIGNMENT CHECK (60d series): contemp = corr(QQQ d0->d1, raw log-ratio change d0->d1); pred = corr(pct at d0, QQQ d0->d1)
  qqew_60      n  4799  contemp -0.235  pred d1 +0.009
  ndxsurv_60   n  6465  contemp -0.232  pred d1 +0.006
  comp_60      n  6574  contemp -0.444  pred d1 -0.004
  rut_60       n  6574  contemp -0.430  pred d1 -0.001
  rua_60       n  6574  contemp -0.667  pred d1 +0.008
  nya_60       n  6574  contemp -0.678  pred d1 +0.009
  w5k_60       n  6574  contemp -0.670  pred d1 +0.007
  rsp_60       n  5555  contemp -0.007  pred d1 +0.017

(reused breadth_dgate_2000.py sections 0-3 verbatim: 192 lines)

REFERENCE on the 4800 QQEW rows 2007-07-27..2026-08-26 (must match the earlier notes):
  live   26.09% / 1.006 / -33.6% S 1.103 H 0.876 exp 72.1%   (note: 26.09/1.006/-33.6 S 1.103 H 0.876)
  gated  31.71% / 1.218 / -28.5% S 1.332 H 1.065 exp 70.0%   (note: 31.71/1.218/-28.5 S 1.332 H 1.065)
  const-D q=0.850 25.32% / 1.024 / -31.2% S 1.127 H 0.886 exp 70.0%

ANATOMY BUCKET TABLE (reused grid(); must match P(E/F) 0.54/0.27/0.05/0.05/0.30 on n=124/162/187/132/122):

  [state D days]  n=727
  bucket      n  eps  P(E/F)  P(A/B) P(to D) P(down) to-chg  d1 bp   fwd5  fwd10  fwd20  med20  vol20
  0.0-0.2   124   23    0.54    0.46    0.00    0.54    9.4  -34.8  -1.32  -2.05  -1.91  -0.97   29.7
  0.2-0.4   162   35    0.27    0.73    0.00    0.27   11.2   11.1   0.74   1.12   2.25   3.62   18.2
  0.4-0.6   187   36    0.05    0.95    0.00    0.05    8.9   21.8   1.09   2.02   3.50   4.18   17.1
  0.6-0.8   132   26    0.05    0.95    0.00    0.05    9.8   27.6   1.69   2.97   4.92   5.60   15.6
  0.8-1.0   122   20    0.30    0.70    0.00    0.30    9.4   15.4   0.30   0.83   2.01   2.74   17.9
  reproduced.  (setup 2.2s)

================================================================================================================
1. SAMPLES, LABELS, FEATURES
================================================================================================================
  [Q: QQEW rows 2007-07+] D days 727 (skipped for missing feature: 0), episodes 71, breakdown episodes 19 (0.27), breakdown days 163 (0.22); exits {'A': 52, 'E': 19}
  [C: full proxy rows 2000-07+ (composite/NDX breadth)] D days 934 (skipped for missing feature: 0), episodes 88, breakdown episodes 25 (0.28), breakdown days 224 (0.24); exits {'E': 25, 'A': 63}
  vol percentile: 191 early sessions use an expanding (>=60 obs) causal percentile instead of the 252-window

  feature means on D days by label (raw units), sample Q:
  feature      recover  breakdown  diff t  |  sample C:    recover  breakdown  diff t
  bp            0.5251     0.3783   -5.31  |  
  bp_sq         0.0638     0.1207    8.69  |  
  bp_comp       0.5478     0.2965   -9.82  |  
  gap200        0.0641     0.0285  -15.75  |  
  gap50        -0.0187    -0.0304   -7.11  |  
  vol30         0.1961     0.2068    1.93  |  
  vol_pct       0.6378     0.6864    2.20  |  
  ldse          1.9144     1.7487   -1.95  |  
  ret20        -0.0261    -0.0371   -4.04  |  
  fast_def      0.7766     0.9080    4.58  |  
  volratio      1.0860     1.1443    2.55  |  
  dgs2_60      -0.0479    -0.0854   -1.16  |  
  (t is day-weighted and overstated: the ~70-90 episodes are the independent units, not the days)

================================================================================================================
2. GROUPED 10-FOLD CV (stratified on the episode label; lambda / features / stump chosen INSIDE each training fold)
================================================================================================================

[Q: QQEW rows 2007-07+]  (38s)
  inner-CV lambda chosen per fold: all-L2 [30.0, 100.0, 30.0, 30.0, 30.0, 100.0, 30.0, 10.0, 30.0, 30.0]; breadth [100.0, 30.0, 100.0, 100.0, 100.0, 100.0, 100.0, 30.0, 100.0, 100.0]; noGap-L2 [100.0, 100.0, 100.0, 100.0, 100.0, 100.0, 100.0, 30.0, 100.0, 100.0]
  forward selection per fold: [['gap200', 'bp_comp', 'bp_sq'], ['gap200', 'bp_comp', 'bp_sq'], ['gap200'], ['gap200', 'bp_sq', 'bp_comp'], ['gap200', 'bp_sq'], ['gap200', 'bp_sq', 'bp_comp'], ['gap200', 'bp_sq', 'bp_comp'], ['gap200', 'bp_sq', 'bp'], ['gap200', 'bp_comp', 'bp_sq'], ['gap200', 'bp_comp', 'bp_sq']]
  stump per fold: [('gap200', 0.044, 0.48, 0.08), ('bp_comp', 0.296, 0.51, 0.09), ('gap200', 0.036, 0.54, 0.11), ('gap200', 0.038, 0.49, 0.1), ('bp_comp', 0.315, 0.48, 0.09), ('gap200', 0.043, 0.44, 0.09), ('gap200', 0.016, 0.79, 0.13), ('gap200', 0.037, 0.52, 0.11), ('gap200', 0.038, 0.52, 0.11), ('gap200', 0.044, 0.47, 0.1)]
  bucket rates per fold (bottom..top quintile): 0.51/0.30/0.06/0.05/0.36; 0.54/0.27/0.06/0.04/0.20; 0.50/0.32/0.07/0.06/0.30; 0.55/0.25/0.06/0.05/0.35; 0.49/0.24/0.05/0.06/0.25 ...

  grouped 10-fold, out-of-fold metrics (Q)
  model      | day: logloss  Brier    AUC | first-day: logloss  Brier    AUC | ep-mean: logloss  Brier    AUC | >=5d to exit: ll  Brier    AUC
  bucket             0.5057 0.1672  0.673               0.5645 0.1842  0.645             0.4790 0.1619  0.802             0.5255 0.1745  0.628
  breadth            0.5562 0.1801  0.569               0.5862 0.1951  0.609             0.5859 0.1948  0.615             0.5503 0.1773  0.555
  breadth+U          0.5556 0.1844  0.671               0.5624 0.1872  0.699             0.5461 0.1826  0.757             0.5763 0.1919  0.635
  all-L2             0.4615 0.1497  0.790               0.5461 0.1654  0.796             0.4693 0.1346  0.887             0.5176 0.1710  0.703
  noGap-L2           0.5294 0.1731  0.652               0.5478 0.1811  0.670             0.5259 0.1729  0.700             0.5573 0.1836  0.595
  fwd-sel            0.4536 0.1449  0.813               0.5173 0.1609  0.802             0.3941 0.1215  0.897             0.5229 0.1686  0.747
  stump              0.5392 0.1748  0.608               0.5828 0.1899  0.601             0.4914 0.1581  0.744             0.5874 0.1926  0.535
  (constant P = sample base rate 0.224: day log-loss 0.5322, Brier 0.1739; n days 727, episodes 71; days >=5 to exit 485)
    calibration [bucket] fixed bins of predicted P; day-weighted and first-day-of-episode
    bin        n days  mean P realized | n eps  mean P realized
    0.0-0.1       319   0.055    0.053      27   0.052    0.111
    0.1-0.2        29   0.198    0.586       2   0.198    0.500
    0.2-0.3       130   0.251    0.423      15   0.255    0.400
    0.3-0.4       125   0.336    0.056      11   0.333    0.000
    0.4-0.5        24   0.491    1.000       0     nan      nan
    0.5-0.6        65   0.534    0.615      13   0.536    0.615
    0.7-0.8        35   0.717    0.086       3   0.717    0.333
    calibration [breadth] fixed bins of predicted P; day-weighted and first-day-of-episode
    bin        n days  mean P realized | n eps  mean P realized
    0.0-0.1        26   0.077    0.731       4   0.080    0.500
    0.1-0.2       196   0.171    0.117      21   0.170    0.095
    0.2-0.3       430   0.238    0.240      35   0.244    0.286
    0.3-0.4        41   0.319    0.366       8   0.321    0.500
    0.4-0.5        34   0.446    0.088       3   0.452    0.333
    calibration [all-L2] fixed bins of predicted P; day-weighted and first-day-of-episode
    bin        n days  mean P realized | n eps  mean P realized
    0.0-0.1       234   0.050    0.021      19   0.054    0.000
    0.1-0.2       169   0.142    0.189      13   0.147    0.231
    0.2-0.3        99   0.241    0.222      14   0.251    0.357
    0.3-0.4        74   0.348    0.405       8   0.334    0.125
    0.4-0.5        53   0.449    0.472       3   0.479    0.667
    0.5-0.6        29   0.540    0.379       2   0.513    0.500
    0.6-0.7        20   0.638    0.450       4   0.642    0.500
    0.7-0.8        17   0.741    0.706       0     nan      nan
    0.8-0.9        17   0.844    0.588       6   0.857    0.667
    0.9-1.0        15   0.932    0.467       2   0.961    0.500

  same, second fold assignment (Q; fwd-sel omitted for time)
  model      | day: logloss  Brier    AUC | first-day: logloss  Brier    AUC | ep-mean: logloss  Brier    AUC | >=5d to exit: ll  Brier    AUC
  bucket             0.4906 0.1616  0.673               0.5497 0.1801  0.649             0.4702 0.1572  0.799             0.5044 0.1656  0.637
  breadth            0.5532 0.1762  0.592               0.5940 0.1954  0.613             0.5957 0.1952  0.635             0.5385 0.1706  0.584
  breadth+U          0.5196 0.1715  0.686               0.5415 0.1794  0.673             0.5191 0.1718  0.752             0.5237 0.1732  0.654
  all-L2             0.4266 0.1405  0.808               0.5027 0.1735  0.771             0.4106 0.1351  0.878             0.4775 0.1585  0.730
  noGap-L2           0.4951 0.1602  0.675               0.5440 0.1790  0.678             0.5194 0.1689  0.718             0.5072 0.1645  0.621
  stump              0.5588 0.1830  0.593               0.6243 0.2054  0.571             0.5336 0.1758  0.680             0.5851 0.1934  0.563
  (constant P = sample base rate 0.224: day log-loss 0.5322, Brier 0.1739; n days 727, episodes 71; days >=5 to exit 485)

================================================================================================================
3. LEAVE-ONE-EPISODE-OUT (cheap models; lambda fixed at the median of the 10-fold inner-CV choices -> a mild leak, noted)
================================================================================================================

[Q: QQEW rows 2007-07+] lambda all-L2 30.0, breadth 100.0, breadth+U 100.0  (6s)

  leave-one-episode-out (Q, 71 folds)
  model      | day: logloss  Brier    AUC | first-day: logloss  Brier    AUC | ep-mean: logloss  Brier    AUC | >=5d to exit: ll  Brier    AUC
  bucket             0.5097 0.1688  0.636               0.5565 0.1825  0.604             0.4800 0.1616  0.790             0.5288 0.1748  0.603
  breadth            0.5471 0.1777  0.540               0.5796 0.1937  0.599             0.5822 0.1943  0.622             0.5374 0.1735  0.516
  breadth+U          0.5196 0.1709  0.649               0.5435 0.1806  0.668             0.5289 0.1763  0.751             0.5231 0.1721  0.601
  all-L2             0.4387 0.1445  0.792               0.4985 0.1706  0.783             0.4100 0.1339  0.881             0.4905 0.1625  0.710
  noGap-L2           0.5197 0.1698  0.636               0.5500 0.1825  0.666             0.5287 0.1740  0.694             0.5363 0.1759  0.580
  stump              0.4977 0.1592  0.525               0.5567 0.1815  0.555             0.4633 0.1519  0.800             0.5294 0.1696  0.434
  (constant P = sample base rate 0.224: day log-loss 0.5322, Brier 0.1739; n days 727, episodes 71; days >=5 to exit 485)

================================================================================================================
4. TIME-ORDERED: fit on episodes ending before 2015-11-01, test on the rest; and the reverse
================================================================================================================
  [Q] fit <2015-11 (28 eps) -> test 2015-11+ (43 eps): all-L2 lambda 100.0
  [Q] fit <2015-11 (28 eps) -> test 2015-11+ (43 eps): fwd-sel ['gap200', 'bp_sq', 'ldse']
  [Q] fit <2015-11 (28 eps) -> test 2015-11+ (43 eps): stump gap200 < 0.011 -> 0.79 else 0.14

  [Q] fit <2015-11 (28 eps) -> test 2015-11+ (43 eps)
  model      | day: logloss  Brier    AUC | first-day: logloss  Brier    AUC | ep-mean: logloss  Brier    AUC | >=5d to exit: ll  Brier    AUC
  bucket             0.5018 0.1631  0.779               0.5632 0.1760  0.710             0.4711 0.1622  0.760             0.5113 0.1656  0.783
  breadth            0.5584 0.1858  0.782               0.5733 0.1920  0.690             0.5743 0.1924  0.663             0.5538 0.1839  0.849
  breadth+U          0.5341 0.1777  0.744               0.5427 0.1812  0.693             0.5383 0.1803  0.746             0.5335 0.1772  0.763
  all-L2             0.4876 0.1614  0.776               0.5259 0.1743  0.702             0.4720 0.1552  0.855             0.5337 0.1780  0.662
  noGap-L2           0.5409 0.1795  0.641               0.5653 0.1896  0.619             0.5414 0.1813  0.699             0.5587 0.1855  0.568
  fwd-sel            0.4370 0.1470  0.844               0.5303 0.1819  0.770             0.4144 0.1417  0.861             0.5006 0.1692  0.795
  stump              0.5110 0.1620  0.612               0.6430 0.2162  0.514             0.4481 0.1446  0.857             0.5783 0.1889  0.529
  (constant P = sample base rate 0.246: day log-loss 0.5580, Brier 0.1855; n days 382, episodes 43; days >=5 to exit 234)
  [Q] fit 2015-11+ -> test <2015-11: all-L2 lambda 10.0
  [Q] fit 2015-11+ -> test <2015-11: fwd-sel ['bp_comp', 'gap200', 'bp_sq']
  [Q] fit 2015-11+ -> test <2015-11: stump bp_comp < 0.296 -> 0.63 else 0.07

  [Q] fit 2015-11+ -> test <2015-11
  model      | day: logloss  Brier    AUC | first-day: logloss  Brier    AUC | ep-mean: logloss  Brier    AUC | >=5d to exit: ll  Brier    AUC
  bucket             0.5036 0.1712  0.698               0.5708 0.1915  0.691             0.4577 0.1465  0.800             0.5233 0.1792  0.653
  breadth            0.5651 0.1731  0.540               0.6159 0.1955  0.634             0.5744 0.1773  0.684             0.5630 0.1735  0.497
  breadth+U          0.5414 0.1788  0.689               0.5670 0.1882  0.697             0.4820 0.1536  0.759             0.5713 0.1903  0.653
  all-L2             0.5071 0.1738  0.720               0.5821 0.1995  0.750             0.4471 0.1496  0.838             0.5511 0.1882  0.648
  noGap-L2           0.5522 0.1790  0.607               0.6509 0.2111  0.637             0.5984 0.1881  0.656             0.5618 0.1823  0.555
  fwd-sel            0.5097 0.1725  0.749               0.5352 0.1803  0.781             0.4019 0.1385  0.856             0.5666 0.1899  0.680
  stump              0.5869 0.1929  0.580               0.7021 0.2282  0.588             0.6190 0.1966  0.641             0.5922 0.1962  0.550
  (constant P = sample base rate 0.200: day log-loss 0.5004, Brier 0.1600; n days 345, episodes 28; days >=5 to exit 251)

================================================================================================================
5. COEFFICIENTS (all-L2 on the whole sample, lambda = LOEO choice; standardized units; episode-bootstrap 95% interval)
================================================================================================================

[Q: QQEW rows 2007-07+] lambda 30.0, n 727, 400 episode-bootstrap refits
  feature       coef  boot lo  boot hi  P(sign flips)   raw sd (1 unit of coef)
  intercept   -1.754   -2.871   -1.021
  bp          -0.294   -0.820    0.177           0.12   0.2768
  bp_sq        0.608    0.174    0.962           0.00   0.0792
  bp_comp     -0.590   -1.024   -0.225           0.00   0.3009
  gap200      -0.961   -1.272   -0.557           0.00   0.0330
  gap50       -0.144   -0.426    0.167           0.15   0.0188
  vol30        0.045   -0.322    0.464           0.41   0.0571
  vol_pct     -0.258   -0.630    0.287           0.17   0.2670
  ldse        -0.136   -0.488    0.133           0.17   0.9709
  ret20        0.025   -0.280    0.268           0.45   0.0315
  fast_def     0.116   -0.182    0.416           0.22   0.3957
  volratio     0.184   -0.175    0.491           0.21   0.2489
  dgs2_60      0.186   -0.316    0.545           0.29   0.3877
  breadth-only: intercept -1.266, slope -0.301 per sd of pct (0.277) -> P at pct 0.1 / 0.5 / 0.9 = 0.30 / 0.22 / 0.15

================================================================================================================
6. DECISION VALUE through the harness: policies driven by the OUT-OF-FOLD P (10-fold grouped CV of section 2)
================================================================================================================
'cash > p*': the D row's QLD leg to cash when P_oof > p*; 'w=1-P': QLD weight scaled by (1 - P_oof).  Controls: same-rows live,
the plain breadth gate (pct<0.2), constant-D at the policy's deployed capital (calib_q).  Episode-block bootstrap (ep_boot)
of the Sharpe / log-return difference vs constant-D and vs live, 1000 draws.  A day with no P (not in the sample) holds the live row.

[Q: QQEW rows 2007-07+] rows 4800 2007-07-27..2026-08-26; live 26.09% / 1.006 / -33.6% S 1.103 H 0.876 exp 72.1%
  policy                             CAGR/Sh/MDD      S      H    exp   on  | vs live S/H | vs constD S/H | ep-boot Sh CI vs constD  P<=0  | vs live Sh CI  P<=0| real Sh   n
  breadth gate pct<0.2    31.71% / 1.218 / -28.5%  1.332  1.065  70.0%  124  +0.229/+0.189   +0.205/+0.178        [+0.065,+0.322] 0.000  [+0.088,+0.344] 0.000    1.490   0
  -- model bucket: OOF P on 727 D days; mean P 0.233; P>0.3/0.4/0.5/0.6 on 249/124/100/35 days  (rr D rows 79)
  bucket cash > 0.3       29.53% / 1.177 / -28.8%  1.302  1.007  67.5%  249  +0.200/+0.131   +0.151/+0.115        [+0.004,+0.283] 0.021  [+0.013,+0.341] 0.018    1.430  79
  bucket cash > 0.4       31.71% / 1.218 / -28.5%  1.332  1.065  70.0%  124  +0.229/+0.189   +0.205/+0.178        [+0.068,+0.316] 0.000  [+0.085,+0.359] 0.000    1.490  79
  bucket cash > 0.5       30.87% / 1.186 / -28.5%  1.305  1.026  70.4%  100  +0.203/+0.150   +0.183/+0.141        [+0.047,+0.299] 0.000  [+0.053,+0.323] 0.001    1.469  79
  bucket cash > 0.6       26.09% / 1.012 / -33.6%  1.095  0.900  71.6%   35  -0.007/+0.024   -0.015/+0.021        [-0.033,+0.050] 0.509  [-0.029,+0.053] 0.399    1.248  79
  bucket w = 1-P          27.63% / 1.121 / -28.8%  1.222  0.986  69.0%  727  +0.120/+0.110   +0.085/+0.094        [+0.037,+0.145] 0.003  [+0.036,+0.196] 0.003    1.349  79
  -- model breadth: OOF P on 727 D days; mean P 0.228; P>0.3/0.4/0.5/0.6 on 75/34/0/0 days  (rr D rows 79)
  breadth cash > 0.3      28.02% / 1.088 / -33.3%  1.160  0.991  70.8%   75  +0.058/+0.115   +0.043/+0.108        [-0.012,+0.167] 0.047  [-0.003,+0.187] 0.032    1.306  79
  breadth cash > 0.4      26.28% / 1.018 / -33.6%  1.095  0.913  71.6%   34  -0.007/+0.036   -0.014/+0.034        [-0.020,+0.059] 0.392  [-0.014,+0.058] 0.310    1.248  79
  breadth cash > 0.5      26.09% / 1.006 / -33.6%  1.103  0.876  72.1%    0  +0.000/+0.000   -0.000/-0.000        [-0.000,+0.000] 0.949  [+0.000,+0.000] 1.000    1.248  79
  breadth cash > 0.6      26.09% / 1.006 / -33.6%  1.103  0.876  72.1%    0  +0.000/+0.000   -0.000/-0.000        [-0.000,+0.000] 0.948  [+0.000,+0.000] 1.000    1.248  79
  breadth w = 1-P         25.53% / 1.054 / -29.8%  1.160  0.912  68.9%  727  +0.057/+0.035   +0.022/+0.019        [+0.002,+0.040] 0.011  [-0.002,+0.094] 0.029    1.291  79
  -- model breadth+U: OOF P on 727 D days; mean P 0.242; P>0.3/0.4/0.5/0.6 on 134/56/38/34 days  (rr D rows 79)
  breadth+U cash > 0.3    30.21% / 1.173 / -28.5%  1.273  1.041  69.8%  134  +0.171/+0.165   +0.144/+0.154        [+0.029,+0.284] 0.007  [+0.036,+0.329] 0.007    1.442  79
  breadth+U cash > 0.4    27.32% / 1.060 / -32.4%  1.116  0.984  71.2%   56  +0.014/+0.108   +0.003/+0.102        [-0.028,+0.140] 0.142  [-0.022,+0.144] 0.110    1.240  79
  breadth+U cash > 0.5    26.52% / 1.028 / -33.6%  1.091  0.942  71.5%   38  -0.011/+0.066   -0.019/+0.063        [-0.029,+0.077] 0.292  [-0.026,+0.086] 0.225    1.233  79
  breadth+U cash > 0.6    26.28% / 1.018 / -33.6%  1.095  0.913  71.6%   34  -0.007/+0.036   -0.014/+0.034        [-0.021,+0.052] 0.409  [-0.015,+0.056] 0.321    1.248  79
  breadth+U w = 1-P       26.52% / 1.089 / -28.6%  1.189  0.956  68.8%  727  +0.086/+0.080   +0.050/+0.065        [+0.020,+0.097] 0.000  [+0.018,+0.144] 0.002    1.309  79
  -- model all-L2: OOF P on 727 D days; mean P 0.245; P>0.3/0.4/0.5/0.6 on 225/151/98/69 days  (rr D rows 79)
  all-L2 cash > 0.3       28.41% / 1.146 / -29.3%  1.332  0.895  67.9%  225  +0.230/+0.019   +0.185/+0.004        [-0.059,+0.273] 0.115  [-0.026,+0.329] 0.070    1.370  79
  all-L2 cash > 0.4       28.83% / 1.137 / -26.6%  1.334  0.873  69.4%  151  +0.232/-0.003   +0.202/-0.015        [-0.026,+0.248] 0.049  [-0.007,+0.280] 0.035    1.439  79
  all-L2 cash > 0.5       28.65% / 1.113 / -26.3%  1.220  0.968  70.4%   98  +0.118/+0.092   +0.098/+0.083        [-0.009,+0.196] 0.040  [+0.005,+0.218] 0.017    1.404  79
  all-L2 cash > 0.6       28.01% / 1.088 / -27.3%  1.158  0.993  70.9%   69  +0.056/+0.117   +0.041/+0.110        [-0.016,+0.171] 0.052  [-0.015,+0.182] 0.047    1.404  79
  all-L2 w = 1-P          27.17% / 1.115 / -28.8%  1.241  0.946  68.7%  727  +0.139/+0.069   +0.101/+0.053        [+0.008,+0.167] 0.013  [+0.013,+0.214] 0.013    1.407  79
  all-L2 gate & P>0.3     29.00% / 1.125 / -29.3%  1.204  1.019  70.4%   97  +0.101/+0.143   +0.082/+0.134        [+0.007,+0.214] 0.017  [+0.020,+0.238] 0.012    1.425  79
  all-L2 gate & P>0.5     28.52% / 1.099 / -27.2%  1.164  1.010  71.0%   66  +0.062/+0.134   +0.048/+0.128        [-0.009,+0.191] 0.048  [-0.009,+0.207] 0.038    1.369  79
  all-L2 gate | P>0.6     31.30% / 1.214 / -28.5%  1.336  1.053  69.6%  142  +0.233/+0.177   +0.206/+0.165        [+0.075,+0.322] 0.001  [+0.067,+0.351] 0.002    1.526  79
  all-L2 gate | P>0.8     31.97% / 1.228 / -28.5%  1.350  1.065  69.9%  127  +0.248/+0.189   +0.223/+0.178        [+0.092,+0.332] 0.001  [+0.096,+0.375] 0.000    1.514  79
  -- model noGap-L2: OOF P on 727 D days; mean P 0.240; P>0.3/0.4/0.5/0.6 on 159/92/56/30 days  (rr D rows 79)
  noGap-L2 cash > 0.3     29.26% / 1.155 / -27.2%  1.297  0.967  69.2%  159  +0.195/+0.090   +0.163/+0.077        [+0.012,+0.251] 0.014  [+0.013,+0.274] 0.011    1.522  79
  noGap-L2 cash > 0.4     30.31% / 1.171 / -27.7%  1.304  0.995  70.6%   92  +0.202/+0.119   +0.184/+0.110        [+0.025,+0.283] 0.004  [+0.039,+0.312] 0.001    1.427  79
  noGap-L2 cash > 0.5     28.54% / 1.099 / -28.0%  1.174  0.998  71.2%   56  +0.071/+0.122   +0.060/+0.116        [-0.007,+0.184] 0.041  [+0.003,+0.197] 0.023    1.340  79
  noGap-L2 cash > 0.6     27.49% / 1.059 / -33.6%  1.143  0.945  71.6%   30  +0.041/+0.068   +0.034/+0.066        [-0.020,+0.129] 0.091  [-0.014,+0.141] 0.081    1.255  79
  noGap-L2 w = 1-P        27.07% / 1.113 / -28.5%  1.231  0.955  68.8%  727  +0.128/+0.079   +0.092/+0.064        [+0.033,+0.134] 0.000  [+0.036,+0.188] 0.003    1.359  79
  noGap-L2 gate & P>0.3   29.88% / 1.154 / -27.2%  1.278  0.986  70.5%   93  +0.176/+0.110   +0.158/+0.102        [+0.025,+0.252] 0.008  [+0.036,+0.286] 0.002    1.472  79
  noGap-L2 gate & P>0.5   28.44% / 1.093 / -28.0%  1.164  0.998  71.3%   47  +0.062/+0.122   +0.052/+0.118        [-0.001,+0.180] 0.026  [+0.002,+0.188] 0.021    1.319  79
  noGap-L2 gate | P>0.6   31.71% / 1.218 / -28.5%  1.332  1.065  70.0%  124  +0.229/+0.189   +0.205/+0.178        [+0.065,+0.331] 0.001  [+0.087,+0.360] 0.001    1.490  79
  noGap-L2 gate | P>0.8   31.71% / 1.218 / -28.5%  1.332  1.065  70.0%  124  +0.229/+0.189   +0.205/+0.178        [+0.073,+0.325] 0.000  [+0.081,+0.360] 0.000    1.490  79
  -- model fwd-sel: OOF P on 727 D days; mean P 0.251; P>0.3/0.4/0.5/0.6 on 239/184/142/102 days  (rr D rows 79)
  fwd-sel cash > 0.3      26.58% / 1.079 / -34.5%  1.238  0.864  67.7%  239  +0.136/-0.013   +0.089/-0.028        [-0.167,+0.240] 0.309  [-0.139,+0.279] 0.234    1.341  79
  fwd-sel cash > 0.4      28.40% / 1.126 / -35.6%  1.336  0.840  68.7%  184  +0.234/-0.037   +0.197/-0.053        [-0.092,+0.266] 0.134  [-0.070,+0.316] 0.099    1.378  79
  fwd-sel cash > 0.5      28.60% / 1.120 / -30.5%  1.265  0.922  69.5%  142  +0.163/+0.046   +0.134/+0.034        [-0.036,+0.237] 0.086  [-0.036,+0.251] 0.069    1.415  79
  fwd-sel cash > 0.6      28.86% / 1.118 / -30.1%  1.214  0.988  70.3%  102  +0.112/+0.112   +0.091/+0.103        [-0.010,+0.203] 0.036  [+0.002,+0.232] 0.024    1.377  79
  fwd-sel w = 1-P         27.54% / 1.119 / -28.9%  1.243  0.950  68.7%  727  +0.141/+0.074   +0.103/+0.058        [-0.021,+0.194] 0.057  [-0.004,+0.238] 0.034    1.394  79
  fwd-sel gate & P>0.3    29.02% / 1.123 / -28.5%  1.195  1.025  70.4%   99  +0.092/+0.149   +0.073/+0.141        [+0.006,+0.217] 0.017  [+0.015,+0.243] 0.010    1.379  79
  fwd-sel gate & P>0.5    28.30% / 1.092 / -30.5%  1.171  0.983  70.8%   76  +0.068/+0.107   +0.053/+0.100        [-0.014,+0.176] 0.051  [-0.004,+0.196] 0.032    1.394  79
  fwd-sel gate | P>0.6    32.27% / 1.247 / -28.5%  1.384  1.067  69.4%  156  +0.281/+0.190   +0.251/+0.178        [+0.098,+0.351] 0.000  [+0.097,+0.382] 0.000    1.500  79
  fwd-sel gate | P>0.8    32.43% / 1.245 / -28.5%  1.374  1.074  69.8%  133  +0.272/+0.198   +0.245/+0.187        [+0.099,+0.341] 0.000  [+0.105,+0.387] 0.000    1.528  79
  -- model stump: OOF P on 727 D days; mean P 0.207; P>0.3/0.4/0.5/0.6 on 189/189/64/14 days  (rr D rows 79)
  stump cash > 0.3        22.39% / 0.937 / -39.1%  1.130  0.673  68.5%  189  +0.027/-0.203   -0.013/-0.218        [-0.312,+0.084] 0.838  [-0.290,+0.135] 0.735    1.267  79
  stump cash > 0.4        22.39% / 0.937 / -39.1%  1.130  0.673  68.5%  189  +0.027/-0.203   -0.013/-0.218        [-0.298,+0.094] 0.838  [-0.291,+0.158] 0.736    1.267  79
  stump cash > 0.5        24.06% / 0.962 / -35.3%  1.077  0.804  70.9%   64  -0.025/-0.072   -0.040/-0.079        [-0.205,+0.076] 0.776  [-0.212,+0.101] 0.712    1.211  79
  stump cash > 0.6        26.46% / 1.019 / -33.3%  1.137  0.862  71.8%   14  +0.034/-0.014   +0.030/-0.015        [-0.020,+0.055] 0.330  [-0.016,+0.058] 0.261    1.248  79
  stump w = 1-P           24.26% / 1.006 / -31.5%  1.151  0.809  69.2%  727  +0.049/-0.067   +0.016/-0.081        [-0.116,+0.051] 0.716  [-0.092,+0.101] 0.495    1.285  79

  PER-DAY QLD-LEG (d0->d1, bp) BY OUT-OF-FOLD P, within gated (pct<0.2) and un-gated D days; label share = P(E/F) of the days:
  model     scope     P range         n QLD d1 bp     t  label| fwd20 QQQ %
  bucket    gated     < med 0.55     60    -116.6 -1.98   0.90        -2.63
  bucket    gated     >= med         64     -27.3 -0.63   0.20        -1.24
  bucket    gated     > 0.5         100     -73.3 -1.75   0.43        -2.40
  bucket    un-gated  < med 0.07    290      48.5  3.02   0.06         3.94
  bucket    un-gated  >= med        313      26.7  1.80   0.25         2.47
  bucket    un-gated  > 0.5           0
  all-L2    gated     < med 0.53     62     -99.7 -1.97   0.50        -2.80
  all-L2    gated     >= med         62     -41.3 -0.79   0.58        -1.03
  all-L2    gated     > 0.5          66     -47.1 -0.95   0.58        -0.89
  all-L2    un-gated  < med 0.13    301      43.1  2.89   0.05         3.68
  all-L2    un-gated  >= med        302      31.2  1.97   0.27         2.68
  all-L2    un-gated  > 0.5          32     -16.8 -0.28   0.34         1.45
  noGap-L2  gated     < med 0.44     62     -13.9 -0.33   0.55        -0.18
  noGap-L2  gated     >= med         62    -127.1 -2.16   0.53        -3.65
  noGap-L2  gated     > 0.5          47     -64.2 -0.98   0.43        -3.01
  noGap-L2  un-gated  < med 0.18    301      47.7  3.43   0.14         3.40
  noGap-L2  un-gated  >= med        302      26.7  1.59   0.18         2.96
  noGap-L2  un-gated  > 0.5           9     -12.8 -0.11   0.22         1.08
  fwd-sel   gated     < med 0.68     62     -92.0 -1.71   0.52        -2.91
  fwd-sel   gated     >= med         62     -49.1 -1.00   0.56        -0.92
  fwd-sel   gated     > 0.5          76     -31.5 -0.76   0.57        -1.33
  fwd-sel   un-gated  < med 0.09    301      37.5  2.46   0.04         3.92
  fwd-sel   un-gated  >= med        302      36.8  2.37   0.28         2.44
  fwd-sel   un-gated  > 0.5          66      -4.9 -0.13   0.52         2.38

  real-rows note: rr is weekly with its own 20/100 overlay on the long QQQ file; a D row gets the daily OOF P at the same d0 when
  that date is a sample D day (n = matched D rows), otherwise the live row.  Real Sharpe is reported, not used for selection.

================================================================================================================
7. TODAY'S READING
================================================================================================================
  last proxy row 2026-08-26: state A eff A fast A; QQQ file last 2026-09-04; DGS2 last 2026-09-08 = 4.39
  features at 2026-08-26 (as a hypothetical FIRST D day tomorrow: ldse=0): bp=0.9028, bp_sq=0.1622, bp_comp=0.7758, gap200=0.0875, gap50=-0.0014, vol30=0.2166, vol_pct=0.7520, ldse=0.0000, ret20=0.0750, fast_def=0.0000, volratio=0.6003, dgs2_60=0.1400
  [Q] hypothetical D day with 2026-08-26 features: all-L2 P(breakdown) = 0.032  episode-bootstrap 95% [0.004, 0.128] | bucket base rate 0.30 | largest logit contributions: gap200 -0.91, bp_comp -0.56, ldse +0.26, bp_sq +0.66

  freshest date with both QQQ and QQEW closes: 2026-09-04: macro state A, fast D, breadth pct 0.867 (comp 0.899)
  features: bp=0.8671, bp_sq=0.1347, bp_comp=0.8988, gap200=0.0931, gap50=0.0111, vol30=0.1978, vol_pct=0.6012, ldse=0.0000, ret20=-0.0056, fast_def=1.0000, volratio=0.6946, dgs2_60=0.2400
  [Q] hypothetical D day with 2026-09-04 features: all-L2 P(breakdown) = 0.026  episode-bootstrap 95% [0.006, 0.072] | bucket base rate 0.30 | largest logit contributions: gap200 -1.08, bp_comp -0.80, ldse +0.26, bp_sq +0.45

CANDIDATE COUNT this line: 7 model classes x 2 samples, fold-internal hyper-parameters; harness policies 7 models x 5 policies + 3 x 4 gate combinations = 47 cells per sample (reported in full, none selected).
Done in 231s.
