e_outcome_explore -- state-E episodes split by exit (BREAK -> F vs REVERSAL -> D/A/B/C). DESCRIPTIVE ONLY.
QQQ closes 1999-09-15..2026-09-04 (6784 sessions); states via state.compute_states (50/200, 1% buffer).
Coverage: VIX 1990-01-02..2026-09-07; VXN 2001-02-02..; DGS2 1976-06-01..; DGS10 1962-01-02..; DGS3MO 1981-09-01..; QQEW breadth pct from 2007-07-27; RSP/SPY breadth pct from 2004-07-27; SPY 1999-09-15..2026-08-27

======================================================================================================================
1. E EPISODES: 32 completed (+0 ongoing): BREAK 16, REVERSAL 16
======================================================================================================================
  # start      end          n  prior exit  label     ret_in  post20  post60   VIX  brPct  spread%  flatX
  0 2000-07-28 2000-08-04   6   A    D   REVERSAL    -1.9    13.9   -14.8  20.8     --     2.51     19
  1 2000-08-10 2000-08-11   2   D    D   REVERSAL    -0.6     1.9    -9.5  19.2     --     2.85     15
  2 2000-09-11 2000-09-21   9   A    F   BREAK       -7.8    -3.1   -27.2  18.4     --     1.16      9
  3 2003-01-24 2003-02-11  13   F    F   BREAK       -5.3     0.3    15.0  31.5     --     0.09    115
  4 2003-02-28 2003-03-12   9   F    A   REVERSAL    -2.2     5.1    24.3  29.6     --     0.02    102
  5 2004-04-30 2004-05-04   3   D    D   REVERSAL    -1.1     3.3    -1.0  17.2     --     2.98     27
  6 2004-05-10 2004-05-24  11   D    D   REVERSAL     1.3     5.3    -4.5  19.8     --     2.12     23
  7 2004-07-13 2004-07-20   6   D    F   BREAK       -0.5    -6.1     0.5  14.5     --     0.20     26
  8 2005-03-22 2005-04-25  24   D    F   BREAK       -3.3     7.0    11.5  14.3     --     1.92     26
  9 2006-05-12 2006-06-13  22   D    F   BREAK       -8.6    -0.9     3.3  14.2     --     2.57     32
 10 2008-01-07 2008-01-31  18   D    F   BREAK       -6.8    -4.8     4.7  23.8   0.14     5.22     30
 11 2008-06-25 2008-07-07   8   F    F   BREAK       -4.1    -1.0   -13.3  21.1   0.36     0.07    137
 12 2010-06-07 2010-06-10   4   D    D   REVERSAL    -0.0    -1.0     2.1  36.6   0.10     6.79     26
 13 2010-06-29 2010-07-20  15   D    F   BREAK        0.3     0.2    11.6  34.1   0.09     3.54     12
 14 2011-06-17 2011-06-27   7   D    D   REVERSAL     2.2     7.9     0.2  21.9   0.92     4.81     23
 15 2011-08-04 2011-08-16   9   D    F   BREAK       -5.1     2.7     5.4  31.7   0.00     1.37     19
 16 2011-12-14 2011-12-30  12   D    D   REVERSAL     0.1     8.4    21.7  26.0   0.43     0.61     14
 17 2012-11-07 2012-12-12  25   D    F   BREAK        0.2     2.2     4.4  19.1   0.99     3.95     24
 18 2015-08-21 2015-09-29  27   D    F   BREAK       -7.1    13.7    13.2  28.0   0.29     3.01     25
 19 2016-01-07 2016-02-03  19   D    F   BREAK       -6.1     3.9     4.0  25.0   0.46     3.52     23
 20 2016-05-09 2016-05-23  11   F    D   REVERSAL     0.7     1.1    10.3  14.6   0.96     0.04     25
 21 2016-06-17 2016-06-22   4   A    D   REVERSAL    -0.7     5.5     9.4  19.4   0.94     0.61      8
 22 2016-06-24 2016-06-27   2   D    F   BREAK       -6.0    11.3    15.6  25.8   0.93     0.27      3
 23 2018-10-11 2018-10-11   1   D    D   REVERSAL    -1.2     2.9    -5.2  25.0   0.28     6.31     38
 24 2018-10-24 2018-11-06  10   D    D   REVERSAL    -1.7    -2.0     0.5  25.2   0.03     5.26     25
 25 2018-11-12 2018-11-30  14   D    F   BREAK       -1.3    -8.6     3.0  20.4   1.00     3.11     15
 26 2019-06-03 2019-06-04   2   D    D   REVERSAL     0.6     8.6     5.8  18.9   0.55     5.43     40
 27 2020-03-09 2020-03-09   1   D    D   REVERSAL    -6.9     1.5    22.3  54.5   0.09    11.08     35
 28 2020-03-11 2020-04-09  22   D    D   REVERSAL    -1.6    11.9    27.8  53.9   0.00    10.59     34
 29 2022-01-20 2022-02-28  27   D    F   BREAK       -5.4     5.2   -17.2  25.6   0.16     7.06     33
 30 2025-03-10 2025-04-11  25   D    F   BREAK       -7.6    11.8    22.2  27.9   0.99     5.34     27
 31 2026-03-20 2026-04-07  12   D    D   REVERSAL    -0.7    15.8    21.1  26.8   0.30     3.11     17
  exit-state counts: {'D': 15, 'F': 16, 'A': 1}
  prior-state counts: {'A': 3, 'D': 25, 'F': 4}
  BREAK    n       n=16 mean   16.44 median   16.50  min    2.00 max   27.00
  BREAK    ret_in  n=16 mean   -4.65 median   -5.35  min   -8.57 max    0.33
  BREAK    post20  n=16 mean    2.12 median    1.25  min   -8.56 max   13.68
  BREAK    post60  n=16 mean    3.54 median    4.53  min  -27.21 max   22.24
  REVERSAL n       n=16 mean    7.31 median    6.50  min    1.00 max   22.00
  REVERSAL ret_in  n=16 mean   -0.88 median   -0.74  min   -6.95 max    2.15
  REVERSAL post20  n=16 mean    5.64 median    5.18  min   -1.97 max   15.80
  REVERSAL post60  n=16 mean    6.90 median    3.95  min  -14.82 max   27.76
  Real-instrument era (2015-11-01+): 13 episodes: BREAK 5, REVERSAL 8: 2016-01-07(B), 2016-05-09(R), 2016-06-17(R), 2016-06-24(B), 2018-10-11(R), 2018-10-24(R), 2018-11-12(B), 2019-06-03(R), 2020-03-09(R), 2020-03-11(R), 2022-01-20(B), 2025-03-10(B), 2026-03-20(R)
  Note: post20/post60 are QQQ returns from the E exit close; for BREAKs the exit day is the first F day.

======================================================================================================================
2. FEATURES: 57 feature columns from 27 base quantities x (entry / approach10 / avg3)
======================================================================================================================
  n = 32 (16 BREAK / 16 REVERSAL). With nb=16, nr=16 the SE of an AUC near 0.5 is about 0.104, so the 5% two-sided minimum detectable |AUC-0.5| for a SINGLE pre-specified feature is about 0.20 (AUC about 0.70), and Cohen's d needs to be about 0.99 for 80% power at alpha 5%.
  Bonferroni threshold for 57 features at family-wise 5%: p < 0.00088. With 57 correlated features the max |AUC-0.5| under the null is expected to exceed 0.2; see the permutation in section 3.
  feature                          fam           nB nR     meanB     medB    meanR     medR     diff  Welch t     p_t    p_MW    AUC
  below200_pct@avg3                price         16 16    -3.546   -3.776   -1.609   -1.198   -1.936    -3.67   0.001   0.001  0.148
  QQEW_pct@approach10              breadth       11 11     0.109    0.119    0.000   -0.032    0.109     1.35   0.192   0.094  0.711
  QQEW_x60@approach10              breadth       11 11     0.007    0.009   -0.002   -0.004    0.010     1.26   0.227   0.140  0.686
  dd_from_252hi@avg3               price         16 14   -13.567  -11.663  -12.427   -9.269   -1.140    -0.42   0.680   0.096  0.321
  below200_pct@entry               price         16 16    -2.614   -2.446   -1.841   -1.631   -0.772    -1.83   0.078   0.187  0.363
  below50_pct@avg3                 price         16 16    -5.818   -6.200   -5.198   -4.307   -0.619    -0.56   0.582   0.243  0.379
  since_last_F@entry               regime        16 16   285.750  242.500  202.750  210.500   83.000     1.07   0.294   0.258  0.617
  spread50_200_pct@approach10      spread        16 16    -0.481   -0.582   -0.211    0.093   -0.270    -0.75   0.458   0.274  0.387
  rvol30@approach10                realised_vol  16 16     0.713    1.348    4.114    1.967   -3.401    -1.64   0.115   0.291  0.391
  spread_chg20@entry               spread        16 16    -0.616   -1.082   -0.062   -0.239   -0.553    -0.73   0.472   0.309  0.395
  slope_10y3m@approach10           rates         16 16    -0.113   -0.090    0.005   -0.055   -0.118    -1.40   0.173   0.327  0.398
  ret20_pre@entry                  price         16 16    -5.004   -4.673   -6.542   -6.148    1.538     1.02   0.317   0.327  0.602
  VIX@approach10                   vol_implied   16 16     4.956    4.535    5.008    2.260   -0.053    -0.02   0.985   0.346  0.598
  spread50_200_pct@avg3            spread        16 16     2.531    2.700    3.997    2.862   -1.466    -1.48   0.151   0.346  0.402
  VIX_minus_m20@avg3               vol_implied   16 16     5.043    3.349    5.128    1.493   -0.085    -0.03   0.976   0.366  0.594
  spread50_200_pct@entry           spread        16 16     2.651    2.790    4.070    3.044   -1.420    -1.42   0.169   0.366  0.406
  RSP_x60@approach10               breadth       14 13     0.001   -0.000   -0.008   -0.009    0.008     1.34   0.191   0.409  0.593
  QQEW_pct@entry                   breadth       11 11     0.492    0.355    0.419    0.304    0.073     0.44   0.666   0.470  0.591
  RSP_pct@approach10               breadth       13 11     0.034   -0.008   -0.027   -0.060    0.061     0.69   0.499   0.469  0.587
  rvol30@entry                     realised_vol  16 16    22.135   21.913   25.759   24.173   -3.623    -1.18   0.250   0.407  0.414
  QQEW_pct@avg3                    breadth       11 11     0.512    0.396    0.436    0.315    0.077     0.49   0.628   0.533  0.579
  rvol30@avg3                      realised_vol  16 16    22.464   22.561   26.225   24.312   -3.761    -1.16   0.259   0.498  0.430
  RSP_pct@avg3                     breadth       13 11     0.421    0.394    0.368    0.325    0.053     0.38   0.711   0.582  0.566
  VXN@approach10                   vol_implied   15 14     4.489    4.630    4.796    3.930   -0.306    -0.11   0.910   0.600  0.557
  VIX_pct252@avg3                  vol_implied   16 16     0.731    0.877    0.648    0.651    0.083     0.73   0.470   0.585  0.557
  RSP_pct@entry                    breadth       13 11     0.400    0.395    0.351    0.260    0.049     0.34   0.736   0.643  0.556
  slope_10y2y@entry                rates         16 16     1.127    1.150    1.022    0.715    0.105     0.32   0.749   0.598  0.555
  VIX_pct252@entry                 vol_implied   16 16     0.728    0.893    0.680    0.718    0.047     0.42   0.678   0.624  0.551
  VIX_minus_m20@entry              vol_implied   16 16     4.432    3.466    5.336    3.414   -0.904    -0.37   0.714   0.651  0.547
  slope_10y3m@entry                rates         16 16     1.568    1.700    1.406    1.110    0.163     0.37   0.713   0.651  0.547
  VXN@entry                        vol_implied   15 14    27.241   28.110   31.021   27.835   -3.779    -1.15   0.264   0.694  0.457
  VXN_minus_VIX@avg3               vol_implied   15 14     3.598    3.703    3.050    2.327    0.549     0.40   0.691   0.694  0.543
  DGS2@approach10                  rates         16 16    -0.059   -0.080   -0.096   -0.040    0.037     0.40   0.691   0.692  0.459
  VIX@entry                        vol_implied   16 16    23.457   24.390   26.829   23.415   -3.372    -1.00   0.329   0.706  0.461
  VIX_chg5@entry                   vol_implied   16 16     4.343    4.065    4.880    3.000   -0.537    -0.25   0.803   0.706  0.539
  QQQ_SPY_rel20@avg3               relative      16 16    -1.463   -1.770   -1.185   -1.623   -0.278    -0.32   0.752   0.706  0.461
  VXN_minus_VIX@entry              vol_implied   15 14     3.447    2.910    3.218    2.600    0.229     0.18   0.859   0.743  0.536
  volratio_10_30@entry             realised_vol  16 16     1.035    1.035    1.048    0.985   -0.013    -0.16   0.872   0.734  0.535
  DGS2@entry                       rates         16 16     2.257    2.120    2.123    1.675    0.134     0.20   0.841   0.763  0.531
  prior_is_D@entry                 regime        16 16     0.812    1.000    0.750    1.000    0.062     0.42   0.681   0.674  0.531
  dd_from_252hi@approach10         price         15 14    -4.317   -4.038   -4.443   -3.413    0.126     0.10   0.922   0.793  0.471
  below50_pct@entry                price         16 16    -5.031   -5.105   -5.504   -5.242    0.473     0.46   0.648   0.821  0.523
  QQEW_x60@avg3                    breadth       11 11    -0.014   -0.016   -0.015   -0.011    0.001     0.11   0.912   0.870  0.521
  volratio_10_30@avg3              realised_vol  16 16     1.036    1.046    1.069    0.993   -0.034    -0.43   0.672   0.851  0.480
  QQQ_SPY_rel20@entry              relative      16 16    -1.380   -1.737   -1.167   -1.825   -0.213    -0.23   0.816   0.851  0.480
  slope_10y2y@approach10           rates         16 16    -0.037   -0.020   -0.024   -0.010   -0.013    -0.33   0.746   0.880  0.484
  DGS10_chg20@entry                rates         16 16    -0.097   -0.075   -0.123   -0.185    0.026     0.20   0.839   0.880  0.516
  dd_from_252hi@entry              price         15 14   -12.168  -10.463  -12.603  -10.237    0.435     0.16   0.871   0.896  0.486
  flat_sessions_to_cross@entry     spread        16 16    34.750   25.500   29.438   25.000    5.312     0.50   0.622   0.895  0.486
  A_days_prior120@entry            regime        16 16    59.000   65.500   57.625   72.500    1.375     0.11   0.914   0.910  0.488
  RSP_x60@avg3                     breadth       14 13    -0.004    0.002   -0.005   -0.005    0.001     0.12   0.906   0.923  0.489
  VXN@avg3                         vol_implied   15 14    28.392   28.053   30.925   27.760   -2.533    -0.68   0.504   0.930  0.490
  VXN_minus_VIX@approach10         vol_implied   15 14    -0.672   -1.230   -0.849   -0.125    0.177     0.20   0.841   0.930  0.490
  DGS2_chg20@entry                 rates         16 16    -0.050   -0.065   -0.089   -0.080    0.039     0.30   0.770   0.955  0.506
  RSP_x60@entry                    breadth       14 13    -0.004   -0.003   -0.005   -0.007    0.001     0.16   0.877   0.961  0.505
  QQEW_x60@entry                   breadth       11 11    -0.015   -0.015   -0.016   -0.015    0.001     0.11   0.915   0.974  0.496
  VIX@avg3                         vol_implied   16 16    24.396   24.626   26.865   22.623   -2.469    -0.64   0.529   0.970  0.496
  features with p_t<0.05: 1/57; p_MW<0.05: 1/57; under Bonferroni (0.00088): 1; expected false positives at 5% if all null and independent: 2.9
  features with |AUC-0.5| > 0.20: 2; > 0.25: 1

  Real-era subset (2015-11-01+), AUC of the top-10 full-history features on the subset (n=13):
    below200_pct@avg3                full AUC 0.148 -> real-era AUC  0.150 (nB=5, nR=8)
    QQEW_pct@approach10              full AUC 0.711 -> real-era AUC  0.775 (nB=5, nR=8)
    QQEW_x60@approach10              full AUC 0.686 -> real-era AUC  0.875 (nB=5, nR=8)
    dd_from_252hi@avg3               full AUC 0.321 -> real-era AUC  0.300 (nB=5, nR=8)
    below200_pct@entry               full AUC 0.363 -> real-era AUC  0.250 (nB=5, nR=8)
    below50_pct@avg3                 full AUC 0.379 -> real-era AUC  0.375 (nB=5, nR=8)
    since_last_F@entry               full AUC 0.617 -> real-era AUC  0.650 (nB=5, nR=8)
    spread50_200_pct@approach10      full AUC 0.387 -> real-era AUC  0.275 (nB=5, nR=8)
    rvol30@approach10                full AUC 0.391 -> real-era AUC  0.375 (nB=5, nR=8)
    spread_chg20@entry               full AUC 0.395 -> real-era AUC  0.250 (nB=5, nR=8)

  CAVEAT on @avg3 features: they average sessions 1-3 of the episode, so they contain the price PATH inside E (and are
  truncated for 1-2 session episodes). They are NOT available at entry. Checks:
    episodes shorter than 3 sessions: 5 (1 BREAK, 4 REVERSAL)
    below200_pct@avg3            on episodes with n>=3 only: AUC 0.167 p_MW 0.003 (nB=15, nR=12)
    below200_pct@entry           on episodes with n>=3 only: AUC 0.367 p_MW 0.242 (nB=15, nR=12)
    dd_from_252hi@avg3           on episodes with n>=3 only: AUC 0.297 p_MW 0.082 (nB=15, nR=11)
    QQQ return from entry close to session 3 of E: BREAK mean -1.48% median -0.99% | REVERSAL mean 0.58% median 0.63% | AUC 0.188 p_MW 0.003
    same, n>=3 episodes only: AUC 0.228 p_MW 0.017 (nB=15, nR=12)
    below200_pct on session 3 alone, n>=3 episodes: BREAK median -3.38% REVERSAL median -1.90% AUC 0.183 p_MW 0.005

======================================================================================================================
3. PERMUTATION: shuffle the 32 labels 2000x, max |AUC-0.5| over all 57 features
======================================================================================================================
  real max |AUC-0.5| = 0.352 (below200_pct@avg3, AUC 0.148)
  null max |AUC-0.5|: median 0.242, 90th 0.316, 95th 0.338, 99th 0.383; share of shuffles with max > 0.20: 0.807
  permutation p (share of shuffles whose max >= real max) = 0.032
  PRE-ENTRY features only (41 columns: @entry and @approach10): real max |AUC-0.5| = 0.211 (QQEW_pct@approach10, AUC 0.711, nB=11, nR=11)
    null max: median 0.234, 90th 0.309, 95th 0.332, 99th 0.380; permutation p = 0.701
  count of features with p_MW<0.05: real 1; null (500 shuffles) median 2, 95th 8, p = 0.714

======================================================================================================================
4. LEAVE-ONE-EPISODE-OUT LOGISTIC (ridge 0.5 on standardised slopes)
======================================================================================================================
  best single (full coverage): below200_pct@avg3 (AUC 0.148, p_MW 0.001)
  second (different family, full coverage, |corr| with best < 0.6): since_last_F@entry (AUC 0.617, p_MW 0.258); corr = -0.23
  single: below200_pct@avg3                                              in-sample AUC 0.852  LOO AUC 0.797  (n=32; weights ['0.09', '-1.35'])
  single: since_last_F@entry                                             in-sample AUC 0.617  LOO AUC 0.418  (n=32; weights ['0.00', '0.37'])
  pair: below200_pct@avg3 + since_last_F@entry                           in-sample AUC 0.836  LOO AUC 0.793  (n=32; weights ['0.09', '-1.32', '0.21'])
  best PRE-ENTRY single with full coverage: below200_pct@entry (AUC 0.363); second: since_last_F@entry (AUC 0.617); corr -0.15
  pre-entry single: below200_pct@entry                                   in-sample AUC 0.637  LOO AUC 0.512  (n=32; weights ['0.01', '-0.63'])
  pre-entry pair: below200_pct@entry + since_last_F@entry                in-sample AUC 0.660  LOO AUC 0.512  (n=32; weights ['0.02', '-0.61', '0.32'])
  single: QQEW_pct@approach10 (2007-07+ episodes)                        in-sample AUC 0.711  LOO AUC 0.545  (n=22)
  (LOO AUC of a near-null feature can fall far below 0.5: leaving out a positive lowers the fitted intercept for that
   fold, which is the known negative bias of pooled LOO-AUC. Treat LOO AUCs below 0.5 as 'no signal', not as inverse signal.)
  mechanical single: spread50_200_pct@entry                              in-sample AUC 0.594  LOO AUC 0.500  (n=32)
  mechanical single: flat_sessions_to_cross@entry                        in-sample AUC 0.486  LOO AUC 0.000  (n=32)
  mechanical single: spread_chg20@entry                                  in-sample AUC 0.605  LOO AUC 0.398  (n=32)
  pair: spread50_200_pct@entry + below200_pct@avg3                       in-sample AUC 0.867  LOO AUC 0.809  (n=32)
  (LOO on the real-era subset alone is not run: 13 episodes with 5 breaks cannot support a fitted model.)

======================================================================================================================
5. NARRATIVE TABLES
======================================================================================================================
  BREAK episodes (16):
  2000-09-11..2000-09-21 ( 9d, prior A, exit F): VIX  18.4 (pct 0.06) VXN    -- | QQEW pct   -- RSP pct   -- | 10y-2y -0.35 | spread  1.16% chg20 -1.58 flatX   9 | dd252    --% ret20   1.9% rvol30   32 A120  37 | in-E  -7.8% then +20d  -3.1% +60d -27.2%
  2003-01-24..2003-02-11 (13d, prior F, exit F): VIX  31.5 (pct 0.73) VXN  39.8 | QQEW pct   -- RSP pct   -- | 10y-2y  2.28 | spread  0.09% chg20  5.88 flatX 115 | dd252 -36.4% ret20  -2.1% rvol30   32 A120   0 | in-E  -5.3% then +20d   0.3% +60d  15.0%
  2004-07-13..2004-07-20 ( 6d, prior D, exit F): VIX  14.5 (pct 0.03) VXN  21.4 | QQEW pct   -- RSP pct   -- | 10y-2y  1.92 | spread  0.20% chg20 -0.79 flatX  26 | dd252  -7.9% ret20  -2.1% rvol30   16 A120  69 | in-E  -0.5% then +20d  -6.1% +60d   0.5%
  2005-03-22..2005-04-25 (24d, prior D, exit F): VIX  14.3 (pct 0.45) VXN  18.0 | QQEW pct   -- RSP pct 0.03 | 10y-2y  0.77 | spread  1.92% chg20 -3.03 flatX  26 | dd252 -10.7% ret20  -2.1% rvol30   14 A120  39 | in-E  -3.3% then +20d   7.0% +60d  11.5%
  2006-05-12..2006-06-13 (22d, prior D, exit F): VIX  14.2 (pct 0.91) VXN  17.1 | QQEW pct   -- RSP pct 0.20 | 10y-2y  0.18 | spread  2.57% chg20 -0.05 flatX  32 | dd252  -7.0% ret20  -4.5% rvol30   13 A120  82 | in-E  -8.6% then +20d  -0.9% +60d   3.3%
  2008-01-07..2008-01-31 (18d, prior D, exit F): VIX  23.8 (pct 0.83) VXN  29.4 | QQEW pct 0.14 RSP pct 0.12 | 10y-2y  1.10 | spread  5.22% chg20 -2.45 flatX  30 | dd252 -12.5% ret20  -7.9% rvol30   25 A120  68 | in-E  -6.8% then +20d  -4.8% +60d   4.7%
  2008-06-25..2008-07-07 ( 8d, prior F, exit F): VIX  21.1 (pct 0.39) VXN  26.4 | QQEW pct 0.36 RSP pct 0.71 | 10y-2y  1.30 | spread  0.07% chg20  3.10 flatX 137 | dd252 -13.6% ret20  -3.4% rvol30   21 A120   0 | in-E  -4.1% then +20d  -1.0% +60d -13.3%
  2010-06-29..2010-07-20 (15d, prior D, exit F): VIX  34.1 (pct 0.96) VXN  35.0 | QQEW pct 0.09 RSP pct 0.11 | 10y-2y  2.36 | spread  3.54% chg20 -3.84 flatX  12 | dd252 -14.2% ret20  -4.0% rvol30   28 A120  58 | in-E   0.3% then +20d   0.2% +60d  11.6%
  2011-08-04..2011-08-16 ( 9d, prior D, exit F): VIX  31.7 (pct 1.00) VXN  31.7 | QQEW pct 0.00 RSP pct 0.00 | 10y-2y  2.20 | spread  1.37% chg20 -1.56 flatX  19 | dd252  -9.1% ret20  -8.5% rvol30   24 A120  65 | in-E  -5.1% then +20d   2.7% +60d   5.4%
  2012-11-07..2012-12-12 (25d, prior D, exit F): VIX  19.1 (pct 0.62) VXN  20.4 | QQEW pct 0.99 RSP pct 0.98 | 10y-2y  1.41 | spread  3.95% chg20 -1.40 flatX  24 | dd252  -8.8% ret20  -6.1% rvol30   15 A120  66 | in-E   0.2% then +20d   2.2% +60d   4.4%
  2015-08-21..2015-09-29 (27d, prior D, exit F): VIX  28.0 (pct 1.00) VXN  30.2 | QQEW pct 0.29 RSP pct 0.39 | 10y-2y  1.41 | spread  3.01% chg20 -0.76 flatX  25 | dd252 -10.2% ret20  -7.8% rvol30   20 A120 109 | in-E  -7.1% then +20d  13.7% +60d  13.2%
  2016-01-07..2016-02-03 (19d, prior D, exit F): VIX  25.0 (pct 0.94) VXN  26.8 | QQEW pct 0.46 RSP pct 0.09 | 10y-2y  1.20 | spread  3.52% chg20  1.68 flatX  23 | dd252  -8.9% ret20  -8.5% rvol30   20 A120  48 | in-E  -6.1% then +20d   3.9% +60d   4.0%
  2016-06-24..2016-06-27 ( 2d, prior D, exit F): VIX  25.8 (pct 0.91) VXN  24.9 | QQEW pct 0.93 RSP pct 0.70 | 10y-2y  0.93 | spread  0.27% chg20 -0.34 flatX   3 | dd252  -9.4% ret20  -4.8% rvol30   17 A120  16 | in-E  -6.0% then +20d  11.3% +60d  15.6%
  2018-11-12..2018-11-30 (14d, prior D, exit F): VIX  20.4 (pct 0.88) VXN  28.1 | QQEW pct 1.00 RSP pct 0.50 | 10y-2y  0.25 | spread  3.11% chg20 -2.86 flatX  15 | dd252 -10.9% ret20  -3.4% rvol30   33 A120  94 | in-E  -1.3% then +20d  -8.6% +60d   3.0%
  2022-01-20..2022-02-28 (27d, prior D, exit F): VIX  25.6 (pct 0.93) VXN  30.6 | QQEW pct 0.16 RSP pct 0.49 | 10y-2y  0.75 | spread  7.06% chg20 -0.49 flatX  33 | dd252 -10.5% ret20  -7.1% rvol30   22 A120  87 | in-E  -5.4% then +20d   5.2% +60d -17.2%
  2025-03-10..2025-04-11 (25d, prior D, exit F): VIX  27.9 (pct 0.99) VXN  28.8 | QQEW pct 0.99 RSP pct 0.89 | 10y-2y  0.33 | spread  5.34% chg20 -1.37 flatX  27 | dd252 -12.4% ret20  -9.6% rvol30   23 A120 106 | in-E  -7.6% then +20d  11.8% +60d  22.2%

  REVERSAL episodes with the largest post-exit 60-session QQQ gain (top 8 of 16):
  2020-03-11..2020-04-09 (22d, prior D, exit D): VIX  53.9 (pct 0.99) VXN  50.7 | QQEW pct 0.00 RSP pct 0.00 | 10y-2y  0.32 | spread 10.59% chg20  2.07 flatX  34 | dd252 -17.6% ret20 -15.9% rvol30   44 A120  99 | in-E  -1.6% then +20d  11.9% +60d  27.8%
  2003-02-28..2003-03-12 ( 9d, prior F, exit A): VIX  29.6 (pct 0.57) VXN  40.3 | QQEW pct   -- RSP pct   -- | 10y-2y  2.18 | spread  0.02% chg20 -0.52 flatX 102 | dd252 -34.9% ret20   2.5% rvol30   26 A120   0 | in-E  -2.2% then +20d   5.1% +60d  24.3%
  2020-03-09..2020-03-09 ( 1d, prior D, exit D): VIX  54.5 (pct 1.00) VXN  53.7 | QQEW pct 0.09 RSP pct 0.00 | 10y-2y  0.16 | spread 11.08% chg20  2.74 flatX  35 | dd252 -18.3% ret20 -15.5% rvol30   40 A120 101 | in-E  -6.9% then +20d   1.5% +60d  22.3%
  2011-12-14..2011-12-30 (12d, prior D, exit D): VIX  26.0 (pct 0.64) VXN  26.1 | QQEW pct 0.43 RSP pct 0.26 | 10y-2y  1.67 | spread  0.61% chg20  1.24 flatX  14 | dd252  -7.9% ret20  -5.6% rvol30   26 A120  24 | in-E   0.1% then +20d   8.4% +60d  21.7%
  2026-03-20..2026-04-07 (12d, prior D, exit D): VIX  26.8 (pct 0.93) VXN  29.2 | QQEW pct 0.30 RSP pct 0.88 | 10y-2y  0.51 | spread  3.11% chg20 -2.36 flatX  17 | dd252  -8.4% ret20  -4.4% rvol30   17 A120  75 | in-E  -0.7% then +20d  15.8% +60d  21.1%
  2016-05-09..2016-05-23 (11d, prior F, exit D): VIX  14.6 (pct 0.33) VXN  17.4 | QQEW pct 0.96 RSP pct 0.96 | 10y-2y  1.05 | spread  0.04% chg20  2.87 flatX  25 | dd252  -8.1% ret20  -2.5% rvol30   13 A120  24 | in-E   0.7% then +20d   1.1% +60d  10.3%
  2016-06-17..2016-06-22 ( 4d, prior A, exit D): VIX  19.4 (pct 0.69) VXN  20.2 | QQEW pct 0.94 RSP pct 0.77 | 10y-2y  0.92 | spread  0.61% chg20  0.19 flatX   8 | dd252  -7.5% ret20   1.1% rvol30   12 A120  18 | in-E  -0.7% then +20d   5.5% +60d   9.4%
  2019-06-03..2019-06-04 ( 2d, prior D, exit D): VIX  18.9 (pct 0.74) VXN  24.2 | QQEW pct 0.55 RSP pct 0.42 | 10y-2y  0.25 | spread  5.43% chg20  1.66 flatX  40 | dd252 -10.9% ret20 -10.9% rvol30   18 A120  28 | in-E   0.6% then +20d   8.6% +60d   5.8%

  REVERSAL episodes with the SMALLEST post-exit 60-session gain (bottom 4, for contrast):
  2004-05-10..2004-05-24 (11d, prior D, exit D): VIX  19.8 (pct 0.81) VXN  27.9 | QQEW pct   -- RSP pct   -- | 10y-2y  2.20 | spread  2.12% chg20 -2.17 flatX  23 | dd252 -10.2% ret20  -6.7% rvol30   22 A120  71 | in-E   1.3% then +20d   5.3% +60d  -4.5%
  2018-10-11..2018-10-11 ( 1d, prior D, exit D): VIX  25.0 (pct 0.97) VXN  27.8 | QQEW pct 0.28 RSP pct 0.09 | 10y-2y  0.29 | spread  6.31% chg20 -0.07 flatX  38 | dd252  -9.2% ret20  -8.1% rvol30   17 A120 106 | in-E  -1.2% then +20d   2.9% +60d  -5.2%
  2000-08-10..2000-08-11 ( 2d, prior D, exit D): VIX  19.2 (pct 0.03) VXN    -- | QQEW pct   -- RSP pct   -- | 10y-2y -0.40 | spread  2.85% chg20  0.77 flatX  15 | dd252    --% ret20  -8.8% rvol30   40 A120  21 | in-E  -0.6% then +20d   1.9% +60d  -9.5%
  2000-07-28..2000-08-04 ( 6d, prior A, exit D): VIX  20.8 (pct 0.14) VXN    -- | QQEW pct   -- RSP pct   -- | 10y-2y -0.26 | spread  2.51% chg20 -0.41 flatX  19 | dd252    --% ret20  -5.2% rvol30   41 A120  21 | in-E  -1.9% then +20d  13.9% +60d -14.8%

======================================================================================================================
6. THE MECHANICAL SPREAD POINT
======================================================================================================================
  F is DEFINED by the 50d crossing below the 200d. So the 50d-200d spread at E entry, and the rate at which it is
  closing, are near-tautological predictors of BREAK: a narrow, shrinking spread simply needs fewer down sessions to cross.
  BREAK    n=16  spread% at entry: mean  2.65 median  2.79 min  0.07 max  7.06 | 20-session spread change: mean -0.62 median -1.08 | flat-price sessions to cross: median   26 (min 3, max 137) | episode length median   16
  REVERSAL n=16  spread% at entry: mean  4.07 median  3.04 min  0.02 max 11.08 | 20-session spread change: mean -0.06 median -0.24 | flat-price sessions to cross: median   25 (min 8, max 102) | episode length median    6
  Per BREAK episode: spread at entry, sessions to cross if price flatlined at the entry close, actual E length, and the
  spread's own approach rate (20-session change / 20) -> sessions to close at that rate:
    2000-09-11 spread  1.16%  flat-cross   9  actual   9  approach rate  0.079%/session ->   14.7 sessions at that rate
    2003-01-24 spread  0.09%  flat-cross 115  actual  13  approach rate     --%/session ->     -- sessions at that rate
    2004-07-13 spread  0.20%  flat-cross  26  actual   6  approach rate  0.039%/session ->    5.2 sessions at that rate
    2005-03-22 spread  1.92%  flat-cross  26  actual  24  approach rate  0.152%/session ->   12.7 sessions at that rate
    2006-05-12 spread  2.57%  flat-cross  32  actual  22  approach rate  0.003%/session -> 1012.0 sessions at that rate
    2008-01-07 spread  5.22%  flat-cross  30  actual  18  approach rate  0.122%/session ->   42.7 sessions at that rate
    2008-06-25 spread  0.07%  flat-cross 137  actual   8  approach rate     --%/session ->     -- sessions at that rate
    2010-06-29 spread  3.54%  flat-cross  12  actual  15  approach rate  0.192%/session ->   18.4 sessions at that rate
    2011-08-04 spread  1.37%  flat-cross  19  actual   9  approach rate  0.078%/session ->   17.5 sessions at that rate
    2012-11-07 spread  3.95%  flat-cross  24  actual  25  approach rate  0.070%/session ->   56.5 sessions at that rate
    2015-08-21 spread  3.01%  flat-cross  25  actual  27  approach rate  0.038%/session ->   79.3 sessions at that rate
    2016-01-07 spread  3.52%  flat-cross  23  actual  19  approach rate     --%/session ->     -- sessions at that rate
    2016-06-24 spread  0.27%  flat-cross   3  actual   2  approach rate  0.017%/session ->   15.8 sessions at that rate
    2018-11-12 spread  3.11%  flat-cross  15  actual  14  approach rate  0.143%/session ->   21.7 sessions at that rate
    2022-01-20 spread  7.06%  flat-cross  33  actual  27  approach rate  0.024%/session ->  289.7 sessions at that rate
    2025-03-10 spread  5.34%  flat-cross  27  actual  25  approach rate  0.069%/session ->   77.7 sessions at that rate
  spread@entry AUC for BREAK = 0.406 (p_MW 0.366) -- AUC < 0.5 means NARROWER spread -> more BREAKs; flat-cross sessions AUC = 0.486 (p_MW 0.895)
  split at the median spread (2.99%): spread <= median -> 8/16 BREAK (50%); spread > median -> 8/16 BREAK (50%)
  spread <= 2%: 7/11 BREAK; spread > 2%: 9/21 BREAK
  spread <= 3%: 8/16 BREAK; spread > 3%: 8/16 BREAK
  spread <= 4%: 13/22 BREAK; spread > 4%: 3/10 BREAK
  spread <= 5%: 13/23 BREAK; spread > 5%: 3/9 BREAK
  flat-cross <= 20 sessions: 5/10 BREAK; > 20: 11/22 BREAK
  flat-cross <= 40 sessions: 14/29 BREAK; > 40: 2/3 BREAK
  flat-cross <= 60 sessions: 14/29 BREAK; > 60: 2/3 BREAK
  Correlation (Pearson, over episodes) of the top non-spread features with spread@entry -- a feature that merely
  tracks the spread adds nothing beyond the mechanical point:
    below200_pct@avg3                AUC 0.148  corr with spread  -0.11
    QQEW_pct@approach10              AUC 0.711  corr with spread  -0.11
    QQEW_x60@approach10              AUC 0.686  corr with spread  -0.05
    dd_from_252hi@avg3               AUC 0.321  corr with spread   0.05
    below200_pct@entry               AUC 0.363  corr with spread  -0.06
    below50_pct@avg3                 AUC 0.379  corr with spread  -0.85
    since_last_F@entry               AUC 0.617  corr with spread   0.52
    rvol30@approach10                AUC 0.391  corr with spread   0.70

======================================================================================================================
7. WHAT THIS DOES AND DOES NOT IMPLY -- see the note. No rule is proposed; n = 32 (16 breaks) is the binding constraint.
======================================================================================================================


######################################################################################################################
PART II: INSIDE THE EPISODES -- survivors at E sessions k = (3, 5, 10). DESCRIPTIVE ONLY, no rule proposed.
######################################################################################################################

======================================================================================================================
II.3  SESSION k = 3
======================================================================================================================
  1. SURVIVORSHIP: still in E at session 3: 27 episodes = 15 BREAK + 12 REVERSAL; already ended before session 3: 1 BREAK + 4 REVERSAL. Base rate P(BREAK | in E at session 3) = 15/27 = 0.56 (unconditional 16/32 = 0.50). Real era: 9 survivors, 4 BREAK -> 0.44.
     Conditioning on survival raises the base rate because REVERSALs are short (median 6.5 sessions vs 16.5): the
     survivors are a selected set, and any 'signal' at k must be read against 0.56, not 0.50.
     Minimum detectable |AUC-0.5| for one pre-specified feature at nB=15, nR=12: about 0.22.
  2. FEATURES at session 3: 36 columns (levels @k3 and changes @chg0-3); Bonferroni p < 0.00139
  feature                            fam           nB nR     meanB     medB    meanR     medR     diff    p_t   p_MW    AUC
  below200_pct@k3                    price         15 12    -3.991   -3.380   -1.424   -1.904   -2.566  0.003  0.005  0.183
  QQQ_ret_entry_to_k3                path          15 12    -1.451   -0.821    0.431    0.626   -1.882  0.013  0.017  0.228
  up_sessions_first_3                path          15 12     0.733    1.000    1.333    1.000   -0.600  0.021  0.023  0.267
  dd_from_252hi@k3                   price         15 11   -14.214  -12.547  -12.177   -8.629   -2.037  0.533  0.058  0.279
  below50_pct@k3                     price         15 12    -6.265   -6.332   -4.233   -3.188   -2.032  0.111  0.079  0.300
  QQQ_ret_pre_entry_to_k3            path          15 12    -3.633   -3.024   -1.500   -1.309   -2.132  0.040  0.088  0.306
  VXN@chg0-3                         vol_implied   14 11     1.808    0.245   -0.836   -0.460    2.644  0.043  0.106  0.692
  VIX@chg0-3                         vol_implied   15 12     1.661    0.250   -0.477   -0.785    2.137  0.137  0.097  0.689
  RSP_pct@chg0-3                     breadth       12  8     0.030   -0.010    0.039    0.034   -0.009  0.849  0.189  0.323
  DGS10@chg0-3                       rates         15 12    -0.025   -0.030    0.010    0.010   -0.035  0.147  0.124  0.325
  rvol30@chg0-3                      realised_vol  15 12     0.634    0.162    0.923   -0.231   -0.289  0.818  0.143  0.667
  VIX_pct252@chg0-3                  vol_implied   15 12    -0.001    0.000   -0.055   -0.028    0.054  0.145  0.170  0.656
  VXN_minus_VIX@chg0-3               vol_implied   14 11     0.023    0.070   -0.343   -0.230    0.366  0.459  0.352  0.610
  DGS2@k3                            rates         15 12     2.350    2.640    1.898    1.125    0.452  0.523  0.407  0.594
  RSP_x60@k3                         breadth       13 10    -0.004    0.003    0.001    0.008   -0.005  0.646  0.457  0.408
  VIX_pct252@k3                      vol_implied   15 12     0.714    0.851    0.623    0.619    0.091  0.456  0.421  0.592
  slope_10y2y@chg0-3                 rates         15 12    -0.011    0.000    0.008    0.010   -0.019  0.291  0.420  0.408
  VXN_minus_VIX@k3                   vol_implied   14 11     3.779    3.855    3.084    1.790    0.696  0.681  0.511  0.578
  slope_10y2y@k3                     rates         15 12     1.130    1.230    1.347    1.305   -0.217  0.548  0.495  0.422
  DGS3MO@k3                          rates         15 12     1.913    1.350    1.374    0.640    0.539  0.478  0.495  0.578
  QQEW_x60@chg0-3                    breadth       10  8     0.001   -0.002    0.002    0.001   -0.000  0.950  0.657  0.438
  DGS2@chg0-3                        rates         15 12    -0.015    0.000    0.002    0.005   -0.016  0.424  0.624  0.444
  DGS3MO@chg0-3                      rates         15 12    -0.006    0.010   -0.012   -0.010    0.006  0.714  0.642  0.553
  DGS10@k3                           rates         15 12     3.480    3.820    3.245    3.140    0.235  0.673  0.661  0.550
  QQEW_pct@k3                        breadth       10  8     0.495    0.359    0.506    0.464   -0.011  0.952  0.722  0.550
  QQEW_pct@chg0-3                    breadth       10  8     0.047   -0.002    0.044    0.002    0.003  0.969  0.722  0.450
  QQEW_x60@k3                        breadth       10  8    -0.016   -0.014   -0.011   -0.003   -0.004  0.759  0.722  0.450
  RSP_pct@k3                         breadth       12  8     0.405    0.379    0.458    0.391   -0.052  0.750  0.728  0.453
  RSP_x60@chg0-3                     breadth       13 10     0.001   -0.001    0.001    0.001   -0.000  0.986  0.710  0.454
  spread50_200_pct@chg0-3            spread        15 12    -0.263   -0.303   -0.207   -0.324   -0.056  0.551  0.845  0.478
  rvol30@k3                          realised_vol  15 12    23.107   23.230   25.696   23.335   -2.589  0.530  0.884  0.483
  VXN@k3                             vol_implied   14 11    29.218   28.275   29.039   27.620    0.179  0.964  0.913  0.513
  spread50_200_pct@k3                spread        15 12     2.546    2.692    3.080    2.511   -0.534  0.595  0.922  0.489
  volratio_10_30@k3                  realised_vol  15 12     1.022    1.063    1.049    1.005   -0.027  0.765  0.922  0.489
  VIX@k3                             vol_implied   15 12    24.964   24.120   25.505   22.355   -0.541  0.899  0.922  0.511
  QQQ_SPY_rel_entry_to_k3            relative      15 12     0.246    0.062    0.129    0.182    0.117  0.672  0.961  0.494
  p_MW<0.05: 3/36; Bonferroni survivors: 0; |AUC-0.5|>0.20: 4
  PERMUTATION (2000 shuffles of the 27 survivor labels), all 36 columns: real max |AUC-0.5| 0.317 (below200_pct@k3, AUC 0.183); null median 0.261 95th 0.372 99th 0.414; p = 0.182
  PERMUTATION, NON-PRICE columns only (implied vol, rates, breadth, realised vol, relative; 28 columns): real max 0.192 (VXN@chg0-3, AUC 0.692, nB=14 nR=11); null median 0.256 95th 0.363; p = 0.909
  LOO LOGISTIC: best single (full coverage) below200_pct@k3 (AUC 0.183): in-sample 0.817 LOO 0.756 (n=27)
                pair below200_pct@k3 + DGS10@chg0-3 (AUC 0.325, corr 0.14): in-sample 0.839 LOO 0.761 (n=27)
                best NON-PRICE single with full coverage VIX@chg0-3 (AUC 0.689): in-sample 0.689 LOO 0.500 (n=27)
  3. FORWARD QQQ RETURN from session 3 (survivors):
     to episode exit                        BREAK    n=15 mean  -0.87% median  -1.84% min   -6.5% max    6.5%  positive 6/15
     to episode exit                        REVERSAL n=12 mean   1.06% median   0.41% min   -1.1% max    4.4%  positive 7/12
     to episode exit                        ALL      n=27 mean  -0.01% median   0.00% min   -6.5% max    6.5%  positive 13/27
     next 20 sessions (regardless of exit)  BREAK    n=15 mean  -2.94% median  -2.69% min  -17.9% max    7.6%  positive 4/15
     next 20 sessions (regardless of exit)  REVERSAL n=12 mean   5.28% median   4.76% min   -2.3% max   12.2%  positive 11/12
     next 20 sessions (regardless of exit)  ALL      n=27 mean   0.71% median   2.66% min  -17.9% max   12.2%  positive 15/27
     Spearman of below200_pct@k3 with forward return: to exit rho -0.330 (p 0.093, n=27); next-20 rho +0.021 (p 0.918, n=27)
     Spearman of VIX@chg0-3 with forward return: to exit rho +0.055 (p 0.784); next-20 rho -0.102 (p 0.613, n=27)
     Spearman of QQQ_ret_entry_to_k3 with next-20 return: rho +0.081 (p 0.689, n=27); with return to exit: rho -0.268 (p 0.176)

======================================================================================================================
II.5  SESSION k = 5
======================================================================================================================
  1. SURVIVORSHIP: still in E at session 5: 24 episodes = 15 BREAK + 9 REVERSAL; already ended before session 5: 1 BREAK + 7 REVERSAL. Base rate P(BREAK | in E at session 5) = 15/24 = 0.62 (unconditional 16/32 = 0.50). Real era: 8 survivors, 4 BREAK -> 0.50.
     Conditioning on survival raises the base rate because REVERSALs are short (median 6.5 sessions vs 16.5): the
     survivors are a selected set, and any 'signal' at k must be read against 0.62, not 0.50.
     Minimum detectable |AUC-0.5| for one pre-specified feature at nB=15, nR=9: about 0.24.
  2. FEATURES at session 5: 36 columns (levels @k5 and changes @chg0-5); Bonferroni p < 0.00139
  feature                            fam           nB nR     meanB     medB    meanR     medR     diff    p_t   p_MW    AUC
  below200_pct@k5                    price         15  9    -4.311   -3.875   -2.280   -1.875   -2.031  0.083  0.022  0.215
  RSP_pct@chg0-5                     breadth       12  6    -0.007   -0.012    0.108    0.083   -0.114  0.156  0.075  0.236
  below50_pct@k5                     price         15  9    -6.303   -5.999   -4.831   -2.802   -1.472  0.404  0.040  0.244
  QQQ_ret_pre_entry_to_k5            path          15  9    -3.957   -3.802   -2.061   -1.130   -1.896  0.202  0.053  0.259
  up_sessions_first_5                path          15  9     1.533    2.000    2.111    2.000   -0.578  0.017  0.032  0.270
  QQQ_ret_entry_to_k5                path          15  9    -1.765   -1.854   -0.187    0.228   -1.578  0.223  0.114  0.304
  DGS3MO@chg0-5                      rates         15  9    -0.002    0.010   -0.034   -0.010    0.032  0.317  0.151  0.678
  dd_from_252hi@k5                   price         15  8   -14.467  -11.514  -13.975   -9.850   -0.493  0.908  0.220  0.342
  RSP_x60@chg0-5                     breadth       13  7    -0.000   -0.002    0.002    0.005   -0.003  0.576  0.285  0.352
  DGS10@chg0-5                       rates         15  9    -0.043   -0.040    0.006   -0.010   -0.048  0.235  0.244  0.356
  VXN_minus_VIX@chg0-5               vol_implied   14  8     0.441    0.150    0.068   -0.505    0.374  0.563  0.275  0.643
  spread50_200_pct@chg0-5            spread        15  9    -0.567   -0.647   -0.314   -0.581   -0.252  0.220  0.270  0.363
  rvol30@chg0-5                      realised_vol  15  9     0.998    0.110    3.377    0.584   -2.379  0.459  0.421  0.400
  VIX_pct252@chg0-5                  vol_implied   15  9    -0.008   -0.004   -0.044   -0.032    0.036  0.443  0.456  0.593
  VIX_pct252@k5                      vol_implied   15  9     0.708    0.815    0.632    0.589    0.075  0.565  0.492  0.585
  RSP_pct@k5                         breadth       12  6     0.369    0.236    0.511    0.452   -0.142  0.429  0.574  0.417
  slope_10y2y@chg0-5                 rates         15  9    -0.011   -0.030    0.016    0.010   -0.026  0.502  0.511  0.419
  RSP_x60@k5                         breadth       13  7    -0.005   -0.004   -0.002   -0.002   -0.003  0.830  0.606  0.429
  QQQ_SPY_rel_entry_to_k5            relative      15  9     0.033    0.054    0.284    0.094   -0.250  0.596  0.571  0.430
  DGS3MO@k5                          rates         15  9     1.917    1.350    1.662    0.990    0.255  0.773  0.612  0.563
  spread50_200_pct@k5                spread        15  9     2.243    2.319    2.916    2.385   -0.674  0.553  0.612  0.437
  VXN@k5                             vol_implied   14  8    28.325   27.785   32.778   29.450   -4.453  0.508  0.633  0.438
  VXN_minus_VIX@k5                   vol_implied   14  8     4.198    3.760    3.516    2.240    0.682  0.738  0.633  0.562
  QQEW_pct@chg0-5                    breadth       10  6     0.007   -0.004    0.126   -0.002   -0.119  0.486  0.704  0.442
  DGS2@chg0-5                        rates         15  9    -0.032   -0.020   -0.010   -0.020   -0.022  0.438  0.720  0.456
  DGS2@k5                            rates         15  9     2.333    2.560    2.102    1.470    0.230  0.781  0.720  0.544
  QQEW_pct@k5                        breadth       10  6     0.456    0.331    0.569    0.667   -0.114  0.567  0.786  0.458
  DGS10@k5                           rates         15  9     3.463    3.820    3.283    3.120    0.179  0.780  0.743  0.541
  QQEW_x60@k5                        breadth       10  6    -0.017   -0.020   -0.015   -0.007   -0.002  0.927  0.828  0.467
  QQEW_x60@chg0-5                    breadth       10  6     0.000   -0.001    0.001   -0.002   -0.001  0.889  0.828  0.533
  rvol30@k5                          realised_vol  15  9    23.471   23.772   28.851   23.796   -5.380  0.405  0.788  0.467
  VIX@k5                             vol_implied   15  9    23.753   23.650   28.231   23.220   -4.478  0.507  0.835  0.474
  volratio_10_30@k5                  realised_vol  15  9     1.057    1.025    1.054    1.057    0.003  0.981  0.835  0.526
  VIX@chg0-5                         vol_implied   15  9     0.450    0.120    1.719   -0.850   -1.269  0.660  0.881  0.519
  slope_10y2y@k5                     rates         15  9     1.130    1.230    1.181    0.950   -0.051  0.899  0.929  0.489
  VXN@chg0-5                         vol_implied   14  8     0.915    0.150    2.108    0.450   -1.193  0.695  0.946  0.491
  p_MW<0.05: 3/36; Bonferroni survivors: 0; |AUC-0.5|>0.20: 5
  PERMUTATION (2000 shuffles of the 24 survivor labels), all 36 columns: real max |AUC-0.5| 0.285 (below200_pct@k5, AUC 0.215); null median 0.282 95th 0.396 99th 0.450; p = 0.493
  PERMUTATION, NON-PRICE columns only (implied vol, rates, breadth, realised vol, relative; 28 columns): real max 0.264 (RSP_pct@chg0-5, AUC 0.236, nB=12 nR=6); null median 0.278 95th 0.393; p = 0.590
  LOO LOGISTIC: best single (full coverage) below200_pct@k5 (AUC 0.215): in-sample 0.785 LOO 0.696 (n=24)
                pair below200_pct@k5 + up_sessions_first_5 (AUC 0.270, corr 0.44): in-sample 0.800 LOO 0.704 (n=24)
                best NON-PRICE single with full coverage DGS3MO@chg0-5 (AUC 0.678): in-sample 0.678 LOO 0.407 (n=24)
  3. FORWARD QQQ RETURN from session 5 (survivors):
     to episode exit                        BREAK    n=15 mean  -0.56% median  -1.59% min   -5.8% max    6.2%  positive 6/15
     to episode exit                        REVERSAL n= 9 mean   1.77% median   0.79% min   -1.1% max   10.3%  positive 5/9
     to episode exit                        ALL      n=24 mean   0.31% median  -0.18% min   -5.8% max   10.3%  positive 11/24
     next 20 sessions (regardless of exit)  BREAK    n=15 mean  -1.60% median  -2.57% min  -11.0% max    9.1%  positive 4/15
     next 20 sessions (regardless of exit)  REVERSAL n= 9 mean   8.41% median   7.70% min    1.7% max   15.7%  positive 9/9
     next 20 sessions (regardless of exit)  ALL      n=24 mean   2.15% median   2.04% min  -11.0% max   15.7%  positive 13/24
     Spearman of below200_pct@k5 with forward return: to exit rho -0.324 (p 0.122, n=24); next-20 rho +0.049 (p 0.821, n=24)
     Spearman of DGS3MO@chg0-5 with forward return: to exit rho -0.165 (p 0.442); next-20 rho -0.136 (p 0.526, n=24)
     Spearman of QQQ_ret_entry_to_k5 with next-20 return: rho -0.002 (p 0.994, n=24); with return to exit: rho -0.250 (p 0.238)

======================================================================================================================
II.10  SESSION k = 10
======================================================================================================================
  1. SURVIVORSHIP: still in E at session 10: 17 episodes = 11 BREAK + 6 REVERSAL; already ended before session 10: 5 BREAK + 10 REVERSAL. Base rate P(BREAK | in E at session 10) = 11/17 = 0.65 (unconditional 16/32 = 0.50). Real era: 8 survivors, 4 BREAK -> 0.50.
     Conditioning on survival raises the base rate because REVERSALs are short (median 6.5 sessions vs 16.5): the
     survivors are a selected set, and any 'signal' at k must be read against 0.65, not 0.50.
     Minimum detectable |AUC-0.5| for one pre-specified feature at nB=11, nR=6: about 0.30.
  2. FEATURES at session 10: 36 columns (levels @k10 and changes @chg0-10); Bonferroni p < 0.00139
  feature                            fam           nB nR     meanB     medB    meanR     medR     diff    p_t   p_MW    AUC
  dd_from_252hi@k10                  price         11  6   -13.397  -10.273  -10.482   -8.412   -2.916  0.419  0.044  0.197
  QQEW_x60@chg0-10                   breadth        8  5     0.017    0.016    0.001   -0.017    0.016  0.352  0.188  0.725
  VXN_minus_VIX@chg0-10              vol_implied   11  6     0.715    0.320   -0.482   -0.770    1.197  0.123  0.159  0.712
  QQQ_ret_pre_entry_to_k10           path          11  6    -3.116   -3.387   -1.996   -0.830   -1.120  0.561  0.191  0.303
  below50_pct@k10                    price         11  6    -5.168   -4.889   -4.379   -2.415   -0.789  0.722  0.269  0.333
  VXN_minus_VIX@k10                  vol_implied   11  6     4.385    3.640    2.057    2.185    2.328  0.265  0.269  0.667
  DGS10@chg0-10                      rates         11  6    -0.039   -0.050    0.017    0.015   -0.056  0.263  0.314  0.348
  QQEW_x60@k10                       breadth        8  5     0.007   -0.004   -0.024   -0.004    0.032  0.172  0.380  0.650
  up_sessions_first_10               path          11  6     4.364    4.000    4.833    5.000   -0.470  0.233  0.335  0.364
  DGS3MO@k10                         rates         11  6     1.736    1.170    1.238    0.680    0.498  0.552  0.421  0.621
  spread50_200_pct@chg0-10           spread        11  6    -1.631   -1.809   -1.176   -1.319   -0.455  0.463  0.421  0.379
  below200_pct@k10                   price         11  6    -3.380   -3.079   -2.247   -1.091   -1.133  0.447  0.482  0.394
  DGS2@chg0-10                       rates         11  6    -0.044    0.000    0.012    0.010   -0.055  0.384  0.513  0.402
  QQQ_SPY_rel_entry_to_k10           relative      11  6     0.256   -0.198    0.744   -0.254   -0.488  0.687  0.546  0.591
  RSP_x60@chg0-10                    breadth       10  6     0.006    0.005    0.000   -0.001    0.005  0.585  0.588  0.583
  rvol30@chg0-10                     realised_vol  11  6     1.130    0.565    5.795    1.269   -4.665  0.406  0.615  0.424
  QQEW_pct@k10                       breadth        8  5     0.621    0.558    0.485    0.665    0.136  0.574  0.714  0.562
  volratio_10_30@k10                 realised_vol  11  6     1.106    1.115    1.100    1.198    0.007  0.964  0.688  0.439
  QQQ_ret_entry_to_k10               path          11  6    -0.599   -0.577    0.063    0.780   -0.663  0.676  0.688  0.439
  VXN@chg0-10                        vol_implied   11  6    -1.282   -1.030   -1.087   -2.350   -0.195  0.923  0.688  0.561
  DGS10@k10                          rates         11  6     3.208    3.150    2.818    2.575    0.390  0.603  0.688  0.561
  spread50_200_pct@k10               spread        11  6     1.945    1.738    2.447    1.213   -0.502  0.686  0.688  0.561
  RSP_pct@k10                        breadth       10  5     0.517    0.466    0.669    0.823   -0.152  0.467  0.713  0.440
  QQEW_pct@chg0-10                   breadth        8  5     0.105    0.071    0.137    0.016   -0.033  0.895  0.770  0.550
  RSP_x60@k10                        breadth       10  6     0.003    0.004   -0.005    0.008    0.008  0.694  0.745  0.450
  DGS2@k10                           rates         11  6     2.109    1.680    1.812    1.745    0.297  0.707  0.763  0.545
  DGS3MO@chg0-10                     rates         11  6    -0.037    0.000   -0.067   -0.020    0.029  0.729  0.762  0.545
  RSP_pct@chg0-10                    breadth       10  5     0.137    0.060    0.244    0.008   -0.106  0.615  0.806  0.540
  slope_10y2y@k10                    rates         11  6     1.099    1.180    1.007    0.740    0.092  0.816  0.841  0.530
  VIX@chg0-10                        vol_implied   11  6    -1.997   -1.550   -0.605   -1.900   -1.392  0.550  0.920  0.485
  VIX_pct252@chg0-10                 vol_implied   11  6    -0.108   -0.075   -0.071   -0.063   -0.037  0.591  0.920  0.485
  VXN@k10                            vol_implied   11  6    26.377   26.020   29.167   25.535   -2.789  0.668  0.920  0.515
  slope_10y2y@chg0-10                rates         11  6     0.005   -0.020    0.005   -0.005   -0.000  0.992  0.919  0.485
  rvol30@k10                         realised_vol  11  6    23.320   24.908   30.275   22.462   -6.955  0.487  0.920  0.515
  VIX_pct252@k10                     vol_implied   11  6     0.733    0.804    0.710    0.726    0.023  0.855  0.960  0.508
  VIX@k10                            vol_implied   11  6    21.993   22.090   27.110   21.715   -5.117  0.510  1.000  0.500
  p_MW<0.05: 1/36; Bonferroni survivors: 0; |AUC-0.5|>0.20: 3
  PERMUTATION (2000 shuffles of the 17 survivor labels), all 36 columns: real max |AUC-0.5| 0.303 (dd_from_252hi@k10, AUC 0.197); null median 0.333 95th 0.444 99th 0.500; p = 0.693
  PERMUTATION, NON-PRICE columns only (implied vol, rates, breadth, realised vol, relative; 28 columns): real max 0.225 (QQEW_x60@chg0-10, AUC 0.725, nB=8 nR=5); null median 0.326 95th 0.439; p = 0.961
  LOO LOGISTIC: best single (full coverage) dd_from_252hi@k10 (AUC 0.197): in-sample 0.803 LOO 0.152 (n=17)
                pair dd_from_252hi@k10 + VXN_minus_VIX@chg0-10 (AUC 0.712, corr -0.12): in-sample 0.712 LOO 0.485 (n=17)
                best NON-PRICE single with full coverage VXN_minus_VIX@chg0-10 (AUC 0.712): in-sample 0.712 LOO 0.621 (n=17)
  3. FORWARD QQQ RETURN from session 10 (survivors):
     to episode exit                        BREAK    n=11 mean  -1.52% median  -0.49% min   -5.9% max    4.0%  positive 3/11
     to episode exit                        REVERSAL n= 6 mean   1.83% median   0.52% min   -0.1% max    9.4%  positive 4/6
     to episode exit                        ALL      n=17 mean  -0.34% median  -0.13% min   -5.9% max    9.4%  positive 7/17
     next 20 sessions (regardless of exit)  BREAK    n=11 mean  -2.18% median  -3.07% min   -9.9% max    3.9%  positive 5/11
     next 20 sessions (regardless of exit)  REVERSAL n= 6 mean   7.03% median   6.70% min   -2.0% max   15.2%  positive 5/6
     next 20 sessions (regardless of exit)  ALL      n=17 mean   1.07% median   0.65% min   -9.9% max   15.2%  positive 10/17
     Spearman of dd_from_252hi@k10 with forward return: to exit rho -0.164 (p 0.529, n=17); next-20 rho +0.162 (p 0.535, n=17)
     Spearman of VXN_minus_VIX@chg0-10 with forward return: to exit rho -0.498 (p 0.042); next-20 rho -0.294 (p 0.252, n=17)
     Spearman of QQQ_ret_entry_to_k10 with next-20 return: rho -0.174 (p 0.504, n=17); with return to exit: rho -0.424 (p 0.090)

======================================================================================================================
II.4  COMPACT TABLE ACROSS k
======================================================================================================================
   k  nB  nR  P(B)  best feature                     AUC   p_MW perm p   LOO rho_exit     p  rho_20     p  | best non-price                AUC perm p   LOO
   3  15  12  0.56  below200_pct@k3                0.183  0.005  0.182 0.756   -0.330 0.093  +0.021 0.918  | VXN@chg0-3                  0.692  0.909 0.500
   5  15   9  0.62  below200_pct@k5                0.215  0.022  0.493 0.696   -0.324 0.122  +0.049 0.821  | RSP_pct@chg0-5              0.236  0.590 0.407
  10  11   6  0.65  dd_from_252hi@k10              0.197  0.044  0.693 0.152   -0.164 0.529  +0.162 0.535  | QQEW_x60@chg0-10            0.725  0.961 0.621

======================================================================================================================
II.5  PATHS: QQQ return from entry close, VIX change, QQEW breadth-pct change and RSP breadth-pct change at sessions 3/5/10 ('--' = episode already over)
======================================================================================================================
  episode                  n label              session 3           |          session 5           |          session 10         
  BREAK episodes:
  2000-09-11..2000-09-21   9 BREAK      +1.1% V -0.1 B   -- R   -- |  -1.6% V  0.1 B   -- R   -- |                        ended
  2003-01-24..2003-02-11  13 BREAK      -0.2% V  0.4 B   -- R   -- |  -1.1% V -0.2 B   -- R   -- |  -2.5% V  1.8 B   -- R   --
  2004-07-13..2004-07-20   6 BREAK      -1.4% V  0.2 B   -- R   -- |  -2.7% V  0.7 B   -- R   -- |                        ended
  2005-03-22..2005-04-25  24 BREAK      +0.4% V -0.8 B   -- R 0.41 |  -0.2% V  0.2 B   -- R 0.04 |  +1.2% V -0.6 B   -- R 0.60
  2006-05-12..2006-06-13  22 BREAK      -0.8% V -0.8 B   -- R-0.04 |  -2.8% V  2.8 B   -- R 0.02 |  -2.1% V  1.3 B   -- R-0.10
  2008-01-07..2008-01-31  18 BREAK      -0.5% V  0.3 B-0.06 R-0.07 |  -2.3% V -0.1 B-0.05 R-0.04 |  -5.9% V  3.4 B 0.14 R 0.08
  2008-06-25..2008-07-07   8 BREAK      -4.0% V  2.3 B-0.04 R 0.00 |  -3.7% V  2.5 B-0.06 R-0.13 |                        ended
  2010-06-29..2010-07-20  15 BREAK      -1.8% V -1.3 B 0.31 R 0.02 |  -1.8% V -4.5 B 0.15 R-0.01 |  +4.5% V -9.6 B 0.35 R 0.05
  2011-08-04..2011-08-16   9 BREAK      -6.6% V 16.3 B 0.00 R 0.00 |  -6.1% V 11.3 B 0.00 R 0.01 |                        ended
  2012-11-07..2012-12-12  25 BREAK      -1.2% V -0.5 B 0.00 R 0.01 |  -1.9% V -2.4 B-0.01 R-0.03 |  -0.6% V -4.0 B-0.01 R-0.02
  2015-08-21..2015-09-29  27 BREAK      -4.2% V  8.0 B-0.06 R-0.07 |  +3.2% V -1.9 B-0.25 R-0.14 |  +1.0% V -2.4 B-0.13 R-0.02
  2016-01-07..2016-02-03  19 BREAK      -0.5% V -0.7 B-0.16 R-0.06 |  -2.8% V  0.2 B-0.10 R-0.03 |  -3.8% V  1.7 B 0.15 R 0.20
  2016-06-24..2016-06-27   2 BREAK                            ended |                        ended |                        ended
  2018-11-12..2018-11-30  14 BREAK      -0.7% V  0.8 B-0.00 R-0.03 |  +0.7% V -2.3 B 0.00 R 0.04 |  -2.1% V -1.6 B 0.00 R 0.49
  2022-01-20..2022-02-28  27 BREAK      -2.3% V  4.3 B 0.49 R 0.21 |  -4.7% V  6.4 B 0.36 R 0.21 |  +1.9% V -3.5 B 0.33 R 0.07
  2025-03-10..2025-04-11  25 BREAK      +0.9% V -3.6 B 0.00 R-0.02 |  +1.5% V -6.1 B 0.01 R-0.01 |  +1.7% V -8.6 B-0.00 R 0.02
  REVERSAL episodes that survived to session 10:
  2004-05-10..2004-05-24  11 REVERSAL   +1.7% V -1.6 B   -- R   -- |  +0.2% V -1.3 B   -- R   -- |  +1.0% V -1.3 B   -- R   --
  2011-12-14..2011-12-30  12 REVERSAL   -0.1% V -1.8 B 0.21 R 0.11 |  +1.9% V -2.8 B 0.15 R 0.10 |  +1.3% V -2.5 B 0.23 R 0.59
  2016-05-09..2016-05-23  11 REVERSAL   +0.5% V  0.1 B-0.16 R-0.06 |  -0.4% V  0.5 B-0.21 R-0.11 |  +0.6% V  0.6 B-0.24 R-0.12
  2018-10-24..2018-11-06  10 REVERSAL   +0.8% V -1.1 B 0.23 R 0.04 |  +0.4% V -1.9 B 0.85 R 0.35 |  +3.0% V -5.3 B 0.96 R 0.79
  2020-03-11..2020-04-09  22 REVERSAL   -1.5% V  3.9 B 0.00 R 0.00 |  -6.7% V 22.0 B 0.00 R 0.00 |  -5.9% V  7.8 B 0.02 R 0.01
  2026-03-20..2026-04-07  12 REVERSAL   +0.3% V  0.2 B-0.10 R 0.03 |  -1.4% V  0.7 B-0.00 R 0.06 |  +0.5% V -2.9 B-0.28 R-0.05
  REVERSAL episodes that ended before session 10 (for the base-rate point):
  2000-07-28..2000-08-04   6 REVERSAL   +1.6% V -0.3 B   -- R   -- |  +4.1% V -0.9 B   -- R   -- |                        ended
  2000-08-10..2000-08-11   2 REVERSAL                         ended |                        ended |                        ended
  2003-02-28..2003-03-12   9 REVERSAL   -2.6% V  2.2 B   -- R   -- |  -2.7% V  1.7 B   -- R   -- |                        ended
  2004-04-30..2004-05-04   3 REVERSAL   +1.9% V -0.6 B   -- R   -- |                        ended |                        ended
  2010-06-07..2010-06-10   4 REVERSAL   -1.0% V -2.8 B 0.19 R 0.09 |                        ended |                        ended
  2011-06-17..2011-06-27   7 REVERSAL   +2.7% V -3.0 B-0.03 R 0.12 |  +2.9% V -2.6 B-0.03 R 0.24 |                        ended
  2016-06-17..2016-06-22   4 REVERSAL   +0.9% V -0.9 B 0.00 R-0.01 |                        ended |                        ended
  2018-10-11..2018-10-11   1 REVERSAL                         ended |                        ended |                        ended
  2019-06-03..2019-06-04   2 REVERSAL                         ended |                        ended |                        ended
  2020-03-09..2020-03-09   1 REVERSAL                         ended |                        ended |                        ended

======================================================================================================================
II.6  No rule proposed. See the note, part II.
======================================================================================================================


######################################################################################################################
PART III: TIME-IN-STATE RULE FOR E (owner hypothesis, pre-registered, 3 candidates: k in (2, 3, 5)). NOT applied; owner decides.
######################################################################################################################
  rule(k): E session age <= k -> C row (100 % SPMO; proxy: core leg), age > k -> 100 % cash. Baseline: live E = 100 % cash, D gate on.
  Control: constant-E SPMO ladder (every E day g x SPMO + (1-g) cash), matched to the rule by average exposure. Harness: d_substate_fresh.
  [harness] 26y proxy 22.18% / 0.913 / -33.6%  S 1.103  H 0.768  exposure 67.7% | real weekly 31.35% / 1.247 / -25.0%  (6575 proxy rows 2000-07-03..2026-08-26, 565 real weekly rows)
  [harness] state D: 934 proxy days (14.2%), search 382, holdout 552
  [harness] real DAILY harness (SPMO/TQQQ/QLD/XLU/BOXX-synthetic, 2015-11-02..2026-09-04, 2725 sessions): 29.66% / 1.145 / -32.9%  exposure 72.2%  45.2 rebalances/yr  (mirror verified against monthly_returns.simulate)
  (mirror check: no-override real run = monthly_returns.simulate day by day; with the harness-pinned old E row it gives 37.75% / 1.484 / -19.4%, the e_pair_test gated baseline 37.75 / 1.484 / -19.4)

  BASELINE (live: E = 100 % cash, D gate): proxy  25.46% / 1.071 / -27.0%  S 1.399 H 0.825 exp 62.2% reb 47.9/yr | real daily  37.30% / 1.475 / -18.6% exp 67.2% reb 45.3/yr
  both baselines reproduced (asserted).
  proxy: 380 E days in 32 episodes; real daily: 150 E days in 13 episodes.

  RAW INGREDIENT: return earned by holding the risk leg over E sessions 1..min(k, n) (position taken at the close of E session 1,
  each session's return is close-to-next-close, so this is exactly what rule(k) earns on the risk leg). QQQ from qqq_long_history (all 32
  completed episodes, part I labels); SPMO from the real harness (its 13 E episodes, 2015-11+). Also the uncapped k-session return (n >= k only).
  leg    k group       n   mean%    med%   pos | uncapped (n>=k)   n   mean%    med%
  QQQ    2 BREAK      16   -1.35   -0.75  4/16 |                   16   -1.35   -0.75
  QQQ    2 REVERSAL   16    1.28    1.27 12/16 |                   14    0.87    0.87
  QQQ    2 ALL        32   -0.04    0.05 16/32 |                   30   -0.31   -0.11
  SPMO   2 BREAK       5   -0.40    0.00  1/5  | 
  SPMO   2 REVERSAL    8    1.10    0.89  5/8  | 
  SPMO   2 ALL        13    0.52    0.00  6/13 |                   11    0.07    0.00
  QQQ    3 BREAK      16   -1.05   -0.65  7/16 |                   15   -1.13   -0.93
  QQQ    3 REVERSAL   16    0.38    0.98 11/16 |                   12   -0.76    0.36
  QQQ    3 ALL        32   -0.33    0.18 18/32 |                   27   -0.97   -0.22
  SPMO   3 BREAK       5   -0.62   -0.08  0/5  | 
  SPMO   3 REVERSAL    8   -1.15    0.68  4/8  | 
  SPMO   3 ALL        13   -0.95    0.00  4/13 |                    9   -2.40   -0.08
  QQQ    5 BREAK      16   -1.21   -1.15  5/16 |                   15   -1.30   -1.53
  QQQ    5 REVERSAL   16    0.98    2.40 12/16 |                    9   -0.80    0.44
  QQQ    5 ALL        32   -0.11    0.30 17/32 |                   24   -1.11   -0.74
  SPMO   5 BREAK       5   -1.51   -3.12  1/5  | 
  SPMO   5 REVERSAL    8   -0.16    1.74  5/8  | 
  SPMO   5 ALL        13   -0.68    0.00  6/13 |                    8   -2.27   -3.08
  (The per-session QQQ mean on E days overall, from part I's daily state series: +0.095%/day over 380 E days.)

  CONSTANT-E SPMO LADDER (control; g = 0 is live): proxy full / S / H, real daily
     g |    CAGR Sharpe  MaxDD   exp   reb   S Sh   H Sh   dS_F |   rCAGR    rSh    rDD  rexp  rreb   rdSh
    0% |  25.46%  1.071 -27.0% 62.2%  47.9  1.399  0.825 +0.000 |  37.30%  1.475 -18.6% 67.2%  45.3 +0.000
   10% |  25.52%  1.073 -27.2% 62.7%  48.1  1.404  0.825 +0.002 |  37.45%  1.479 -18.8% 67.6%  45.5 +0.004
   20% |  25.58%  1.074 -27.5% 63.1%  48.3  1.407  0.824 +0.003 |  37.55%  1.481 -19.0% 68.0%  46.0 +0.006
   30% |  25.64%  1.075 -28.2% 63.6%  48.6  1.411  0.823 +0.004 |  37.70%  1.483 -19.5% 68.4%  46.2 +0.009
   40% |  25.70%  1.075 -29.0% 64.0%  48.9  1.414  0.821 +0.004 |  37.88%  1.486 -20.0% 68.8%  46.4 +0.012
   50% |  25.73%  1.074 -29.7% 64.5%  49.3  1.415  0.818 +0.003 |  37.96%  1.485 -20.6% 69.2%  47.1 +0.011
   60% |  25.78%  1.073 -30.4% 64.9%  49.4  1.417  0.815 +0.002 |  38.07%  1.485 -21.3% 69.6%  47.3 +0.010
   70% |  25.81%  1.071 -31.2% 65.4%  49.7  1.416  0.813 +0.000 |  38.17%  1.483 -21.9% 70.0%  47.3 +0.008
   80% |  25.85%  1.069 -31.9% 65.9%  49.8  1.415  0.809 -0.002 |  38.28%  1.481 -22.6% 70.4%  47.6 +0.006
   90% |  25.89%  1.067 -32.6% 66.3%  50.1  1.414  0.806 -0.004 |  38.41%  1.478 -23.2% 70.8%  47.8 +0.004
  100% |  25.93%  1.064 -33.4% 66.8%  50.2  1.412  0.802 -0.007 |  38.50%  1.474 -23.9% 71.2%  48.0 -0.001

  CANDIDATES rule(k): proxy full / search (2015-11-01+) / holdout, real daily; deltas vs live and vs the exposure-matched SPMO ladder row
   k days->SPMO (proxy/real)  |    CAGR Sharpe  MaxDD   exp   reb | S    CAGR    Sh     DD | H    CAGR    Sh     DD |    dS_F   dS_S   dS_H   ctl   vC_F   vC_S   vC_H | real    CAGR    Sh     DD  exp  reb   rdSh rctl    rvC
   2 62 / 24                  |  25.08%  1.054 -28.7% 63.0%  49.2 |    38.00% 1.417 -27.0% |    16.72% 0.781 -28.7% |  -0.017 +0.018 -0.044   20% -0.020 +0.010 -0.043 |       37.90% 1.488 -19.8%  68% 46.5 +0.014  20% +0.007
   3 89 / 33                  |  24.92%  1.046 -29.2% 63.3%  49.4 |    37.07% 1.387 -28.4% |    17.01% 0.790 -29.2% |  -0.025 -0.012 -0.035   20% -0.028 -0.020 -0.034 |       36.77% 1.449 -20.5%  68% 46.6 -0.026  30% -0.035
   5 139 / 50                 |  25.05%  1.048 -29.9% 63.9%  49.8 |    37.09% 1.383 -29.1% |    17.22% 0.796 -29.9% |  -0.023 -0.015 -0.029   40% -0.028 -0.031 -0.025 |       36.70% 1.442 -21.1%  69% 46.9 -0.033  40% -0.045
  live for reference: proxy  25.46% / 1.071 / -27.0% S 1.399 H 0.825 exp 62.2% reb 47.9 | real  37.30% / 1.475 / -18.6% exp 67.2% reb 45.3
  live CAGR deltas (pp): k=2: proxy -0.38 (S +0.86, H -1.12), real +0.60; MaxDD proxy -1.8 pp, real -1.2 pp; k=3: proxy -0.54 (S -0.07, H -0.82), real -0.53; MaxDD proxy -2.3 pp, real -2.0 pp; k=5: proxy -0.40 (S -0.06, H -0.61), real -0.61; MaxDD proxy -3.0 pp, real -2.6 pp

  PER-EPISODE GAIN vs live (log-return difference accumulated over the episode's days, pp): proxy episodes (32) and real episodes (13)
  k=2 proxy: 32 episodes, positive 16/32, total -7.53 pp, mean -0.24, median -0.04; by label: BREAK n=16 mean -1.38 (pos 4), REVERSAL n=16 mean +0.91 (pos 12)
        top 3: 2019-06-03..2019-06-04 (2d,R) +3.38; 2018-10-11..2018-10-11 (1d,R) +2.66; 2020-03-09..2020-03-09 (1d,R) +2.66
     bottom 3: 2011-08-04..2011-08-16 (9d,B) -5.83; 2015-08-21..2015-09-29 (27d,B) -4.43; 2008-06-25..2008-07-07 (8d,B) -3.93
  k=2 real : 13 episodes, positive 6/13, total +5.02 pp, mean +0.39, median -0.04; by label: BREAK n=5 mean -0.41 (pos 1), REVERSAL n=8 mean +0.88 (pos 5)
        top 3: 2019-06-03..2019-06-04 (2d,R) +3.07; 2018-10-11..2018-10-11 (1d,R) +2.38; 2020-03-09..2020-03-09 (1d,R) +1.75
     bottom 3: 2022-01-20..2022-02-28 (27d,B) -1.49; 2020-03-11..2020-04-09 (22d,R) -1.34; 2018-11-12..2018-11-30 (14d,B) -0.97
  k=3 proxy: 32 episodes, positive 17/32, total -10.92 pp, mean -0.34, median +0.07; by label: BREAK n=16 mean -1.20 (pos 7), REVERSAL n=16 mean +0.52 (pos 10)
        top 3: 2019-06-03..2019-06-04 (2d,R) +3.38; 2018-10-11..2018-10-11 (1d,R) +2.66; 2020-03-09..2020-03-09 (1d,R) +2.66
     bottom 3: 2020-03-11..2020-04-09 (22d,R) -5.29; 2008-06-25..2008-07-07 (8d,B) -4.80; 2022-01-20..2022-02-28 (27d,B) -4.21
  k=3 real : 13 episodes, positive 4/13, total -3.92 pp, mean -0.30, median -0.16; by label: BREAK n=5 mean -0.68 (pos 0), REVERSAL n=8 mean -0.07 (pos 4)
        top 3: 2019-06-03..2019-06-04 (2d,R) +3.07; 2018-10-11..2018-10-11 (1d,R) +2.38; 2020-03-09..2020-03-09 (1d,R) +1.75
     bottom 3: 2020-03-11..2020-04-09 (22d,R) -6.82; 2022-01-20..2022-02-28 (27d,B) -2.47; 2018-10-24..2018-11-06 (10d,R) -1.84
  k=5 proxy: 32 episodes, positive 17/32, total -7.91 pp, mean -0.25, median +0.19; by label: BREAK n=16 mean -1.24 (pos 5), REVERSAL n=16 mean +0.74 (pos 12)
        top 3: 2019-06-03..2019-06-04 (2d,R) +3.38; 2018-10-11..2018-10-11 (1d,R) +2.66; 2020-03-09..2020-03-09 (1d,R) +2.66
     bottom 3: 2008-06-25..2008-07-07 (8d,B) -5.64; 2022-01-20..2022-02-28 (27d,B) -5.20; 2020-03-11..2020-04-09 (22d,R) -3.76
  k=5 real : 13 episodes, positive 7/13, total -4.42 pp, mean -0.34, median +0.04; by label: BREAK n=5 mean -1.31 (pos 1), REVERSAL n=8 mean +0.27 (pos 6)
        top 3: 2019-06-03..2019-06-04 (2d,R) +3.07; 2018-10-11..2018-10-11 (1d,R) +2.38; 2025-03-10..2025-04-11 (25d,B) +2.13
     bottom 3: 2020-03-11..2020-04-09 (22d,R) -4.45; 2016-01-07..2016-02-03 (19d,B) -3.40; 2026-03-20..2026-04-07 (12d,R) -3.33

  BLOCK BOOTSTRAP (circular, 2000 draws, paired blocks) of the Sharpe and log-return difference: best k by proxy full Sharpe = 2 (also best on real rows)
      k=2 proxy vs live                        block 20d: Sharpe diff 95% CI [-0.055, +0.018] P(<=0) = 0.834 | log-return [-1.15, +0.53] pp/yr P(<=0) = 0.761
      k=2 proxy vs live                        block 60d: Sharpe diff 95% CI [-0.055, +0.014] P(<=0) = 0.844 | log-return [-1.17, +0.43] pp/yr P(<=0) = 0.777
      k=2 proxy vs SPMO 20% control            block 20d: Sharpe diff 95% CI [-0.057, +0.011] P(<=0) = 0.895 | log-return [-1.28, +0.34] pp/yr P(<=0) = 0.849
      k=2 proxy vs SPMO 20% control            block 60d: Sharpe diff 95% CI [-0.056, +0.010] P(<=0) = 0.901 | log-return [-1.21, +0.32] pp/yr P(<=0) = 0.861
      k=2 real vs live                         block 20d: Sharpe diff 95% CI [-0.019, +0.052] P(<=0) = 0.242 | log-return [-0.31, +1.37] pp/yr P(<=0) = 0.152
      k=2 real vs live                         block 60d: Sharpe diff 95% CI [-0.015, +0.048] P(<=0) = 0.203 | log-return [-0.25, +1.30] pp/yr P(<=0) = 0.118
      k=2 real vs SPMO 20% control             block 20d: Sharpe diff 95% CI [-0.026, +0.044] P(<=0) = 0.343 | log-return [-0.53, +1.11] pp/yr P(<=0) = 0.272
      k=2 real vs SPMO 20% control             block 60d: Sharpe diff 95% CI [-0.021, +0.038] P(<=0) = 0.295 | log-return [-0.40, +0.99] pp/yr P(<=0) = 0.217
  best k=2 sliced Sharpe: search 1.416 vs live 1.398; holdout 0.781 vs live 0.825

  No adoption language here: three pre-registered candidates, reported against live and the exposure-matched control. The owner decides.

======================================================================================================================
  CARRY-OVER RULE (D -> E only): hold the last D day's row (ungated D = 100 % QLD; gated D = cash, no-op) for E sessions 1..k, then cash. k in [0, 1, 2, 3, 4, 5, 7, 10, 'all']. A -> E and F -> E entries: cash from session 1.
======================================================================================================================
  LAST D DAY before each D -> E entry (proxy): the gate is breadth pct < 0.2 OR gap200 < 2 %
  entry         n last D       breadth   gap200  gated  why
  2000-08-10    2 2000-08-09        --    0.49%  YES    gap200<2%
  2004-04-30    3 2004-04-29        --    1.77%  YES    gap200<2%
  2004-05-10   11 2004-05-07        --   -0.92%  YES    gap200<2%
  2004-07-13    6 2004-07-12        --   -0.85%  YES    gap200<2%
  2005-03-22   24 2005-03-21        --   -0.46%  YES    gap200<2%
  2006-05-12   22 2006-05-11        --    0.28%  YES    gap200<2%
  2008-01-07   18 2008-01-04      0.12   -0.96%  YES    breadth + gap200<2%
  2010-06-07    4 2010-06-04      0.10    0.72%  YES    breadth + gap200<2%
  2010-06-29   15 2010-06-28      0.16   -0.22%  YES    breadth + gap200<2%
  2011-06-17    7 2011-06-16      0.85   -0.90%  YES    gap200<2%
  2011-08-04    9 2011-08-03      0.00    1.33%  YES    breadth + gap200<2%
  2011-12-14   12 2011-12-13      0.38   -0.86%  YES    gap200<2%
  2012-11-07   25 2012-11-06      0.98    0.65%  YES    gap200<2%
  2015-08-21   27 2015-08-20      0.07    0.18%  YES    breadth + gap200<2%
  2016-01-07   19 2016-01-06      0.38   -0.81%  YES    gap200<2%
  2016-06-24    2 2016-06-23      0.99    1.03%  YES    gap200<2%
  2018-10-11    1 2018-10-10      0.37    0.19%  YES    gap200<2%
  2018-10-24   10 2018-10-23      0.02    0.69%  YES    breadth + gap200<2%
  2018-11-12   14 2018-11-09      0.98   -0.46%  YES    gap200<2%
  2019-06-03    2 2019-05-31      0.46   -0.20%  YES    gap200<2%
  2020-03-09    1 2020-03-06      0.13    4.43%  YES    breadth
  2020-03-11   22 2020-03-10      0.01    2.37%  YES    breadth
  2022-01-20   27 2022-01-19      0.10    0.31%  YES    breadth + gap200<2%
  2025-03-10   25 2025-03-07      0.97   -0.22%  YES    gap200<2%
  2026-03-20   12 2026-03-19      0.31    0.08%  YES    gap200<2%
  proxy: 32 episodes, 25 entered from D, of which UNGATED on the last D day: 0; entered from A: 3, from F: 4
  real:  13 episodes, 11 entered from D, of which UNGATED on the last D day: 0
  MECHANICAL POINT: an E entry needs QQQ below 0.99 x SMA200, so on the last D day price is at most a session's move above the 200d;
  gap200 < 2 % on that day is all but guaranteed (the 2020-03 entries are the exception by gap and are caught by breadth). The gate
  therefore holds the D row as cash on the last D day of EVERY D -> E transition, and the carry-over rule carries cash: it is live.
  -> under the CURRENT design the carry-over rule acts on 0 proxy and 0 real episodes: it is a no-op for every k and equals live.
     No k sweep, permutation or bootstrap is run for it. The only path by which a carry-over could matter is if the D gate were ever removed.

======================================================================================================================
  COUNTERFACTUAL ON THE RETIRED 2026-09-09 DESIGN: no D gate, E = 50 % XLU / 50 % cash. 'What the carry-over would have been worth had the D gate not been adopted.'
======================================================================================================================
  BASELINE (old design, k = 0): proxy  22.18% / 0.913 / -33.6% S 1.103 H 0.768 exp 67.7% | real daily  29.66% / 1.145 / -32.9% exp 72.2%
  both old-design baselines reproduced (asserted; d_substate_fresh asserts its real mirror against monthly_returns.simulate(d_gate=False)).
  under the old design every D -> E cross is an ungated QLD entry: the rule acts on 25 proxy episodes (search 11, holdout 14) and 11 real episodes;
  the 3 A -> E and 4 F -> E proxy entries hold the old E row from session 1.

  CONSTANT-QLD-IN-E LADDER (control, old design): f x QLD + (1-f) x (50 % XLU / 50 % cash) on every E day
     f |    CAGR Sharpe  MaxDD   exp   S Sh   H Sh   dS_F |   rCAGR    rSh    rDD  rexp   rdSh
    0% |  22.18%  0.913 -33.6% 67.7%  1.103  0.768 +0.000 |  29.66%  1.145 -32.9% 72.2% +0.000
   25% |  22.38%  0.914 -33.7% 68.3%  1.115  0.760 +0.001 |  30.32%  1.157 -29.8% 72.7% +0.012
   50% |  22.52%  0.907 -34.1% 68.9%  1.117  0.746 -0.006 |  30.93%  1.156 -30.5% 73.2% +0.011
   75% |  22.62%  0.893 -36.1% 69.4%  1.110  0.727 -0.020 |  31.54%  1.147 -33.4% 73.7% +0.001
  100% |  22.64%  0.873 -38.1% 70.0%  1.093  0.704 -0.040 |  32.02%  1.126 -36.3% 74.2% -0.020
  (f = 0 % vs k = 0: proxy Sharpe +0.0000, real +0.0000 -- any difference is the explicit-row path vs the design's own E-day row.)

  K CURVE (old design; k = 0 is the old design itself). act ep = episodes the rule acts on, search / holdout / real
     k act ep S/H/real  |    CAGR Sharpe  MaxDD   exp   reb | S    CAGR    Sh     DD | H    CAGR    Sh     DD |    dS_F   dS_S   dS_H | real    CAGR    Sh     DD  exp   rdSh | ctl    f   vC_F    rvC
     0 0/0/0            |  22.18%  0.913 -33.6% 67.7%  47.1 |    29.73% 1.103 -33.3% |    17.13% 0.768 -30.0% |  +0.000 +0.000 +0.000 |       29.66% 1.145 -32.9%  72% +0.000 |       0% +0.000 +0.000
     1 11/14/11         |  21.83%  0.895 -41.0% 67.9%  47.9 |    30.50% 1.113 -32.5% |    16.07% 0.728 -33.0% |  -0.018 +0.010 -0.040 |       30.40% 1.153 -26.5%  72% +0.008 |       0% -0.018 +0.008
     2 11/14/11         |  22.24%  0.904 -40.3% 68.0%  47.9 |    31.52% 1.136 -31.7% |    16.11% 0.726 -33.3% |  -0.008 +0.034 -0.042 |       31.55% 1.181 -27.5%  73% +0.036 |      25% -0.009 +0.024
     3 11/14/11         |  22.11%  0.895 -33.9% 68.2%  47.8 |    30.07% 1.090 -33.9% |    16.80% 0.746 -31.3% |  -0.017 -0.012 -0.022 |       30.07% 1.131 -28.1%  73% -0.014 |      25% -0.019 -0.026
     4 11/14/11         |  21.78%  0.882 -36.1% 68.3%  47.7 |    29.58% 1.071 -33.8% |    16.59% 0.736 -32.9% |  -0.031 -0.031 -0.032 |       29.51% 1.109 -27.8%  73% -0.036 |      25% -0.032 -0.048
     5 11/14/11         |  22.00%  0.885 -35.2% 68.4%  47.7 |    29.01% 1.053 -35.2% |    17.30% 0.757 -32.7% |  -0.027 -0.050 -0.011 |       28.90% 1.088 -29.5%  73% -0.058 |      25% -0.028 -0.069
     7 11/14/11         |  21.89%  0.877 -40.5% 68.6%  47.9 |    29.87% 1.069 -34.6% |    16.57% 0.730 -34.3% |  -0.036 -0.033 -0.038 |       29.79% 1.105 -29.3%  73% -0.040 |      50% -0.030 -0.051
    10 11/14/11         |  23.16%  0.912 -36.5% 68.9%  48.0 |    31.81% 1.116 -32.0% |    17.41% 0.756 -36.5% |  -0.000 +0.013 -0.012 |       31.74% 1.154 -26.0%  73% +0.008 |      50% +0.006 -0.003
   all 11/14/11         |  22.20%  0.868 -41.3% 69.6%  47.8 |    30.91% 1.063 -37.2% |    16.43% 0.715 -34.5% |  -0.045 -0.039 -0.053 |       30.82% 1.096 -36.3%  74% -0.049 |      75% -0.025 -0.051
  shape (proxy full Sharpe gain vs k=0): best k = 10 at -0.000; other k's range [-0.045, -0.008]; k's with gain > 0: 0/8; both-era (S and H) gain > 0: 0/8; real gain at best proxy k +0.008; best real k = 2 at +0.036 -> neither a clean plateau nor a spike
  MaxDD change vs k=0 (pp): k=1 proxy -7.4 real +6.3, k=2 proxy -6.7 real +5.4, k=3 proxy -0.3 real +4.7, k=4 proxy -2.5 real +5.1, k=5 proxy -1.6 real +3.4, k=7 proxy -6.9 real +3.6, k=10 proxy -2.9 real +6.9, k=all proxy -7.7 real -3.4

  PER-EPISODE GAIN vs k=0, k=3 (pp, log-return difference over the episode; D -> E entries)
  proxy: 25 acting episodes, positive 13/25, total -1.71 pp, median +0.69; BREAK n=13 mean  -1.76 (pos 4), REVERSAL n=12 mean   1.77 (pos 9)
        top 3: 2019-06-03..2019-06-04 (2d,R) +5.80; 2018-10-11..2018-10-11 (1d,R) +5.54; 2020-03-09..2020-03-09 (1d,R) +5.13
     bottom 3: 2020-03-11..2020-04-09 (22d,R) -8.37; 2022-01-20..2022-02-28 (27d,B) -7.08; 2004-07-13..2004-07-20 (6d,B) -7.04
  real : 11 acting episodes, positive 6/11, total +3.26 pp, median +1.17; BREAK n=5 mean  -1.27 (pos 2), REVERSAL n=6 mean   1.61 (pos 4)
        top 3: 2019-06-03..2019-06-04 (2d,R) +5.75; 2018-10-11..2018-10-11 (1d,R) +5.54; 2020-03-09..2020-03-09 (1d,R) +5.05
     bottom 3: 2020-03-11..2020-04-09 (22d,R) -7.79; 2022-01-20..2022-02-28 (27d,B) -7.21; 2025-03-10..2025-04-11 (25d,B) -1.54

  RAW INGREDIENT: QLD-leg return over E sessions 1..min(k, n) on the 25 proxy / 11 real D -> E entries (proxy = the harness's synthetic 2x leg, real = QLD);
  by outcome label (BREAK = exits to F) and pooled. This is what the rule holds instead of the old E row's 50 % XLU / 50 % cash.
  leg          k group       n   mean%    med%    pos
  proxy2x      1 BREAK      13   -2.56   -2.03   2/13
  proxy2x      1 REVERSAL   12    1.77    2.80   9/12
  proxy2x      1 ALL        25   -0.48   -0.36  11/25
  realQLD      1 BREAK       5   -2.39   -1.74   1/5 
  realQLD      1 REVERSAL    6    2.05    5.51   5/6 
  realQLD      1 ALL        11    0.04    0.04   6/11
  proxy2x      2 BREAK      13   -2.87   -1.69   3/13
  proxy2x      2 REVERSAL   12    3.20    3.55   9/12
  proxy2x      2 ALL        25    0.04   -0.11  12/25
  realQLD      2 BREAK       5   -1.09   -1.05   2/5 
  realQLD      2 REVERSAL    6    3.79    3.59   5/6 
  realQLD      2 ALL        11    1.58    0.82   7/11
  proxy2x      3 BREAK      13   -2.14   -1.93   5/13
  proxy2x      3 REVERSAL   12    1.25    3.71   9/12
  proxy2x      3 ALL        25   -0.51    0.84  14/25
  realQLD      3 BREAK       5   -1.62    0.18   3/5 
  realQLD      3 REVERSAL    6   -0.57    3.82   4/6 
  realQLD      3 ALL        11   -1.05    1.25   7/11
  proxy2x      5 BREAK      13   -1.50   -1.48   5/13
  proxy2x      5 REVERSAL   12    1.65    5.24   9/12
  proxy2x      5 ALL        25    0.01    0.76  14/25
  realQLD      5 BREAK       5   -2.91   -1.85   2/5 
  realQLD      5 REVERSAL    6   -0.04    5.23   4/6 
  realQLD      5 ALL        11   -1.34    0.18   6/11
  proxy2x     10 BREAK      13   -1.79   -2.47   4/13
  proxy2x     10 REVERSAL   12    4.52    5.55  11/12
  proxy2x     10 ALL        25    1.24    1.88  15/25
  realQLD     10 BREAK       5   -0.83   -2.59   2/5 
  realQLD     10 REVERSAL    6    3.37    6.29   5/6 
  realQLD     10 ALL        11    1.46    1.96   7/11
  proxy2x    all BREAK      13   -4.15   -6.43   4/13
  proxy2x    all REVERSAL   12    7.21    7.17  12/12
  proxy2x    all ALL        25    1.30    5.36  16/25
  realQLD    all BREAK       5   -4.28   -6.76   2/5 
  realQLD    all REVERSAL    6    7.47    7.49   6/6 
  realQLD    all ALL        11    2.13    5.55   8/11

  PERMUTATION (2000 circular shifts of the 380-day E action-flag sequences, all 8 k's shifted together, run structure preserved; statistic = best-of-8 full-proxy Sharpe gain vs k=0; 73s):
    null best-k gain: median +0.010, 90th +0.043, 95th +0.053, max +0.083 | real best-k gain -0.000 (k=10) -> p = 0.683
    k=  1: real -0.018; null median -0.005 95th +0.025; p = 0.678
    k=  2: real -0.008; null median -0.011 95th +0.035; p = 0.453
    k=  3: real -0.017; null median -0.012 95th +0.038; p = 0.586
    k=  4: real -0.031; null median -0.015 95th +0.035; p = 0.729
    k=  5: real -0.027; null median -0.016 95th +0.039; p = 0.676
    k=  7: real -0.036; null median -0.017 95th +0.031; p = 0.689
    k= 10: real -0.000; null median -0.020 95th +0.028; p = 0.219
    k=all: real -0.045; null median -0.037 95th +0.003; p = 0.630

  BLOCK BOOTSTRAP (2000 draws, paired circular blocks): best k by proxy = 10, best k by real = 2
      k=10 proxy vs k=0                    block 20d: Sharpe diff 95% CI [-0.075, +0.071] P(<=0) = 0.474 | log-return [-1.03, +2.62] pp/yr P(<=0) = 0.197
      k=10 proxy vs k=0                    block 60d: Sharpe diff 95% CI [-0.070, +0.074] P(<=0) = 0.498 | log-return [-0.97, +2.64] pp/yr P(<=0) = 0.195
      k=10 proxy vs QLD 50% ladder         block 20d: Sharpe diff 95% CI [-0.052, +0.065] P(<=0) = 0.419 | log-return [-0.95, +2.07] pp/yr P(<=0) = 0.239
      k=10 proxy vs QLD 50% ladder         block 60d: Sharpe diff 95% CI [-0.046, +0.064] P(<=0) = 0.425 | log-return [-0.79, +1.96] pp/yr P(<=0) = 0.238
      k=10 real vs k=0                     block 20d: Sharpe diff 95% CI [-0.114, +0.132] P(<=0) = 0.460 | log-return [-1.27, +4.77] pp/yr P(<=0) = 0.159
      k=10 real vs k=0                     block 60d: Sharpe diff 95% CI [-0.096, +0.126] P(<=0) = 0.445 | log-return [-0.88, +4.50] pp/yr P(<=0) = 0.120
      k=10 real vs QLD 50% ladder          block 20d: Sharpe diff 95% CI [-0.099, +0.104] P(<=0) = 0.540 | log-return [-1.70, +3.29] pp/yr P(<=0) = 0.328
      k=10 real vs QLD 50% ladder          block 60d: Sharpe diff 95% CI [-0.091, +0.103] P(<=0) = 0.527 | log-return [-1.44, +3.05] pp/yr P(<=0) = 0.286
      k=2 proxy vs k=0                     block 20d: Sharpe diff 95% CI [-0.068, +0.047] P(<=0) = 0.612 | log-return [-1.44, +1.47] pp/yr P(<=0) = 0.474
      k=2 proxy vs k=0                     block 60d: Sharpe diff 95% CI [-0.060, +0.044] P(<=0) = 0.618 | log-return [-1.27, +1.38] pp/yr P(<=0) = 0.466
      k=2 proxy vs QLD 25% ladder          block 20d: Sharpe diff 95% CI [-0.062, +0.039] P(<=0) = 0.623 | log-return [-1.43, +1.10] pp/yr P(<=0) = 0.544
      k=2 proxy vs QLD 25% ladder          block 60d: Sharpe diff 95% CI [-0.057, +0.034] P(<=0) = 0.650 | log-return [-1.33, +0.97] pp/yr P(<=0) = 0.566
      k=2 real vs k=0                      block 20d: Sharpe diff 95% CI [-0.036, +0.123] P(<=0) = 0.179 | log-return [-0.51, +3.80] pp/yr P(<=0) = 0.073
      k=2 real vs k=0                      block 60d: Sharpe diff 95% CI [-0.032, +0.122] P(<=0) = 0.158 | log-return [-0.41, +3.77] pp/yr P(<=0) = 0.083
      k=2 real vs QLD 25% ladder           block 20d: Sharpe diff 95% CI [-0.040, +0.094] P(<=0) = 0.223 | log-return [-0.78, +2.89] pp/yr P(<=0) = 0.153
      k=2 real vs QLD 25% ladder           block 60d: Sharpe diff 95% CI [-0.035, +0.085] P(<=0) = 0.213 | log-return [-0.65, +2.63] pp/yr P(<=0) = 0.121

  No adoption language: on the current design the carry-over rule equals live; the counterfactual is on a retired design. The owner decides.
