========================================================================================================================
fall_protection_r2: robustness of trim memory
========================================================================================================================

1  SMOOTHNESS in N (full period): CAGR / MaxDD / exSharpe / edge
  real   N=10   38.45%  -17.8%  exSh 1.522  edge +1.40
  real   N=15   38.58%  -17.8%  exSh 1.544  edge +1.47
  real   N=20   38.70%  -17.8%  exSh 1.571  edge +1.53
  real   N=25   39.05%  -17.8%  exSh 1.598  edge +1.71
  real   N=30   38.42%  -17.8%  exSh 1.589  edge +1.38
  real   N=40   38.70%  -17.7%  exSh 1.627  edge +1.63
  real   N=60   35.92%  -15.0%  exSh 1.586  edge +2.85
  proxy  N=10   24.32%  -27.0%  exSh 1.005  edge -1.39
  proxy  N=15   24.24%  -24.2%  exSh 1.010  edge +1.30
  proxy  N=20   24.66%  -23.9%  exSh 1.033  edge +2.07
  proxy  N=25   24.87%  -23.9%  exSh 1.046  edge +2.31
  proxy  N=30   24.50%  -23.9%  exSh 1.036  edge +1.88
  proxy  N=40   24.57%  -23.9%  exSh 1.048  edge +1.96
  proxy  N=60   23.96%  -23.9%  exSh 1.050  edge +1.26

2  PROXY SUB-PERIODS: holdout 2000-2015 vs search 2015+ (CAGR / MaxDD / exSharpe)
  holdout    LIVE   17.84%  -27.0%  exSh 0.754
  holdout    M20    15.52%  -23.9%  exSh 0.702
  holdout    M40    15.52%  -23.9%  exSh 0.707
  search     LIVE   37.12%  -25.3%  exSh 1.305
  search     M20    38.88%  -22.7%  exSh 1.491
  search     M40    38.65%  -21.5%  exSh 1.530
  2000-2007  LIVE   10.43%  -27.0%  exSh 0.416
  2000-2007  M20     7.63%  -23.9%  exSh 0.311
  2000-2007  M40     8.87%  -23.9%  exSh 0.370
  2008-2015  LIVE   25.38%  -21.6%  exSh 1.059
  2008-2015  M20    23.60%  -21.2%  exSh 1.043
  2008-2015  M40    22.24%  -21.2%  exSh 0.998

3  CALENDAR YEARS, return difference M20 minus live (pp)
  real: 2015:+0.0  2016:+0.0  2017:+2.3  2018:+29.6  2019:+1.6  2020:-18.4  2021:+33.3  2022:+0.0  2023:+1.2  2024:-14.9  2025:-7.3  2026:-12.0
        years better 5, worse 4
  proxy: 2000:+2.4  2001:+1.9  2002:-1.0  2003:-40.9  2004:+0.5  2005:+2.9  2006:+0.2  2007:-0.3  2008:+0.4  2009:-19.3  2010:+3.6  2011:-5.7  2012:+6.9  2013:+0.0  2014:+0.0  2015:+0.0  2016:+0.0  2017:+3.6  2018:+30.4  2019:+2.1  2020:-20.4  2021:+32.3  2022:+0.0  2023:+2.0  2024:-10.2  2025:-7.5  2026:-11.9
        years better 13, worse 9

4  WITHOUT 2020 (drop the calendar year from both series)
  real   LIVE   35.64%  -18.6%  exSh 1.289
  real   M20    38.94%  -17.8%  exSh 1.529
  real   M40    39.24%  -17.7%  exSh 1.596
  proxy  LIVE   24.35%  -27.0%  exSh 0.944
  proxy  M20    24.22%  -23.9%  exSh 1.004
  proxy  M40    24.26%  -23.9%  exSh 1.023
