======================================================================================================================================================
fall_protection_r15: middle version -- v2 hold with a session cap (K) or a clear-days release (M), base 50/50
======================================================================================================================================================

  REAL
  arm                 CAGR   MaxDD   exSh  expo   reb   2018   2021   2022   2024   2025   2026
  19 Sep design     37.29%  -18.6%  1.376  0.67  45.1    8.3   49.2  -10.3   66.8   37.3   38.8
  fast-cut only     37.27%  -17.8%  1.397  0.68  45.3    6.7   49.2  -10.3   64.0   32.4   38.3
  live v2           39.32%  -17.8%  1.605  0.63  32.0   27.8   77.0  -10.3   69.6   22.7   24.1
  hold cap K=20     38.38%  -17.8%  1.543  0.63  33.9   27.8   69.1  -10.3   78.7   26.0   26.6
  hold cap K=40     39.64%  -17.8%  1.615  0.63  32.8   27.8   77.2  -10.3   70.3   22.7   26.1
  hold cap K=60     39.34%  -17.8%  1.605  0.63  32.1   27.8   77.0  -10.3   69.6   22.7   24.1
  hold cap K=90     39.32%  -17.8%  1.605  0.63  32.0   27.8   77.0  -10.3   69.6   22.7   24.1
  clear M=3         34.45%  -17.8%  1.353  0.66  33.5   19.0   45.7  -10.3   64.3   22.4   21.4
  clear M=5         34.75%  -17.8%  1.384  0.65  33.1   22.5   45.9  -10.3   49.2   24.3   24.1
  clear M=10        36.67%  -17.8%  1.474  0.64  32.6   27.8   55.2  -10.3   60.2   26.3   24.1
  clear M=20        39.32%  -17.8%  1.605  0.63  32.0   27.8   77.0  -10.3   69.6   22.7   24.1

  PROXY
  arm                 CAGR   MaxDD   exSh  expo   reb  holdCAGR  holdSh
  19 Sep design     25.46%  -27.0%  0.990  0.62  47.9    17.84%   0.754
  fast-cut only     25.64%  -26.6%  1.013  0.62  47.9    18.25%   0.783
  live v2           25.41%  -21.9%  1.072  0.59  36.9    16.56%   0.752
  hold cap K=20     25.33%  -21.9%  1.059  0.59  38.4    17.03%   0.767
  hold cap K=40     25.53%  -21.9%  1.076  0.59  37.4    16.56%   0.751
  hold cap K=60     25.40%  -21.9%  1.072  0.59  37.0    16.54%   0.751
  hold cap K=90     25.41%  -21.9%  1.072  0.59  36.9    16.56%   0.752
  clear M=3         22.96%  -26.6%  0.947  0.61  38.3    15.64%   0.701
  clear M=5         23.15%  -26.6%  0.963  0.60  37.6    15.72%   0.708
  clear M=10        24.06%  -26.5%  1.008  0.59  37.1    16.01%   0.726
  clear M=20        25.54%  -21.9%  1.077  0.59  36.9    16.76%   0.759

  PRE-REGISTERED TEST  P1 proxy MaxDD >= -23.6%   P2 2025-26 shortfall vs fast-cut <= 15.5 pp (v2's is 31.0)   P3 holdout CAGR >= 17.84%
  hold cap K=20    P1 Y (-21.9)  P2 - (23.6)  P3 - (17.03)
  hold cap K=40    P1 Y (-21.9)  P2 - (28.5)  P3 - (16.56)
  hold cap K=60    P1 Y (-21.9)  P2 - (31.0)  P3 - (16.54)
  hold cap K=90    P1 Y (-21.9)  P2 - (31.0)  P3 - (16.56)
  clear M=3        P1 - (-26.6)  P2 - (34.6)  P3 - (15.64)
  clear M=5        P1 - (-26.6)  P2 - (28.9)  P3 - (15.72)
  clear M=10       P1 - (-26.5)  P2 - (26.5)  P3 - (16.01)
  clear M=20       P1 Y (-21.9)  P2 - (31.0)  P3 - (16.76)

  RESULT: no arm passes -- no change, v2 stays
  bootstrap hold cap K=20 vs live v2        real  P(Sharpe not better) 0.88
  bootstrap hold cap K=20 vs live v2        proxy P(Sharpe not better) 0.69
  bootstrap hold cap K=20 vs fast-cut only  real  P(Sharpe not better) 0.13
  bootstrap hold cap K=20 vs fast-cut only  proxy P(Sharpe not better) 0.24
