============================================================================================================================================
fall_protection_r20: new 10-day vs 15-day high for TQQQ re-entry, whipsaw carry 3
============================================================================================================================================

  REAL  base 50/50
  arm                     CAGR  Sharpe   MaxDD   reb re-entries  QQQ+20d  bad%   2018   2021   2024   2025   2026
  v2 15d high (live)    41.03%   1.797  -17.8%  32.1          5   +1.10%   20%   40.2   83.6   69.6   22.7   24.1
  v2 10d high           39.61%   1.739  -17.8%  32.3          7   +1.00%   29%   40.2   83.6   60.7   22.7   24.1
  fc + 15d high         40.93%   1.783  -17.8%  45.1          5   +1.27%   20%   36.2   79.1   72.9   23.3   25.9
  fc + 10d high         39.55%   1.727  -17.8%  45.3          7   +1.12%   29%   36.2   79.1   64.3   23.3   25.9

  REAL  base 30/70
  arm                     CAGR  Sharpe   MaxDD   reb re-entries  QQQ+20d  bad%   2018   2021   2024   2025   2026
  v2 15d high (live)    47.36%   1.802  -19.6%  31.5          5   +1.10%   20%   50.8  103.3   80.6   20.9   25.0
  v2 10d high           45.31%   1.731  -19.6%  31.7          7   +1.00%   29%   50.8  103.3   67.8   20.9   25.0
  fc + 15d high         47.33%   1.798  -19.6%  44.4          5   +1.27%   20%   48.2   99.9   82.6   21.7   26.0
  fc + 10d high         45.31%   1.728  -19.6%  44.6          7   +1.12%   29%   48.2   99.9   70.0   21.7   26.0

  PROXY  base 50/50
  arm                     CAGR  Sharpe   MaxDD   reb re-entries  QQQ+20d  bad%  holdCAGR  holdSh
  v2 15d high (live)    26.11%   1.194  -21.9%  36.9          8   +1.35%   25%    16.64%   0.834
  v2 10d high           25.64%   1.174  -21.9%  37.1         10   +1.30%   20%    16.75%   0.838
  fc + 15d high         25.81%   1.176  -22.4%  48.0          9   +0.40%   33%    16.36%   0.818
  fc + 10d high         25.18%   1.149  -22.4%  48.1         13   +0.10%   38%    16.18%   0.809

  PROXY  base 30/70
  arm                     CAGR  Sharpe   MaxDD   reb re-entries  QQQ+20d  bad%  holdCAGR  holdSh
  v2 15d high (live)    29.42%   1.200  -24.7%  36.1          8   +1.35%   25%    18.36%   0.830
  v2 10d high           28.77%   1.175  -24.7%  36.4         10   +1.30%   20%    18.54%   0.835
  fc + 15d high         29.03%   1.183  -24.7%  47.2          9   +0.40%   33%    17.86%   0.808
  fc + 10d high         28.13%   1.149  -24.7%  47.4         13   +0.10%   38%    17.60%   0.797

  50/50 bootstrap v2 10d high    vs v2 15d high (live)  P(Sharpe not better) real 1.00  proxy 0.90
  50/50 bootstrap fc + 10d high  vs fc + 15d high       P(Sharpe not better) real 1.00  proxy 0.96
  30/70 bootstrap v2 10d high    vs v2 15d high (live)  P(Sharpe not better) real 1.00  proxy 0.90
  30/70 bootstrap fc + 10d high  vs fc + 15d high       P(Sharpe not better) real 1.00  proxy 0.96
