======================================================================================================================================================
fall_protection_r3: keep the trim until the book leaves A
======================================================================================================================================================

  REAL
  arm                       CAGR   dCAGR   MaxDD   EDGE  exSh F      dF      dS      dH   reb    exp  worst live episodes arm/live
  LIVE                    37.29%   +0.00  -18.6%  +0.00   1.376  +0.000  +0.000      -   45.1  67.2%  2021-23 bear -18.6/-18.6  Feb-Mar 2025 -17.8/-17.8  Sep-Oct 2023 -17.0/-17.0  Q4 2018 -15.0/-15.0  COVID -5.5/-5.5
  latch until exit A      37.64%   +0.35  -17.8%  +0.98   1.515  +0.139  +0.139      -   30.5  60.7%  2021-23 bear -15.5/-18.6  Feb-Mar 2025 -17.8/-17.8  Sep-Oct 2023 -14.9/-17.0  Q4 2018 -15.0/-15.0  COVID -0.1/-5.5
  trim memory 20d         38.70%   +1.41  -17.8%  +1.53   1.571  +0.195  +0.195      -   31.1  60.3%  2021-23 bear -15.5/-18.6  Feb-Mar 2025 -17.8/-17.8  Sep-Oct 2023 -14.7/-17.0  Q4 2018 -15.0/-15.0  COVID -0.1/-5.5
  trim memory 40d         38.70%   +1.40  -17.7%  +1.63   1.627  +0.251  +0.251      -   29.1  56.2%  2021-23 bear -14.5/-18.6  Feb-Mar 2025 -17.7/-17.8  Sep-Oct 2023 -11.1/-17.0  Q4 2018 -15.0/-15.0  COVID -0.1/-5.5

  PROXY
  arm                       CAGR   dCAGR   MaxDD   EDGE  exSh F      dF      dS      dH   reb    exp  worst live episodes arm/live
  LIVE                    25.46%   +0.00  -27.0%  +0.00   0.990  +0.000  +0.000  +0.000  47.9  62.2%  2005 -27.0/-27.0  dot-com -26.7/-26.7  GFC -25.4/-25.4  2021-23 bear -25.3/-25.3  COVID -5.6/-5.6
  latch until exit A      24.80%   -0.66  -23.9%  +2.23   1.033  +0.043  +0.129  -0.014  35.5  56.6%  2005 -23.2/-27.0  dot-com -23.9/-26.7  GFC -21.2/-25.4  2021-23 bear -22.7/-25.3  COVID -0.1/-5.6
  trim memory 20d         24.66%   -0.79  -23.9%  +2.07   1.033  +0.043  +0.186  -0.052  35.8  56.6%  2005 -23.2/-27.0  dot-com -23.9/-26.7  GFC -21.2/-25.4  2021-23 bear -22.7/-25.3  COVID -0.1/-5.6
  trim memory 40d         24.57%   -0.89  -23.9%  +1.96   1.048  +0.057  +0.226  -0.047  34.9  54.2%  2005 -23.2/-27.0  dot-com -23.9/-26.7  GFC -21.2/-25.4  2021-23 bear -21.5/-25.3  COVID -0.1/-5.6

  PROXY holdout 2000-2015 and its halves (CAGR / MaxDD / exSharpe)
  holdout  LIVE: 17.84% / -27.0% / 0.754 | latch until exit A: 16.46% / -23.9% / 0.740 | trim memory 20d: 15.52% / -23.9% / 0.702 | trim memory 40d: 15.52% / -23.9% / 0.707
  2000-07  LIVE: 10.43% / -27.0% / 0.416 | latch until exit A: 8.72% / -23.9% / 0.361 | trim memory 20d: 7.63% / -23.9% / 0.311 | trim memory 40d: 8.87% / -23.9% / 0.370
  2008-15  LIVE: 25.38% / -21.6% / 1.059 | latch until exit A: 24.38% / -21.2% / 1.068 | trim memory 20d: 23.60% / -21.2% / 1.043 | trim memory 40d: 22.24% / -21.2% / 0.998
  search   LIVE: 37.12% / -25.3% / 1.305 | latch until exit A: 37.65% / -22.7% / 1.434 | trim memory 20d: 38.88% / -22.7% / 1.491 | trim memory 40d: 38.65% / -21.5% / 1.530

  CALENDAR YEARS, latch minus live (pp)
  real: 2015:+0.0  2016:+0.0  2017:+2.3  2018:+19.6  2019:+1.6  2020:-14.4  2021:+19.4  2022:+0.0  2023:+2.6  2024:-10.4  2025:-6.5  2026:-12.2
        better 5, worse 4
  proxy: 2000:+2.4  2001:+1.9  2002:+0.4  2003:-35.0  2004:+2.4  2005:+2.9  2006:-0.2  2007:+0.4  2008:+0.4  2009:-13.7  2010:+9.0  2011:-3.3  2012:+0.3  2013:+0.0  2014:+0.0  2015:+0.0  2016:+0.0  2017:+3.6  2018:+19.3  2019:+2.1  2020:-16.9  2021:+18.5  2022:+0.0  2023:+3.7  2024:-5.8  2025:-7.2  2026:-12.0
        better 14, worse 8

  PAIRED BLOCK BOOTSTRAP vs live (60-day blocks): excess-Sharpe 95% CI, P(not better); log-return CI
  latch until exit A     real Sh [-0.091, +0.376] P 0.12 | ret [-5.26, +5.54]pp   proxy Sh [-0.088, +0.166] P 0.23 | ret [-3.72, +2.37]pp
  trim memory 20d        real Sh [-0.099, +0.521] P 0.10 | ret [-5.22, +7.69]pp   proxy Sh [-0.097, +0.212] P 0.29 | ret [-3.96, +3.16]pp
  trim memory 40d        real Sh [-0.052, +0.560] P 0.05 | ret [-5.51, +7.77]pp   proxy Sh [-0.087, +0.221] P 0.24 | ret [-4.27, +2.87]pp

  real: A days with the trim on — live 477, latch 708 (of 2725 sessions)

  proxy: A days with the trim on — live 1012, latch 1415 (of 6575 sessions)
