============================================================================================================================================
fall_protection_r10: is the latch + full cut a profit cap?
============================================================================================================================================

  REAL: 18 A spells in which the latch engaged (1.7/yr); window = first vote -> last A session
  first vote  spell end    days     QQQ     arm  30/70 live-trim  arm - cmp   type
  2017-06-02  2017-06-30     21   -5.1%   +0.4%            -8.4%      +8.8pp   SAVE (market broke)
  2018-01-22  2018-02-02     10   -5.9%   -0.9%           -11.8%     +10.9pp   SAVE (market broke)
  2018-03-09  2018-03-21      9   -6.0%   -1.0%           -10.4%      +9.4pp   SAVE (market broke)
  2019-04-05  2019-05-10     25   -3.3%   -0.5%            -6.8%      +6.3pp   SAVE (market broke)
  2020-01-02  2020-02-24     36   -0.4%   +0.4%            +6.6%      -6.2pp   flat
  2020-06-02  2020-09-17     76  +13.3%   +1.4%           +11.9%     -10.5pp   CAP (market kept rising)
  2020-09-28  2020-10-27     22   -2.0%   -0.0%            -0.7%      +0.7pp   SAVE (market broke)
  2020-11-04  2021-02-24     76   +9.0%   +0.4%           +10.1%      -9.7pp   CAP (market kept rising)
  2021-04-13  2021-05-11     21   -7.0%   -1.4%           -14.0%     +12.6pp   SAVE (market broke)
  2021-11-19  2021-12-17     20   -5.8%   -1.3%           -12.7%     +11.4pp   SAVE (market broke)
  2023-02-02  2023-02-17     12   -5.7%   +0.0%            -6.9%      +6.9pp   SAVE (market broke)
  2023-03-31  2023-08-15     94  +13.0%   +2.5%           +10.4%      -7.9pp   CAP (market kept rising)
  2023-08-29  2023-09-19     15   -2.7%   +0.2%            -3.5%      +3.6pp   SAVE (market broke)
  2023-12-19  2024-04-12     79   +5.4%   +4.8%           +26.8%     -22.0pp   CAP (market kept rising)
  2024-06-12  2024-07-23     28   -2.3%   +0.4%            -4.9%      +5.4pp   SAVE (market broke)
  2024-12-16  2025-01-08     16   -5.8%   -0.6%           -13.0%     +12.4pp   SAVE (market broke)
  2025-06-30  2025-11-17     99   +8.1%   +2.5%           +23.3%     -20.9pp   CAP (market kept rising)
  2026-05-05  2026-07-15     49   +3.6%   +2.0%           +17.7%     -15.6pp   CAP (market kept rising)
  summary: CAP spells 6 (473 days) cost -78.3 log-pp total (-7.24/yr); SAVE spells 11 (199 days) earned +93.7 (+8.67/yr); all latched spells net +9.4 (+0.87/yr)
  biggest cap: ('2023-12-19', '2024-04-12') forgone 22.0pp; median cap 15.6pp
  biggest save: ('2021-04-13', '2021-05-11') saved 12.6pp; median save 8.8pp
  UP/DOWN CAPTURE vs QQQ (mean daily return on QQQ up days / down days, relative to QQQ's):
    live 50/50               up  1.00x  down  0.87x  ratio 1.15   best-10% QQQ days  0.71x  worst-10%  0.67x
    30/70 live trim          up  1.18x  down  1.04x  ratio 1.14   best-10% QQQ days  0.82x  worst-10%  0.78x
    30/70 latch + full cut   up  0.95x  down  0.77x  ratio 1.24   best-10% QQQ days  0.61x  worst-10%  0.53x

  PROXY: 41 A spells in which the latch engaged (1.6/yr); window = first vote -> last A session
  first vote  spell end    days     QQQ     arm  30/70 live-trim  arm - cmp   type
  2000-08-31  2000-09-08      6   -8.7%   -1.1%           -11.1%      +9.9pp   SAVE (market broke)
  2001-12-04  2001-12-12      7   -2.6%   -0.2%            -2.0%      +1.8pp   SAVE (market broke)
  2001-12-17  2001-12-19      3   -4.9%   -0.6%            -6.0%      +5.4pp   SAVE (market broke)
  2002-01-03  2002-01-11      7   -3.7%   -0.4%            -3.0%      +2.6pp   SAVE (market broke)
  2002-11-05  2002-11-08      4   -6.9%   -0.8%            -6.7%      +5.9pp   SAVE (market broke)
  2002-11-14  2002-12-04     14   +0.4%   +0.1%            +1.3%      -1.2pp   flat
  2003-01-10  2003-01-16      5   -6.6%   -1.0%            -8.8%      +7.8pp   SAVE (market broke)
  2003-05-02  2003-08-04     65   +6.8%   +1.0%           +17.0%     -16.0pp   CAP (market kept rising)
  2003-08-18  2003-11-17     65   +6.0%   +0.9%           +17.5%     -16.6pp   CAP (market kept rising)
  2003-11-24  2003-12-08     10   -2.1%   -0.5%            -4.1%      +3.6pp   SAVE (market broke)
  2003-12-29  2004-02-20     37   +0.0%   +0.5%            +0.7%      -0.3pp   flat
  2004-11-17  2005-01-04     33   -1.5%   +0.1%            -0.3%      +0.4pp   flat
  2006-10-13  2007-01-25     70   +2.7%   +2.0%            +7.0%      -5.1pp   CAP (market kept rising)
  2007-10-05  2007-11-08     25   -5.4%   -0.4%            +1.1%      -1.5pp   SAVE (market broke)
  2008-06-05  2008-06-06      2   -3.5%   -0.9%            -6.1%      +5.2pp   SAVE (market broke)
  2009-04-03  2009-05-12     27   +2.1%   +0.3%            +3.5%      -3.3pp   CAP (market kept rising)
  2009-05-18  2009-05-20      3   -1.7%   -0.3%            -1.2%      +0.8pp   flat
  2009-05-26  2009-07-06     29   -0.7%   -0.2%            -2.3%      +2.1pp   flat
  2009-07-14  2009-10-29     77  +14.7%   +2.4%            +9.1%      -6.7pp   CAP (market kept rising)
  2009-11-05  2010-01-21     52   +4.3%   +1.0%            +6.6%      -5.6pp   CAP (market kept rising)
  2010-04-14  2010-05-05     16   -6.7%   -1.4%           -12.6%     +11.2pp   SAVE (market broke)
  2010-10-15  2011-03-09     99   +9.0%   +2.0%           +24.3%     -22.4pp   CAP (market kept rising)
  2012-02-09  2012-04-23     51   +2.9%   +0.7%            +4.9%      -4.2pp   CAP (market kept rising)
  2017-06-02  2017-06-30     21   -5.1%   -1.3%           -10.4%      +9.2pp   SAVE (market broke)
  2018-01-22  2018-02-02     10   -5.9%   -0.9%           -11.9%     +11.0pp   SAVE (market broke)
  2018-03-09  2018-03-21      9   -6.0%   -1.0%           -10.5%      +9.5pp   SAVE (market broke)
  2019-04-05  2019-05-10     25   -3.3%   -0.7%            -7.1%      +6.4pp   SAVE (market broke)
  2020-01-02  2020-02-24     36   -0.4%   +0.3%            +7.3%      -7.0pp   flat
  2020-06-02  2020-09-17     76  +13.3%   +1.8%           +12.1%     -10.3pp   CAP (market kept rising)
  2020-09-28  2020-10-27     22   -2.0%   -0.1%            -0.9%      +0.8pp   SAVE (market broke)
  2020-11-04  2021-02-24     76   +9.0%   +1.4%           +11.3%      -9.8pp   CAP (market kept rising)
  2021-04-13  2021-05-11     21   -7.0%   -1.4%           -14.0%     +12.6pp   SAVE (market broke)
  2021-11-19  2021-12-17     20   -5.8%   -1.5%           -12.8%     +11.3pp   SAVE (market broke)
  2023-02-02  2023-02-17     12   -5.7%   -1.0%            -7.9%      +6.9pp   SAVE (market broke)
  2023-03-31  2023-08-15     94  +13.0%   +4.2%           +12.5%      -8.3pp   CAP (market kept rising)
  2023-08-29  2023-09-19     15   -2.7%   -0.3%            -3.9%      +3.5pp   SAVE (market broke)
  2023-12-19  2024-04-12     79   +5.4%   +2.6%           +25.4%     -22.8pp   CAP (market kept rising)
  2024-06-12  2024-07-23     28   -2.3%   +0.3%            -5.2%      +5.5pp   SAVE (market broke)
  2024-12-16  2025-01-08     16   -5.8%   -1.3%           -13.8%     +12.5pp   SAVE (market broke)
  2025-06-30  2025-11-17     99   +8.1%   +3.5%           +24.9%     -21.4pp   CAP (market kept rising)
  2026-05-05  2026-07-15     49   +3.6%   +1.5%           +17.8%     -16.3pp   CAP (market kept rising)
  summary: CAP spells 14 (979 days) cost -154.0 log-pp total (-5.90/yr); SAVE spells 21 (284 days) earned +149.6 (+5.73/yr); all latched spells net -9.4 (-0.36/yr)
  biggest cap: ('2023-12-19', '2024-04-12') forgone 22.8pp; median cap 10.3pp
  biggest save: ('2021-04-13', '2021-05-11') saved 12.6pp; median save 6.4pp
  UP/DOWN CAPTURE vs QQQ (mean daily return on QQQ up days / down days, relative to QQQ's):
    live 50/50               up  0.93x  down  0.81x  ratio 1.14   best-10% QQQ days  0.58x  worst-10%  0.52x
    30/70 live trim          up  1.06x  down  0.93x  ratio 1.14   best-10% QQQ days  0.65x  worst-10%  0.59x
    30/70 latch + full cut   up  0.88x  down  0.74x  ratio 1.18   best-10% QQQ days  0.51x  worst-10%  0.45x
