======================================================================================================================================================
fall_protection_r5: release votes only when volatility is calm
======================================================================================================================================================

  REAL
  arm                       CAGR   dCAGR   MaxDD   EDGE  exSh F      dF      dS      dH   reb    exp  worst live episodes arm/live
  LIVE                    37.29%   +0.00  -18.6%  +0.00   1.376  +0.000  +0.000      -   45.1  67.2%  2021-23 bear -18.6/-18.6  Feb-Mar 2025 -17.8/-17.8  Sep-Oct 2023 -17.0/-17.0  Q4 2018 -15.0/-15.0  COVID -5.5/-5.5
  release: v10 < v30      34.95%   -2.34  -18.5%  -1.20   1.350  -0.026  -0.026      -   37.3  65.1%  2021-23 bear -18.5/-18.6  Feb-Mar 2025 -17.8/-17.8  Sep-Oct 2023 -17.0/-17.0  Q4 2018 -15.0/-15.0  COVID -0.1/-5.5
  release: v10 < 20%      35.78%   -1.51  -18.6%  -0.73   1.358  -0.018  -0.018      -   39.1  65.8%  2021-23 bear -18.6/-18.6  Feb-Mar 2025 -17.8/-17.8  Sep-Oct 2023 -17.0/-17.0  Q4 2018 -15.0/-15.0  COVID -0.1/-5.5
  latch until exit A      37.64%   +0.35  -17.8%  +0.98   1.515  +0.139  +0.139      -   30.5  60.7%  2021-23 bear -15.5/-18.6  Feb-Mar 2025 -17.8/-17.8  Sep-Oct 2023 -14.9/-17.0  Q4 2018 -15.0/-15.0  COVID -0.1/-5.5
  release new 20d high    37.90%   +0.61  -17.8%  +1.11   1.513  +0.137  +0.137      -   31.4  61.9%  2021-23 bear -15.5/-18.6  Feb-Mar 2025 -17.8/-17.8  Sep-Oct 2023 -14.9/-17.0  Q4 2018 -15.0/-15.0  COVID -0.1/-5.5

  PROXY
  arm                       CAGR   dCAGR   MaxDD   EDGE  exSh F      dF      dS      dH   reb    exp  worst live episodes arm/live
  LIVE                    25.46%   +0.00  -27.0%  +0.00   0.990  +0.000  +0.000  +0.000  47.9  62.2%  2005 -27.0/-27.0  dot-com -26.7/-26.7  GFC -25.4/-25.4  2021-23 bear -25.3/-25.3  COVID -5.6/-5.6
  release: v10 < v30      24.00%   -1.45  -27.2%  -1.92   0.969  -0.021  -0.018  -0.023  42.0  60.2%  2005 -27.2/-27.0  dot-com -26.7/-26.7  GFC -21.2/-25.4  2021-23 bear -25.2/-25.3  COVID -0.1/-5.6
  release: v10 < 20%      24.01%   -1.45  -27.0%  -1.69   0.958  -0.033  -0.021  -0.041  43.5  61.2%  2005 -27.0/-27.0  dot-com -23.9/-26.7  GFC -21.2/-25.4  2021-23 bear -25.3/-25.3  COVID -0.1/-5.6
  latch until exit A      24.80%   -0.66  -23.9%  +2.23   1.033  +0.043  +0.129  -0.014  35.5  56.6%  2005 -23.2/-27.0  dot-com -23.9/-26.7  GFC -21.2/-25.4  2021-23 bear -22.7/-25.3  COVID -0.1/-5.6
  release new 20d high    24.54%   -0.92  -23.9%  +1.93   1.017  +0.027  +0.131  -0.044  36.6  57.8%  2005 -23.2/-27.0  dot-com -23.9/-26.7  GFC -21.2/-25.4  2021-23 bear -22.7/-25.3  COVID -0.1/-5.6

  PROXY holdout 2000-2015 and its halves (CAGR / MaxDD / exSharpe)
  holdout  LIVE: 17.84% / -27.0% / 0.754 | release: v10 < v30: 16.72% / -27.2% / 0.731 | release: v10 < 20%: 16.44% / -27.0% / 0.713 | latch until exit A: 16.46% / -23.9% / 0.740 | release new 20d high: 15.83% / -23.9% / 0.710
  2000-07  LIVE: 10.43% / -27.0% / 0.416 | release: v10 < v30: 8.27% / -27.2% / 0.333 | release: v10 < 20%: 7.84% / -27.0% / 0.315 | latch until exit A: 8.72% / -23.9% / 0.361 | release new 20d high: 7.77% / -23.9% / 0.316
  2008-15  LIVE: 25.38% / -21.6% / 1.059 | release: v10 < v30: 25.42% / -21.2% / 1.090 | release: v10 < 20%: 25.30% / -21.2% / 1.059 | latch until exit A: 24.38% / -21.2% / 1.068 | release new 20d high: 24.09% / -21.2% / 1.054
  search   LIVE: 37.12% / -25.3% / 1.305 | release: v10 < v30: 35.11% / -25.2% / 1.286 | release: v10 < 20%: 35.60% / -25.3% / 1.283 | latch until exit A: 37.65% / -22.7% / 1.434 | release new 20d high: 38.04% / -22.7% / 1.436

  CALENDAR YEARS, first two arms minus live (pp)
  release: v10 < v30
  real: 2015:+0.0  2016:+0.0  2017:-0.8  2018:+14.1  2019:+4.0  2020:-12.7  2021:-6.8  2022:+0.0  2023:-0.6  2024:-7.4  2025:-4.0  2026:-15.6
        better 2, worse 7
  proxy: 2000:+0.0  2001:+0.0  2002:+0.0  2003:-22.4  2004:-0.7  2005:+0.0  2006:-1.4  2007:+0.9  2008:+0.4  2009:-2.0  2010:+9.2  2011:-5.1  2012:+0.7  2013:+0.0  2014:+0.0  2015:+0.0  2016:+0.0  2017:-0.7  2018:+14.1  2019:+5.0  2020:-14.6  2021:-7.5  2022:+0.0  2023:-0.2  2024:-3.5  2025:-4.2  2026:-14.3
        better 6, worse 12
  release: v10 < 20%
  real: 2015:+0.0  2016:+0.0  2017:+0.0  2018:+0.0  2019:+0.0  2020:-2.5  2021:-4.8  2022:+0.0  2023:+0.6  2024:+3.5  2025:-2.0  2026:-10.8
        better 2, worse 4
  proxy: 2000:+2.4  2001:+1.9  2002:+0.4  2003:-35.4  2004:+0.0  2005:+0.0  2006:+0.0  2007:-0.2  2008:+0.4  2009:-2.3  2010:+0.4  2011:+0.4  2012:+0.0  2013:+0.0  2014:+0.0  2015:+0.0  2016:+0.0  2017:+0.0  2018:+0.0  2019:+0.0  2020:-2.8  2021:-5.4  2022:+0.0  2023:+0.9  2024:+4.3  2025:-2.4  2026:-10.6
        better 8, worse 7

  PAIRED BLOCK BOOTSTRAP vs live (60-day blocks): excess-Sharpe 95% CI, P(not better); log-return CI
  release: v10 < v30     real Sh [-0.223, +0.171] P 0.62 | ret [-6.39, +2.81]pp   proxy Sh [-0.118, +0.073] P 0.69 | ret [-3.38, +0.98]pp
  release: v10 < 20%     real Sh [-0.125, +0.096] P 0.64 | ret [-3.79, +1.54]pp   proxy Sh [-0.109, +0.034] P 0.81 | ret [-3.07, +0.47]pp
  latch until exit A     real Sh [-0.091, +0.376] P 0.12 | ret [-5.26, +5.54]pp   proxy Sh [-0.088, +0.166] P 0.23 | ret [-3.72, +2.37]pp
  release new 20d high   real Sh [-0.095, +0.368] P 0.13 | ret [-5.08, +5.94]pp   proxy Sh [-0.095, +0.151] P 0.33 | ret [-3.64, +2.16]pp
  release: v10 < v30     real: A days with the trim on — live 477, arm 545 (of 2725 sessions)
  release: v10 < v30     proxy: A days with the trim on — live 1012, arm 1160 (of 6575 sessions)
  release: v10 < 20%     real: A days with the trim on — live 477, arm 515 (of 2725 sessions)
  release: v10 < 20%     proxy: A days with the trim on — live 1012, arm 1085 (of 6575 sessions)
  latch until exit A     real: A days with the trim on — live 477, arm 708 (of 2725 sessions)
  latch until exit A     proxy: A days with the trim on — live 1012, arm 1415 (of 6575 sessions)
