================================================================================================================================================================
fall_protection_r14: N-day high sweep for graded re-entry (floor) and one-step re-entry, base 30/70
================================================================================================================================================================

  REAL
  arm                     CAGR   MaxDD   EDGE   exSh  upCap   reb    2021    2024    2025    2026 2021-23 bear Feb-Mar 2025 Sep-Oct 2023
  live 50/50 (today)    37.29%  -18.6%  +0.00  1.376   1.00  45.1    49.2    66.8    37.3    38.8       -18.6%       -17.8%       -17.0%
  graded   N=5          40.80%  -21.2%  -0.84  1.438   1.04  36.9    48.4    67.4    26.7    25.5       -21.2%       -19.6%       -16.0%
  graded   N=10         45.02%  -19.6%  +2.78  1.597   1.01  35.0    83.0    76.4    28.8    25.3       -15.8%       -19.6%       -16.0%
  graded   N=15         45.54%  -19.6%  +2.78  1.616   1.01  34.7    83.0    79.6    28.8    25.3       -15.8%       -19.6%       -16.0%
  graded   N=20         45.34%  -19.6%  +2.78  1.612   1.01  34.7    83.0    79.6    28.5    25.3       -15.8%       -19.6%       -16.0%
  graded   N=30         45.21%  -19.6%  +2.78  1.608   1.01  34.3    83.0    79.6    28.5    25.3       -15.8%       -19.6%       -16.0%
  graded   N=40         45.21%  -19.6%  +2.78  1.608   1.01  34.3    83.0    79.6    28.5    25.3       -15.8%       -19.6%       -16.0%
  graded   N=60         45.25%  -19.6%  +2.78  1.610   1.01  34.0    83.0    79.6    28.5    25.3       -15.8%       -19.6%       -16.0%
  one-step N=5          38.57%  -21.7%  -2.47  1.362   1.01  33.1    47.5    53.9    21.5    24.7       -21.7%       -19.6%       -16.0%
  one-step N=10         43.03%  -19.6%  +2.00  1.544   0.97  31.6    94.5    67.8    20.9    25.0       -15.8%       -19.6%       -16.0%
  one-step N=15         45.05%  -19.6%  +2.78  1.612   0.97  31.4    94.5    80.6    20.9    25.0       -15.8%       -19.6%       -16.0%
  one-step N=20         44.83%  -19.6%  +2.78  1.606   0.97  31.4    94.5    80.6    20.7    25.0       -15.8%       -19.6%       -16.0%
  one-step N=30         44.83%  -19.6%  +2.78  1.606   0.97  31.4    94.5    80.6    20.7    25.0       -15.8%       -19.6%       -16.0%
  one-step N=40         44.83%  -19.6%  +2.78  1.606   0.97  31.4    94.5    80.6    20.7    25.0       -15.8%       -19.6%       -16.0%
  one-step N=60         44.83%  -19.6%  +2.78  1.606   0.97  31.4    94.5    80.6    20.7    25.0       -15.8%       -19.6%       -16.0%

  PROXY
  arm                     CAGR   MaxDD   EDGE   exSh  upCap   reb  holdCAGR  holdSh    2021    2024    2025    2026         2005      dot-com          GFC
  live 50/50 (today)    25.46%  -27.0%  +0.00  0.990   0.93  47.9    17.84%   0.754    53.2    62.7    36.5    39.2       -27.0%       -26.7%       -25.4%
  graded   N=5          26.28%  -28.7%  -0.68  0.988   0.95  41.3    17.30%   0.710    50.8    63.2    27.1    25.7       -27.7%       -24.5%       -18.8%
  graded   N=10         27.89%  -24.7%  +5.33  1.052   0.93  39.7    17.40%   0.717    85.9    71.6    28.9    25.6       -21.7%       -24.5%       -18.8%
  graded   N=15         28.13%  -24.7%  +5.67  1.061   0.93  39.4    17.51%   0.721    85.9    74.7    28.9    25.6       -21.7%       -24.5%       -18.8%
  graded   N=20         27.91%  -24.7%  +5.36  1.055   0.92  39.1    17.27%   0.713    85.9    74.7    28.6    25.6       -21.7%       -24.5%       -18.8%
  graded   N=30         27.86%  -24.7%  +5.30  1.054   0.92  39.0    17.27%   0.713    85.9    74.7    28.6    25.6       -21.7%       -24.5%       -18.8%
  graded   N=40         27.97%  -24.7%  +5.44  1.058   0.92  39.0    17.43%   0.720    85.9    74.7    28.6    25.6       -21.7%       -24.5%       -18.8%
  graded   N=60         27.98%  -24.7%  +5.46  1.059   0.92  38.9    17.43%   0.720    85.9    74.7    28.6    25.6       -21.7%       -24.5%       -18.8%
  one-step N=5          25.63%  -29.6%  -2.46  0.970   0.91  37.3    17.52%   0.725    49.3    52.0    21.5    25.4       -27.7%       -21.3%       -18.8%
  one-step N=10         27.87%  -24.7%  +5.30  1.059   0.89  36.3    18.46%   0.761    97.0    65.9    20.7    25.6       -21.5%       -21.3%       -18.8%
  one-step N=15         28.50%  -24.7%  +6.16  1.083   0.89  36.1    18.27%   0.755    97.0    78.4    20.7    25.6       -21.5%       -21.3%       -18.8%
  one-step N=20         28.31%  -24.7%  +5.90  1.077   0.89  35.9    18.08%   0.749    97.0    78.4    20.7    25.6       -21.5%       -21.3%       -18.8%
  one-step N=30         28.31%  -24.7%  +5.90  1.077   0.89  35.9    18.08%   0.749    97.0    78.4    20.7    25.6       -21.5%       -21.3%       -18.8%
  one-step N=40         28.26%  -24.7%  +5.83  1.075   0.89  35.9    18.00%   0.746    97.0    78.4    20.7    25.6       -21.5%       -21.3%       -18.8%
  one-step N=60         28.26%  -24.7%  +5.83  1.075   0.89  35.9    18.00%   0.746    97.0    78.4    20.7    25.6       -21.5%       -21.3%       -18.8%

  PAIRED BLOCK BOOTSTRAP, graded vs one-step at the same N (60-day blocks): excess-Sharpe 95% CI, P(graded not better)
  N=5   real [+0.014, +0.149] P 0.01   proxy [-0.041, +0.074] P 0.25
  N=10  real [-0.031, +0.141] P 0.12   proxy [-0.066, +0.046] P 0.61
  N=15  real [-0.069, +0.076] P 0.43   proxy [-0.076, +0.030] P 0.78
  N=20  real [-0.073, +0.078] P 0.43   proxy [-0.073, +0.030] P 0.78
  N=30  real [-0.072, +0.074] P 0.46   proxy [-0.079, +0.025] P 0.81
  N=40  real [-0.072, +0.073] P 0.46   proxy [-0.074, +0.034] P 0.75
  N=60  real [-0.076, +0.077] P 0.44   proxy [-0.073, +0.035] P 0.72
