========================================================================================================================
fall_protection_r24: drift band sweep under the live rule (v2 + carry 3), 4 bp one-way cost
========================================================================================================================

  REAL  base 50/50
  band             CAGR  Sharpe   MaxDD  reb/yr  cost/yr
  2%             40.85%   1.794  -17.7%    53.6    1.02%
  3%             40.93%   1.797  -17.8%    42.4    1.01%
  5% (live)      41.03%   1.797  -17.8%    32.1    1.00%
  7.5%           41.21%   1.801  -17.8%    28.6    1.00%
  10%            41.35%   1.802  -17.8%    26.4    0.99%
  15%            41.97%   1.822  -17.5%    23.2    0.98%
  regime only    38.70%   1.762  -17.5%    19.6    0.94%

  REAL  base 40/60
  band             CAGR  Sharpe   MaxDD  reb/yr  cost/yr
  2%             44.01%   1.801  -18.6%    52.1    1.03%
  3%             44.05%   1.803  -18.7%    40.6    1.02%
  5% (live)      44.18%   1.804  -18.7%    31.9    1.01%
  7.5%           44.34%   1.807  -18.7%    28.1    1.01%
  10%            44.57%   1.812  -18.7%    26.2    1.00%
  15%            45.14%   1.828  -18.4%    22.9    1.00%
  regime only    41.48%   1.769  -18.4%    19.6    0.96%

  PROXY  base 50/50
  band             CAGR  Sharpe   MaxDD  reb/yr  cost/yr  holdCAGR  holdSh
  2%             26.13%   1.196  -21.9%    53.1    1.02%    16.77%   0.840
  3%             26.12%   1.196  -21.9%    44.2    1.01%    16.72%   0.838
  5% (live)      26.11%   1.194  -21.9%    36.9    1.00%    16.64%   0.834
  7.5%           26.21%   1.197  -21.9%    33.8    1.00%    16.72%   0.837
  10%            26.14%   1.194  -21.9%    32.2    1.00%    16.65%   0.834
  15%            26.20%   1.196  -21.9%    29.7    0.99%    16.59%   0.831
  regime only    20.91%   0.894  -30.9%    17.7    0.65%    14.00%   0.676

  PROXY  base 40/60
  band             CAGR  Sharpe   MaxDD  reb/yr  cost/yr  holdCAGR  holdSh
  2%             27.83%   1.202  -22.6%    52.0    1.03%    17.67%   0.839
  3%             27.82%   1.201  -22.7%    43.5    1.02%    17.61%   0.837
  5% (live)      27.78%   1.199  -22.6%    36.5    1.02%    17.54%   0.834
  7.5%           27.83%   1.200  -22.8%    33.7    1.01%    17.52%   0.833
  10%            27.82%   1.199  -22.6%    31.9    1.01%    17.51%   0.832
  15%            27.90%   1.202  -22.4%    28.4    1.00%    17.44%   0.829
  regime only    22.11%   0.893  -32.8%    17.7    0.66%    14.64%   0.672

  50/50 bootstrap band 3%           vs 5% (live)  P(Sharpe not better) real 0.54  proxy 0.21
  50/50 bootstrap band 10%          vs 5% (live)  P(Sharpe not better) real 0.15  proxy 0.49
  50/50 bootstrap band regime only  vs 5% (live)  P(Sharpe not better) real 0.85  proxy 1.00
  40/60 bootstrap band 3%           vs 5% (live)  P(Sharpe not better) real 0.68  proxy 0.15
  40/60 bootstrap band 10%          vs 5% (live)  P(Sharpe not better) real 0.06  proxy 0.46
  40/60 bootstrap band regime only  vs 5% (live)  P(Sharpe not better) real 0.85  proxy 1.00
