======================================================================================================================================================
fall_protection_r8: latch + asymmetric trim, at 50/50, 40/60 and 30/70
======================================================================================================================================================
  live 50/50 (today)             rows at 0/1/2/3 votes (SPMO/TQQQ/cash): 50/50/0  33/33/33  17/17/67  0/0/100   leverage 2.00 -> 1.33 -> 0.67 -> 0.00
  30/70, nothing else            rows at 0/1/2/3 votes (SPMO/TQQQ/cash): 30/70/0  20/47/33  10/23/67  0/0/100   leverage 2.40 -> 1.60 -> 0.80 -> 0.00
  50/50 + latch + asymmetric     rows at 0/1/2/3 votes (SPMO/TQQQ/cash): 50/50/0  42/25/33  33/0/67  25/0/75   leverage 2.00 -> 1.17 -> 0.33 -> 0.25
  40/60 + latch + asymmetric     rows at 0/1/2/3 votes (SPMO/TQQQ/cash): 40/60/0  33/30/37  27/0/73  20/0/80   leverage 2.20 -> 1.23 -> 0.27 -> 0.20
  30/70 + latch + asymmetric     rows at 0/1/2/3 votes (SPMO/TQQQ/cash): 30/70/0  25/35/40  20/0/80  15/0/85   leverage 2.40 -> 1.30 -> 0.20 -> 0.15

  REAL  (2015-11-02 .. 2026-09-03)
  arm                               CAGR   dCAGR   MaxDD   EDGE   exSh     dSh  Calmar    vol  %time DD>10%    exp   reb
  live 50/50 (today)              37.29%   +0.00  -18.6%  +0.00  1.376  +0.000    2.01  23.4%         21.7%  67.2%  45.1
  30/70, nothing else             41.94%   +4.65  -23.0%  -1.97  1.342  -0.033    1.83  27.1%         31.4%  67.2%  44.9
  50/50 + latch + asymmetric      37.21%   -0.09  -17.8%  +0.76  1.515  +0.139    2.09  20.8%         13.2%  63.8%  31.3
  40/60 + latch + asymmetric      39.57%   +2.28  -18.7%  +1.07  1.511  +0.135    2.12  22.2%         18.8%  62.5%  31.1
  30/70 + latch + asymmetric      41.88%   +4.59  -19.6%  +1.38  1.500  +0.124    2.14  23.7%         23.3%  61.3%  30.7
  worst live episodes and 2022:
    2021-23 bear              live  -18.6%   30/70,  -23.0%   50/50+  -14.6%   40/60+  -16.3%   30/70+  -18.1%
    Feb-Mar 2025              live  -17.8%   30/70,  -19.6%   50/50+  -17.8%   40/60+  -18.7%   30/70+  -19.6%
    Sep-Oct 2023              live  -17.0%   30/70,  -19.2%   50/50+  -14.9%   40/60+  -15.5%   30/70+  -16.0%
    Q4 2018                   live  -15.0%   30/70,  -16.6%   50/50+  -15.0%   40/60+  -15.8%   30/70+  -16.6%
    COVID                     live   -5.5%   30/70,   -6.6%   50/50+   -1.7%   40/60+   -1.3%   30/70+   -1.0%
    calendar 2022 (DD)        live  -12.0%   30/70,  -14.6%   50/50+  -12.0%   40/60+  -13.0%   30/70+  -14.6%

  PROXY  (2000-07-03 .. 2026-08-26)
  arm                               CAGR   dCAGR   MaxDD   EDGE   exSh     dSh  Calmar    vol  %time DD>10%    exp   reb
  live 50/50 (today)              25.46%   +0.00  -27.0%  +0.00  0.990  +0.000    0.94  23.8%         45.5%  62.2%  47.9
  30/70, nothing else             28.35%   +2.90  -31.3%  -0.60  0.983  -0.007    0.91  27.2%         50.1%  62.2%  47.7
  50/50 + latch + asymmetric      24.66%   -0.80  -23.3%  +2.74  1.035  +0.045    1.06  21.7%         36.7%  59.2%  35.6
  40/60 + latch + asymmetric      26.06%   +0.60  -24.3%  +3.46  1.038  +0.048    1.07  23.0%         38.0%  58.2%  35.4
  30/70 + latch + asymmetric      27.41%   +1.96  -25.5%  +3.95  1.038  +0.048    1.08  24.4%         39.4%  57.1%  35.1
  worst live episodes and 2022:
    2005                      live  -27.0%   30/70,  -28.2%   50/50+  -21.9%   40/60+  -21.7%   30/70+  -21.5%
    dot-com                   live  -26.7%   30/70,  -31.1%   50/50+  -23.3%   40/60+  -24.3%   30/70+  -25.5%
    GFC                       live  -25.4%   30/70,  -28.4%   50/50+  -20.8%   40/60+  -21.3%   30/70+  -21.8%
    2021-23 bear              live  -25.3%   30/70,  -28.5%   50/50+  -21.9%   40/60+  -23.0%   30/70+  -24.0%
    COVID                     live   -5.6%   30/70,   -6.7%   50/50+   -2.4%   40/60+   -1.9%   30/70+   -1.4%
    calendar 2022 (DD)        live  -18.5%   30/70,  -20.7%   50/50+  -18.5%   40/60+  -19.6%   30/70+  -20.7%

  PROXY: search 2015+ vs holdout 2000-2015 (CAGR / MaxDD / exSharpe)
  search 2015+     live 50/50 (today)              37.12% /  -25.3% / 1.305
  search 2015+     30/70, nothing else             41.60% /  -28.5% / 1.289
  search 2015+     50/50 + latch + asymmetric      36.92% /  -21.9% / 1.422
  search 2015+     40/60 + latch + asymmetric      39.15% /  -23.0% / 1.426
  search 2015+     30/70 + latch + asymmetric      41.37% /  -24.0% / 1.426
  holdout 2000-15  live 50/50 (today)              17.84% /  -27.0% / 0.754
  holdout 2000-15  30/70, nothing else             19.77% /  -31.3% / 0.753
  holdout 2000-15  50/50 + latch + asymmetric      16.68% /  -23.3% / 0.752
  holdout 2000-15  40/60 + latch + asymmetric      17.58% /  -24.3% / 0.756
  holdout 2000-15  30/70 + latch + asymmetric      18.41% /  -25.5% / 0.755

  REAL calendar-year returns (%) and QQQ / SPY-proxy reference
  year    live 50/50 (to  30/70, nothing  50/50 + latch   40/60 + latch   30/70 + latch       QQQ
  2015             -10.8           -14.6           -10.8           -12.7           -14.6     -4.5
  2016              21.0            19.7            21.0            20.4            19.7      9.2
  2017              73.7            92.0            78.6            88.8            99.6     32.6
  2018               8.3             7.2            28.2            31.0            33.7     -2.3
  2019              48.3            57.1            51.0            56.0            61.3     39.6
  2020              54.9            66.6            34.7            35.8            36.4     43.1
  2021              49.2            54.0            69.6            76.2            82.7     29.9
  2022             -10.3           -13.6           -10.3           -12.0           -13.6    -34.2
  2023              55.1            71.8            61.0            69.9            79.3     52.2
  2024              66.8            73.9            59.3            62.2            65.0     26.7
  2025              37.3            40.0            23.9            23.4            22.9     20.2
  2026              38.8            44.2            26.0            26.8            27.7     17.3

  GROWTH OF $222,246 (today's account) over the real history, each arm, and the worst dollar drawdown
  live 50/50 (today)             x    30.8 over 10.8 yrs;  a -18.6% drawdown on $222,246 = $41,252
  30/70, nothing else            x    44.1 over 10.8 yrs;  a -23.0% drawdown on $222,246 = $51,020
  50/50 + latch + asymmetric     x    30.6 over 10.8 yrs;  a -17.8% drawdown on $222,246 = $39,472
  40/60 + latch + asymmetric     x    36.8 over 10.8 yrs;  a -18.7% drawdown on $222,246 = $41,495
  30/70 + latch + asymmetric     x    43.9 over 10.8 yrs;  a -19.6% drawdown on $222,246 = $43,498

  PAIRED BLOCK BOOTSTRAP vs live (60-day blocks): excess-Sharpe and log-return 95% CI, P(not better)
  30/70, nothing else            real Sh [-0.090, +0.026] P 0.87 ret [+0.37, +6.52]pp P 0.02   proxy Sh [-0.034, +0.021] P 0.69 ret [+0.73, +3.87]pp P 0.00
  50/50 + latch + asymmetric     real Sh [-0.106, +0.381] P 0.14 ret [-5.84, +5.51]pp P 0.50   proxy Sh [-0.074, +0.172] P 0.23 ret [-3.50, +2.35]pp P 0.64
  40/60 + latch + asymmetric     real Sh [-0.123, +0.386] P 0.16 ret [-4.56, +7.62]pp P 0.30   proxy Sh [-0.078, +0.182] P 0.23 ret [-2.52, +3.73]pp P 0.36
  30/70 + latch + asymmetric     real Sh [-0.152, +0.387] P 0.19 ret [-3.46, +9.92]pp P 0.17   proxy Sh [-0.085, +0.192] P 0.24 ret [-1.71, +5.00]pp P 0.18
