======================================================================================================================================================
fall_protection_r6: trim SHAPE (cut TQQQ only / asymmetric) under the live release and the latch
======================================================================================================================================================
  identity check passed: proportional + live release reproduces live exactly on both harnesses

  REAL
  release / shape                   CAGR   dCAGR   MaxDD   EDGE  exSh F      dF      dS      dH   reb    exp  worst live episodes arm/live
  live  proportional              37.29%   -0.00  -18.6%  -0.00   1.376  -0.000  -0.000      -   45.1  67.2%  2021-23 bear -18.6/-18.6  Feb-Mar 2025 -17.8/-17.8  Sep-Oct 2023 -17.0/-17.0  Q4 2018 -15.0/-15.0
  live  TQQQ only -> cash         37.26%   -0.03  -18.5%  +0.03   1.357  -0.019  -0.019      -   46.2  73.1%  2021-23 bear -18.5/-18.6  Feb-Mar 2025 -17.8/-17.8  Sep-Oct 2023 -17.2/-17.0  Q4 2018 -15.0/-15.0
  live  TQQQ only -> SPMO         36.78%   -0.52  -18.5%  -0.19   1.311  -0.065  -0.065      -   47.3  78.9%  2021-23 bear -18.5/-18.6  Feb-Mar 2025 -17.8/-17.8  Sep-Oct 2023 -17.4/-17.0  Q4 2018 -15.0/-15.0
  live  TQQQ first, then SPMO     37.53%   +0.23  -18.3%  +0.39   1.389  +0.013  +0.013      -   45.3  68.3%  2021-23 bear -18.3/-18.6  Feb-Mar 2025 -17.8/-17.8  Sep-Oct 2023 -16.8/-17.0  Q4 2018 -15.0/-15.0
  live  asymmetric 1/2 : 1/6      37.65%   +0.35  -18.3%  +0.43   1.395  +0.020  +0.020      -   45.4  69.0%  2021-23 bear -18.3/-18.6  Feb-Mar 2025 -17.8/-17.8  Sep-Oct 2023 -16.8/-17.0  Q4 2018 -15.0/-15.0
  latch proportional              37.64%   +0.35  -17.8%  +0.98   1.515  +0.139  +0.139      -   30.5  60.7%  2021-23 bear -15.5/-18.6  Feb-Mar 2025 -17.8/-17.8  Sep-Oct 2023 -14.9/-17.0  Q4 2018 -15.0/-15.0
  latch TQQQ only -> cash         37.81%   +0.51  -17.8%  +1.07   1.484  +0.108  +0.108      -   33.1  69.9%  2021-23 bear -16.2/-18.6  Feb-Mar 2025 -17.8/-17.8  Sep-Oct 2023 -14.9/-17.0  Q4 2018 -15.0/-15.0
  latch TQQQ only -> SPMO         37.71%   +0.42  -17.8%  +1.02   1.413  +0.037  +0.037      -   35.0  78.9%  2021-23 bear -16.9/-18.6  Feb-Mar 2025 -17.8/-17.8  Sep-Oct 2023 -15.7/-17.0  Q4 2018 -15.0/-15.0
  latch TQQQ first, then SPMO     37.20%   -0.09  -17.8%  +0.76   1.513  +0.137  +0.137      -   30.7  62.3%  2021-23 bear -14.9/-18.6  Feb-Mar 2025 -17.8/-17.8  Sep-Oct 2023 -14.9/-17.0  Q4 2018 -15.0/-15.0
  latch asymmetric 1/2 : 1/6      37.21%   -0.09  -17.8%  +0.76   1.515  +0.139  +0.139      -   31.3  63.8%  2021-23 bear -14.6/-18.6  Feb-Mar 2025 -17.8/-17.8  Sep-Oct 2023 -14.9/-17.0  Q4 2018 -15.0/-15.0

  PROXY
  release / shape                   CAGR   dCAGR   MaxDD   EDGE  exSh F      dF      dS      dH   reb    exp  worst live episodes arm/live
  live  proportional              25.46%   +0.00  -27.0%  +0.00   0.990  -0.000  +0.000  -0.000  47.9  62.2%  2005 -27.0/-27.0  dot-com -26.7/-26.7  GFC -25.4/-25.4  2021-23 bear -25.3/-25.3
  live  TQQQ only -> cash         25.14%   -0.32  -27.4%  -0.80   0.968  -0.023  -0.027  -0.020  48.9  67.1%  2005 -27.3/-27.0  dot-com -27.3/-26.7  GFC -26.4/-25.4  2021-23 bear -25.4/-25.3
  live  TQQQ only -> SPMO         24.45%   -1.01  -28.6%  -2.89   0.927  -0.063  -0.080  -0.053  50.1  71.9%  2005 -27.6/-27.0  dot-com -27.9/-26.7  GFC -27.4/-25.4  2021-23 bear -25.6/-25.3
  live  TQQQ first, then SPMO     25.62%   +0.16  -26.8%  +0.39   0.999  +0.009  +0.011  +0.008  48.1  63.3%  2005 -26.8/-27.0  dot-com -26.3/-26.7  GFC -24.9/-25.4  2021-23 bear -25.2/-25.3
  live  asymmetric 1/2 : 1/6      25.63%   +0.17  -26.6%  +0.57   1.002  +0.012  +0.013  +0.010  48.0  63.5%  2005 -26.6/-27.0  dot-com -26.1/-26.7  GFC -24.4/-25.4  2021-23 bear -25.2/-25.3
  latch proportional              24.80%   -0.66  -23.9%  +2.23   1.033  +0.043  +0.129  -0.014  35.5  56.6%  2005 -23.2/-27.0  dot-com -23.9/-26.7  GFC -21.2/-25.4  2021-23 bear -22.7/-25.3
  latch TQQQ only -> cash         24.66%   -0.80  -24.7%  +1.34   1.009  +0.018  +0.079  -0.023  37.1  64.3%  2005 -24.5/-27.0  dot-com -24.7/-26.7  GFC -21.7/-25.4  2021-23 bear -23.4/-25.3
  latch TQQQ only -> SPMO         24.30%   -1.16  -26.1%  -0.53   0.962  -0.029  -0.003  -0.048  38.6  71.9%  2005 -25.8/-27.0  dot-com -26.1/-26.7  GFC -22.2/-25.4  2021-23 bear -24.2/-25.3
  latch TQQQ first, then SPMO     24.82%   -0.63  -23.6%  +2.59   1.039  +0.049  +0.136  -0.008  35.5  57.9%  2005 -22.6/-27.0  dot-com -23.6/-26.7  GFC -21.0/-25.4  2021-23 bear -22.2/-25.3
  latch asymmetric 1/2 : 1/6      24.66%   -0.80  -23.3%  +2.74   1.035  +0.045  +0.118  -0.002  35.6  59.2%  2005 -21.9/-27.0  dot-com -23.3/-26.7  GFC -20.8/-25.4  2021-23 bear -21.9/-25.3

  PROXY holdout 2000-2015 (CAGR / MaxDD / exSharpe)
  live  proportional              17.84% /  -27.0% / 0.754
  live  TQQQ only -> cash         17.50% /  -27.4% / 0.734
  live  TQQQ only -> SPMO         16.90% /  -28.6% / 0.702
  live  TQQQ first, then SPMO     17.97% /  -26.8% / 0.762
  live  asymmetric 1/2 : 1/6      17.98% /  -26.6% / 0.764
  latch proportional              16.46% /  -23.9% / 0.740
  latch TQQQ only -> cash         16.52% /  -24.7% / 0.731
  latch TQQQ only -> SPMO         16.38% /  -26.1% / 0.707
  latch TQQQ first, then SPMO     16.55% /  -23.6% / 0.746
  latch asymmetric 1/2 : 1/6      16.68% /  -23.3% / 0.752

  REAL calendar years 2018 / 2020 / 2021 / 2024 / 2025 / 2026, arm minus live (pp)
  live  proportional             2018   +0.0  2020   -0.0  2021   +0.0  2024   +0.0  2025   +0.0  2026   +0.0
  live  TQQQ only -> cash        2018   -0.4  2020   +2.4  2021   -1.7  2024   +1.2  2025   -3.1  2026   -1.3
  live  TQQQ only -> SPMO        2018   -1.1  2020   +3.3  2021   -3.9  2024   +0.9  2025   -6.6  2026   -2.9
  live  TQQQ first, then SPMO    2018   +0.7  2020   -1.9  2021   +1.0  2024   -0.8  2025   -0.6  2026   -1.3
  live  asymmetric 1/2 : 1/6     2018   +0.1  2020   -3.0  2021   +1.5  2024   +0.8  2025   +0.1  2026   -2.6
  latch proportional             2018  +19.6  2020  -14.4  2021  +19.4  2024  -10.4  2025   -6.5  2026  -12.2
  latch TQQQ only -> cash        2018  +13.7  2020   -9.9  2021  +12.2  2024   -2.9  2025   -8.3  2026   -9.7
  latch TQQQ only -> SPMO        2018   +8.0  2020   -6.4  2021   +4.7  2024   +4.4  2025  -10.2  2026   -7.1
  latch TQQQ first, then SPMO    2018  +20.7  2020  -19.1  2021  +20.6  2024  -10.1  2025  -10.3  2026  -13.0
  latch asymmetric 1/2 : 1/6     2018  +19.9  2020  -20.1  2021  +20.3  2024   -7.5  2025  -13.5  2026  -12.9

  PAIRED BLOCK BOOTSTRAP vs live (60-day blocks): excess-Sharpe 95% CI, P(not better)
  live  TQQQ only -> cash        real [-0.075, +0.033] P 0.76   proxy [-0.055, +0.010] P 0.91
  live  TQQQ only -> SPMO        real [-0.170, +0.040] P 0.90   proxy [-0.129, +0.000] P 0.97
  live  TQQQ first, then SPMO    real [-0.019, +0.049] P 0.23   proxy [-0.001, +0.019] P 0.03
  live  asymmetric 1/2 : 1/6     real [-0.020, +0.062] P 0.17   proxy [-0.012, +0.034] P 0.15
  latch proportional             real [-0.097, +0.363] P 0.13   proxy [-0.081, +0.164] P 0.23
  latch TQQQ only -> cash        real [-0.069, +0.279] P 0.11   proxy [-0.078, +0.107] P 0.36
  latch TQQQ only -> SPMO        real [-0.108, +0.178] P 0.31   proxy [-0.121, +0.054] P 0.75
  latch TQQQ first, then SPMO    real [-0.115, +0.388] P 0.16   proxy [-0.078, +0.173] P 0.25
  latch asymmetric 1/2 : 1/6     real [-0.114, +0.385] P 0.13   proxy [-0.085, +0.173] P 0.25
