============================================================================================================================================
fall_protection_r23: stepped TQQQ cut per held vote at the 25/75 base (v2 hold, carry 3)
============================================================================================================================================

  REAL
  arm                       CAGR  Sharpe   MaxDD   reb   exp   2018   2020   2021   2022   2024   2025   2026
  50/50 all-out (live)    41.03%   1.797  -17.8%  32.1  0.63   40.2   34.8   83.6  -10.1   69.6   22.7   24.1
  30/70 all-out           47.36%   1.802  -19.6%  31.5  0.60   50.8   36.3  103.3  -13.4   80.6   20.9   25.0
  25/75 all-out           48.88%   1.796  -20.0%  30.8  0.59   53.7   37.0  108.3  -14.2   83.4   20.4   25.0
  25/75 step 2/3          47.66%   1.742  -20.0%  31.2  0.61   54.2   37.9  102.7  -14.2   72.4   27.9   26.9
  25/75 step 1/2          46.91%   1.701  -20.6%  31.3  0.62   54.4   38.3   99.4  -14.2   66.8   31.7   27.9
  25/75 step 1/3          47.27%   1.672  -21.9%  32.0  0.64   48.6   51.0   92.5  -14.2   65.9   37.9   30.9

  PROXY
  arm                       CAGR  Sharpe   MaxDD   reb   exp  holdCAGR  holdSh  worst episodes (2005, dot-com, GFC)
  50/50 all-out (live)    26.11%   1.194  -21.9%  36.9  0.59    16.64%   0.834  -21.9% / -20.2% / -18.6%
  30/70 all-out           29.42%   1.200  -24.7%  36.1  0.56    18.36%   0.830  -21.5% / -21.3% / -18.8%
  25/75 all-out           30.24%   1.199  -25.8%  36.0  0.56    18.76%   0.827  -21.4% / -21.6% / -18.8%
  25/75 step 2/3          29.93%   1.179  -25.8%  36.1  0.57    18.99%   0.830  -21.4% / -24.6% / -21.0%
  25/75 step 1/2          29.74%   1.164  -26.4%  36.3  0.57    19.09%   0.828  -21.4% / -26.0% / -22.0%
  25/75 step 1/3          29.22%   1.126  -28.4%  36.8  0.60    18.08%   0.782  -24.2% / -28.4% / -23.1%

  bootstrap 25/75 step 2/3  vs 25/75 all-out  P(Sharpe not better) real 0.89  proxy 0.80
  bootstrap 25/75 step 1/2  vs 25/75 all-out  P(Sharpe not better) real 0.93  proxy 0.84
  bootstrap 25/75 step 1/3  vs 25/75 all-out  P(Sharpe not better) real 0.90  proxy 0.92
