======================================================================================================================================================
RESEARCH LINE fall_protection_study (2026-09-22): protection DURING the fall, inside state A. 12 pre-registered arms.
======================================================================================================================================================
  LIVE real   37.29% / MaxDD -18.6% / exSh F 1.376 S 1.376 H nan / reb 45.1
  LIVE proxy  25.46% / MaxDD -27.0% / exSh F 0.990 S 1.305 H 0.754 / reb 47.9

  REAL   edge = MaxDD vs flat-leverage null at the same CAGR (+ = shallower than holding less)
  arm                               CAGR   dCAGR   MaxDD    dDD   EDGE  exSh F      dF     dS     dH   reb   on%  worst live episodes (arm vs live)
  LIVE                            37.29%   +0.00  -18.6%   +0.0  +0.00   1.376  +0.000 +0.000     -   45.1  0.0%  2021-23 bear -18.6/-18.6  Feb-Mar 2025 -17.8/-17.8  Sep-Oct 2023 -17.0/-17.0  Q4 2018 -15.0/-15.0  COVID -5.5/-5.5
  trim memory 5d                  34.59%   -2.70  -18.3%   +0.3  -1.20   1.356  -0.020 -0.020     -   33.9  0.0%  2021-23 bear -18.3/-18.6  Feb-Mar 2025 -17.8/-17.8  Sep-Oct 2023 -16.1/-17.0  Q4 2018 -15.0/-15.0  COVID -0.1/-5.5
  trim memory 10d                 38.45%   +1.16  -17.8%   +0.8  +1.40   1.522  +0.146 +0.146     -   32.6  0.0%  2021-23 bear -17.2/-18.6  Feb-Mar 2025 -17.8/-17.8  Sep-Oct 2023 -15.0/-17.0  Q4 2018 -15.0/-15.0  COVID -0.1/-5.5
  trim memory 20d                 38.70%   +1.41  -17.8%   +0.8  +1.53   1.571  +0.195 +0.195     -   31.1  0.0%  2021-23 bear -15.5/-18.6  Feb-Mar 2025 -17.8/-17.8  Sep-Oct 2023 -14.7/-17.0  Q4 2018 -15.0/-15.0  COVID -0.1/-5.5
  trim memory 40d                 38.70%   +1.40  -17.7%   +0.9  +1.63   1.627  +0.251 +0.251     -   29.1  0.0%  2021-23 bear -14.5/-18.6  Feb-Mar 2025 -17.7/-17.8  Sep-Oct 2023 -11.1/-17.0  Q4 2018 -15.0/-15.0  COVID -0.1/-5.5
  QQQ 4% off 20d high, HALF       37.94%   +0.65  -19.9%   -1.3  -1.01   1.418  +0.042 +0.042     -   47.8  2.7%  2021-23 bear -19.9/-18.6  Feb-Mar 2025 -17.8/-17.8  Sep-Oct 2023 -17.0/-17.0  Q4 2018 -14.8/-15.0  COVID -4.2/-5.5
  QQQ 4% off 20d high, ALL        38.46%   +1.17  -21.4%   -2.8  -2.21   1.450  +0.075 +0.075     -   47.8  2.7%  2021-23 bear -21.4/-18.6  Feb-Mar 2025 -17.8/-17.8  Sep-Oct 2023 -17.0/-17.0  Q4 2018 -14.8/-15.0  COVID -2.8/-5.5
  QQQ 6% off 20d high, HALF       37.54%   +0.24  -18.6%   +0.0  +0.13   1.389  +0.013 +0.013     -   45.4  0.6%  2021-23 bear -18.6/-18.6  Feb-Mar 2025 -17.8/-17.8  Sep-Oct 2023 -17.0/-17.0  Q4 2018 -15.0/-15.0  COVID -4.2/-5.5
  QQQ 6% off 20d high, ALL        37.79%   +0.50  -18.6%   -0.0  +0.26   1.401  +0.025 +0.025     -   45.4  0.6%  2021-23 bear -18.6/-18.6  Feb-Mar 2025 -17.8/-17.8  Sep-Oct 2023 -17.0/-17.0  Q4 2018 -15.0/-15.0  COVID -2.8/-5.5
  QQQ 8% off 20d high, HALF       37.23%   -0.07  -18.6%   +0.0  -0.03   1.374  -0.002 -0.002     -   45.2  0.4%  2021-23 bear -18.6/-18.6  Feb-Mar 2025 -17.8/-17.8  Sep-Oct 2023 -17.0/-17.0  Q4 2018 -15.0/-15.0  COVID -5.5/-5.5
  QQQ 8% off 20d high, ALL        37.17%   -0.12  -18.6%   +0.0  -0.06   1.372  -0.003 -0.003     -   45.2  0.4%  2021-23 bear -18.6/-18.6  Feb-Mar 2025 -17.8/-17.8  Sep-Oct 2023 -17.0/-17.0  Q4 2018 -15.0/-15.0  COVID -5.5/-5.5
  QQQ < 10d SMA, HALF             35.26%   -2.03  -18.1%   +0.5  -0.53   1.399  +0.023 +0.023     -   62.8 17.3%  2021-23 bear -18.1/-18.6  Feb-Mar 2025 -16.4/-17.8  Sep-Oct 2023 -15.9/-17.0  Q4 2018 -14.7/-15.0  COVID -4.2/-5.5
  QQQ < 10d SMA, ALL              32.96%   -4.34  -17.8%   +0.8  -1.64   1.379  +0.003 +0.003     -   62.9 17.3%  2021-23 bear -17.8/-18.6  Feb-Mar 2025 -15.1/-17.8  Sep-Oct 2023 -14.8/-17.0  Q4 2018 -14.5/-15.0  COVID -2.8/-5.5

  PROXY   edge = MaxDD vs flat-leverage null at the same CAGR (+ = shallower than holding less)
  arm                               CAGR   dCAGR   MaxDD    dDD   EDGE  exSh F      dF     dS     dH   reb   on%  worst live episodes (arm vs live)
  LIVE                            25.46%   +0.00  -27.0%   +0.0  +0.00   0.990  +0.000 +0.000 +0.000  47.9  0.0%  2005 -27.0/-27.0  dot-com -26.7/-26.7  GFC -25.4/-25.4  2021-23 bear -25.3/-25.3  COVID -5.6/-5.6
  trim memory 5d                  23.27%   -2.19  -26.6%   +0.4  -2.13   0.951  -0.040 -0.010 -0.059  38.4  0.0%  2005 -26.6/-27.0  dot-com -23.9/-26.7  GFC -21.2/-25.4  2021-23 bear -25.3/-25.3  COVID -0.1/-5.6
  trim memory 10d                 24.32%   -1.14  -27.0%   -0.0  -1.39   1.005  +0.015 +0.143 -0.075  37.1  0.0%  2005 -27.0/-27.0  dot-com -23.9/-26.7  GFC -21.2/-25.4  2021-23 bear -24.0/-25.3  COVID -0.1/-5.6
  trim memory 20d                 24.66%   -0.79  -23.9%   +3.0  +2.07   1.033  +0.043 +0.186 -0.052  35.8  0.0%  2005 -23.2/-27.0  dot-com -23.9/-26.7  GFC -21.2/-25.4  2021-23 bear -22.7/-25.3  COVID -0.1/-5.6
  trim memory 40d                 24.57%   -0.89  -23.9%   +3.0  +1.96   1.048  +0.057 +0.226 -0.047  34.9  0.0%  2005 -23.2/-27.0  dot-com -23.9/-26.7  GFC -21.2/-25.4  2021-23 bear -21.5/-25.3  COVID -0.1/-5.6
  QQQ 4% off 20d high, HALF       25.42%   -0.04  -27.0%   -0.1  -0.12   1.001  +0.010 +0.028 -0.002  50.7  2.4%  2005 -27.0/-27.0  dot-com -24.4/-26.7  GFC -24.2/-25.4  2021-23 bear -26.4/-25.3  COVID -4.2/-5.6
  QQQ 4% off 20d high, ALL        25.31%   -0.14  -27.6%   -0.6  -0.77   1.006  +0.016 +0.050 -0.008  50.7  2.4%  2005 -27.1/-27.0  dot-com -22.2/-26.7  GFC -23.0/-25.4  2021-23 bear -27.6/-25.3  COVID -2.9/-5.6
  QQQ 6% off 20d high, HALF       25.45%   -0.01  -27.0%   -0.0  -0.01   0.993  +0.002 +0.011 -0.004  48.4  0.4%  2005 -27.0/-27.0  dot-com -24.8/-26.7  GFC -25.4/-25.4  2021-23 bear -25.3/-25.3  COVID -4.2/-5.6
  QQQ 6% off 20d high, ALL        25.42%   -0.04  -27.0%   -0.0  -0.05   0.994  +0.004 +0.021 -0.009  48.4  0.4%  2005 -27.0/-27.0  dot-com -23.0/-26.7  GFC -25.4/-25.4  2021-23 bear -25.3/-25.3  COVID -2.9/-5.6
  QQQ 8% off 20d high, HALF       25.51%   +0.05  -27.0%   -0.0  +0.06   0.992  +0.002 -0.002 +0.005  48.0  0.2%  2005 -27.0/-27.0  dot-com -25.6/-26.7  GFC -25.4/-25.4  2021-23 bear -25.3/-25.3  COVID -5.6/-5.6
  QQQ 8% off 20d high, ALL        25.55%   +0.09  -27.0%   -0.0  +0.12   0.994  +0.004 -0.004 +0.009  48.0  0.2%  2005 -27.0/-27.0  dot-com -24.5/-26.7  GFC -25.4/-25.4  2021-23 bear -25.3/-25.3  COVID -5.6/-5.6
  QQQ < 10d SMA, HALF             23.31%   -2.14  -26.0%   +1.0  -1.50   0.970  -0.021 +0.023 -0.053  65.8 16.2%  2005 -26.0/-27.0  dot-com -24.7/-26.7  GFC -23.2/-25.4  2021-23 bear -24.9/-25.3  COVID -4.2/-5.6
  QQQ < 10d SMA, ALL              20.98%   -4.47  -25.2%   +1.7  -3.25   0.924  -0.066 +0.020 -0.130  65.8 16.2%  2005 -25.2/-27.0  dot-com -22.7/-26.7  GFC -21.0/-25.4  2021-23 bear -24.6/-25.3  COVID -2.9/-5.6

  PAIRED BLOCK BOOTSTRAP vs live (60-day blocks, 2000 draws): excess-Sharpe 95% CI and P(not better)
  trim memory 5d                 real [-0.219, +0.176] P 0.58   proxy [-0.127, +0.049] P 0.80
  trim memory 10d                real [-0.133, +0.459] P 0.16   proxy [-0.120, +0.158] P 0.44
  trim memory 20d                real [-0.111, +0.511] P 0.10   proxy [-0.101, +0.194] P 0.28
  trim memory 40d                real [-0.064, +0.575] P 0.06   proxy [-0.083, +0.221] P 0.22
  QQQ 4% off 20d high, HALF      real [-0.008, +0.093] P 0.05   proxy [-0.015, +0.036] P 0.21
  QQQ 4% off 20d high, ALL       real [-0.021, +0.177] P 0.07   proxy [-0.037, +0.071] P 0.29
  QQQ 6% off 20d high, HALF      real [-0.008, +0.042] P 0.16   proxy [-0.013, +0.019] P 0.39
  QQQ 6% off 20d high, ALL       real [-0.016, +0.083] P 0.16   proxy [-0.026, +0.033] P 0.41
  QQQ 8% off 20d high, HALF      real [-0.006, +0.000] P 0.99   proxy [-0.002, +0.008] P 0.38
  QQQ 8% off 20d high, ALL       real [-0.011, +0.000] P 0.99   proxy [-0.004, +0.016] P 0.35
  QQQ < 10d SMA, HALF            real [-0.078, +0.122] P 0.32   proxy [-0.069, +0.027] P 0.79
  QQQ < 10d SMA, ALL             real [-0.209, +0.208] P 0.51   proxy [-0.172, +0.041] P 0.89

  done in 78s
