================================================================================================================================================================
fall_protection_r9: at 30/70, should the de-leverage be quicker?
================================================================================================================================================================
  live 50/50 (today)                               50.0/50.0/ 0.0  33.3/33.3/33.3  16.7/16.7/66.7   0.0/ 0.0/100.0   lev 2.00->1.33->0.67->0.00
  30/70 latch TQQQ 1/3 SPMO 1/6                    30.0/70.0/ 0.0  25.0/46.7/28.3  20.0/23.3/56.7  15.0/ 0.0/85.0   lev 2.40->1.65->0.90->0.15
  30/70 latch TQQQ 1/2 SPMO 1/6  <- current 30/70+both 30.0/70.0/ 0.0  25.0/35.0/40.0  20.0/ 0.0/80.0  15.0/ 0.0/85.0   lev 2.40->1.30->0.20->0.15
  30/70 latch TQQQ 2/3 SPMO 1/6                    30.0/70.0/ 0.0  25.0/23.3/51.7  20.0/ 0.0/80.0  15.0/ 0.0/85.0   lev 2.40->0.95->0.20->0.15
  30/70 latch TQQQ 1 SPMO 1/6                      30.0/70.0/ 0.0  25.0/ 0.0/75.0  20.0/ 0.0/80.0  15.0/ 0.0/85.0   lev 2.40->0.25->0.20->0.15
  30/70 latch TQQQ 1/3 SPMO 1/3                    30.0/70.0/ 0.0  20.0/46.7/33.3  10.0/23.3/66.7   0.0/ 0.0/100.0   lev 2.40->1.60->0.80->0.00
  30/70 latch TQQQ 1/2 SPMO 1/3                    30.0/70.0/ 0.0  20.0/35.0/45.0  10.0/ 0.0/90.0   0.0/ 0.0/100.0   lev 2.40->1.25->0.10->0.00
  30/70 latch TQQQ 2/3 SPMO 1/3                    30.0/70.0/ 0.0  20.0/23.3/56.7  10.0/ 0.0/90.0   0.0/ 0.0/100.0   lev 2.40->0.90->0.10->0.00
  30/70 latch TQQQ 1 SPMO 1/3                      30.0/70.0/ 0.0  20.0/ 0.0/80.0  10.0/ 0.0/90.0   0.0/ 0.0/100.0   lev 2.40->0.20->0.10->0.00
  30/70 latch leverage-matched                     30.0/70.0/ 0.0  25.0/30.6/44.4  20.0/ 4.4/75.6  15.0/ 3.3/81.7   lev 2.40->1.17->0.33->0.25
  30/70 latch current, EARLY votes                 30.0/70.0/ 0.0  25.0/35.0/40.0  20.0/ 0.0/80.0  15.0/ 0.0/85.0   lev 2.40->1.30->0.20->0.15
  50/50 latch asym (reference)                     50.0/50.0/ 0.0  41.7/25.0/33.3  33.3/ 0.0/66.7  25.0/ 0.0/75.0   lev 2.00->1.17->0.33->0.25

  REAL
  arm                                                 CAGR   dCAGR   MaxDD   EDGE   exSh     dSh    exp   reb
  live 50/50 (today)                                37.29%   +0.00  -18.6%  +0.00  1.376  +0.000  67.2%  45.1
  30/70 latch TQQQ 1/3 SPMO 1/6                     42.72%   +5.43  -19.8%  +1.62  1.492  +0.116  63.5%  31.4
  30/70 latch TQQQ 1/2 SPMO 1/6  <- current 30/70+both  41.88%   +4.59  -19.6%  +1.38  1.500  +0.124  61.3%  30.7
  30/70 latch TQQQ 2/3 SPMO 1/6                     42.41%   +5.11  -19.6%  +1.66  1.532  +0.156  60.5%  30.6
  30/70 latch TQQQ 1 SPMO 1/6                       43.21%   +5.91  -19.6%  +2.09  1.573  +0.197  58.9%  30.1
  30/70 latch TQQQ 1/3 SPMO 1/3                     42.62%   +5.32  -19.7%  +1.69  1.494  +0.118  60.8%  30.7
  30/70 latch TQQQ 1/2 SPMO 1/3                     41.78%   +4.49  -19.6%  +1.33  1.500  +0.125  58.6%  30.0
  30/70 latch TQQQ 2/3 SPMO 1/3                     42.31%   +5.01  -19.6%  +1.61  1.532  +0.157  57.8%  29.9
  30/70 latch TQQQ 1 SPMO 1/3                       43.11%   +5.81  -19.6%  +2.04  1.572  +0.196  56.2%  29.4
  30/70 latch leverage-matched                      42.12%   +4.82  -19.6%  +1.51  1.510  +0.135  61.7%  30.7
  30/70 latch current, EARLY votes                  35.75%   -1.55  -19.6%  -1.76  1.437  +0.061  51.7%  30.0
  50/50 latch asym (reference)                      37.21%   -0.09  -17.8%  +0.76  1.515  +0.139  63.8%  31.3

  PROXY
  arm                                                 CAGR   dCAGR   MaxDD   EDGE   exSh     dSh  hold CAGR  hold MDD  hold Sh    exp   reb
  live 50/50 (today)                                25.46%   +0.00  -27.0%  +0.00  0.990  +0.000     17.84%    -27.0%    0.754  62.2%  47.9
  30/70 latch TQQQ 1/3 SPMO 1/6                     27.55%   +2.09  -27.5%  +2.06  1.026  +0.035     18.15%    -27.5%    0.738  58.9%  35.5
  30/70 latch TQQQ 1/2 SPMO 1/6  <- current 30/70+both  27.41%   +1.96  -25.5%  +3.95  1.038  +0.048     18.41%    -25.5%    0.755  57.1%  35.1
  30/70 latch TQQQ 2/3 SPMO 1/6                     27.61%   +2.15  -24.7%  +4.96  1.052  +0.062     18.43%    -24.7%    0.760  56.6%  34.9
  30/70 latch TQQQ 1 SPMO 1/6                       27.91%   +2.46  -24.7%  +5.37  1.070  +0.080     18.43%    -24.7%    0.764  55.5%  34.6
  30/70 latch TQQQ 1/3 SPMO 1/3                     27.57%   +2.11  -27.1%  +2.50  1.030  +0.040     18.13%    -27.1%    0.739  56.6%  35.3
  30/70 latch TQQQ 1/2 SPMO 1/3                     27.45%   +2.00  -25.3%  +4.20  1.041  +0.051     18.38%    -25.3%    0.756  54.8%  34.8
  30/70 latch TQQQ 2/3 SPMO 1/3                     27.64%   +2.18  -24.7%  +5.00  1.055  +0.064     18.40%    -24.7%    0.760  54.3%  34.6
  30/70 latch TQQQ 1 SPMO 1/3                       27.94%   +2.48  -24.7%  +5.41  1.073  +0.082     18.39%    -24.7%    0.763  53.2%  34.4
  30/70 latch leverage-matched                      27.49%   +2.03  -25.0%  +4.58  1.042  +0.051     18.40%    -25.0%    0.756  57.5%  35.2
  30/70 latch current, EARLY votes                  25.70%   +0.25  -24.7%  +2.55  1.062  +0.071     19.39%    -24.7%    0.847  49.7%  35.1
  50/50 latch asym (reference)                      24.66%   -0.80  -23.3%  +2.74  1.035  +0.045     16.68%    -23.3%    0.752  59.2%  35.6

  REAL: worst episodes (MaxDD inside window) and recent calendar years (%)
  arm                                              2021-23 bear Feb-Mar 2025 Sep-Oct 2023      Q4 2018         2022    2020    2024    2025    2026
  live 50/50 (today)                                     -18.6%       -17.8%       -17.0%       -15.0%       -12.0%    54.9    66.8    37.3    38.8
  30/70 latch TQQQ 1/3 SPMO 1/6                          -19.8%       -19.6%       -16.0%       -16.6%       -14.6%    48.3    67.2    31.2    30.5
  30/70 latch TQQQ 1/2 SPMO 1/6  <- current 30/70+both       -18.1%       -19.6%       -16.0%       -16.6%       -14.6%    36.4    65.0    22.9    27.7
  30/70 latch TQQQ 2/3 SPMO 1/6                          -16.2%       -19.6%       -16.0%       -16.6%       -14.6%    35.6    65.4    21.3    26.8
  30/70 latch TQQQ 1 SPMO 1/6                            -15.8%       -19.6%       -16.0%       -16.6%       -14.6%    34.1    65.9    18.3    25.0
  30/70 latch TQQQ 1/3 SPMO 1/3                          -19.7%       -19.6%       -16.0%       -16.6%       -14.6%    46.7    64.5    31.7    29.7
  30/70 latch TQQQ 1/2 SPMO 1/3                          -17.9%       -19.6%       -16.0%       -16.6%       -14.6%    35.0    62.5    23.4    26.8
  30/70 latch TQQQ 2/3 SPMO 1/3                          -16.0%       -19.6%       -16.0%       -16.6%       -14.6%    34.3    63.0    21.8    26.0
  30/70 latch TQQQ 1 SPMO 1/3                            -15.8%       -19.6%       -16.0%       -16.6%       -14.6%    32.8    63.4    18.8    24.2
  30/70 latch leverage-matched                           -17.3%       -19.6%       -16.0%       -16.6%       -14.6%    38.3    64.6    22.9    27.5
  30/70 latch current, EARLY votes                       -15.8%       -19.6%       -16.0%       -13.0%       -14.6%    29.2    47.4    21.8    22.8
  50/50 latch asym (reference)                           -14.6%       -17.8%       -14.9%       -15.0%       -12.0%    34.7    59.3    23.9    26.0

  PAIRED BLOCK BOOTSTRAP vs the CURRENT 30/70+both (60-day blocks): excess-Sharpe and log-return 95% CI, P(not better)
  30/70 latch TQQQ 1/3 SPMO 1/6                    real Sh [-0.101, +0.095] P 0.56 ret [-1.65, +3.10] P 0.31   proxy Sh [-0.061, +0.038] P 0.70 ret [-1.08, +1.35] P 0.45
  30/70 latch TQQQ 2/3 SPMO 1/6                    real Sh [-0.007, +0.081] P 0.06 ret [-0.45, +1.37] P 0.20   proxy Sh [-0.008, +0.036] P 0.11 ret [-0.37, +0.64] P 0.28
  30/70 latch TQQQ 1 SPMO 1/6                      real Sh [-0.043, +0.204] P 0.12 ret [-1.46, +3.69] P 0.24   proxy Sh [-0.030, +0.102] P 0.16 ret [-1.09, +1.94] P 0.30
  30/70 latch TQQQ 1/3 SPMO 1/3                    real Sh [-0.092, +0.092] P 0.54 ret [-1.54, +2.89] P 0.33   proxy Sh [-0.053, +0.039] P 0.64 ret [-0.97, +1.25] P 0.42
  30/70 latch TQQQ 1/2 SPMO 1/3                    real Sh [-0.031, +0.025] P 0.47 ret [-0.80, +0.51] P 0.57   proxy Sh [-0.010, +0.017] P 0.29 ret [-0.30, +0.37] P 0.41
  30/70 latch TQQQ 2/3 SPMO 1/3                    real Sh [-0.022, +0.085] P 0.12 ret [-0.94, +1.46] P 0.31   proxy Sh [-0.013, +0.047] P 0.13 ret [-0.53, +0.89] P 0.29
  30/70 latch TQQQ 1 SPMO 1/3                      real Sh [-0.050, +0.207] P 0.14 ret [-1.86, +3.73] P 0.28   proxy Sh [-0.037, +0.111] P 0.18 ret [-1.23, +2.14] P 0.32
  30/70 latch leverage-matched                     real Sh [-0.015, +0.040] P 0.21 ret [-0.39, +0.77] P 0.28   proxy Sh [-0.010, +0.018] P 0.29 ret [-0.27, +0.38] P 0.35
  30/70 latch current, EARLY votes                 real Sh [-0.251, +0.119] P 0.74 ret [-9.03, -0.06] P 0.98   proxy Sh [-0.105, +0.152] P 0.36 ret [-4.48, +1.63] P 0.81

  CONTROL: is "quicker" specific to the higher base leverage? Same TQQQ cut rates at 50/50 (latch, SPMO 1/6)
  base / TQQQ cut per vote           real CAGR   MaxDD   exSh  proxy CAGR   MaxDD   exSh  hold Sh
  50/50 TQQQ 1/3                       37.78%  -17.8%  1.507      24.77%  -24.3%  1.025    0.738
  50/50 TQQQ 1/2                       37.21%  -17.8%  1.515      24.66%  -23.3%  1.035    0.752
  50/50 TQQQ 2/3                       37.46%  -17.8%  1.537      24.78%  -22.3%  1.046    0.755
  50/50 TQQQ 1                         38.06%  -17.8%  1.574      25.00%  -21.9%  1.063    0.760
  30/70 TQQQ 1/3                       42.72%  -19.8%  1.492      27.55%  -27.5%  1.026    0.738
  30/70 TQQQ 1/2                       41.88%  -19.6%  1.500      27.41%  -25.5%  1.038    0.755
  30/70 TQQQ 2/3                       42.41%  -19.6%  1.532      27.61%  -24.7%  1.052    0.760
  30/70 TQQQ 1                         43.21%  -19.6%  1.573      27.91%  -24.7%  1.070    0.764
