======================================================================================================================================================
fall_protection_r17: fast-cut with new-high TQQQ-only re-entry, base 50/50, whipsaw carry 3
======================================================================================================================================================

  REAL   (QQQ next-20d mean on any A day +1.20%)
  arm                   CAGR  Sharpe   MaxDD   reb   exp re-entries  QQQ+20d  bad%   2018   2020   2021   2024   2025   2026
  19 Sep design       37.29%   1.475  -18.6%  45.1  0.67         30   +0.37%   40%    8.3   54.9   49.2   66.8   37.3   38.8
  fast-cut            37.27%   1.498  -17.8%  45.3  0.68         50   -0.54%   54%    6.7   46.7   49.2   64.0   32.4   38.3
  live v2             41.03%   1.797  -17.8%  32.1  0.63          5   +1.10%   20%   40.2   34.8   83.6   69.6   22.7   24.1
  fast-cut+high 15    40.93%   1.783  -17.8%  45.1  0.64          5   +1.27%   20%   36.2   35.6   79.1   72.9   23.3   25.9
  fast-cut+high 5     37.12%   1.592  -17.8%  46.0  0.66         11   +0.49%   45%   36.2   35.6   54.7   54.6   23.5   26.2
  fast-cut+high 10    39.55%   1.727  -17.8%  45.3  0.64          7   +1.12%   29%   36.2   35.6   79.1   64.3   23.3   25.9
  fast-cut+high 20    40.74%   1.777  -17.8%  45.1  0.64          5   +1.49%   20%   36.2   35.6   79.1   72.9   22.8   25.9

  PROXY   (QQQ next-20d mean on any A day +0.86%)
  arm                   CAGR  Sharpe   MaxDD   reb   exp re-entries  QQQ+20d  bad%  holdCAGR  holdSh  holdDD
  19 Sep design       25.46%   1.071  -27.0%  47.9  0.62         62   +1.71%   31%    17.84%   0.825  -27.0%
  fast-cut            25.64%   1.096  -26.6%  47.9  0.62        101   -0.02%   50%    18.25%   0.855  -26.6%
  live v2             26.11%   1.194  -21.9%  36.9  0.59          8   +1.35%   25%    16.64%   0.834  -21.9%
  fast-cut+high 15    25.81%   1.176  -22.4%  48.0  0.60          9   +0.40%   33%    16.36%   0.818  -22.4%
  fast-cut+high 5     24.47%   1.107  -26.6%  48.5  0.61         20   +0.66%   40%    16.49%   0.819  -26.6%
  fast-cut+high 10    25.18%   1.149  -22.4%  48.1  0.60         13   +0.10%   38%    16.18%   0.809  -22.4%
  fast-cut+high 20    26.02%   1.187  -22.4%  47.9  0.60          8   +1.60%   25%    16.81%   0.839  -22.4%

  bootstrap fast-cut+high 15 vs live v2   real  P(Sharpe not better) 0.72
  bootstrap fast-cut+high 15 vs live v2   proxy P(Sharpe not better) 0.86
  bootstrap fast-cut+high 15 vs fast-cut  real  P(Sharpe not better) 0.03
  bootstrap fast-cut+high 15 vs fast-cut  proxy P(Sharpe not better) 0.14
