==========================================================================================================================================================================
fall_protection_r11: stepped re-entry inside A (base 30/70, TQQQ fully out at the first vote)
==========================================================================================================================================================================

  REAL
  arm                                   CAGR   dCAGR   MaxDD   EDGE   exSh     dSh  upCap  dnCap    exp    2020    2021    2024    2025    2026
  live 50/50 (today)                  37.29%   +0.00  -18.6%  +0.00  1.376  +0.000   1.00   0.87  67.2%    54.9    49.2    66.8    37.3    38.8
  30/70 live trim                     41.94%   +4.65  -23.0%  -1.97  1.342  -0.033   1.18   1.04  67.2%    66.6    54.0    73.9    40.0    44.2
  30/70 full cut, live release        41.87%   +4.57  -21.7%  -0.79  1.368  -0.008   1.11   0.96  65.6%    52.9    54.7    69.3    34.3    43.8
  30/70 full cut, latch               43.21%   +5.91  -19.6%  +2.09  1.573  +0.197   0.95   0.77  58.9%    34.1    94.5    65.9    18.3    25.0
  30/70 full cut, step 5d             39.47%   +2.18  -21.7%  -2.00  1.376  +0.000   1.02   0.88  62.7%    34.4    48.7    66.8    26.0    25.2
  30/70 full cut, step 10d            43.62%   +6.32  -21.2%  +0.68  1.527  +0.151   1.00   0.82  61.0%    34.2    76.6    79.5    23.0    25.3
  30/70 full cut, step 20d            42.77%   +5.48  -19.6%  +1.86  1.545  +0.169   0.96   0.78  59.5%    34.1    93.5    65.6    22.8    25.1
  30/70 full cut, step on 20d high    44.83%   +7.54  -19.6%  +2.78  1.606  +0.230   0.97   0.78  59.9%    36.3    94.5    80.6    20.7    25.0
  worst episodes:
    2021-23 bear       -18.6%   -23.0%   -21.7%   -15.8%   -21.7%   -21.2%   -15.8%   -15.8%
    Feb-Mar 2025       -17.8%   -19.6%   -19.6%   -19.6%   -19.6%   -19.6%   -19.6%   -19.6%
    Sep-Oct 2023       -17.0%   -19.2%   -17.3%   -16.0%   -17.2%   -16.0%   -16.0%   -16.0%
    Q4 2018            -15.0%   -16.6%   -16.6%   -16.6%   -16.6%   -16.6%   -16.6%   -16.6%

  PROXY
  arm                                   CAGR   dCAGR   MaxDD   EDGE   exSh     dSh  holdCAGR  holdSh  upCap  dnCap    exp    2020    2021    2024    2025    2026
  live 50/50 (today)                  25.46%   +0.00  -27.0%  +0.00  0.990  +0.000    17.84%   0.754   0.93   0.81  62.2%    57.0    53.2    62.7    36.5    39.2
  30/70 live trim                     28.35%   +2.90  -31.3%  -0.60  0.983  -0.007    19.77%   0.753   1.06   0.93  62.2%    67.4    56.6    72.6    40.0    45.8
  30/70 full cut, live release        28.73%   +3.27  -28.0%  +3.21  1.015  +0.024    20.49%   0.792   1.00   0.86  60.5%    54.0    57.4    66.3    34.7    45.0
  30/70 full cut, latch               27.91%   +2.46  -24.7%  +5.37  1.070  +0.080    18.43%   0.764   0.88   0.74  55.5%    34.7    97.0    63.7    18.0    25.6
  30/70 full cut, step 5d             27.32%   +1.86  -27.8%  +1.48  1.016  +0.026    19.74%   0.798   0.93   0.80  58.2%    35.0    50.7    64.7    26.0    25.8
  30/70 full cut, step 10d            28.35%   +2.89  -26.9%  +3.75  1.064  +0.074    18.88%   0.775   0.91   0.77  57.0%    34.8    78.9    77.1    22.9    25.7
  30/70 full cut, step 20d            27.63%   +2.17  -24.7%  +4.99  1.056  +0.066    18.26%   0.757   0.88   0.75  55.9%    34.7    96.4    63.3    22.6    25.6
  30/70 full cut, step on 20d high    28.31%   +2.85  -24.7%  +5.90  1.077  +0.086    18.08%   0.749   0.89   0.75  56.3%    37.0    97.0    78.4    20.7    25.6
  worst episodes:
    2005               -27.0%   -28.2%   -27.7%   -21.5%   -27.8%   -22.6%   -21.5%   -21.5%
    dot-com            -26.7%   -31.1%   -28.0%   -21.3%   -23.7%   -21.3%   -21.3%   -21.3%
    GFC                -25.4%   -28.4%   -24.3%   -18.8%   -18.8%   -18.8%   -18.8%   -18.8%
    2021-23 bear       -25.3%   -28.5%   -27.4%   -21.9%   -27.5%   -26.9%   -21.9%   -21.9%

  CAP vs SAVE over the latched spells (first vote -> last A session), each arm vs 30/70 live trim, pp/yr
  real  30/70 full cut, live release       caps  -1.84   saves  +1.49   net  -0.35
  real  30/70 full cut, latch              caps  -7.24   saves  +8.67   net  +1.42
  real  30/70 full cut, step 5d            caps  -5.70   saves  +4.49   net  -1.21
  real  30/70 full cut, step 10d           caps  -5.33   saves  +7.05   net  +1.72
  real  30/70 full cut, step 20d           caps  -6.46   saves  +7.60   net  +1.14
  real  30/70 full cut, step on 20d high   caps  -6.28   saves  +8.68   net  +2.40
  proxy 30/70 full cut, live release       caps  -1.50   saves  +1.39   net  -0.10
  proxy 30/70 full cut, latch              caps  -5.90   saves  +5.73   net  -0.17
  proxy 30/70 full cut, step 5d            caps  -4.22   saves  +3.89   net  -0.32
  proxy 30/70 full cut, step 10d           caps  -4.80   saves  +5.04   net  +0.24
  proxy 30/70 full cut, step 20d           caps  -5.64   saves  +5.26   net  -0.38
  proxy 30/70 full cut, step on 20d high   caps  -5.66   saves  +5.74   net  +0.09

  PAIRED BLOCK BOOTSTRAP vs live 50/50 and vs 30/70 live trim (60-day blocks): excess-Sharpe 95% CI, P(not better)
  30/70 full cut, live release       real vs live 50/50: [-0.140, +0.125] P 0.55  real vs 30/70 live: [-0.101, +0.145] P 0.33  proxy vs live 50/50: [-0.049, +0.099] P 0.25  proxy vs 30/70 live: [-0.041, +0.103] P 0.18
  30/70 full cut, latch              real vs live 50/50: [-0.141, +0.530] P 0.12  real vs 30/70 live: [-0.121, +0.580] P 0.09  proxy vs live 50/50: [-0.089, +0.252] P 0.18  proxy vs 30/70 live: [-0.086, +0.265] P 0.16
  30/70 full cut, step 5d            real vs live 50/50: [-0.243, +0.261] P 0.50  real vs 30/70 live: [-0.215, +0.287] P 0.40  proxy vs live 50/50: [-0.110, +0.163] P 0.34  proxy vs 30/70 live: [-0.106, +0.174] P 0.32
  30/70 full cut, step 10d           real vs live 50/50: [-0.102, +0.430] P 0.12  real vs 30/70 live: [-0.101, +0.453] P 0.10  proxy vs live 50/50: [-0.071, +0.223] P 0.16  proxy vs 30/70 live: [-0.073, +0.245] P 0.15
  30/70 full cut, step 20d           real vs live 50/50: [-0.137, +0.473] P 0.14  real vs 30/70 live: [-0.130, +0.509] P 0.12  proxy vs live 50/50: [-0.107, +0.231] P 0.21  proxy vs 30/70 live: [-0.100, +0.249] P 0.20
  30/70 full cut, step on 20d high   real vs live 50/50: [-0.089, +0.537] P 0.08  real vs 30/70 live: [-0.058, +0.583] P 0.05  proxy vs live 50/50: [-0.079, +0.252] P 0.15  proxy vs 30/70 live: [-0.071, +0.260] P 0.14
