======================================================================================================================================================
fall_protection_r7: vote vs de-leverage -- composition at matched leverage, and leverage at matched composition
======================================================================================================================================================
  schedules (SPMO/TQQQ/cash at 1, 2, 3 votes; nominal leverage in brackets):
   proportional (live)      33.3/33.3/33.3 [1.33]   16.7/16.7/66.7 [0.67]    0.0/ 0.0/100.0 [0.00]
   TQQQ first               50.0/27.8/22.2 [1.33]   50.0/ 5.6/44.4 [0.67]    0.0/ 0.0/100.0 [0.00]
   SPMO first                0.0/44.4/55.6 [1.33]    0.0/22.2/77.8 [0.67]    0.0/ 0.0/100.0 [0.00]
   core-heavy               83.3/16.7/ 0.0 [1.33]   66.7/ 0.0/33.3 [0.67]    0.0/ 0.0/100.0 [0.00]
   asymmetric               41.7/25.0/33.3 [1.17]   33.3/ 0.0/66.7 [0.33]   25.0/ 0.0/75.0 [0.25]
   proportional @ AS path   29.2/29.2/41.7 [1.17]    8.3/ 8.3/83.3 [0.33]    6.2/ 6.2/87.5 [0.25]

------------------------------------------------------------------------------------------------------------------------------------------------------
A  composition at LIVE leverage path 2.00 -> 1.33 -> 0.67 -> 0
------------------------------------------------------------------------------------------------------------------------------------------------------
  REAL  release / schedule                  CAGR   dCAGR   MaxDD   EDGE  exSh F      dF      dS      dH  holdCAGR    exp  worst live episodes arm/live
        live / proportional (live)        37.29%   -0.00  -18.6%  -0.00   1.376  -0.000  -0.000      -         -   67.2%  2021-23 bear -18.6  Feb-Mar 2025 -17.8  Sep-Oct 2023 -17.0  Q4 2018 -15.0
        live / TQQQ first                 37.42%   +0.12  -18.4%  +0.26   1.381  +0.005  +0.005      -         -   68.7%  2021-23 bear -18.4  Feb-Mar 2025 -17.8  Sep-Oct 2023 -17.0  Q4 2018 -15.0
        live / SPMO first                 37.27%   -0.03  -19.0%  -0.40   1.372  -0.004  -0.004      -         -   65.6%  2021-23 bear -19.0  Feb-Mar 2025 -17.8  Sep-Oct 2023 -17.2  Q4 2018 -15.0
        live / core-heavy                 37.19%   -0.11  -18.0%  +0.49   1.374  -0.002  -0.002      -         -   70.3%  2021-23 bear -18.0  Feb-Mar 2025 -17.8  Sep-Oct 2023 -16.9  Q4 2018 -15.0
        latch / proportional (live)       37.64%   +0.35  -17.8%  +0.98   1.515  +0.139  +0.139      -         -   60.7%  2021-23 bear -15.5  Feb-Mar 2025 -17.8  Sep-Oct 2023 -14.9  Q4 2018 -15.0
        latch / TQQQ first                37.41%   +0.12  -17.8%  +0.86   1.511  +0.135  +0.135      -         -   62.8%  2021-23 bear -15.3  Feb-Mar 2025 -17.8  Sep-Oct 2023 -14.9  Q4 2018 -15.0
        latch / SPMO first                37.26%   -0.03  -17.8%  +0.79   1.492  +0.116  +0.116      -         -   58.6%  2021-23 bear -16.0  Feb-Mar 2025 -17.8  Sep-Oct 2023 -14.9  Q4 2018 -15.0
        latch / core-heavy                37.56%   +0.27  -17.8%  +0.94   1.520  +0.144  +0.144      -         -   64.9%  2021-23 bear -15.2  Feb-Mar 2025 -17.8  Sep-Oct 2023 -14.9  Q4 2018 -15.0
  PROXY release / schedule                  CAGR   dCAGR   MaxDD   EDGE  exSh F      dF      dS      dH  holdCAGR    exp  worst live episodes arm/live
        live / proportional (live)        25.46%   +0.00  -27.0%  +0.00   0.990  -0.000  +0.000  -0.000    17.84%  62.2%  2005 -27.0  dot-com -26.7  GFC -25.4  2021-23 bear -25.3
        live / TQQQ first                 25.51%   +0.05  -26.9%  +0.08   0.992  +0.002  +0.003  +0.001    17.86%  63.7%  2005 -26.9  dot-com -26.6  GFC -25.4  2021-23 bear -25.3
        live / SPMO first                 25.38%   -0.07  -27.0%  -0.08   0.988  -0.002  -0.002  -0.003    17.76%  60.7%  2005 -27.0  dot-com -26.8  GFC -25.5  2021-23 bear -25.3
        live / core-heavy                 25.36%   -0.10  -27.0%  -0.12   0.987  -0.003  -0.002  -0.004    17.73%  65.2%  2005 -27.0  dot-com -26.7  GFC -25.4  2021-23 bear -25.3
        latch / proportional (live)       24.80%   -0.66  -23.9%  +2.23   1.033  +0.043  +0.129  -0.014    16.46%  56.6%  2005 -23.2  dot-com -23.9  GFC -21.2  2021-23 bear -22.7
        latch / TQQQ first                24.85%   -0.61  -23.9%  +2.29   1.035  +0.045  +0.133  -0.014    16.48%  58.3%  2005 -23.2  dot-com -23.9  GFC -21.2  2021-23 bear -22.6
        latch / SPMO first                24.77%   -0.69  -24.0%  +2.14   1.032  +0.042  +0.127  -0.015    16.44%  55.0%  2005 -23.2  dot-com -24.0  GFC -21.3  2021-23 bear -22.7
        latch / core-heavy                24.80%   -0.65  -24.0%  +2.21   1.034  +0.043  +0.130  -0.015    16.46%  59.9%  2005 -23.2  dot-com -24.0  GFC -21.2  2021-23 bear -22.7

------------------------------------------------------------------------------------------------------------------------------------------------------
B  asymmetric vs proportional on the SAME leverage path 2.00 -> 1.17 -> 0.33 -> 0.25
------------------------------------------------------------------------------------------------------------------------------------------------------
  REAL  release / schedule                  CAGR   dCAGR   MaxDD   EDGE  exSh F      dF      dS      dH  holdCAGR    exp  worst live episodes arm/live
        live / asymmetric                 37.65%   +0.35  -18.3%  +0.43   1.395  +0.020  +0.020      -         -   69.0%  2021-23 bear -18.3  Feb-Mar 2025 -17.8  Sep-Oct 2023 -16.8  Q4 2018 -15.0
        live / proportional @ AS path     37.27%   -0.03  -18.5%  +0.09   1.383  +0.007  +0.007      -         -   67.0%  2021-23 bear -18.5  Feb-Mar 2025 -17.8  Sep-Oct 2023 -16.8  Q4 2018 -15.0
        latch / asymmetric                37.21%   -0.09  -17.8%  +0.76   1.515  +0.139  +0.139      -         -   63.8%  2021-23 bear -14.6  Feb-Mar 2025 -17.8  Sep-Oct 2023 -14.9  Q4 2018 -15.0
        latch / proportional @ AS path    36.95%   -0.35  -17.8%  +0.63   1.503  +0.128  +0.128      -         -   60.7%  2021-23 bear -14.7  Feb-Mar 2025 -17.8  Sep-Oct 2023 -14.9  Q4 2018 -15.0
  PROXY release / schedule                  CAGR   dCAGR   MaxDD   EDGE  exSh F      dF      dS      dH  holdCAGR    exp  worst live episodes arm/live
        live / asymmetric                 25.63%   +0.17  -26.6%  +0.57   1.002  +0.012  +0.013  +0.010    17.98%  63.5%  2005 -26.6  dot-com -26.1  GFC -24.4  2021-23 bear -25.2
        live / proportional @ AS path     25.45%   -0.01  -26.6%  +0.33   0.996  +0.006  +0.005  +0.005    17.85%  61.7%  2005 -26.6  dot-com -26.1  GFC -24.4  2021-23 bear -25.2
        latch / asymmetric                24.66%   -0.80  -23.3%  +2.74   1.035  +0.045  +0.118  -0.002    16.68%  59.2%  2005 -21.9  dot-com -23.3  GFC -20.8  2021-23 bear -21.9
        latch / proportional @ AS path    24.55%   -0.91  -23.3%  +2.61   1.031  +0.040  +0.112  -0.005    16.60%  56.7%  2005 -21.9  dot-com -23.3  GFC -20.8  2021-23 bear -21.9

  PAIRED BLOCK BOOTSTRAP (60-day blocks): excess-Sharpe 95% CI, P(not better)
  TQQQ-first vs proportional, live release, same leverage        real [-0.019, +0.032] P 0.38   proxy [-0.000, +0.004] P 0.05
  core-heavy vs proportional, live release, same leverage        real [-0.053, +0.051] P 0.54   proxy [-0.006, -0.001] P 1.00
  SPMO-first vs proportional, live release, same leverage        real [-0.033, +0.023] P 0.60   proxy [-0.005, -0.001] P 0.99
  asymmetric vs proportional on AS path, live release            real [-0.010, +0.037] P 0.16   proxy [+0.004, +0.009] P 0.00
  AS leverage path vs live path, proportional, live release      real [-0.026, +0.038] P 0.33   proxy [-0.018, +0.027] P 0.31
  TQQQ-first vs proportional, latch                              real [-0.039, +0.026] P 0.57   proxy [+0.001, +0.004] P 0.00
  asymmetric vs proportional on AS path, latch                   real [-0.026, +0.050] P 0.29   proxy [+0.002, +0.007] P 0.00
