======================================================================================================================================================
fall_protection_r25: a new 15-day high as a re-lever gate in four other places (pre-registered)
======================================================================================================================================================

  REAL  base 40/60
  arm          CAGR  Sharpe   MaxDD   reb   exp   2018   2020   2022   2023   2025   2026
  live       44.18%   1.804  -18.7%  31.9  0.61   45.5   35.8  -11.8   74.6   21.8   24.5
  gate       40.65%   1.739  -17.8%  29.3  0.59   40.5   34.9  -11.8   56.7   27.5   22.4
  spell      41.39%   1.733  -18.7%  32.5  0.61   36.6   35.9  -11.8   61.0   23.2   20.6
  overlay    43.15%   1.772  -18.7%  32.1  0.61   45.5   35.8  -13.8   74.6   21.8   24.5
  vol        42.83%   1.784  -18.6%  28.0  0.61   44.1   32.4  -11.8   72.8   18.3   22.4

  PROXY  base 40/60
  arm          CAGR  Sharpe   MaxDD   reb   exp  holdCAGR  holdSh  worst episodes (2005, dot-com, GFC)
  live       27.78%   1.199  -22.6%  36.5  0.57    17.54%   0.834  -21.7% / -20.6% / -18.7%
  gate       25.12%   1.131  -24.5%  34.3  0.55    15.36%   0.765  -13.7% / -19.9% / -18.7%
  spell      27.03%   1.182  -23.0%  36.9  0.57    17.96%   0.854  -23.0% / -20.6% / -18.7%
  overlay    26.91%   1.171  -24.7%  37.0  0.57    16.70%   0.803  -22.2% / -19.0% / -19.0%
  vol        27.19%   1.189  -21.9%  33.3  0.57    17.38%   0.833  -21.7% / -19.6% / -18.3%

  REAL  base 50/50
  arm          CAGR  Sharpe   MaxDD   reb   exp   2018   2020   2022   2023   2025   2026
  live       41.03%   1.797  -17.8%  32.1  0.63   40.2   34.8  -10.1   64.5   22.7   24.1
  gate       37.58%   1.732  -15.0%  29.5  0.61   35.5   33.9  -10.1   47.7   28.4   21.9
  spell      38.74%   1.733  -17.8%  32.6  0.62   33.1   34.8  -10.1   53.6   23.9   20.9
  overlay    40.09%   1.765  -17.8%  32.3  0.63   40.2   34.8  -12.2   64.5   22.7   24.1
  vol        39.77%   1.777  -17.7%  28.2  0.62   39.0   31.8  -10.1   62.6   19.3   22.0

  PROXY  base 50/50
  arm          CAGR  Sharpe   MaxDD   reb   exp  holdCAGR  holdSh  worst episodes (2005, dot-com, GFC)
  live       26.11%   1.194  -21.9%  36.9  0.59    16.64%   0.834  -21.9% / -20.2% / -18.6%
  gate       23.48%   1.124  -22.8%  34.6  0.57    14.47%   0.762  -14.0% / -19.5% / -18.6%
  spell      25.49%   1.179  -23.0%  37.3  0.58    16.99%   0.852  -23.0% / -20.2% / -18.6%
  overlay    25.27%   1.165  -23.9%  37.3  0.58    15.81%   0.802  -22.3% / -17.8% / -18.9%
  vol        25.54%   1.184  -21.9%  33.6  0.58    16.49%   0.834  -21.9% / -19.1% / -18.3%

  PRE-REGISTERED TEST at 40/60 (P1 real Sh > live, P2 proxy Sh > live, P3 holdout Sh >= live, P4 proxy MaxDD >= live - 1pp)
  gate      P1 -  P2 -  P3 -  P4 -   bootstrap P(not better) real 0.81 proxy 0.94
  spell     P1 -  P2 -  P3 Y  P4 Y   bootstrap P(not better) real 0.97 proxy 0.75
  overlay   P1 -  P2 -  P3 -  P4 -   bootstrap P(not better) real 1.00 proxy 0.95
  vol       P1 -  P2 -  P3 -  P4 Y   bootstrap P(not better) real 0.97 proxy 0.93

  RESULT: no arm passes -- nothing to apply
