======================================================================================================================================================
fall_protection_r18: fast-cut + new-high TQQQ re-entry at the 30/70 base, whipsaw carry 3
======================================================================================================================================================

  REAL   (QQQ next-20d mean on any A day +1.20%)
  arm                   CAGR  Sharpe   MaxDD   reb   exp re-entries  QQQ+20d  bad%   2018   2020   2021   2024   2025   2026
  v2 50/50 (live)     41.03%   1.797  -17.8%  32.1  0.63          5   +1.10%   20%   40.2   34.8   83.6   69.6   22.7   24.1
  fc+high15 50/50     40.93%   1.783  -17.8%  45.1  0.64          5   +1.27%   20%   36.2   35.6   79.1   72.9   23.3   25.9
  fast-cut 30/70      41.87%   1.455  -21.7%  44.6  0.66         50   -0.54%   54%    5.1   52.9   54.7   69.3   34.3   43.8
  v2 30/70            47.36%   1.802  -19.6%  31.5  0.60          5   +1.10%   20%   50.8   36.3  103.3   80.6   20.9   25.0
  fc+high15 30/70     47.33%   1.798  -19.6%  44.4  0.61          5   +1.27%   20%   48.2   37.1   99.9   82.6   21.7   26.0
  fc+high10 30/70     45.31%   1.728  -19.6%  44.6  0.61          7   +1.12%   29%   48.2   37.1   99.9   70.0   21.7   26.0
  fc+high20 30/70     47.06%   1.791  -19.6%  44.4  0.61          5   +1.49%   20%   48.2   37.1   99.9   82.6   21.0   26.0

  PROXY   (QQQ next-20d mean on any A day +0.86%)
  arm                   CAGR  Sharpe   MaxDD   reb   exp re-entries  QQQ+20d  bad%  holdCAGR  holdSh  holdDD
  v2 50/50 (live)     26.11%   1.194  -21.9%  36.9  0.59          8   +1.35%   25%    16.64%   0.834  -21.9%
  fc+high15 50/50     25.81%   1.176  -22.4%  48.0  0.60          9   +0.40%   33%    16.36%   0.818  -22.4%
  fast-cut 30/70      28.73%   1.087  -28.0%  47.3  0.61        101   -0.02%   50%    20.49%   0.857  -28.0%
  v2 30/70            29.42%   1.200  -24.7%  36.1  0.56          8   +1.35%   25%    18.36%   0.830  -24.7%
  fc+high15 30/70     29.03%   1.183  -24.7%  47.2  0.57          9   +0.40%   33%    17.86%   0.808  -24.7%
  fc+high10 30/70     28.13%   1.149  -24.7%  47.4  0.57         13   +0.10%   38%    17.60%   0.797  -24.7%
  fc+high20 30/70     29.34%   1.196  -24.7%  47.1  0.57          8   +1.60%   25%    18.50%   0.834  -24.7%

  bootstrap fast-cut+high 15 vs v2 30/70         real  P(Sharpe not better) 0.62
  bootstrap fast-cut+high 15 vs v2 30/70         proxy P(Sharpe not better) 0.84
  bootstrap fast-cut+high 15 vs fast-cut 30/70   real  P(Sharpe not better) 0.03
  bootstrap fast-cut+high 15 vs fast-cut 30/70   proxy P(Sharpe not better) 0.17
  bootstrap fast-cut+high 15 vs v2 50/50 (live)  real  P(Sharpe not better) 0.35
  bootstrap fast-cut+high 15 vs v2 50/50 (live)  proxy P(Sharpe not better) 0.51
