==========================================================================================================================================================================
fall_protection_r12: step on an N-day high, N = 5 / 10 / 15 / 20 / 30 (base 30/70, TQQQ out at first vote)
==========================================================================================================================================================================

  REAL
  arm                                   CAGR   dCAGR   MaxDD   EDGE   exSh     dSh  upCap  dnCap    exp    2020    2021    2024    2025    2026
  live 50/50 (today)                  37.29%   +0.00  -18.6%  +0.00  1.376  +0.000   1.00   0.87  67.2%    54.9    49.2    66.8    37.3    38.8
  30/70 live trim                     41.94%   +4.65  -23.0%  -1.97  1.342  -0.033   1.18   1.04  67.2%    66.6    54.0    73.9    40.0    44.2
  30/70 full cut, live release        41.87%   +4.57  -21.7%  -0.79  1.368  -0.008   1.11   0.96  65.6%    52.9    54.7    69.3    34.3    43.8
  30/70 full cut, latch               43.21%   +5.91  -19.6%  +2.09  1.573  +0.197   0.95   0.77  58.9%    34.1    94.5    65.9    18.3    25.0
  30/70 full cut, step on 5d high     38.57%   +1.28  -21.7%  -2.47  1.362  -0.014   1.01   0.86  62.1%    36.1    47.5    53.9    21.5    24.7
  30/70 full cut, step on 10d high    43.03%   +5.74  -19.6%  +2.00  1.544  +0.168   0.97   0.80  60.2%    36.3    94.5    67.8    20.9    25.0
  30/70 full cut, step on 15d high    45.05%   +7.75  -19.6%  +2.78  1.612  +0.236   0.97   0.78  60.0%    36.3    94.5    80.6    20.9    25.0
  30/70 full cut, step on 20d high    44.83%   +7.54  -19.6%  +2.78  1.606  +0.230   0.97   0.78  59.9%    36.3    94.5    80.6    20.7    25.0
  30/70 full cut, step on 30d high    44.83%   +7.54  -19.6%  +2.78  1.606  +0.230   0.97   0.78  59.9%    36.3    94.5    80.6    20.7    25.0
  worst episodes:
    2021-23 bear       -18.6%   -23.0%   -21.7%   -15.8%   -21.7%   -15.8%   -15.8%   -15.8%   -15.8%
    Feb-Mar 2025       -17.8%   -19.6%   -19.6%   -19.6%   -19.6%   -19.6%   -19.6%   -19.6%   -19.6%
    Sep-Oct 2023       -17.0%   -19.2%   -17.3%   -16.0%   -16.0%   -16.0%   -16.0%   -16.0%   -16.0%
    Q4 2018            -15.0%   -16.6%   -16.6%   -16.6%   -16.6%   -16.6%   -16.6%   -16.6%   -16.6%

  PROXY
  arm                                   CAGR   dCAGR   MaxDD   EDGE   exSh     dSh  holdCAGR  holdSh  upCap  dnCap    exp    2020    2021    2024    2025    2026
  live 50/50 (today)                  25.46%   +0.00  -27.0%  +0.00  0.990  +0.000    17.84%   0.754   0.93   0.81  62.2%    57.0    53.2    62.7    36.5    39.2
  30/70 live trim                     28.35%   +2.90  -31.3%  -0.60  0.983  -0.007    19.77%   0.753   1.06   0.93  62.2%    67.4    56.6    72.6    40.0    45.8
  30/70 full cut, live release        28.73%   +3.27  -28.0%  +3.21  1.015  +0.024    20.49%   0.792   1.00   0.86  60.5%    54.0    57.4    66.3    34.7    45.0
  30/70 full cut, latch               27.91%   +2.46  -24.7%  +5.37  1.070  +0.080    18.43%   0.764   0.88   0.74  55.5%    34.7    97.0    63.7    18.0    25.6
  30/70 full cut, step on 5d high     25.63%   +0.18  -29.6%  -2.46  0.970  -0.020    17.52%   0.725   0.91   0.79  57.6%    36.6    49.3    52.0    21.5    25.4
  30/70 full cut, step on 10d high    27.87%   +2.41  -24.7%  +5.30  1.059  +0.069    18.46%   0.761   0.89   0.76  56.5%    37.0    97.0    65.9    20.7    25.6
  30/70 full cut, step on 15d high    28.50%   +3.04  -24.7%  +6.16  1.083  +0.092    18.27%   0.755   0.89   0.75  56.3%    37.0    97.0    78.4    20.7    25.6
  30/70 full cut, step on 20d high    28.31%   +2.85  -24.7%  +5.90  1.077  +0.086    18.08%   0.749   0.89   0.75  56.3%    37.0    97.0    78.4    20.7    25.6
  30/70 full cut, step on 30d high    28.31%   +2.85  -24.7%  +5.90  1.077  +0.086    18.08%   0.749   0.89   0.75  56.3%    37.0    97.0    78.4    20.7    25.6
  worst episodes:
    2005               -27.0%   -28.2%   -27.7%   -21.5%   -27.7%   -21.5%   -21.5%   -21.5%   -21.5%
    dot-com            -26.7%   -31.1%   -28.0%   -21.3%   -21.3%   -21.3%   -21.3%   -21.3%   -21.3%
    GFC                -25.4%   -28.4%   -24.3%   -18.8%   -18.8%   -18.8%   -18.8%   -18.8%   -18.8%
    2021-23 bear       -25.3%   -28.5%   -27.4%   -21.9%   -27.5%   -21.9%   -21.9%   -21.9%   -21.9%

  CAP vs SAVE over the latched spells (first vote -> last A session), each arm vs 30/70 live trim, pp/yr
  real  30/70 full cut, live release       caps  -1.84   saves  +1.49   net  -0.35
  real  30/70 full cut, latch              caps  -7.24   saves  +8.67   net  +1.42
  real  30/70 full cut, step on 5d high    caps  -6.66   saves  +4.65   net  -2.02
  real  30/70 full cut, step on 10d high   caps  -6.81   saves  +7.95   net  +1.15
  real  30/70 full cut, step on 15d high   caps  -6.13   saves  +8.68   net  +2.55
  real  30/70 full cut, step on 20d high   caps  -6.28   saves  +8.68   net  +2.40
  real  30/70 full cut, step on 30d high   caps  -6.28   saves  +8.68   net  +2.40
  proxy 30/70 full cut, live release       caps  -1.50   saves  +1.39   net  -0.10
  proxy 30/70 full cut, latch              caps  -5.90   saves  +5.73   net  -0.17
  proxy 30/70 full cut, step on 5d high    caps  -5.59   saves  +4.06   net  -1.53
  proxy 30/70 full cut, step on 10d high   caps  -5.69   saves  +5.43   net  -0.25
  proxy 30/70 full cut, step on 15d high   caps  -5.51   saves  +5.74   net  +0.24
  proxy 30/70 full cut, step on 20d high   caps  -5.66   saves  +5.74   net  +0.09
  proxy 30/70 full cut, step on 30d high   caps  -5.66   saves  +5.74   net  +0.09

  PAIRED BLOCK BOOTSTRAP vs live 50/50 and vs 30/70 live trim (60-day blocks): excess-Sharpe 95% CI, P(not better)
  30/70 full cut, live release       real vs live 50/50: [-0.140, +0.125] P 0.55  real vs 30/70 live: [-0.101, +0.145] P 0.33  proxy vs live 50/50: [-0.049, +0.099] P 0.25  proxy vs 30/70 live: [-0.041, +0.103] P 0.18
  30/70 full cut, latch              real vs live 50/50: [-0.141, +0.530] P 0.12  real vs 30/70 live: [-0.121, +0.580] P 0.09  proxy vs live 50/50: [-0.089, +0.252] P 0.18  proxy vs 30/70 live: [-0.086, +0.265] P 0.16
  30/70 full cut, step on 5d high    real vs live 50/50: [-0.273, +0.259] P 0.55  real vs 30/70 live: [-0.248, +0.288] P 0.44  proxy vs live 50/50: [-0.162, +0.129] P 0.61  proxy vs 30/70 live: [-0.160, +0.137] P 0.55
  30/70 full cut, step on 10d high   real vs live 50/50: [-0.142, +0.487] P 0.16  real vs 30/70 live: [-0.120, +0.522] P 0.10  proxy vs live 50/50: [-0.106, +0.237] P 0.21  proxy vs 30/70 live: [-0.095, +0.253] P 0.18
  30/70 full cut, step on 15d high   real vs live 50/50: [-0.061, +0.551] P 0.06  real vs 30/70 live: [-0.039, +0.610] P 0.05  proxy vs live 50/50: [-0.073, +0.254] P 0.14  proxy vs 30/70 live: [-0.083, +0.282] P 0.14
  30/70 full cut, step on 20d high   real vs live 50/50: [-0.089, +0.537] P 0.08  real vs 30/70 live: [-0.058, +0.583] P 0.05  proxy vs live 50/50: [-0.079, +0.252] P 0.15  proxy vs 30/70 live: [-0.071, +0.260] P 0.14
  30/70 full cut, step on 30d high   real vs live 50/50: [-0.097, +0.538] P 0.08  real vs 30/70 live: [-0.049, +0.611] P 0.05  proxy vs live 50/50: [-0.079, +0.254] P 0.16  proxy vs 30/70 live: [-0.077, +0.261] P 0.15
