======================================================================================================================================================
nav_brake_study (2026-10-08): drawdown-from-high exit rule on the current design (pre-registered)
======================================================================================================================================================

  REAL  base 40/60   null frontier (CAGR, MaxDD): 18.2/-7.7, 22.3/-9.7, 26.6/-11.6, 30.8/-13.4, 35.2/-15.2, 39.7/-16.9, 44.2/-18.7, 48.8/-20.4, 53.3/-22.0
  arm                           CAGR   MaxDD   EDGE   exSh    dSh  dHold  expo   reb   worst live episodes (arm / live)
  LIVE                        44.18%  -18.7%  +0.00  1.697 +0.000      -   61%  31.9   COVID -1.3/-1.3  2022 bear -15.0/-15.0  spring 2025 -18.7/-18.7
  5% -> x0.5, nav             30.91%  -15.0%  -1.54  1.525 -0.172      -   49%  39.5   COVID -1.3/-1.3  2022 bear -11.4/-15.0  spring 2025 -12.3/-18.7
  5% -> cash, nav              4.82%   -9.1%  -1.39  0.409 -1.288      -    6%  22.7   COVID 0.0/-1.3  2022 bear -1.9/-15.0  spring 2025 -0.1/-18.7
  10% -> x0.5, nav            37.33%  -15.6%  +0.43  1.578 -0.119      -   55%  36.1   COVID -1.3/-1.3  2022 bear -15.6/-15.0  spring 2025 -14.5/-18.7
  10% -> cash, nav             9.73%  -14.0%  -6.27  0.678 -1.019      -   14%  25.2   COVID -1.3/-1.3  2022 bear -4.1/-15.0  spring 2025 -4.4/-18.7
  15% -> x0.5, nav            43.18%  -18.7%  -0.38  1.669 -0.028      -   61%  32.6   COVID -1.3/-1.3  2022 bear -15.0/-15.0  spring 2025 -18.7/-18.7
  15% -> cash, nav            30.07%  -18.7%  -5.61  1.409 -0.288      -   45%  30.5   COVID -1.3/-1.3  2022 bear -15.0/-15.0  spring 2025 -18.7/-18.7
  20% -> x0.5, nav            44.18%  -18.7%  +0.00  1.697 +0.000      -   61%  31.9   COVID -1.3/-1.3  2022 bear -15.0/-15.0  spring 2025 -18.7/-18.7
  20% -> cash, nav            44.18%  -18.7%  +0.00  1.697 +0.000      -   61%  31.9   COVID -1.3/-1.3  2022 bear -15.0/-15.0  spring 2025 -18.7/-18.7
  5% -> x0.5, high20          30.21%  -14.3%  -1.19  1.537 -0.160      -   47%  35.5   COVID -1.3/-1.3  2022 bear -11.4/-15.0  spring 2025 -12.3/-18.7
  5% -> cash, high20           8.36%   -9.1%  -1.39  0.718 -0.979      -    9%  24.2   COVID -1.3/-1.3  2022 bear -4.1/-15.0  spring 2025 0.0/-18.7
  10% -> x0.5, high20         35.87%  -15.7%  -0.20  1.535 -0.162      -   55%  34.6   COVID -1.3/-1.3  2022 bear -15.7/-15.0  spring 2025 -14.5/-18.7
  10% -> cash, high20         12.46%  -13.3%  -5.62  0.801 -0.896      -   19%  25.3   COVID -1.3/-1.3  2022 bear -2.7/-15.0  spring 2025 -1.3/-18.7
  15% -> x0.5, high20         42.68%  -18.7%  -0.57  1.655 -0.042      -   61%  32.4   COVID -1.3/-1.3  2022 bear -15.0/-15.0  spring 2025 -18.7/-18.7
  15% -> cash, high20         20.50%  -18.7%  -9.87  1.060 -0.636      -   37%  25.5   COVID 0.0/-1.3  2022 bear 0.0/-15.0  spring 2025 -18.7/-18.7
  20% -> x0.5, high20         44.18%  -18.7%  +0.00  1.697 +0.000      -   61%  31.9   COVID -1.3/-1.3  2022 bear -15.0/-15.0  spring 2025 -18.7/-18.7
  20% -> cash, high20         44.18%  -18.7%  +0.00  1.697 +0.000      -   61%  31.9   COVID -1.3/-1.3  2022 bear -15.0/-15.0  spring 2025 -18.7/-18.7
  5% -> x0.5, roll252         31.75%  -15.0%  -1.20  1.545 -0.152      -   49%  39.4   COVID -1.3/-1.3  2022 bear -11.4/-15.0  spring 2025 -12.3/-18.7
  5% -> cash, roll252          7.56%  -14.6%  -6.91  0.580 -1.117      -   12%  27.6   COVID 0.0/-1.3  2022 bear -5.9/-15.0  spring 2025 0.0/-18.7
  10% -> x0.5, roll252        38.81%  -16.0%  +0.62  1.619 -0.078      -   56%  35.5   COVID -1.3/-1.3  2022 bear -16.0/-15.0  spring 2025 -14.5/-18.7
  10% -> cash, roll252        29.50%  -15.0%  -2.19  1.475 -0.222      -   38%  27.8   COVID -1.3/-1.3  2022 bear -4.1/-15.0  spring 2025 -10.3/-18.7
  15% -> x0.5, roll252        43.21%  -18.7%  -0.37  1.670 -0.027      -   61%  32.4   COVID -1.3/-1.3  2022 bear -15.0/-15.0  spring 2025 -18.7/-18.7
  15% -> cash, roll252        31.87%  -20.3%  -6.49  1.458 -0.239      -   47%  30.4   COVID -1.3/-1.3  2022 bear -15.0/-15.0  spring 2025 -18.7/-18.7
  20% -> x0.5, roll252        44.18%  -18.7%  +0.00  1.697 +0.000      -   61%  31.9   COVID -1.3/-1.3  2022 bear -15.0/-15.0  spring 2025 -18.7/-18.7
  20% -> cash, roll252        44.18%  -18.7%  +0.00  1.697 +0.000      -   61%  31.9   COVID -1.3/-1.3  2022 bear -15.0/-15.0  spring 2025 -18.7/-18.7

  PROXY  base 40/60   null frontier (CAGR, MaxDD): 12.3/-9.5, 14.8/-11.8, 17.4/-14.0, 20.0/-16.3, 22.6/-18.6, 25.2/-20.6, 27.8/-22.6, 30.3/-24.8, 32.9/-26.8
  arm                           CAGR   MaxDD   EDGE   exSh    dSh  dHold  expo   reb   worst live episodes (arm / live)
  LIVE                        27.78%  -22.6%  +0.00  1.114 +0.000 +0.000   57%  36.5   dot-com -20.6/-20.6  GFC -18.5/-18.5  COVID -1.9/-1.9
  5% -> x0.5, nav             18.24%  -15.5%  -0.70  1.011 -0.103 -0.101   41%  41.9   dot-com -13.8/-20.6  GFC -13.2/-18.5  COVID -1.9/-1.9
  5% -> cash, nav              4.06%   -9.6%  -0.05  0.373 -0.741 -0.839    5%  21.7   dot-com -7.5/-20.6  GFC -1.1/-18.5  COVID 0.0/-1.9
  10% -> x0.5, nav            20.97%  -19.7%  -2.49  1.031 -0.083 -0.220   45%  39.9   dot-com -15.6/-20.6  GFC -16.6/-18.5  COVID -1.9/-1.9
  10% -> cash, nav             1.79%  -13.2%  -3.70  0.019 -1.095 -0.925    6%  22.6   dot-com -12.1/-20.6  GFC -1.1/-18.5  COVID 0.0/-1.9
  15% -> x0.5, nav            22.00%  -21.8%  -3.73  0.982 -0.132 -0.205   51%  39.5   dot-com -20.3/-20.6  GFC -17.5/-18.5  COVID -1.9/-1.9
  15% -> cash, nav             6.38%  -18.9%  -9.36  0.439 -0.675 -0.870   13%  24.9   dot-com -16.9/-20.6  GFC 0.0/-18.5  COVID 0.0/-1.9
  20% -> x0.5, nav            26.10%  -23.1%  -1.83  1.063 -0.051 -0.082   57%  37.4   dot-com -20.6/-20.6  GFC -18.5/-18.5  COVID -1.9/-1.9
  20% -> cash, nav             9.85%  -23.6% -14.11  0.621 -0.493 -0.970   19%  27.4   dot-com -20.7/-20.6  GFC 0.0/-18.5  COVID -1.9/-1.9
  5% -> x0.5, high20          18.54%  -15.2%  -0.20  1.041 -0.073 -0.075   41%  39.4   dot-com -12.2/-20.6  GFC -13.4/-18.5  COVID -1.9/-1.9
  5% -> cash, high20           3.91%   -7.4%  +2.06  0.337 -0.778 -0.674    5%  22.5   dot-com -6.3/-20.6  GFC -2.3/-18.5  COVID 0.0/-1.9
  10% -> x0.5, high20         22.77%  -19.2%  -0.49  1.089 -0.025 -0.061   47%  37.6   dot-com -15.1/-20.6  GFC -14.2/-18.5  COVID -1.9/-1.9
  10% -> cash, high20          1.58%  -13.8%  -4.27 -0.018 -1.133 -0.841    6%  21.6   dot-com -12.0/-20.6  GFC -0.5/-18.5  COVID 0.0/-1.9
  15% -> x0.5, high20         22.08%  -22.6%  -4.44  0.989 -0.125 -0.186   51%  38.2   dot-com -18.8/-20.6  GFC -17.5/-18.5  COVID -1.9/-1.9
  15% -> cash, high20          4.56%  -17.5%  -7.97  0.300 -0.814 -0.683   11%  23.6   dot-com -16.9/-20.6  GFC 0.0/-18.5  COVID 0.0/-1.9
  20% -> x0.5, high20         25.93%  -23.1%  -1.97  1.059 -0.055 -0.090   56%  37.0   dot-com -20.5/-20.6  GFC -18.5/-18.5  COVID -1.9/-1.9
  20% -> cash, high20          3.46%  -23.8% -14.34  0.194 -0.920 -0.849   11%  24.1   dot-com -23.5/-20.6  GFC 0.0/-18.5  COVID 0.0/-1.9
  5% -> x0.5, roll252         17.70%  -16.3%  -1.98  0.966 -0.148 -0.121   42%  42.3   dot-com -13.8/-20.6  GFC -13.2/-18.5  COVID -1.9/-1.9
  5% -> cash, roll252          4.04%  -22.7% -13.20  0.282 -0.832 -0.661   10%  24.9   dot-com -7.5/-20.6  GFC -5.6/-18.5  COVID 0.0/-1.9
  10% -> x0.5, roll252        20.53%  -25.0%  -8.19  0.985 -0.129 -0.260   47%  41.1   dot-com -16.1/-20.6  GFC -16.9/-18.5  COVID -1.9/-1.9
  10% -> cash, roll252        14.58%  -25.9% -14.27  0.839 -0.275 -0.462   27%  28.2   dot-com -13.7/-20.6  GFC -10.3/-18.5  COVID -1.9/-1.9
  15% -> x0.5, roll252        23.51%  -24.5%  -5.17  1.005 -0.109 -0.155   53%  39.1   dot-com -21.0/-20.6  GFC -17.5/-18.5  COVID -1.9/-1.9
  15% -> cash, roll252        15.75%  -26.4% -13.81  0.794 -0.320 -0.336   35%  31.4   dot-com -18.3/-20.6  GFC -15.6/-18.5  COVID 0.0/-1.9
  20% -> x0.5, roll252        26.87%  -24.2%  -2.31  1.087 -0.028 -0.041   57%  36.8   dot-com -20.6/-20.6  GFC -18.5/-18.5  COVID -1.9/-1.9
  20% -> cash, roll252        23.93%  -32.4% -12.75  1.023 -0.091 -0.156   51%  35.1   dot-com -20.6/-20.6  GFC -15.6/-18.5  COVID -1.9/-1.9

  REAL  base 50/50   null frontier (CAGR, MaxDD): 17.0/-7.3, 20.8/-9.2, 24.8/-11.0, 28.7/-12.7, 32.7/-14.4, 36.8/-16.1, 41.0/-17.8, 45.2/-19.4, 49.5/-21.0
  arm                           CAGR   MaxDD   EDGE   exSh    dSh  dHold  expo   reb   worst live episodes (arm / live)
  LIVE                        41.03%  -17.8%  +0.00  1.683 +0.000      -   63%  32.1   COVID -1.7/-1.7  2022 bear -13.6/-13.6  spring 2025 -17.8/-17.8
  5% -> x0.5, nav             28.66%  -12.2%  +0.48  1.498 -0.184      -   50%  38.7   COVID -1.7/-1.7  2022 bear -11.1/-13.6  spring 2025 -11.6/-17.8
  5% -> cash, nav              1.82%   -9.0%  -1.67 -0.056 -1.739      -    6%  23.7   COVID 0.0/-1.7  2022 bear -4.1/-13.6  spring 2025 0.0/-17.8
  10% -> x0.5, nav            35.94%  -15.8%  -0.08  1.577 -0.106      -   60%  34.9   COVID -1.7/-1.7  2022 bear -12.3/-13.6  spring 2025 -15.8/-17.8
  10% -> cash, nav             3.96%  -14.0%  -6.66  0.213 -1.469      -   10%  24.0   COVID 0.0/-1.7  2022 bear -4.1/-13.6  spring 2025 -14.0/-17.8
  15% -> x0.5, nav            40.38%  -17.8%  -0.25  1.663 -0.020      -   63%  32.6   COVID -1.7/-1.7  2022 bear -13.6/-13.6  spring 2025 -17.8/-17.8
  15% -> cash, nav            34.91%  -18.3%  -2.94  1.549 -0.134      -   56%  30.0   COVID -1.7/-1.7  2022 bear -13.6/-13.6  spring 2025 -17.8/-17.8
  20% -> x0.5, nav            41.03%  -17.8%  +0.00  1.683 +0.000      -   63%  32.1   COVID -1.7/-1.7  2022 bear -13.6/-13.6  spring 2025 -17.8/-17.8
  20% -> cash, nav            41.03%  -17.8%  +0.00  1.683 +0.000      -   63%  32.1   COVID -1.7/-1.7  2022 bear -13.6/-13.6  spring 2025 -17.8/-17.8
  5% -> x0.5, high20          28.80%  -13.4%  -0.68  1.544 -0.139      -   50%  35.9   COVID -1.7/-1.7  2022 bear -11.1/-13.6  spring 2025 -11.6/-17.8
  5% -> cash, high20           4.31%   -8.1%  -0.77  0.306 -1.377      -    9%  24.0   COVID 0.0/-1.7  2022 bear -2.7/-13.6  spring 2025 0.0/-17.8
  10% -> x0.5, high20         34.97%  -15.8%  -0.48  1.554 -0.129      -   59%  33.9   COVID -1.7/-1.7  2022 bear -12.2/-13.6  spring 2025 -15.8/-17.8
  10% -> cash, high20          2.57%  -14.0%  -6.66  0.068 -1.614      -    9%  24.0   COVID 0.0/-1.7  2022 bear 0.0/-13.6  spring 2025 -14.0/-17.8
  15% -> x0.5, high20         40.44%  -17.8%  -0.23  1.665 -0.018      -   63%  32.4   COVID -1.7/-1.7  2022 bear -13.6/-13.6  spring 2025 -17.8/-17.8
  15% -> cash, high20         35.08%  -17.8%  -2.35  1.557 -0.125      -   56%  30.2   COVID -1.7/-1.7  2022 bear -13.6/-13.6  spring 2025 -17.8/-17.8
  20% -> x0.5, high20         41.03%  -17.8%  +0.00  1.683 +0.000      -   63%  32.1   COVID -1.7/-1.7  2022 bear -13.6/-13.6  spring 2025 -17.8/-17.8
  20% -> cash, high20         41.03%  -17.8%  +0.00  1.683 +0.000      -   63%  32.1   COVID -1.7/-1.7  2022 bear -13.6/-13.6  spring 2025 -17.8/-17.8
  5% -> x0.5, roll252         29.95%  -12.2%  +1.04  1.540 -0.142      -   51%  38.7   COVID -1.7/-1.7  2022 bear -11.1/-13.6  spring 2025 -11.6/-17.8
  5% -> cash, roll252          3.18%  -13.5%  -6.23  0.140 -1.543      -   14%  25.7   COVID 0.0/-1.7  2022 bear -5.9/-13.6  spring 2025 -2.2/-17.8
  10% -> x0.5, roll252        36.30%  -15.8%  +0.07  1.587 -0.095      -   60%  34.9   COVID -1.7/-1.7  2022 bear -12.7/-13.6  spring 2025 -15.8/-17.8
  10% -> cash, roll252        20.62%  -15.6%  -6.56  1.138 -0.545      -   34%  27.5   COVID 0.0/-1.7  2022 bear -4.1/-13.6  spring 2025 -14.0/-17.8
  15% -> x0.5, roll252        40.38%  -17.8%  -0.25  1.663 -0.020      -   63%  32.6   COVID -1.7/-1.7  2022 bear -13.6/-13.6  spring 2025 -17.8/-17.8
  15% -> cash, roll252        37.21%  -22.5%  -6.26  1.593 -0.090      -   58%  31.6   COVID -1.7/-1.7  2022 bear -13.6/-13.6  spring 2025 -17.8/-17.8
  20% -> x0.5, roll252        41.03%  -17.8%  +0.00  1.683 +0.000      -   63%  32.1   COVID -1.7/-1.7  2022 bear -13.6/-13.6  spring 2025 -17.8/-17.8
  20% -> cash, roll252        41.03%  -17.8%  +0.00  1.683 +0.000      -   63%  32.1   COVID -1.7/-1.7  2022 bear -13.6/-13.6  spring 2025 -17.8/-17.8

  PROXY  base 50/50   null frontier (CAGR, MaxDD): 11.6/-8.8, 14.0/-11.1, 16.4/-13.3, 18.8/-15.5, 21.3/-17.6, 23.7/-19.7, 26.1/-21.9, 28.5/-24.2, 30.9/-26.4
  arm                           CAGR   MaxDD   EDGE   exSh    dSh  dHold  expo   reb   worst live episodes (arm / live)
  LIVE                        26.11%  -21.9%  +0.00  1.104 +0.000 +0.000   59%  36.9   dot-com -20.2/-20.2  GFC -18.4/-18.4  COVID -2.4/-2.4
  5% -> x0.5, nav             18.00%  -14.8%  -0.10  1.034 -0.070 -0.081   43%  41.7   dot-com -11.3/-20.2  GFC -13.0/-18.4  COVID -2.4/-2.4
  5% -> cash, nav              0.86%   -8.9%  -0.04 -0.234 -1.338 -1.026    2%  21.3   dot-com -7.5/-20.2  GFC -7.1/-18.4  COVID 0.0/-2.4
  10% -> x0.5, nav            20.42%  -18.4%  -1.56  1.037 -0.068 -0.159   48%  40.1   dot-com -15.5/-20.2  GFC -15.0/-18.4  COVID -2.4/-2.4
  10% -> cash, nav             4.28%  -14.7%  -5.84  0.333 -0.771 -0.614    8%  23.1   dot-com -12.0/-20.2  GFC -1.9/-18.4  COVID 0.0/-2.4
  15% -> x0.5, nav            21.53%  -21.1%  -3.24  0.989 -0.115 -0.202   54%  39.7   dot-com -19.1/-20.2  GFC -17.4/-18.4  COVID -2.4/-2.4
  15% -> cash, nav             7.18%  -18.3%  -9.43  0.508 -0.597 -0.755   15%  24.9   dot-com -16.9/-20.2  GFC -1.8/-18.4  COVID -2.4/-2.4
  20% -> x0.5, nav            24.95%  -24.5%  -3.63  1.069 -0.035 -0.064   58%  37.8   dot-com -20.2/-20.2  GFC -18.4/-18.4  COVID -2.4/-2.4
  20% -> cash, nav             4.58%  -22.9% -14.02  0.298 -0.806 -1.125   13%  24.6   dot-com -20.9/-20.2  GFC -8.8/-18.4  COVID 0.0/-2.4
  5% -> x0.5, high20          17.68%  -14.8%  -0.38  1.037 -0.067 -0.096   42%  40.2   dot-com -11.3/-20.2  GFC -13.4/-18.4  COVID -2.4/-2.4
  5% -> cash, high20           2.32%   -8.9%  -0.06  0.097 -1.007 -0.920    4%  21.4   dot-com -6.5/-20.2  GFC -6.4/-18.4  COVID 0.0/-2.4
  10% -> x0.5, high20         20.81%  -18.8%  -1.62  1.051 -0.053 -0.078   48%  38.1   dot-com -14.7/-20.2  GFC -14.1/-18.4  COVID -2.4/-2.4
  10% -> cash, high20          3.09%  -14.4%  -5.53  0.179 -0.926 -0.961    8%  21.3   dot-com -11.7/-20.2  GFC -1.9/-18.4  COVID 0.0/-2.4
  15% -> x0.5, high20         21.71%  -21.2%  -3.23  0.998 -0.106 -0.195   53%  38.9   dot-com -18.4/-20.2  GFC -17.4/-18.4  COVID -2.4/-2.4
  15% -> cash, high20          1.24%  -18.3%  -9.43 -0.061 -1.165 -0.910    6%  22.0   dot-com -15.8/-20.2  GFC -1.9/-18.4  COVID 0.0/-2.4
  20% -> x0.5, high20         25.33%  -22.3%  -1.12  1.079 -0.025 -0.044   58%  37.3   dot-com -20.4/-20.2  GFC -18.4/-18.4  COVID -2.4/-2.4
  20% -> cash, high20          5.82%  -21.8% -12.97  0.390 -0.714 -0.927   15%  25.1   dot-com -20.8/-20.2  GFC -2.9/-18.4  COVID 0.0/-2.4
  5% -> x0.5, roll252         18.44%  -14.8%  +0.30  1.036 -0.068 -0.065   44%  41.7   dot-com -11.5/-20.2  GFC -13.0/-18.4  COVID -2.4/-2.4
  5% -> cash, roll252          7.54%  -15.2%  -6.35  0.642 -0.462 -0.581   13%  25.8   dot-com -7.5/-20.2  GFC -7.1/-18.4  COVID 0.0/-2.4
  10% -> x0.5, roll252        20.48%  -24.9%  -7.98  1.009 -0.095 -0.167   49%  41.2   dot-com -16.4/-20.2  GFC -15.0/-18.4  COVID -2.4/-2.4
  10% -> cash, roll252        15.05%  -25.0% -12.89  0.886 -0.218 -0.224   30%  30.5   dot-com -14.9/-20.2  GFC -10.6/-18.4  COVID -2.4/-2.4
  15% -> x0.5, roll252        23.35%  -27.1%  -7.68  1.032 -0.072 -0.116   55%  38.9   dot-com -20.1/-20.2  GFC -17.4/-18.4  COVID -2.4/-2.4
  15% -> cash, roll252        14.66%  -26.7% -15.03  0.766 -0.338 -0.324   37%  32.3   dot-com -18.3/-20.2  GFC -15.0/-18.4  COVID -2.4/-2.4
  20% -> x0.5, roll252        25.83%  -24.1%  -2.42  1.096 -0.008 -0.016   58%  37.0   dot-com -20.2/-20.2  GFC -18.4/-18.4  COVID -2.4/-2.4
  20% -> cash, roll252        24.33%  -33.0% -12.71  1.057 -0.047 -0.096   56%  36.6   dot-com -20.2/-20.2  GFC -18.4/-18.4  COVID -2.4/-2.4

  PRE-REGISTERED VERDICT (base 40/60)
  5% -> x0.5, nav            P1 n (edge real -1.54 / proxy -0.70)  P2 n (dSh -0.172 / -0.103)  P3 n (-0.101)  => fail
  5% -> cash, nav            P1 n (edge real -1.39 / proxy -0.05)  P2 n (dSh -1.288 / -0.741)  P3 n (-0.839)  => fail
  10% -> x0.5, nav           P1 n (edge real +0.43 / proxy -2.49)  P2 n (dSh -0.119 / -0.083)  P3 n (-0.220)  => fail
  10% -> cash, nav           P1 n (edge real -6.27 / proxy -3.70)  P2 n (dSh -1.019 / -1.095)  P3 n (-0.925)  => fail
  15% -> x0.5, nav           P1 n (edge real -0.38 / proxy -3.73)  P2 n (dSh -0.028 / -0.132)  P3 n (-0.205)  => fail
  15% -> cash, nav           P1 n (edge real -5.61 / proxy -9.36)  P2 n (dSh -0.288 / -0.675)  P3 n (-0.870)  => fail
  20% -> x0.5, nav           P1 n (edge real +0.00 / proxy -1.83)  P2 n (dSh +0.000 / -0.051)  P3 n (-0.082)  => fail
  20% -> cash, nav           P1 n (edge real +0.00 / proxy -14.11)  P2 n (dSh +0.000 / -0.493)  P3 n (-0.970)  => fail
  5% -> x0.5, high20         P1 n (edge real -1.19 / proxy -0.20)  P2 n (dSh -0.160 / -0.073)  P3 n (-0.075)  => fail
  5% -> cash, high20         P1 n (edge real -1.39 / proxy +2.06)  P2 n (dSh -0.979 / -0.778)  P3 n (-0.674)  => fail
  10% -> x0.5, high20        P1 n (edge real -0.20 / proxy -0.49)  P2 n (dSh -0.162 / -0.025)  P3 n (-0.061)  => fail
  10% -> cash, high20        P1 n (edge real -5.62 / proxy -4.27)  P2 n (dSh -0.896 / -1.133)  P3 n (-0.841)  => fail
  15% -> x0.5, high20        P1 n (edge real -0.57 / proxy -4.44)  P2 n (dSh -0.042 / -0.125)  P3 n (-0.186)  => fail
  15% -> cash, high20        P1 n (edge real -9.87 / proxy -7.97)  P2 n (dSh -0.636 / -0.814)  P3 n (-0.683)  => fail
  20% -> x0.5, high20        P1 n (edge real +0.00 / proxy -1.97)  P2 n (dSh +0.000 / -0.055)  P3 n (-0.090)  => fail
  20% -> cash, high20        P1 n (edge real +0.00 / proxy -14.34)  P2 n (dSh +0.000 / -0.920)  P3 n (-0.849)  => fail
  5% -> x0.5, roll252        P1 n (edge real -1.20 / proxy -1.98)  P2 n (dSh -0.152 / -0.148)  P3 n (-0.121)  => fail
  5% -> cash, roll252        P1 n (edge real -6.91 / proxy -13.20)  P2 n (dSh -1.117 / -0.832)  P3 n (-0.661)  => fail
  10% -> x0.5, roll252       P1 n (edge real +0.62 / proxy -8.19)  P2 n (dSh -0.078 / -0.129)  P3 n (-0.260)  => fail
  10% -> cash, roll252       P1 n (edge real -2.19 / proxy -14.27)  P2 n (dSh -0.222 / -0.275)  P3 n (-0.462)  => fail
  15% -> x0.5, roll252       P1 n (edge real -0.37 / proxy -5.17)  P2 n (dSh -0.027 / -0.109)  P3 n (-0.155)  => fail
  15% -> cash, roll252       P1 n (edge real -6.49 / proxy -13.81)  P2 n (dSh -0.239 / -0.320)  P3 n (-0.336)  => fail
  20% -> x0.5, roll252       P1 n (edge real +0.00 / proxy -2.31)  P2 n (dSh +0.000 / -0.028)  P3 n (-0.041)  => fail
  20% -> cash, roll252       P1 n (edge real +0.00 / proxy -12.75)  P2 n (dSh +0.000 / -0.091)  P3 n (-0.156)  => fail
  passing: none -- no drawdown exit rule

  PAIRED BLOCK BOOTSTRAP vs live, 40/60 (60-day blocks, 2000 draws): excess-Sharpe 95% CI, P(not better) -- best 6 arms by proxy edge
  5% -> cash, high20         real [-1.727, -0.322] P 1.00   proxy [-1.250, -0.331] P 1.00
  5% -> cash, nav            real [-2.259, -0.493] P 1.00   proxy [-1.230, -0.285] P 1.00
  5% -> x0.5, high20         real [-0.358, +0.032] P 0.95   proxy [-0.200, +0.046] P 0.88
  10% -> x0.5, high20        real [-0.304, -0.032] P 1.00   proxy [-0.116, +0.074] P 0.70
  5% -> x0.5, nav            real [-0.376, +0.026] P 0.96   proxy [-0.237, +0.020] P 0.95
  20% -> x0.5, nav           real [+0.000, +0.000] P 1.00   proxy [-0.095, -0.016] P 1.00

  done in 46s
