recovery_study deep-dive paths (4bp). Columns: QQQ close, drawdown from episode peak, macro state, fast 20/100 state, effective state,
extension votes, 30d vol, live vol max(10,30), VT multiplier, LIVE target risky weight, held risky weight LIVE / BASE, NAVs rebased to the peak.

DEEP DIVE 2007-10 full path, peak 2007-10-31 trough 2008-11-20 window end 2010-04-23
date            QQQ    dd% st fast eff votes  vol30  volLv  mult tgtLIVE heldLIVE heldBASE  navLIVE  navBASE   navQQQ
2007-10-17    53.55   -2.7  A    A   A     1   15.4   17.9  1.00    0.67     0.67     1.00    0.934    0.951    0.973 
2007-10-18    53.78   -2.3  A    A   A     1   15.4   17.9  1.00    0.67     0.67     1.00    0.939    0.959    0.977 
2007-10-19    52.44   -4.7  A    A   A     0   16.3   20.2  0.99    0.99     0.99     1.00    0.907    0.910    0.953 
2007-10-22    53.07   -3.6  A    A   A     0   16.4   21.0  0.95    0.95     0.95     1.00    0.929    0.932    0.964 
2007-10-23    54.18   -1.5  A    A   A     3   16.9   23.5  0.85    0.00     0.00     1.00    0.965    0.971    0.984 
2007-10-24    53.83   -2.2  A    A   A     1   17.1   23.8  0.84    0.56     0.56     1.00    0.965    0.958    0.978 
2007-10-25    53.05   -3.6  A    A   A     0   17.9   23.6  0.85    0.85     0.85     1.00    0.949    0.930    0.964 
2007-10-26    53.93   -2.0  A    A   A     0   18.3   23.6  0.85    0.85     0.85     1.00    0.975    0.961    0.980 
2007-10-29    54.16   -1.6  A    A   A     1   18.0   23.1  0.86    0.58     0.58     1.00    0.982    0.969    0.984 
2007-10-30    54.26   -1.4  A    A   A     1   16.8   22.8  0.88    0.58     0.58     1.00    0.984    0.972    0.986 
2007-10-31    55.03    0.0  A    A   A     3   17.1   23.0  0.87    0.00     0.00     1.00    1.000    1.000    1.000 <-- peak
2007-11-01    54.00   -1.9  A    A   A     0   18.2   25.4  0.79    0.79     0.79     1.00    1.000    0.962    0.981 
2007-11-02    54.42   -1.1  A    A   A     1   18.2   21.2  0.95    0.63     0.63     1.00    1.011    0.977    0.989 
2007-11-05    54.07   -1.7  A    A   A     0   18.4   21.2  0.94    0.94     0.94     1.00    1.003    0.964    0.983 
2007-11-06    54.68   -0.6  A    A   A     2   18.4   19.2  1.00    0.33     0.33     1.00    1.024    0.986    0.994 
2007-11-07    53.35   -3.1  A    A   A     0   20.0   22.9  0.87    0.87     0.87     1.00    1.007    0.938    0.970 
2007-11-08    51.73   -6.0  A    D   A     0   21.9   26.6  0.75    0.75     0.75     1.00    0.953    0.881    0.940 
2007-11-09    50.00   -9.1  D    D   D     0   24.0   28.4  0.70    0.70     0.70     1.00    0.905    0.822    0.909 
2007-11-12    48.73  -11.4  D    E   D     0   24.7   28.9  0.69    0.69     0.69     1.00    0.872    0.779    0.886 
2007-11-13    50.74   -7.8  D    D   D     0   27.7   38.7  0.52    0.52     0.52     1.00    0.922    0.844    0.922 
2007-11-14    50.09   -9.0  D    D   D     0   27.9   37.0  0.54    0.54     0.54     1.00    0.909    0.822    0.910 
2007-11-15    49.82   -9.5  D    D   D     0   27.9   36.6  0.55    0.55     0.54     1.00    0.904    0.813    0.906 
2007-11-16    50.28   -8.6  D    D   D     0   27.3   36.8  0.54    0.54     0.54     1.00    0.913    0.828    0.914 
2007-11-19    49.70   -9.7  D    D   D     0   27.3   36.9  0.54    0.54     0.54     1.00    0.902    0.809    0.903 
2007-11-20    49.93   -9.3  D    D   D     0   27.4   36.0  0.56    0.56     0.56     1.00    0.906    0.816    0.908 
2007-11-21    49.31  -10.4  D    E   D     0   27.5   35.1  0.57    0.57     0.57     1.00    0.894    0.796    0.896 
2007-11-23    49.84   -9.4  D    E   D     0   27.4   33.7  0.59    0.59     0.59     1.00    0.904    0.813    0.906 
2007-11-26    48.98  -11.0  D    E   D     0   27.2   30.4  0.66    0.66     0.66     1.00    0.886    0.784    0.890 
2007-11-27    49.96   -9.2  D    E   D     0   28.0   29.1  0.69    0.69     0.69     1.00    0.909    0.816    0.908 
2007-11-28    51.48   -6.5  D    D   D     0   29.5   29.5  0.68    0.68     0.68     1.00    0.947    0.865    0.936 
2007-11-29    51.70   -6.1  D    A   D     0   29.2   29.2  0.68    0.68     0.68     1.00    0.952    0.873    0.940 
2007-11-30    51.31   -6.8  D    A   D     0   29.3   29.3  0.68    0.68     0.68     1.00    0.943    0.859    0.933 
2007-12-03    50.88   -7.5  D    A   D     0   28.5   28.5  0.70    0.70     0.70     1.00    0.932    0.845    0.925 
2007-12-04    50.67   -7.9  D    A   D     0   28.2   28.2  0.71    0.71     0.70     1.00    0.926    0.838    0.921 
2007-12-05    51.57   -6.3  D    A   D     0   28.0   28.0  0.71    0.71     0.71     1.00    0.949    0.867    0.938 
2007-12-06    52.32   -4.9  D    A   D     0   28.4   28.4  0.70    0.70     0.70     1.00    0.969    0.892    0.951 
2007-12-07    52.33   -4.9  D    A   D     0   28.1   28.1  0.71    0.71     0.70     1.00    0.969    0.893    0.952 
2007-12-10    52.54   -4.5  D    A   D     0   27.6   27.6  0.72    0.72     0.72     1.00    0.974    0.900    0.955 
2007-12-11    51.32   -6.7  D    A   D     0   28.4   28.4  0.71    0.71     0.71     1.00    0.942    0.858    0.933 
2007-12-12    51.78   -5.9  D    A   D     0   28.5   28.5  0.70    0.70     0.70     1.00    0.954    0.873    0.942 
2007-12-13    51.50   -6.4  D    A   D     0   28.1   28.1  0.71    0.71     0.70     1.00    0.946    0.864    0.937 
2007-12-14    50.97   -7.4  D    A   D     0   27.8   27.8  0.72    0.72     0.72     1.00    0.933    0.846    0.927 
2007-12-17    49.73   -9.6  D    E   D     0   28.4   28.4  0.70    0.70     0.70     1.00    0.900    0.804    0.904 
2007-12-18    49.89   -9.3  D    E   D     0   28.4   28.4  0.70    0.70     0.71     1.00    0.904    0.809    0.907 
2007-12-19    49.88   -9.4  D    E   D     0   28.1   28.1  0.71    0.71     0.71     1.00    0.904    0.809    0.907 
2007-12-20    50.93   -7.5  D    E   D     0   28.2   28.2  0.71    0.71     0.71     1.00    0.931    0.843    0.926 
2007-12-21    51.85   -5.8  D    A   D     0   27.4   27.4  0.73    0.73     0.73     1.00    0.955    0.873    0.943 
2007-12-24    52.24   -5.1  D    A   D     0   25.5   25.5  0.78    0.78     0.78     1.00    0.965    0.886    0.950 
2007-12-26    52.50   -4.6  A    A   A     0   24.2   24.2  0.83    0.83     0.83     1.00    0.972    0.895    0.955 
2007-12-27    51.93   -5.6  A    A   A     0   21.5   21.8  0.92    0.92     0.92     1.00    0.954    0.875    0.945 
2007-12-28    51.86   -5.8  A    A   A     0   21.2   21.6  0.92    0.92     0.92     1.00    0.952    0.872    0.943 
2007-12-31    51.22   -6.9  A    A   A     0   21.4   22.0  0.91    0.91     0.91     1.00    0.930    0.851    0.932 
2008-01-02    50.45   -8.3  D    D   D     0   21.8   21.8  0.92    0.92     0.92     1.00    0.905    0.825    0.918 
2008-01-03    50.62   -8.0  D    D   D     0   21.5   21.5  0.93    0.93     0.92     1.00    0.909    0.830    0.921 
2008-01-04    48.40  -12.0  D    E   D     0   25.0   29.9  0.67    0.67     0.67     1.00    0.836    0.757    0.880 
2008-01-07    48.17  -12.5  E    E   E     0   24.8   26.8  0.75    0.37     0.37     0.50    0.831    0.750    0.876 
2008-01-08    46.92  -14.7  E    F   E     0   25.6   25.6  0.78    0.39     0.39     0.50    0.830    0.750    0.854 
2008-01-09    47.92  -12.9  E    F   E     0   26.1   28.5  0.70    0.35     0.35     0.50    0.834    0.754    0.872 
2008-01-10    47.99  -12.8  E    F   E     0   25.3   28.1  0.71    0.36     0.35     0.50    0.832    0.751    0.873 
2008-01-11    47.05  -14.5  E    F   E     0   24.0   28.6  0.70    0.35     0.35     0.50    0.832    0.751    0.856 
2008-01-14    47.87  -13.0  E    F   E     0   24.6   31.5  0.63    0.32     0.32     0.50    0.833    0.752    0.871 
2008-01-15    46.55  -15.4  E    F   E     0   25.7   33.0  0.61    0.30     0.32     0.50    0.830    0.748    0.847 
2008-01-16    46.05  -16.3  E    F   E     0   25.7   32.9  0.61    0.30     0.31     0.49    0.825    0.742    0.838 
2008-01-17    45.38  -17.5  E    F   E     0   25.9   32.2  0.62    0.31     0.30     0.50    0.815    0.727    0.826 
2008-01-18    45.35  -17.6  E    F   E     0   25.1   26.6  0.75    0.38     0.38     0.50    0.812    0.722    0.825 
2008-01-22    44.18  -19.7  E    F   E     0   25.3   28.3  0.71    0.35     0.37     0.49    0.802    0.710    0.804 
2008-01-23    44.01  -20.0  E    F   E     0   25.2   26.6  0.75    0.38     0.37     0.49    0.809    0.719    0.801 
2008-01-24    44.91  -18.4  E    F   E     0   26.2   26.3  0.76    0.38     0.37     0.49    0.801    0.710    0.817 
2008-01-25    43.99  -20.1  E    F   E     0   26.0   26.8  0.75    0.37     0.37     0.50    0.798    0.706    0.801 
2008-01-28    44.33  -19.4  E    F   E     0   26.0   27.1  0.74    0.37     0.37     0.50    0.803    0.712    0.807 
2008-01-29    44.41  -19.3  E    F   E     0   26.1   26.1  0.77    0.38     0.37     0.50    0.804    0.713    0.808 
2008-01-30    44.37  -19.4  E    F   E     0   26.0   26.0  0.77    0.38     0.38     0.50    0.802    0.711    0.808 
2008-01-31    45.13  -18.0  E    F   E     0   26.0   26.0  0.77    0.38     0.39     0.51    0.807    0.716    0.821 
2008-02-01    45.59  -17.2  F    F   F     0   26.3   26.3  0.76    0.00     0.00     0.00    0.815    0.725    0.830 
2008-02-04    44.95  -18.3  F    F   F     0   26.5   26.5  0.76    0.00     0.00     0.00    0.815    0.725    0.818 
2008-02-05    43.67  -20.6  F    F   F     0   26.4   26.4  0.76    0.00     0.00     0.00    0.815    0.725    0.795 
2008-02-06    42.81  -22.2  F    F   F     0   25.8   27.1  0.74    0.00     0.00     0.00    0.815    0.725    0.779 
2008-02-07    43.11  -21.7  F    F   F     0   25.8   25.8  0.78    0.00     0.00     0.00    0.815    0.725    0.785 
2008-02-08    43.60  -20.8  F    F   F     0   26.1   26.1  0.77    0.00     0.00     0.00    0.815    0.725    0.794 
2008-02-11    44.07  -19.9  F    F   F     0   26.5   26.5  0.76    0.00     0.00     0.00    0.815    0.726    0.802 
2008-02-12    43.82  -20.4  F    F   F     0   26.4   26.4  0.76    0.00     0.00     0.00    0.815    0.726    0.798 
2008-02-13    44.78  -18.6  F    F   F     0   27.5   27.5  0.73    0.00     0.00     0.00    0.815    0.726    0.815 
2008-02-14    43.97  -20.1  F    F   F     0   27.6   27.6  0.72    0.00     0.00     0.00    0.815    0.726    0.800 
2008-02-15    43.82  -20.4  F    F   F     0   27.5   27.5  0.73    0.00     0.00     0.00    0.815    0.726    0.798 
2008-02-19    43.74  -20.5  F    F   F     0   24.9   25.3  0.79    0.00     0.00     0.00    0.815    0.726    0.796 
2008-02-20    43.94  -20.2  F    F   F     0   25.0   25.0  0.80    0.00     0.00     0.00    0.815    0.726    0.800 
2008-02-21    43.52  -20.9  F    F   F     0   24.1   24.1  0.83    0.00     0.00     0.00    0.815    0.726    0.792 
2008-02-22    43.68  -20.6  F    F   F     0   23.1   23.1  0.86    0.00     0.00     0.00    0.816    0.726    0.795 
2008-02-25    43.90  -20.2  F    F   F     0   23.2   23.2  0.86    0.00     0.00     0.00    0.816    0.726    0.799 
2008-02-26    44.07  -19.9  F    F   F     0   22.7   22.7  0.88    0.00     0.00     0.00    0.816    0.726    0.802 
2008-02-27    44.29  -19.5  F    F   F     0   22.1   22.1  0.91    0.00     0.00     0.00    0.816    0.726    0.806 
2008-02-28    44.12  -19.8  F    F   F     0   20.8   20.8  0.96    0.00     0.00     0.00    0.816    0.726    0.803 
2008-02-29    42.95  -22.0  F    F   F     0   21.9   21.9  0.92    0.00     0.00     0.00    0.816    0.726    0.782 
2008-03-03    42.67  -22.5  F    F   F     0   21.6   21.6  0.93    0.00     0.00     0.00    0.816    0.726    0.777 
2008-03-04    42.91  -22.0  F    F   F     0   21.7   21.7  0.92    0.00     0.00     0.00    0.816    0.726    0.781 
2008-03-05    43.12  -21.6  F    F   F     0   20.5   20.5  0.97    0.00     0.00     0.00    0.816    0.726    0.785 
2008-03-06    42.17  -23.4  F    F   F     0   21.4   21.4  0.93    0.00     0.00     0.00    0.816    0.727    0.768 
2008-03-07    42.07  -23.6  F    F   F     0   20.4   20.4  0.98    0.00     0.00     0.00    0.816    0.727    0.766 
2008-03-10    41.26  -25.0  F    F   F     0   20.3   20.3  0.98    0.00     0.00     0.00    0.816    0.727    0.751 
2008-03-11    42.83  -22.2  F    F   F     0   23.3   29.4  0.68    0.00     0.00     0.00    0.816    0.727    0.780 
2008-03-12    42.71  -22.4  F    F   F     0   23.3   29.0  0.69    0.00     0.00     0.00    0.816    0.727    0.778 
2008-03-13    43.04  -21.8  F    F   F     0   23.4   29.6  0.68    0.00     0.00     0.00    0.816    0.727    0.784 
2008-03-14    42.25  -23.2  F    F   F     0   23.3   27.9  0.72    0.00     0.00     0.00    0.816    0.727    0.769 
2008-03-17    41.48  -24.6  F    F   F     0   23.4   29.1  0.69    0.00     0.00     0.00    0.816    0.727    0.755 
2008-03-18    43.33  -21.3  F    F   F     0   26.9   37.6  0.53    0.00     0.00     0.00    0.816    0.727    0.789 
2008-03-19    42.26  -23.2  F    F   F     0   26.6   39.7  0.50    0.00     0.00     0.00    0.816    0.727    0.770 
2008-03-20    43.09  -21.7  F    F   F     0   26.7   39.2  0.51    0.00     0.00     0.00    0.816    0.727    0.785 
2008-03-24    44.58  -19.0  C    C   C     0   28.4   42.2  0.47    0.47     0.47     1.00    0.817    0.727    0.812 
2008-03-25    44.83  -18.5  C    C   C     0   28.3   39.8  0.50    0.50     0.50     1.00    0.818    0.730    0.817 
2008-03-26    44.70  -18.8  C    C   C     0   28.1   36.5  0.55    0.55     0.55     1.00    0.817    0.728    0.814 
2008-03-27    43.71  -20.6  C    C   C     0   28.9   38.8  0.52    0.52     0.52     1.00    0.807    0.712    0.796 
2008-03-28    43.49  -21.0  C    C   C     0   28.1   38.8  0.51    0.51     0.51     1.00    0.805    0.709    0.792 
2008-03-31    43.72  -20.6  C    C   C     0   27.7   37.3  0.54    0.54     0.54     1.00    0.807    0.712    0.796 
2008-04-01    45.59  -17.2  C    C   C     0   30.3   39.7  0.50    0.50     0.50     1.00    0.826    0.743    0.831 
2008-04-02    45.49  -17.3  C    C   C     0   30.3   34.9  0.57    0.57     0.57     1.00    0.825    0.741    0.829 
2008-04-03    45.59  -17.2  C    C   C     0   30.3   30.8  0.65    0.65     0.65     1.00    0.826    0.743    0.831 
2008-04-04    45.86  -16.7  C    C   C     0   30.2   30.2  0.66    0.66     0.65     1.00    0.829    0.747    0.836 
2008-04-07    45.76  -16.8  C    C   C     0   30.2   30.2  0.66    0.66     0.65     1.00    0.828    0.746    0.834 
2008-04-08    45.41  -17.5  C    C   C     0   30.3   30.3  0.66    0.66     0.65     1.00    0.824    0.740    0.827 
2008-04-09    44.90  -18.4  C    C   C     0   30.5   30.5  0.66    0.66     0.64     1.00    0.818    0.732    0.818 
2008-04-10    45.54  -17.2  C    C   C     0   30.7   30.7  0.65    0.65     0.65     1.00    0.826    0.742    0.830 
2008-04-11    44.28  -19.5  C    C   C     0   31.8   31.8  0.63    0.63     0.64     1.00    0.811    0.722    0.807 
2008-04-14    44.08  -19.9  C    C   C     0   30.8   30.8  0.65    0.65     0.64     1.00    0.809    0.718    0.803 
2008-04-15    44.14  -19.8  C    C   C     0   30.7   30.7  0.65    0.65     0.64     1.00    0.809    0.719    0.804 
2008-04-16    45.37  -17.6  C    C   C     0   31.7   31.7  0.63    0.63     0.63     1.00    0.824    0.739    0.827 
2008-04-17    45.75  -16.9  C    C   C     0   31.7   31.7  0.63    0.63     0.63     1.00    0.828    0.746    0.834 
2008-04-18    46.71  -15.1  C    C   C     0   31.3   31.3  0.64    0.64     0.64     1.00    0.839    0.761    0.851 
2008-04-21    47.04  -14.5  C    B   A     0   31.3   31.3  0.64    0.64     0.64     1.00    0.843    0.767    0.857 
2008-04-22    46.34  -15.8  C    B   A     0   31.0   31.0  0.64    0.64     0.63     1.00    0.827    0.755    0.845 
2008-04-23    46.85  -14.9  C    B   A     0   29.4   29.4  0.68    0.68     0.68     1.00    0.838    0.764    0.854 
2008-04-24    47.27  -14.1  C    B   A     0   29.4   29.4  0.68    0.68     0.68     1.00    0.848    0.771    0.861 
2008-04-25    47.15  -14.3  C    B   A     0   29.4   29.4  0.68    0.68     0.68     1.00    0.845    0.769    0.859 
2008-04-28    47.24  -14.2  C    B   A     0   28.7   28.7  0.70    0.70     0.68     1.00    0.848    0.770    0.861 
2008-04-29    47.60  -13.5  C    B   A     0   27.9   27.9  0.72    0.72     0.72     1.00    0.856    0.776    0.868 
2008-04-30    47.21  -14.2  C    A   A     0   25.5   25.5  0.79    0.79     0.79     1.00    0.846    0.770    0.860 
2008-05-01    48.70  -11.5  B    A   A     0   25.4   25.4  0.79    0.79     0.79     1.00    0.888    0.794    0.888 
2008-05-02    48.77  -11.4  B    A   A     0   25.0   25.0  0.80    0.80     0.79     1.00    0.890    0.795    0.889 
2008-05-05    48.63  -11.6  B    A   A     0   23.3   23.3  0.86    0.86     0.86     1.00    0.886    0.792    0.886 
2008-05-06    48.93  -11.1  B    A   A     0   23.3   23.3  0.86    0.86     0.86     1.00    0.895    0.799    0.892 
2008-05-07    48.04  -12.7  B    A   A     0   24.1   24.1  0.83    0.83     0.83     1.00    0.867    0.778    0.876 
2008-05-08    48.40  -12.0  B    A   A     0   23.0   23.0  0.87    0.87     0.87     1.00    0.878    0.786    0.882 
2008-05-09    48.21  -12.4  B    A   A     0   22.9   22.9  0.87    0.87     0.87     1.00    0.872    0.782    0.879 
2008-05-12    49.09  -10.8  B    A   A     0   23.3   23.3  0.86    0.86     0.86     1.00    0.900    0.803    0.895 
2008-05-13    49.22  -10.6  B    A   A     0   20.2   22.0  0.91    0.91     0.91     1.00    0.904    0.806    0.897 
2008-05-14    49.11  -10.8  B    A   A     0   20.2   21.4  0.94    0.94     0.94     1.00    0.900    0.803    0.895 
2008-05-15    49.97   -9.2  B    A   A     0   20.7   20.7  0.97    0.97     0.97     1.00    0.930    0.824    0.911 
2008-05-16    50.01   -9.1  B    A   A     0   20.7   20.7  0.97    0.97     0.97     1.00    0.931    0.825    0.912 
2008-05-19    49.65   -9.8  B    A   A     0   20.8   20.8  0.96    0.96     0.97     1.00    0.918    0.816    0.905 
2008-05-20    49.27  -10.5  B    A   A     0   20.8   20.8  0.96    0.96     0.97     1.00    0.904    0.807    0.898 
2008-05-21    48.18  -12.4  B    A   A     0   21.7   21.7  0.92    0.92     0.92     1.00    0.866    0.780    0.878 
2008-05-22    48.35  -12.1  B    A   A     0   21.4   21.4  0.94    0.94     0.92     1.00    0.871    0.784    0.882 
2008-05-23    48.20  -12.4  B    A   A     0   19.5   19.5  1.00    1.00     1.00     1.00    0.866    0.780    0.879 
2008-05-27    49.05  -10.9  B    A   A     0   19.8   19.8  1.00    1.00     1.00     1.00    0.897    0.801    0.894 
2008-05-28    49.25  -10.5  B    A   A     0   19.8   19.8  1.00    1.00     1.00     1.00    0.904    0.806    0.898 
2008-05-29    49.69   -9.7  B    A   A     0   18.5   19.2  1.00    1.00     1.00     1.00    0.920    0.817    0.906 
2008-05-30    50.01   -9.1  B    A   A     0   18.5   18.5  1.00    1.00     1.00     1.00    0.932    0.825    0.912 
2008-06-02    49.40  -10.2  B    A   A     0   18.2   18.4  1.00    1.00     1.00     1.00    0.909    0.809    0.901 
2008-06-03    49.13  -10.7  B    A   A     0   18.3   18.3  1.00    1.00     1.00     1.00    0.900    0.803    0.896 
2008-06-04    49.76   -9.6  B    A   A     0   17.9   19.0  1.00    1.00     1.00     1.00    0.922    0.818    0.907 
2008-06-05    50.55   -8.1  B    A   A     1   18.1   18.1  1.00    0.67     0.67     1.00    0.952    0.838    0.922 
2008-06-06    49.03  -10.9  B    A   A     0   20.3   23.3  0.86    0.86     0.86     1.00    0.913    0.799    0.894 
2008-06-09    48.77  -11.4  B    D   B     0   20.4   23.4  0.85    0.85     0.85     1.00    0.905    0.793    0.889 
2008-06-10    48.54  -11.8  B    D   B     0   20.5   21.7  0.92    0.92     0.92     1.00    0.899    0.787    0.885 
2008-06-11    47.38  -13.9  C    D   C     0   21.6   24.3  0.82    0.82     0.82     1.00    0.869    0.759    0.864 
2008-06-12    47.42  -13.8  C    D   C     0   21.4   23.4  0.85    0.85     0.85     1.00    0.870    0.760    0.865 
2008-06-13    48.37  -12.1  C    D   C     0   20.2   26.0  0.77    0.77     0.77     1.00    0.885    0.775    0.882 
2008-06-16    48.80  -11.3  B    D   B     0   20.4   26.1  0.77    0.77     0.77     1.00    0.891    0.782    0.890 
2008-06-17    48.54  -11.8  B    D   B     0   20.4   26.1  0.77    0.77     0.76     1.00    0.885    0.776    0.885 
2008-06-18    48.02  -12.7  B    D   B     0   20.6   25.3  0.79    0.79     0.79     1.00    0.874    0.763    0.876 
2008-06-19    48.77  -11.4  B    D   B     0   20.4   25.2  0.79    0.79     0.79     1.00    0.890    0.781    0.890 
2008-06-20    47.42  -13.8  F    D   F     0   21.8   24.5  0.81    0.00     0.00     0.00    0.861    0.748    0.865 
2008-06-23    47.05  -14.5  F    D   F     0   21.9   24.6  0.81    0.00     0.00     0.00    0.860    0.748    0.858 
2008-06-24    46.81  -14.9  F    D   F     0   21.2   24.6  0.81    0.00     0.00     0.00    0.860    0.748    0.854 
2008-06-25    47.57  -13.6  E    D   E     0   21.8   23.6  0.85    0.42     0.42     0.50    0.860    0.748    0.868 
2008-06-26    45.65  -17.0  E    D   E     0   24.6   31.2  0.64    0.32     0.32     0.49    0.849    0.737    0.833 
2008-06-27    45.65  -17.0  E    D   E     0   23.9   28.5  0.70    0.35     0.35     0.49    0.847    0.734    0.833 
2008-06-30    45.17  -17.9  E    E   E     0   23.9   27.3  0.73    0.37     0.36     0.50    0.854    0.743    0.824 
2008-07-01    45.81  -16.8  E    E   E     0   24.4   29.5  0.68    0.34     0.34     0.50    0.856    0.744    0.836 
2008-07-02    44.71  -18.8  E    E   E     0   25.2   30.8  0.65    0.32     0.34     0.50    0.855    0.744    0.816 
2008-07-03    44.63  -18.9  E    E   E     0   24.5   28.4  0.70    0.35     0.35     0.49    0.852    0.740    0.814 
2008-07-07    44.90  -18.4  E    E   E     0   24.6   27.1  0.74    0.37     0.37     0.49    0.850    0.736    0.819 
2008-07-08    45.97  -16.5  F    E   F     0   25.7   30.7  0.65    0.00     0.00     0.00    0.851    0.738    0.839 
2008-07-09    44.75  -18.7  F    E   F     0   26.1   33.1  0.60    0.00     0.00     0.00    0.851    0.738    0.817 
2008-07-10    45.28  -17.7  F    E   F     0   26.3   32.4  0.62    0.00     0.00     0.00    0.851    0.738    0.826 
2008-07-11    44.56  -19.0  F    E   F     0   26.4   26.7  0.75    0.00     0.00     0.00    0.851    0.738    0.813 
2008-07-14    44.23  -19.6  F    E   F     0   26.2   26.8  0.75    0.00     0.00     0.00    0.851    0.738    0.807 
2008-07-15    44.24  -19.6  F    F   F     0   26.1   26.5  0.76    0.00     0.00     0.00    0.851    0.738    0.807 
2008-07-16    45.34  -17.6  F    F   F     0   27.4   28.7  0.70    0.00     0.00     0.00    0.851    0.738    0.827 
2008-07-17    45.64  -17.1  F    F   F     0   27.1   27.1  0.74    0.00     0.00     0.00    0.851    0.738    0.833 
2008-07-18    44.59  -19.0  F    F   F     0   27.2   28.7  0.70    0.00     0.00     0.00    0.851    0.738    0.814 
2008-07-21    44.78  -18.6  F    F   F     0   26.1   28.6  0.70    0.00     0.00     0.00    0.851    0.738    0.817 
2008-07-22    44.78  -18.6  F    F   F     0   26.1   26.1  0.77    0.00     0.00     0.00    0.852    0.738    0.817 
2008-07-23    45.37  -17.6  F    F   F     0   26.5   26.5  0.75    0.00     0.00     0.00    0.852    0.738    0.828 
2008-07-24    44.69  -18.8  F    F   F     0   26.0   26.0  0.77    0.00     0.00     0.00    0.852    0.739    0.816 
2008-07-25    45.27  -17.7  F    F   F     0   26.3   26.3  0.76    0.00     0.00     0.00    0.852    0.739    0.826 
2008-07-28    44.42  -19.3  F    F   F     0   26.0   26.0  0.77    0.00     0.00     0.00    0.852    0.739    0.811 
2008-07-29    45.34  -17.6  F    F   F     0   26.7   26.7  0.75    0.00     0.00     0.00    0.852    0.739    0.828 
2008-07-30    45.57  -17.2  F    C   C     0   26.7   26.7  0.75    0.75     0.75     0.00    0.852    0.739    0.832 
2008-07-31    45.46  -17.4  F    C   C     0   26.6   26.6  0.75    0.75     0.75     0.00    0.850    0.739    0.830 
2008-08-01    44.88  -18.4  F    C   C     0   26.3   26.3  0.76    0.76     0.76     0.00    0.842    0.739    0.819 
2008-08-04    44.43  -19.3  F    F   F     0   25.3   25.3  0.79    0.00     0.00     0.00    0.835    0.739    0.811 
2008-08-05    45.93  -16.5  F    C   C     0   27.3   27.6  0.73    0.73     0.73     0.00    0.835    0.739    0.838 
2008-08-06    46.63  -15.3  F    C   C     0   27.6   27.8  0.72    0.72     0.72     0.00    0.844    0.739    0.851 
2008-08-07    46.27  -15.9  F    C   C     0   27.2   27.2  0.73    0.73     0.73     0.00    0.839    0.739    0.845 
2008-08-08    47.32  -14.0  C    B   A     0   25.3   28.1  0.71    0.71     0.71     1.00    0.853    0.739    0.864 
2008-08-11    47.75  -13.2  B    B   A     0   25.4   25.4  0.79    0.79     0.79     1.00    0.864    0.745    0.872 
2008-08-12    47.80  -13.1  B    B   A     0   25.2   25.2  0.79    0.79     0.79     1.00    0.865    0.746    0.873 
2008-08-13    47.70  -13.3  B    B   A     0   24.9   24.9  0.80    0.80     0.80     1.00    0.862    0.744    0.871 
2008-08-14    48.25  -12.3  B    B   A     0   23.9   24.0  0.83    0.83     0.83     1.00    0.878    0.757    0.881 
2008-08-15    48.16  -12.5  B    B   A     0   23.9   23.9  0.84    0.84     0.83     1.00    0.875    0.755    0.879 
2008-08-18    47.60  -13.5  B    B   A     0   24.2   24.2  0.83    0.83     0.83     1.00    0.858    0.741    0.869 
2008-08-19    47.01  -14.6  B    B   A     0   23.7   23.7  0.85    0.85     0.85     1.00    0.841    0.728    0.858 
2008-08-20    47.09  -14.4  B    B   A     0   22.2   22.2  0.90    0.90     0.90     1.00    0.843    0.729    0.860 
2008-08-21    46.87  -14.8  B    B   A     0   22.1   22.1  0.91    0.91     0.90     1.00    0.836    0.724    0.856 
2008-08-22    47.49  -13.7  B    B   A     0   21.7   21.7  0.92    0.92     0.92     1.00    0.856    0.739    0.867 
2008-08-25    46.49  -15.5  B    C   B     0   22.6   22.6  0.89    0.89     0.89     1.00    0.823    0.715    0.849 
2008-08-26    46.43  -15.6  B    C   B     0   22.6   22.6  0.89    0.89     0.89     1.00    0.821    0.714    0.848 
2008-08-27    46.73  -15.1  B    C   B     0   21.6   21.6  0.93    0.93     0.93     1.00    0.828    0.721    0.853 
2008-08-28    47.11  -14.4  B    C   B     0   21.6   21.6  0.93    0.93     0.93     1.00    0.837    0.729    0.860 
2008-08-29    46.12  -16.2  C    F   C     0   21.4   21.4  0.93    0.93     0.93     1.00    0.813    0.707    0.842 
2008-09-02    45.55  -17.2  C    F   C     0   21.7   21.7  0.92    0.92     0.92     1.00    0.803    0.698    0.832 
2008-09-03    45.12  -18.0  F    F   F     0   21.9   21.9  0.91    0.00     0.00     0.00    0.796    0.691    0.824 
2008-09-04    43.66  -20.7  F    F   F     0   23.5   23.5  0.85    0.00     0.00     0.00    0.796    0.691    0.797 
2008-09-05    43.45  -21.0  F    F   F     0   23.2   23.2  0.86    0.00     0.00     0.00    0.796    0.691    0.794 
2008-09-08    43.31  -21.3  F    F   F     0   22.8   22.8  0.88    0.00     0.00     0.00    0.796    0.691    0.791 
2008-09-09    42.45  -22.9  F    F   F     0   22.9   22.9  0.87    0.00     0.00     0.00    0.796    0.691    0.775 
2008-09-10    42.80  -22.2  F    F   F     0   22.1   22.1  0.90    0.00     0.00     0.00    0.796    0.691    0.782 
2008-09-11    43.60  -20.8  F    F   F     0   22.8   24.7  0.81    0.00     0.00     0.00    0.796    0.691    0.796 
2008-09-12    43.43  -21.1  F    F   F     0   22.8   23.4  0.86    0.00     0.00     0.00    0.796    0.691    0.793 
2008-09-15    42.08  -23.5  F    F   F     0   24.2   25.4  0.79    0.00     0.00     0.00    0.796    0.691    0.769 
2008-09-16    42.41  -22.9  F    F   F     0   24.3   26.6  0.75    0.00     0.00     0.00    0.796    0.691    0.775 
2008-09-17    40.35  -26.7  F    F   F     0   25.6   33.9  0.59    0.00     0.00     0.00    0.796    0.691    0.737 
2008-09-18    41.57  -24.5  F    F   F     0   26.9   37.2  0.54    0.00     0.00     0.00    0.796    0.691    0.759 
2008-09-19    42.90  -22.0  F    F   F     0   28.8   41.5  0.48    0.00     0.00     0.00    0.796    0.691    0.784 
2008-09-22    40.88  -25.7  F    F   F     0   30.6   47.6  0.42    0.00     0.00     0.00    0.796    0.691    0.747 
2008-09-23    40.57  -26.3  F    F   F     0   30.3   46.9  0.43    0.00     0.00     0.00    0.796    0.691    0.741 
2008-09-24    40.85  -25.8  F    F   F     0   30.4   46.8  0.43    0.00     0.00     0.00    0.796    0.691    0.746 
2008-09-25    41.50  -24.6  F    F   F     0   31.0   46.5  0.43    0.00     0.00     0.00    0.796    0.691    0.758 
2008-09-26    41.08  -25.3  F    F   F     0   30.7   46.5  0.43    0.00     0.00     0.00    0.796    0.691    0.751 
2008-09-29    37.82  -31.3  F    F   F     0   37.4   58.8  0.34    0.00     0.00     0.00    0.796    0.691    0.691 
2008-09-30    38.91  -29.3  F    F   F     0   38.9   61.4  0.33    0.00     0.00     0.00    0.796    0.691    0.711 
2008-10-01    38.50  -30.0  F    F   F     0   38.9   57.2  0.35    0.00     0.00     0.00    0.797    0.691    0.704 
2008-10-02    36.75  -33.2  F    F   F     0   40.4   57.1  0.35    0.00     0.00     0.00    0.797    0.691    0.672 
2008-10-03    36.18  -34.3  F    F   F     0   40.4   51.7  0.39    0.00     0.00     0.00    0.797    0.691    0.661 
2008-10-06    34.86  -36.7  F    F   F     0   40.7   50.2  0.40    0.00     0.00     0.00    0.797    0.691    0.637 
2008-10-07    32.65  -40.7  F    F   F     0   43.5   55.3  0.36    0.00     0.00     0.00    0.797    0.691    0.597 
2008-10-08    32.39  -41.1  F    F   F     0   43.4   53.7  0.37    0.00     0.00     0.00    0.797    0.691    0.592 
2008-10-09    31.52  -42.7  F    F   F     0   43.2   49.2  0.41    0.00     0.00     0.00    0.797    0.691    0.576 
2008-10-10    31.32  -43.1  F    F   F     0   42.8   49.6  0.40    0.00     0.00     0.00    0.797    0.691    0.572 
2008-10-13    35.13  -36.2  F    F   F     0   57.9   81.7  0.24    0.00     0.00     0.00    0.797    0.691    0.642 
2008-10-14    33.61  -38.9  F    F   F     0   58.8   81.1  0.25    0.00     0.00     0.00    0.797    0.691    0.614 
2008-10-15    30.60  -44.4  F    F   F     0   63.2   89.5  0.22    0.00     0.00     0.00    0.797    0.691    0.559 
2008-10-16    30.94  -43.8  F    F   F     0   63.2   89.8  0.22    0.00     0.00     0.00    0.797    0.691    0.566 
2008-10-17    32.30  -41.3  F    F   F     0   65.2   94.6  0.21    0.00     0.00     0.00    0.797    0.691    0.590 
2008-10-20    33.20  -39.7  F    F   F     0   66.0   95.0  0.21    0.00     0.00     0.00    0.797    0.691    0.607 
2008-10-21    31.48  -42.8  F    F   F     0   67.2   93.1  0.21    0.00     0.00     0.00    0.797    0.691    0.575 
2008-10-22    30.61  -44.4  F    F   F     0   67.2   94.0  0.21    0.00     0.00     0.00    0.797    0.691    0.560 
2008-10-23    30.49  -44.6  F    F   F     0   66.6   93.2  0.21    0.00     0.00     0.00    0.797    0.692    0.557 
2008-10-24    29.68  -46.1  F    F   F     0   66.7   94.0  0.21    0.00     0.00     0.00    0.797    0.692    0.543 
2008-10-27    28.69  -47.9  F    F   F     0   66.8   66.8  0.30    0.00     0.00     0.00    0.797    0.692    0.524 
2008-10-28    31.86  -42.1  F    F   F     0   75.5   88.8  0.23    0.00     0.00     0.00    0.797    0.692    0.582 
2008-10-29    31.78  -42.2  F    F   F     0   74.5   75.0  0.27    0.00     0.00     0.00    0.797    0.692    0.581 
2008-10-30    32.84  -40.3  F    C   C     0   74.7   76.4  0.26    0.26     0.26     0.00    0.797    0.692    0.600 
2008-10-31    32.89  -40.2  F    C   C     0   73.8   73.8  0.27    0.27     0.26     0.00    0.797    0.692    0.601 
2008-11-03    32.82  -40.4  F    C   C     0   72.9   72.9  0.27    0.27     0.26     0.00    0.797    0.692    0.600 
2008-11-04    33.75  -38.7  F    C   C     0   73.6   73.6  0.27    0.27     0.27     0.00    0.803    0.692    0.617 
2008-11-05    31.99  -41.9  F    C   C     0   74.7   74.7  0.27    0.27     0.26     0.00    0.791    0.692    0.585 
2008-11-06    30.59  -44.4  F    F   F     0   75.1   75.9  0.26    0.00     0.00     0.00    0.783    0.692    0.559 
2008-11-07    31.19  -43.3  F    F   F     0   75.6   75.6  0.26    0.00     0.00     0.00    0.782    0.692    0.570 
2008-11-10    30.77  -44.1  F    F   F     0   72.5   72.5  0.28    0.00     0.00     0.00    0.782    0.692    0.563 
2008-11-11    30.10  -45.3  F    F   F     0   71.9   71.9  0.28    0.00     0.00     0.00    0.782    0.692    0.550 
2008-11-12    28.71  -47.8  F    F   F     0   72.8   72.8  0.27    0.00     0.00     0.00    0.782    0.692    0.525 
2008-11-13    29.53  -46.3  F    F   F     0   72.7   72.7  0.28    0.00     0.00     0.00    0.782    0.692    0.540 
2008-11-14    28.98  -47.3  F    F   F     0   72.7   72.7  0.27    0.00     0.00     0.00    0.782    0.692    0.530 
2008-11-17    28.37  -48.4  F    F   F     0   72.3   72.3  0.28    0.00     0.00     0.00    0.782    0.692    0.519 
2008-11-18    28.34  -48.5  F    F   F     0   70.2   70.2  0.28    0.00     0.00     0.00    0.782    0.692    0.518 
2008-11-19    26.86  -51.2  F    F   F     0   71.6   71.6  0.28    0.00     0.00     0.00    0.782    0.692    0.491 
2008-11-20    25.56  -53.6  F    F   F     0   72.4   72.4  0.28    0.00     0.00     0.00    0.782    0.692    0.467 <-- trough
2008-11-21    26.67  -51.5  F    F   F     0   73.8   73.8  0.27    0.00     0.00     0.00    0.782    0.692    0.488 
2008-11-24    28.30  -48.6  F    F   F     0   66.6   66.6  0.30    0.00     0.00     0.00    0.782    0.692    0.518 
2008-11-25    28.17  -48.8  F    F   F     0   65.7   65.7  0.30    0.00     0.00     0.00    0.782    0.692    0.515 
2008-11-26    29.35  -46.7  F    F   F     0   61.9   62.6  0.32    0.00     0.00     0.00    0.782    0.692    0.537 
2008-11-28    29.12  -47.1  F    F   F     0   61.9   61.9  0.32    0.00     0.00     0.00    0.782    0.692    0.533 
2008-12-01    26.93  -51.1  F    F   F     0   63.9   71.4  0.28    0.00     0.00     0.00    0.782    0.692    0.493 
2008-12-02    27.83  -49.4  F    F   F     0   64.2   73.5  0.27    0.00     0.00     0.00    0.782    0.692    0.509 
2008-12-03    28.62  -48.0  F    F   F     0   63.3   75.0  0.27    0.00     0.00     0.00    0.782    0.692    0.524 
2008-12-04    27.81  -49.5  F    F   F     0   63.3   71.0  0.28    0.00     0.00     0.00    0.782    0.692    0.509 
2008-12-05    28.94  -47.4  F    C   C     0   64.5   66.3  0.30    0.30     0.30     0.00    0.782    0.692    0.529 
2008-12-08    30.08  -45.3  F    C   C     0   65.1   65.9  0.30    0.30     0.31     0.00    0.792    0.692    0.550 
2008-12-09    30.01  -45.5  F    C   C     0   64.3   64.3  0.31    0.31     0.31     0.00    0.791    0.692    0.549 
2008-12-10    29.91  -45.6  F    C   C     0   55.5   60.3  0.33    0.33     0.33     0.00    0.790    0.692    0.547 
2008-12-11    29.09  -47.1  F    C   C     0   56.0   59.0  0.34    0.34     0.33     0.00    0.783    0.692    0.532 
2008-12-12    29.68  -46.1  F    C   C     0   55.4   59.6  0.34    0.34     0.33     0.00    0.788    0.692    0.543 
2008-12-15    29.16  -47.0  F    C   C     0   55.5   55.5  0.36    0.36     0.36     0.00    0.784    0.692    0.533 
2008-12-16    30.56  -44.5  C    C   C     0   57.5   57.5  0.35    0.35     0.35     1.00    0.797    0.692    0.559 
2008-12-17    30.19  -45.1  C    C   C     0   56.8   56.8  0.35    0.35     0.35     1.00    0.794    0.683    0.552 
2008-12-18    29.66  -46.1  F    C   C     0   55.1   55.1  0.36    0.36     0.36     0.00    0.789    0.671    0.543 
2008-12-19    29.86  -45.7  F    C   C     0   53.7   53.7  0.37    0.37     0.36     0.00    0.791    0.670    0.546 
2008-12-22    29.21  -46.9  F    C   C     0   53.7   53.7  0.37    0.37     0.36     0.00    0.785    0.670    0.534 
2008-12-23    29.06  -47.2  F    C   C     0   53.6   53.6  0.37    0.37     0.36     0.00    0.783    0.670    0.532 
2008-12-24    29.14  -47.0  F    C   C     0   53.3   53.3  0.38    0.38     0.38     0.00    0.784    0.670    0.533 
2008-12-26    29.13  -47.1  F    C   C     0   51.5   51.5  0.39    0.39     0.38     0.00    0.784    0.670    0.533 
2008-12-29    28.89  -47.5  F    F   F     0   50.9   50.9  0.39    0.00     0.00     0.00    0.781    0.670    0.529 
2008-12-30    29.49  -46.4  F    F   F     0   50.9   50.9  0.39    0.00     0.00     0.00    0.781    0.670    0.540 
2008-12-31    29.74  -46.0  F    C   C     0   50.5   50.5  0.40    0.40     0.40     0.00    0.781    0.670    0.544 
2009-01-02    31.03  -43.6  C    C   C     0   51.9   51.9  0.39    0.39     0.39     1.00    0.794    0.670    0.568 
2009-01-05    31.02  -43.6  C    C   C     0   49.2   49.2  0.41    0.41     0.41     1.00    0.794    0.670    0.568 
2009-01-06    31.33  -43.1  C    C   C     0   46.4   46.4  0.43    0.43     0.43     1.00    0.798    0.676    0.573 
2009-01-07    30.44  -44.7  C    C   C     0   46.2   46.2  0.43    0.43     0.42     1.00    0.788    0.657    0.557 
2009-01-08    30.76  -44.1  C    C   C     0   43.1   43.1  0.46    0.46     0.46     1.00    0.791    0.664    0.563 
2009-01-09    30.07  -45.4  C    C   C     0   43.7   43.7  0.46    0.46     0.46     1.00    0.783    0.649    0.550 
2009-01-12    29.52  -46.4  C    F   C     0   42.5   42.5  0.47    0.47     0.47     1.00    0.777    0.637    0.540 
2009-01-13    29.53  -46.3  C    F   C     0   42.4   42.4  0.47    0.47     0.47     1.00    0.777    0.638    0.541 
2009-01-14    28.63  -48.0  F    F   F     0   37.1   37.1  0.54    0.00     0.00     0.00    0.765    0.618    0.524 
2009-01-15    29.10  -47.1  F    F   F     0   36.1   37.0  0.54    0.00     0.00     0.00    0.765    0.618    0.533 
2009-01-16    29.42  -46.5  F    F   F     0   35.4   35.4  0.57    0.00     0.00     0.00    0.765    0.618    0.539 
2009-01-20    27.96  -49.2  F    F   F     0   37.4   37.4  0.53    0.00     0.00     0.00    0.765    0.618    0.512 
2009-01-21    29.15  -47.0  F    F   F     0   37.6   43.9  0.46    0.00     0.00     0.00    0.765    0.618    0.534 
2009-01-22    28.76  -47.7  F    F   F     0   35.9   42.4  0.47    0.00     0.00     0.00    0.765    0.618    0.527 
2009-01-23    28.90  -47.5  F    F   F     0   35.9   42.0  0.48    0.00     0.00     0.00    0.765    0.618    0.529 
2009-01-26    29.11  -47.1  F    F   F     0   36.0   41.3  0.48    0.00     0.00     0.00    0.765    0.618    0.533 
2009-01-27    29.32  -46.7  F    F   F     0   35.2   40.6  0.49    0.00     0.00     0.00    0.765    0.618    0.537 
2009-01-28    30.35  -44.8  C    C   C     0   36.1   44.4  0.45    0.45     0.45     1.00    0.765    0.618    0.556 
2009-01-29    29.58  -46.2  C    C   C     0   36.6   43.4  0.46    0.46     0.46     1.00    0.756    0.601    0.542 
2009-01-30    29.06  -47.2  C    F   C     0   34.0   43.9  0.46    0.46     0.46     1.00    0.750    0.591    0.532 
2009-02-02    29.41  -46.6  C    F   C     0   34.1   44.0  0.45    0.45     0.46     1.00    0.754    0.598    0.539 
2009-02-03    29.87  -45.7  C    C   C     0   34.0   34.4  0.58    0.58     0.58     1.00    0.760    0.607    0.547 
2009-02-04    29.91  -45.6  C    C   C     0   34.0   34.0  0.59    0.59     0.58     1.00    0.760    0.608    0.548 
2009-02-05    30.57  -44.4  C    C   C     0   33.9   33.9  0.59    0.59     0.59     1.00    0.770    0.622    0.560 
2009-02-06    31.37  -43.0  C    C   C     0   34.5   34.5  0.58    0.58     0.59     1.00    0.782    0.638    0.574 
2009-02-09    31.50  -42.8  C    C   C     0   34.5   34.5  0.58    0.58     0.58     1.00    0.784    0.641    0.577 
2009-02-10    30.34  -44.9  C    C   C     0   36.4   37.4  0.54    0.54     0.54     1.00    0.767    0.617    0.556 
2009-02-11    30.20  -45.1  C    C   C     0   36.3   36.3  0.55    0.55     0.55     1.00    0.765    0.614    0.553 
2009-02-12    30.57  -44.4  C    C   C     0   36.0   36.0  0.56    0.56     0.55     1.00    0.770    0.622    0.560 
2009-02-13    30.43  -44.7  C    C   C     0   36.0   36.0  0.56    0.56     0.55     1.00    0.768    0.619    0.557 
2009-02-17    29.22  -46.9  F    F   F     0   35.6   35.7  0.56    0.00     0.00     0.00    0.752    0.594    0.535 
2009-02-18    29.24  -46.9  F    F   F     0   35.6   35.6  0.56    0.00     0.00     0.00    0.751    0.594    0.536 
2009-02-19    28.79  -47.7  F    F   F     0   35.6   35.6  0.56    0.00     0.00     0.00    0.751    0.594    0.527 
2009-02-20    28.87  -47.5  F    F   F     0   34.8   34.8  0.58    0.00     0.00     0.00    0.751    0.594    0.529 
2009-02-23    27.86  -49.4  F    F   F     0   35.9   35.9  0.56    0.00     0.00     0.00    0.751    0.594    0.510 
2009-02-24    28.78  -47.7  F    F   F     0   36.9   37.1  0.54    0.00     0.00     0.00    0.751    0.594    0.527 
2009-02-25    28.59  -48.0  F    F   F     0   36.6   36.6  0.55    0.00     0.00     0.00    0.751    0.594    0.524 
2009-02-26    27.79  -49.5  F    F   F     0   37.4   37.4  0.53    0.00     0.00     0.00    0.751    0.594    0.509 
2009-02-27    27.53  -50.0  F    F   F     0   36.5   36.5  0.55    0.00     0.00     0.00    0.751    0.594    0.504 
2009-03-02    26.64  -51.6  F    F   F     0   37.2   37.2  0.54    0.00     0.00     0.00    0.751    0.594    0.488 
2009-03-03    26.62  -51.6  F    F   F     0   37.0   37.0  0.54    0.00     0.00     0.00    0.751    0.594    0.488 
2009-03-04    27.33  -50.3  F    F   F     0   35.2   36.7  0.55    0.00     0.00     0.00    0.751    0.594    0.501 
2009-03-05    26.51  -51.8  F    F   F     0   33.7   38.4  0.52    0.00     0.00     0.00    0.751    0.594    0.486 
2009-03-06    26.30  -52.2  F    F   F     0   33.6   37.9  0.53    0.00     0.00     0.00    0.751    0.594    0.482 
2009-03-09    25.74  -53.2  F    F   F     0   33.9   35.9  0.56    0.00     0.00     0.00    0.751    0.594    0.472 
2009-03-10    27.33  -50.3  F    F   F     0   38.8   46.4  0.43    0.00     0.00     0.00    0.751    0.594    0.501 
2009-03-11    27.75  -49.6  F    F   F     0   39.0   47.4  0.42    0.00     0.00     0.00    0.751    0.594    0.508 
2009-03-12    28.67  -47.9  F    C   C     0   38.9   48.2  0.42    0.42     0.42     0.00    0.751    0.594    0.525 
2009-03-13    28.74  -47.8  F    C   C     0   38.2   47.6  0.42    0.42     0.42     0.00    0.752    0.594    0.527 
2009-03-16    28.26  -48.6  F    C   C     0   38.2   44.8  0.45    0.45     0.45     0.00    0.747    0.594    0.518 
2009-03-17    29.33  -46.7  F    C   C     0   39.6   47.2  0.42    0.42     0.42     0.00    0.759    0.594    0.537 
2009-03-18    29.70  -46.0  C    B   A     0   39.5   46.4  0.43    0.43     0.43     1.00    0.763    0.594    0.544 
2009-03-19    29.68  -46.1  C    B   A     0   39.5   41.6  0.48    0.48     0.48     1.00    0.763    0.593    0.544 
2009-03-20    29.18  -47.0  C    B   A     0   39.3   43.0  0.47    0.47     0.47     1.00    0.750    0.583    0.535 
2009-03-23    30.90  -43.8  C    B   A     0   42.3   45.1  0.44    0.44     0.44     1.00    0.792    0.618    0.566 
2009-03-24    30.33  -44.9  C    B   A     0   42.6   42.6  0.47    0.47     0.47     1.00    0.779    0.606    0.556 
2009-03-25    30.47  -44.6  C    B   A     0   41.2   41.5  0.48    0.48     0.47     1.00    0.782    0.609    0.558 
2009-03-26    31.41  -42.9  C    B   A     0   42.1   42.1  0.47    0.47     0.49     1.00    0.805    0.628    0.576 
2009-03-27    30.82  -44.0  C    B   A     0   42.4   43.5  0.46    0.46     0.46     1.00    0.790    0.616    0.565 
2009-03-30    30.06  -45.4  C    B   A     0   43.0   44.9  0.45    0.45     0.45     1.00    0.772    0.601    0.551 
2009-03-31    30.32  -44.9  C    B   A     0   41.4   41.4  0.48    0.48     0.48     1.00    0.778    0.606    0.556 
2009-04-01    30.77  -44.1  C    B   A     0   41.6   41.6  0.48    0.48     0.49     1.00    0.789    0.615    0.564 
2009-04-02    31.76  -42.3  C    A   A     0   42.1   43.8  0.46    0.46     0.46     1.00    0.814    0.635    0.582 
2009-04-03    32.35  -41.2  C    A   A     1   42.3   42.3  0.47    0.31     0.31     1.00    0.828    0.647    0.593 
2009-04-06    32.27  -41.4  C    A   A     1   40.7   40.7  0.49    0.33     0.31     1.00    0.827    0.645    0.591 
2009-04-07    31.42  -42.9  C    A   A     0   40.9   40.9  0.49    0.49     0.49     1.00    0.813    0.628    0.576 
2009-04-08    31.95  -41.9  C    A   A     0   40.9   40.9  0.49    0.49     0.50     1.00    0.826    0.639    0.586 
2009-04-09    32.94  -40.1  C    A   A     1   40.5   40.5  0.49    0.33     0.33     1.00    0.852    0.659    0.604 
2009-04-13    32.89  -40.2  C    A   A     1   40.3   40.3  0.50    0.33     0.33     1.00    0.851    0.658    0.603 
2009-04-14    32.49  -41.0  C    A   A     1   39.0   39.0  0.51    0.34     0.34     1.00    0.844    0.650    0.596 
2009-04-15    32.40  -41.1  C    A   A     1   39.1   39.1  0.51    0.34     0.34     1.00    0.843    0.648    0.594 
2009-04-16    33.24  -39.6  C    A   A     1   39.0   39.0  0.51    0.34     0.35     1.00    0.857    0.665    0.609 
2009-04-17    33.31  -39.5  C    A   A     1   37.5   37.5  0.53    0.36     0.35     1.00    0.859    0.666    0.611 
2009-04-20    32.24  -41.4  C    A   A     0   39.0   39.0  0.51    0.51     0.51     1.00    0.839    0.645    0.591 
2009-04-21    32.69  -40.6  C    A   A     1   38.1   38.1  0.53    0.35     0.35     1.00    0.851    0.654    0.599 
2009-04-22    32.79  -40.4  C    A   A     1   34.6   34.6  0.58    0.39     0.39     1.00    0.853    0.656    0.601 
2009-04-23    33.11  -39.8  C    A   A     1   34.5   34.5  0.58    0.39     0.39     1.00    0.859    0.662    0.607 
2009-04-24    33.69  -38.8  C    A   A     1   33.7   33.7  0.59    0.40     0.40     1.00    0.871    0.674    0.618 
2009-04-27    33.73  -38.7  C    A   A     1   33.7   33.7  0.59    0.40     0.40     1.00    0.872    0.675    0.618 
2009-04-28    33.48  -39.2  C    A   A     1   33.3   33.3  0.60    0.40     0.40     1.00    0.867    0.670    0.614 
2009-04-29    33.94  -38.3  C    A   A     1   32.0   32.0  0.63    0.42     0.40     1.00    0.876    0.679    0.622 
2009-04-30    34.28  -37.7  C    A   A     2   31.9   31.9  0.63    0.21     0.21     1.00    0.883    0.686    0.629 
2009-05-01    34.37  -37.5  C    A   A     2   31.9   31.9  0.63    0.21     0.21     1.00    0.884    0.687    0.630 
2009-05-04    35.05  -36.3  B    A   A     2   31.5   31.5  0.64    0.21     0.21     1.00    0.891    0.701    0.643 
2009-05-05    35.02  -36.4  B    A   A     2   27.3   27.3  0.73    0.24     0.24     1.00    0.891    0.700    0.642 
2009-05-06    35.03  -36.3  B    A   A     2   26.4   26.4  0.76    0.25     0.24     1.00    0.891    0.700    0.642 
2009-05-07    34.21  -37.8  B    A   A     2   27.7   27.7  0.72    0.24     0.24     1.00    0.881    0.676    0.627 
2009-05-08    34.23  -37.8  B    A   A     2   26.5   26.5  0.75    0.25     0.25     1.00    0.881    0.676    0.628 
2009-05-11    34.35  -37.6  B    A   A     2   25.7   25.7  0.78    0.26     0.25     1.00    0.883    0.680    0.630 
2009-05-12    33.93  -38.3  B    A   A     1   24.7   24.7  0.81    0.54     0.54     1.00    0.877    0.667    0.622 
2009-05-13    33.02  -40.0  C    D   C     0   26.2   26.2  0.76    0.76     0.76     1.00    0.852    0.641    0.606 
2009-05-14    33.39  -39.3  C    D   C     0   26.1   26.1  0.77    0.77     0.76     1.00    0.859    0.648    0.612 
2009-05-15    33.37  -39.4  C    D   C     0   24.6   24.6  0.81    0.81     0.81     1.00    0.858    0.648    0.612 
2009-05-18    34.24  -37.8  B    A   A     2   25.1   25.1  0.80    0.27     0.27     1.00    0.877    0.665    0.628 
2009-05-19    34.40  -37.5  B    A   A     2   25.1   25.1  0.80    0.27     0.27     1.00    0.878    0.669    0.631 
2009-05-20    34.28  -37.7  B    A   A     2   23.7   25.0  0.80    0.27     0.27     1.00    0.877    0.666    0.629 
2009-05-21    33.65  -38.9  B    D   B     0   24.1   24.1  0.83    0.83     0.83     1.00    0.868    0.647    0.617 
2009-05-22    33.54  -39.1  B    D   B     0   22.5   23.9  0.84    0.84     0.83     1.00    0.864    0.644    0.615 
2009-05-26    34.79  -36.8  B    A   A     2   24.8   31.0  0.65    0.22     0.22     1.00    0.904    0.680    0.638 
2009-05-27    34.55  -37.2  B    A   A     2   24.6   30.4  0.66    0.22     0.21     1.00    0.901    0.673    0.634 
2009-05-28    34.95  -36.5  B    A   A     2   24.7   26.0  0.77    0.26     0.26     1.00    0.905    0.685    0.641 
2009-05-29    35.46  -35.6  B    A   A     2   24.0   26.3  0.76    0.25     0.26     1.00    0.912    0.700    0.651 
2009-06-01    36.39  -33.9  A    A   A     2   25.0   27.8  0.72    0.24     0.24     1.00    0.925    0.728    0.668 
2009-06-02    36.44  -33.8  A    A   A     2   22.7   26.2  0.76    0.25     0.24     1.00    0.925    0.730    0.669 
2009-06-03    36.33  -34.0  A    A   A     2   22.6   26.6  0.75    0.25     0.24     1.00    0.924    0.725    0.667 
2009-06-04    36.74  -33.2  A    A   A     2   22.7   26.2  0.76    0.25     0.24     1.00    0.929    0.742    0.674 
2009-06-05    36.78  -33.2  A    A   A     2   22.6   22.6  0.88    0.29     0.29     1.00    0.930    0.743    0.675 
2009-06-08    36.67  -33.4  A    A   A     2   22.3   22.5  0.89    0.30     0.29     1.00    0.928    0.739    0.673 
2009-06-09    36.95  -32.9  A    A   A     2   22.3   22.3  0.90    0.30     0.30     1.00    0.932    0.750    0.678 
2009-06-10    36.82  -33.1  A    A   A     2   22.2   22.2  0.90    0.30     0.30     1.00    0.930    0.745    0.676 
2009-06-11    36.82  -33.1  A    A   A     2   22.0   22.0  0.91    0.30     0.30     1.00    0.930    0.745    0.676 
2009-06-12    36.65  -33.4  A    A   A     2   22.0   22.0  0.91    0.30     0.29     1.00    0.928    0.738    0.673 
2009-06-15    35.90  -34.8  A    A   A     2   23.0   23.0  0.87    0.29     0.28     1.00    0.916    0.708    0.659 
2009-06-16    35.55  -35.4  A    A   A     2   22.5   22.5  0.89    0.30     0.30     1.00    0.911    0.694    0.652 
2009-06-17    35.89  -34.8  A    A   A     2   22.7   22.7  0.88    0.29     0.30     1.00    0.917    0.707    0.659 
2009-06-18    35.82  -34.9  A    A   A     2   22.7   22.7  0.88    0.29     0.30     1.00    0.916    0.704    0.657 
2009-06-19    36.16  -34.3  A    A   A     2   21.6   21.6  0.93    0.31     0.30     1.00    0.921    0.717    0.664 
2009-06-22    35.08  -36.3  A    D   A     1   23.5   23.5  0.85    0.57     0.57     1.00    0.904    0.675    0.644 
2009-06-23    35.00  -36.4  A    D   A     1   23.5   23.5  0.85    0.57     0.57     1.00    0.901    0.672    0.642 
2009-06-24    35.59  -35.3  A    D   A     2   23.6   23.6  0.85    0.28     0.28     1.00    0.919    0.694    0.653 
2009-06-25    36.29  -34.1  A    D   A     2   22.5   25.2  0.79    0.26     0.26     1.00    0.929    0.722    0.666 
2009-06-26    36.37  -33.9  A    D   A     2   22.4   25.2  0.79    0.26     0.27     1.00    0.930    0.725    0.668 
2009-06-29    36.45  -33.8  A    D   A     2   22.4   22.6  0.88    0.29     0.29     1.00    0.931    0.728    0.669 
2009-06-30    36.38  -33.9  A    D   A     2   21.3   21.9  0.91    0.30     0.29     1.00    0.930    0.725    0.668 
2009-07-01    36.40  -33.9  A    D   A     2   21.3   21.5  0.93    0.31     0.31     1.00    0.930    0.726    0.668 
2009-07-02    35.60  -35.3  A    D   A     1   22.4   24.6  0.81    0.54     0.54     1.00    0.917    0.694    0.653 
2009-07-06    35.41  -35.7  A    D   A     1   21.7   24.0  0.83    0.56     0.56     1.00    0.912    0.687    0.650 
2009-07-07    34.53  -37.3  D    D   D     0   23.0   23.0  0.87    0.87     0.87     1.00    0.887    0.653    0.634 
2009-07-08    34.71  -36.9  D    D   D     0   20.3   22.7  0.88    0.88     0.87     1.00    0.894    0.659    0.637 
2009-07-09    34.77  -36.8  D    D   D     0   20.2   20.6  0.97    0.97     0.97     1.00    0.897    0.661    0.638 
2009-07-10    34.92  -36.5  D    D   D     0   20.0   20.0  1.00    1.00     1.00     1.00    0.904    0.667    0.641 
2009-07-13    35.59  -35.3  D    D   D     0   20.3   20.6  0.97    0.97     0.97     1.00    0.939    0.693    0.653 
2009-07-14    35.72  -35.1  A    D   A     1   18.8   20.7  0.97    0.65     0.65     1.00    0.946    0.698    0.656 
2009-07-15    36.92  -32.9  A    A   A     3   21.3   27.3  0.73    0.00     0.00     1.00    0.986    0.744    0.678 
2009-07-16    37.01  -32.7  A    A   A     3   21.2   27.3  0.73    0.00     0.00     1.00    0.985    0.748    0.679 
2009-07-17    37.56  -31.7  A    A   A     3   21.4   24.4  0.82    0.00     0.00     1.00    0.985    0.770    0.690 
2009-07-20    37.92  -31.1  A    A   A     3   21.6   23.7  0.84    0.00     0.00     1.00    0.985    0.785    0.696 
2009-07-21    38.18  -30.6  A    A   A     3   21.6   21.6  0.93    0.00     0.00     1.00    0.985    0.796    0.701 
2009-07-22    38.50  -30.0  A    A   A     3   21.6   21.6  0.93    0.00     0.00     1.00    0.985    0.809    0.707 
2009-07-23    39.35  -28.5  A    A   A     3   22.4   22.4  0.89    0.00     0.00     1.00    0.985    0.845    0.723 
2009-07-24    39.05  -29.0  A    A   A     3   22.5   22.5  0.89    0.00     0.00     1.00    0.985    0.832    0.717 
2009-07-27    39.35  -28.5  A    A   A     3   22.5   22.5  0.89    0.00     0.00     1.00    0.985    0.845    0.723 
2009-07-28    39.08  -29.0  A    A   A     3   21.6   21.6  0.92    0.00     0.00     1.00    0.985    0.833    0.718 
2009-07-29    39.34  -28.5  A    A   A     3   21.3   21.3  0.94    0.00     0.00     1.00    0.985    0.844    0.722 
2009-07-30    39.57  -28.1  A    A   A     3   21.2   21.2  0.94    0.00     0.00     1.00    0.985    0.854    0.727 
2009-07-31    39.45  -28.3  A    A   A     3   21.3   21.3  0.94    0.00     0.00     1.00    0.985    0.849    0.724 
2009-08-03    40.04  -27.2  A    A   A     3   21.5   21.5  0.93    0.00     0.00     1.00    0.985    0.875    0.735 
2009-08-04    40.04  -27.2  A    A   A     3   19.0   19.0  1.00    0.00     0.00     1.00    0.985    0.875    0.735 
2009-08-05    39.73  -27.8  A    A   A     3   19.3   19.3  1.00    0.00     0.00     1.00    0.985    0.861    0.730 
2009-08-06    39.38  -28.4  A    A   A     3   19.3   19.3  1.00    0.00     0.00     1.00    0.985    0.846    0.723 
2009-08-07    39.88  -27.5  A    A   A     3   18.8   18.8  1.00    0.00     0.00     1.00    0.985    0.867    0.732 
2009-08-10    39.60  -28.0  A    A   A     3   19.1   19.1  1.00    0.00     0.00     1.00    0.985    0.855    0.727 
2009-08-11    39.26  -28.7  A    A   A     3   19.4   19.4  1.00    0.00     0.00     1.00    0.985    0.840    0.721 
2009-08-12    39.87  -27.5  A    A   A     3   19.7   19.7  1.00    0.00     0.00     1.00    0.985    0.866    0.732 
2009-08-13    40.09  -27.1  A    A   A     3   19.7   19.7  1.00    0.00     0.00     1.00    0.985    0.876    0.736 
2009-08-14    39.63  -28.0  A    A   A     3   18.7   18.7  1.00    0.00     0.00     1.00    0.985    0.856    0.728 
2009-08-17    38.48  -30.1  A    D   A     2   20.8   20.8  0.96    0.32     0.32     1.00    0.985    0.806    0.707 
2009-08-18    39.03  -29.1  A    D   A     2   19.4   22.5  0.89    0.30     0.30     1.00    0.994    0.829    0.717 
2009-08-19    39.30  -28.6  A    D   A     3   19.4   22.8  0.88    0.00     0.00     1.00    0.998    0.841    0.722 
2009-08-20    39.76  -27.7  A    D   A     3   19.5   23.1  0.87    0.00     0.00     1.00    0.998    0.861    0.730 
2009-08-21    40.29  -26.8  A    A   A     3   19.6   23.2  0.86    0.00     0.00     1.00    0.998    0.883    0.740 
2009-08-24    40.25  -26.9  A    A   A     3   19.2   22.8  0.88    0.00     0.00     1.00    0.998    0.882    0.739 
2009-08-25    40.37  -26.6  A    A   A     3   19.2   22.1  0.91    0.00     0.00     1.00    0.998    0.887    0.742 
2009-08-26    40.30  -26.8  A    A   A     3   17.1   21.0  0.95    0.00     0.00     1.00    0.998    0.884    0.740 
2009-08-27    40.40  -26.6  A    A   A     3   17.1   20.8  0.96    0.00     0.00     1.00    0.998    0.888    0.742 
2009-08-28    40.44  -26.5  A    A   A     3   16.8   19.7  1.00    0.00     0.00     1.00    0.998    0.890    0.743 
2009-08-31    40.03  -27.3  A    A   A     3   17.0   17.0  1.00    0.00     0.00     1.00    0.998    0.872    0.735 
2009-09-01    39.28  -28.6  A    D   A     2   18.0   18.0  1.00    0.33     0.33     1.00    0.998    0.839    0.722 
2009-09-02    39.25  -28.7  A    D   A     2   17.8   17.8  1.00    0.33     0.33     1.00    0.997    0.838    0.721 
2009-09-03    39.51  -28.2  A    D   A     2   16.7   16.7  1.00    0.33     0.34     1.00    1.002    0.849    0.726 
2009-09-04    40.36  -26.7  A    A   A     3   17.7   17.7  1.00    0.00     0.00     1.00    1.016    0.886    0.742 
2009-09-08    40.74  -26.0  A    A   A     3   17.7   17.7  1.00    0.00     0.00     1.00    1.016    0.902    0.749 
2009-09-09    41.09  -25.3  A    A   A     3   17.7   17.7  1.00    0.00     0.00     1.00    1.016    0.918    0.755 
2009-09-10    41.48  -24.6  A    A   A     3   17.8   17.8  1.00    0.00     0.00     1.00    1.016    0.936    0.762 
2009-09-11    41.52  -24.6  A    A   A     3   17.7   17.8  1.00    0.00     0.00     1.00    1.016    0.937    0.763 
2009-09-14    41.68  -24.3  A    A   A     3   17.7   17.8  1.00    0.00     0.00     1.00    1.016    0.945    0.766 
2009-09-15    41.81  -24.0  A    A   A     3   17.3   17.3  1.00    0.00     0.00     1.00    1.016    0.951    0.768 
2009-09-16    42.42  -22.9  A    A   A     3   17.7   17.7  1.00    0.00     0.00     1.00    1.016    0.978    0.780 
2009-09-17    42.41  -22.9  A    A   A     3   17.4   17.4  1.00    0.00     0.00     1.00    1.016    0.978    0.779 
2009-09-18    42.44  -22.9  A    A   A     3   17.1   17.1  1.00    0.00     0.00     1.00    1.016    0.979    0.780 
2009-09-21    42.57  -22.6  A    A   A     3   16.9   16.9  1.00    0.00     0.00     1.00    1.016    0.985    0.782 
2009-09-22    42.65  -22.5  A    A   A     3   16.6   16.6  1.00    0.00     0.00     1.00    1.016    0.989    0.784 
2009-09-23    42.45  -22.9  A    A   A     3   16.4   16.4  1.00    0.00     0.00     1.00    1.016    0.980    0.780 
2009-09-24    42.07  -23.6  A    A   A     3   16.3   16.3  1.00    0.00     0.00     1.00    1.016    0.962    0.773 
2009-09-25    41.70  -24.2  A    A   A     3   16.5   16.5  1.00    0.00     0.00     1.00    1.016    0.945    0.766 
2009-09-28    42.41  -22.9  A    A   A     3   16.7   16.7  1.00    0.00     0.00     1.00    1.016    0.977    0.780 
2009-09-29    42.22  -23.3  A    A   A     3   14.0   14.1  1.00    0.00     0.00     1.00    1.016    0.969    0.776 
2009-09-30    42.25  -23.2  A    A   A     3   13.6   13.6  1.00    0.00     0.00     1.00    1.016    0.970    0.777 
2009-10-01    41.00  -25.5  A    D   A     2   16.4   18.9  1.00    0.33     0.33     1.00    1.016    0.912    0.754 
2009-10-02    40.88  -25.7  A    D   A     2   16.2   18.7  1.00    0.33     0.33     1.00    1.014    0.907    0.752 
2009-10-05    41.21  -25.1  A    D   A     2   15.9   19.4  1.00    0.33     0.34     1.00    1.019    0.921    0.758 
2009-10-06    41.94  -23.8  A    D   A     2   16.6   22.0  0.91    0.30     0.30     1.00    1.031    0.954    0.771 
2009-10-07    42.06  -23.6  A    D   A     2   16.6   22.0  0.91    0.30     0.30     1.00    1.033    0.959    0.773 
2009-10-08    42.24  -23.2  A    D   A     2   16.6   21.7  0.92    0.31     0.31     1.00    1.036    0.968    0.777 
2009-10-09    42.48  -22.8  A    A   A     3   16.6   21.1  0.95    0.00     0.00     1.00    1.040    0.979    0.781 
2009-10-12    42.57  -22.6  A    A   A     3   16.6   19.4  1.00    0.00     0.00     1.00    1.039    0.983    0.783 
2009-10-13    42.58  -22.6  A    A   A     2   16.3   19.2  1.00    0.33     0.33     1.00    1.039    0.983    0.783 
2009-10-14    43.16  -21.6  A    A   A     3   15.3   20.2  0.99    0.00     0.00     1.00    1.048    1.010    0.794 
2009-10-15    43.06  -21.8  A    A   A     3   15.4   15.4  1.00    0.00     0.00     1.00    1.048    1.006    0.792 
2009-10-16    42.78  -22.3  A    A   A     2   15.6   15.6  1.00    0.33     0.33     1.00    1.048    0.993    0.787 
2009-10-19    43.21  -21.5  A    A   A     3   14.7   14.7  1.00    0.00     0.00     1.00    1.055    1.013    0.795 
2009-10-20    43.22  -21.5  A    A   A     3   14.6   14.6  1.00    0.00     0.00     1.00    1.055    1.013    0.795 
2009-10-21    43.14  -21.6  A    A   A     2   14.5   14.5  1.00    0.33     0.33     1.00    1.055    1.009    0.793 
2009-10-22    43.31  -21.3  A    A   A     3   14.3   14.3  1.00    0.00     0.00     1.00    1.057    1.017    0.796 
2009-10-23    43.13  -21.6  A    A   A     2   14.4   14.4  1.00    0.33     0.33     1.00    1.057    1.009    0.793 
2009-10-26    42.99  -21.9  A    A   A     2   14.4   14.4  1.00    0.33     0.33     1.00    1.054    1.002    0.791 
2009-10-27    42.34  -23.1  A    A   A     2   15.2   15.2  1.00    0.33     0.33     1.00    1.044    0.972    0.779 
2009-10-28    41.39  -24.8  A    D   A     1   15.9   15.9  1.00    0.67     0.67     1.00    1.029    0.929    0.761 
2009-10-29    42.09  -23.5  A    D   A     1   16.7   18.0  1.00    0.67     0.67     1.00    1.052    0.960    0.774 
2009-10-30    40.96  -25.6  D    D   D     0   18.4   21.9  0.92    0.92     0.92     1.00    1.013    0.908    0.753 
2009-11-02    41.13  -25.3  D    D   D     0   18.5   21.0  0.95    0.95     0.95     1.00    1.020    0.915    0.756 
2009-11-03    41.26  -25.0  D    D   D     0   18.5   21.2  0.94    0.94     0.95     1.00    1.026    0.921    0.759 
2009-11-04    41.33  -24.9  D    D   D     0   18.5   21.4  0.93    0.93     0.93     1.00    1.030    0.924    0.760 
2009-11-05    42.35  -23.0  A    D   A     1   19.7   25.7  0.78    0.52     0.52     1.00    1.077    0.970    0.779 
2009-11-06    42.60  -22.6  A    D   A     1   19.6   26.0  0.77    0.51     0.52     1.00    1.083    0.980    0.784 
2009-11-09    43.51  -20.9  A    A   A     2   19.9   28.3  0.71    0.24     0.24     1.00    1.107    1.022    0.800 
2009-11-10    43.62  -20.7  A    A   A     2   19.9   26.7  0.75    0.25     0.24     1.00    1.108    1.028    0.802 
2009-11-11    43.90  -20.2  A    A   A     2   19.9   22.6  0.88    0.29     0.29     1.00    1.112    1.041    0.808 
2009-11-12    43.65  -20.7  A    A   A     2   17.8   22.4  0.89    0.30     0.29     1.00    1.108    1.029    0.803 
2009-11-13    44.01  -20.0  A    A   A     2   17.8   17.8  1.00    0.33     0.33     1.00    1.113    1.046    0.810 
2009-11-16    44.46  -19.2  A    A   A     3   17.9   17.9  1.00    0.00     0.00     1.00    1.121    1.067    0.818 
2009-11-17    44.60  -19.0  A    A   A     3   17.3   17.3  1.00    0.00     0.00     1.00    1.120    1.074    0.821 
2009-11-18    44.35  -19.4  A    A   A     2   17.4   17.4  1.00    0.33     0.33     1.00    1.120    1.062    0.816 
2009-11-19    43.66  -20.7  A    A   A     2   18.1   18.1  1.00    0.33     0.33     1.00    1.108    1.029    0.803 
2009-11-20    43.44  -21.1  A    A   A     1   18.2   18.2  1.00    0.67     0.67     1.00    1.105    1.018    0.799 
2009-11-23    44.14  -19.8  A    A   A     2   18.7   18.7  1.00    0.33     0.33     1.00    1.128    1.051    0.812 
2009-11-24    43.99  -20.1  A    A   A     2   18.7   18.7  1.00    0.33     0.33     1.00    1.125    1.044    0.809 
2009-11-25    44.18  -19.7  A    A   A     2   18.4   18.4  1.00    0.33     0.33     1.00    1.129    1.053    0.813 
2009-11-27    43.51  -20.9  A    A   A     1   19.0   19.0  1.00    0.67     0.67     1.00    1.117    1.021    0.801 
2009-11-30    43.56  -20.8  A    A   A     1   18.8   18.8  1.00    0.67     0.67     1.00    1.119    1.023    0.802 
2009-12-01    44.01  -20.0  A    A   A     2   18.9   18.9  1.00    0.33     0.33     1.00    1.134    1.044    0.810 
2009-12-02    44.07  -19.9  A    A   A     2   18.9   18.9  1.00    0.33     0.33     1.00    1.135    1.047    0.811 
2009-12-03    43.89  -20.2  A    A   A     1   18.9   18.9  1.00    0.67     0.67     1.00    1.132    1.039    0.808 
2009-12-04    44.12  -19.8  A    A   A     1   18.9   18.9  1.00    0.67     0.67     1.00    1.139    1.050    0.812 
2009-12-07    43.91  -20.2  A    A   A     1   18.9   18.9  1.00    0.67     0.67     1.00    1.132    1.040    0.808 
2009-12-08    43.64  -20.7  A    A   A     1   19.0   19.0  1.00    0.67     0.66     1.00    1.123    1.027    0.803 
2009-12-09    44.08  -19.9  A    A   A     1   18.6   18.6  1.00    0.67     0.67     1.00    1.138    1.048    0.811 
2009-12-10    44.30  -19.5  A    A   A     1   17.2   17.2  1.00    0.67     0.67     1.00    1.145    1.058    0.815 
2009-12-11    44.13  -19.8  A    A   A     1   16.7   16.7  1.00    0.67     0.67     1.00    1.139    1.050    0.812 
2009-12-14    44.55  -19.0  A    A   A     1   14.5   14.5  1.00    0.67     0.67     1.00    1.154    1.070    0.820 
2009-12-15    44.30  -19.5  A    A   A     1   14.7   14.7  1.00    0.67     0.67     1.00    1.145    1.058    0.815 
2009-12-16    44.36  -19.4  A    A   A     1   14.7   14.7  1.00    0.67     0.67     1.00    1.147    1.061    0.816 
2009-12-17    43.82  -20.4  A    A   A     1   15.3   15.3  1.00    0.67     0.67     1.00    1.129    1.035    0.807 
2009-12-18    44.46  -19.2  A    A   A     1   14.2   14.2  1.00    0.67     0.67     1.00    1.150    1.065    0.818 
2009-12-21    44.96  -18.3  A    A   A     1   14.5   14.5  1.00    0.67     0.68     1.00    1.168    1.089    0.828 
2009-12-22    45.23  -17.8  A    A   A     2   13.3   13.6  1.00    0.33     0.33     1.00    1.178    1.103    0.833 
2009-12-23    45.56  -17.2  A    A   A     2   13.4   13.4  1.00    0.33     0.34     1.00    1.183    1.119    0.839 
2009-12-24    45.98  -16.4  A    A   A     2   13.5   13.6  1.00    0.33     0.34     1.00    1.190    1.139    0.846 
2009-12-28    46.22  -16.0  A    A   A     2   13.4   13.4  1.00    0.33     0.34     1.00    1.195    1.151    0.851 
2009-12-29    46.03  -16.4  A    A   A     2   13.3   13.3  1.00    0.33     0.34     1.00    1.191    1.142    0.847 
2009-12-30    46.17  -16.1  A    A   A     2   13.1   13.1  1.00    0.33     0.34     1.00    1.194    1.149    0.850 
2009-12-31    45.75  -16.9  A    A   A     2   13.4   14.0  1.00    0.33     0.34     1.00    1.186    1.128    0.842 
2010-01-04    46.42  -15.6  A    A   A     2   13.9   13.9  1.00    0.33     0.34     1.00    1.198    1.161    0.855 
2010-01-05    46.42  -15.6  A    A   A     2   12.9   12.9  1.00    0.33     0.34     1.00    1.198    1.161    0.855 
2010-01-06    46.14  -16.2  A    A   A     2   12.9   12.9  1.00    0.33     0.34     1.00    1.193    1.147    0.850 
2010-01-07    46.17  -16.1  A    A   A     2   12.2   12.2  1.00    0.33     0.34     1.00    1.194    1.148    0.850 
2010-01-08    46.55  -15.4  A    A   A     2   12.3   12.3  1.00    0.33     0.35     1.00    1.200    1.168    0.857 
2010-01-11    46.36  -15.8  A    A   A     2   12.4   12.4  1.00    0.33     0.34     1.00    1.197    1.158    0.854 
2010-01-12    45.78  -16.8  A    A   A     1   12.1   12.9  1.00    0.67     0.67     1.00    1.187    1.129    0.843 
2010-01-13    46.35  -15.8  A    A   A     2   12.5   14.3  1.00    0.33     0.33     1.00    1.206    1.157    0.854 
2010-01-14    46.39  -15.7  A    A   A     2   12.2   14.3  1.00    0.33     0.33     1.00    1.206    1.159    0.854 
2010-01-15    45.85  -16.7  A    A   A     1   12.8   14.8  1.00    0.67     0.67     1.00    1.197    1.132    0.844 
2010-01-19    46.59  -15.3  A    A   A     2   13.4   15.2  1.00    0.33     0.33     1.00    1.222    1.168    0.858 
2010-01-20    45.92  -16.6  A    A   A     1   14.2   16.9  1.00    0.67     0.67     1.00    1.210    1.134    0.846 
2010-01-21    45.49  -17.3  A    D   A     0   14.4   17.3  1.00    1.00     1.00     1.00    1.195    1.113    0.838 
2010-01-22    44.16  -19.8  D    D   D     0   16.8   22.2  0.90    0.90     0.90     1.00    1.125    1.048    0.813 
2010-01-25    44.31  -19.5  D    D   D     0   16.6   21.5  0.93    0.93     0.93     1.00    1.131    1.054    0.816 
2010-01-26    44.35  -19.4  D    D   D     0   16.5   21.7  0.92    0.92     0.93     1.00    1.133    1.056    0.817 
2010-01-27    44.70  -18.8  D    D   D     0   16.6   22.0  0.91    0.91     0.91     1.00    1.149    1.073    0.823 
2010-01-28    43.55  -20.9  D    D   D     0   18.0   23.1  0.87    0.87     0.87     1.00    1.095    1.017    0.802 
2010-01-29    42.79  -22.2  D    E   D     0   18.6   23.4  0.85    0.85     0.86     1.00    1.062    0.982    0.788 
2010-02-01    43.26  -21.4  D    E   D     0   19.0   25.1  0.80    0.80     0.80     1.00    1.082    1.003    0.797 
2010-02-02    43.65  -20.7  D    E   D     0   18.8   23.6  0.85    0.85     0.85     1.00    1.098    1.022    0.804 
2010-02-03    43.89  -20.2  D    E   D     0   18.4   23.8  0.84    0.84     0.85     1.00    1.108    1.033    0.808 
2010-02-04    42.62  -22.6  D    E   D     0   19.8   26.8  0.75    0.75     0.75     1.00    1.054    0.973    0.785 
2010-02-05    42.98  -21.9  D    E   D     0   19.9   24.3  0.82    0.82     0.82     1.00    1.067    0.989    0.792 
2010-02-08    42.67  -22.5  D    E   D     0   19.8   24.2  0.83    0.83     0.82     1.00    1.054    0.975    0.786 
2010-02-09    43.11  -21.7  D    E   D     0   19.9   25.1  0.80    0.80     0.80     1.00    1.072    0.995    0.794 
2010-02-10    43.02  -21.8  D    E   D     0   19.7   24.4  0.82    0.82     0.82     1.00    1.068    0.991    0.793 
2010-02-11    43.67  -20.6  D    E   D     0   20.4   22.7  0.88    0.88     0.88     1.00    1.095    1.021    0.805 
2010-02-12    43.76  -20.5  D    E   D     0   20.4   20.4  0.98    0.98     0.98     1.00    1.099    1.025    0.806 
2010-02-16    44.32  -19.5  D    D   D     0   20.6   20.6  0.97    0.97     0.98     1.00    1.126    1.052    0.817 
2010-02-17    44.57  -19.0  D    A   D     0   20.2   20.4  0.98    0.98     0.98     1.00    1.139    1.063    0.821 
2010-02-18    44.85  -18.5  D    B   D     0   20.3   20.4  0.98    0.98     0.98     1.00    1.153    1.077    0.826 
2010-02-19    44.83  -18.5  D    B   D     0   20.3   20.3  0.99    0.99     0.98     1.00    1.152    1.076    0.826 
2010-02-22    44.74  -18.7  D    B   D     0   20.3   20.3  0.99    0.99     0.98     1.00    1.147    1.071    0.824 
2010-02-23    44.16  -19.8  D    B   D     0   20.4   20.4  0.98    0.98     0.98     1.00    1.118    1.044    0.814 
2010-02-24    44.61  -18.9  D    B   D     0   20.6   20.6  0.97    0.97     0.98     1.00    1.140    1.065    0.822 
2010-02-25    44.60  -19.0  D    B   D     0   20.4   20.4  0.98    0.98     0.98     1.00    1.140    1.064    0.822 
2010-02-26    44.76  -18.7  D    B   D     0   20.0   20.0  1.00    1.00     1.00     1.00    1.148    1.072    0.825 
2010-03-01    45.41  -17.5  A    B   A     0   20.5   20.5  0.97    0.97     0.97     1.00    1.181    1.103    0.837 
2010-03-02    45.55  -17.2  A    A   A     0   20.3   20.3  0.99    0.99     0.97     1.00    1.187    1.109    0.839 
2010-03-03    45.60  -17.1  A    A   A     0   19.7   19.7  1.00    1.00     1.00     1.00    1.190    1.112    0.840 
2010-03-04    45.75  -16.9  A    A   A     0   19.3   19.3  1.00    1.00     1.00     1.00    1.198    1.119    0.843 
2010-03-05    46.44  -15.6  A    A   A     0   19.6   19.6  1.00    1.00     1.00     1.00    1.234    1.153    0.856 
2010-03-08    46.53  -15.4  A    A   A     0   17.4   17.4  1.00    1.00     1.00     1.00    1.239    1.157    0.858 
2010-03-09    46.79  -15.0  A    A   A     0   17.4   17.4  1.00    1.00     1.00     1.00    1.253    1.170    0.862 
2010-03-10    47.17  -14.3  A    A   A     0   17.5   17.5  1.00    1.00     1.00     1.00    1.273    1.190    0.869 
2010-03-11    47.35  -14.0  A    A   A     0   17.4   17.4  1.00    1.00     1.00     1.00    1.283    1.199    0.873 
2010-03-12    47.36  -13.9  A    A   A     0   15.3   15.3  1.00    1.00     1.00     1.00    1.283    1.199    0.873 
2010-03-15    47.24  -14.2  A    A   A     0   14.2   14.2  1.00    1.00     1.00     1.00    1.277    1.193    0.871 
2010-03-16    47.54  -13.6  A    A   A     0   14.0   14.0  1.00    1.00     1.00     1.00    1.293    1.208    0.876 
2010-03-17    47.67  -13.4  A    A   A     0   13.9   13.9  1.00    1.00     1.00     1.00    1.300    1.215    0.879 
2010-03-18    47.83  -13.1  A    A   A     0   13.9   13.9  1.00    1.00     1.00     1.00    1.309    1.223    0.882 
2010-03-19    47.49  -13.7  A    A   A     0   10.6   10.6  1.00    1.00     1.00     1.00    1.290    1.206    0.875 
2010-03-22    47.92  -12.9  A    A   A     0   10.6   10.6  1.00    1.00     1.00     1.00    1.314    1.228    0.883 
2010-03-23    48.25  -12.3  A    A   A     0   10.1   10.1  1.00    1.00     1.00     1.00    1.332    1.245    0.890 
2010-03-24    48.02  -12.7  A    A   A     0   10.3   10.3  1.00    1.00     1.00     1.00    1.319    1.233    0.885 
2010-03-25    47.95  -12.9  A    A   A     0   10.2   10.2  1.00    1.00     1.00     1.00    1.315    1.229    0.884 
2010-03-26    48.00  -12.8  A    A   A     0    9.7    9.7  1.00    1.00     1.00     1.00    1.318    1.232    0.885 
2010-03-29    48.23  -12.4  A    A   A     0    9.7    9.7  1.00    1.00     1.00     1.00    1.331    1.244    0.889 
2010-03-30    48.39  -12.1  A    A   A     0    9.2    9.2  1.00    1.00     1.00     1.00    1.340    1.252    0.892 
2010-03-31    48.16  -12.5  A    A   A     0    9.5    9.5  1.00    1.00     1.00     1.00    1.327    1.240    0.888 
2010-04-01    48.16  -12.5  A    A   A     0    9.4    9.4  1.00    1.00     1.00     1.00    1.327    1.240    0.888 
2010-04-05    48.61  -11.7  A    A   A     0    9.6    9.6  1.00    1.00     1.00     1.00    1.352    1.263    0.896 
2010-04-06    48.75  -11.4  A    A   A     0    9.5    9.5  1.00    1.00     1.00     1.00    1.360    1.271    0.899 
2010-04-07    48.63  -11.6  A    A   A     0    8.4    8.4  1.00    1.00     1.00     1.00    1.353    1.265    0.897 
2010-04-08    48.74  -11.4  A    A   A     0    8.1    8.1  1.00    1.00     1.00     1.00    1.359    1.270    0.899 
2010-04-09    49.03  -10.9  A    A   A     0    8.1    8.1  1.00    1.00     1.00     1.00    1.376    1.285    0.904 
2010-04-12    49.07  -10.8  A    A   A     0    8.1    8.1  1.00    1.00     1.00     1.00    1.378    1.288    0.905 
2010-04-13    49.32  -10.4  A    A   A     0    7.4    7.4  1.00    1.00     1.00     1.00    1.392    1.301    0.910 
2010-04-14    49.91   -9.3  A    A   A     2    7.9    8.2  1.00    0.33     0.33     1.00    1.426    1.332    0.920 
2010-04-15    50.13   -8.9  A    A   A     2    7.9    7.9  1.00    0.33     0.34     1.00    1.429    1.344    0.925 
2010-04-16    49.53  -10.0  A    A   A     0    9.0   10.5  1.00    1.00     1.00     1.00    1.417    1.311    0.913 
2010-04-19    49.50  -10.0  A    A   A     0    8.2   10.0  1.00    1.00     1.00     1.00    1.415    1.310    0.913 
2010-04-20    49.75   -9.6  A    A   A     0    8.3   10.1  1.00    1.00     1.00     1.00    1.429    1.323    0.918 
2010-04-21    50.03   -9.1  A    A   A     1    8.3    9.9  1.00    0.67     0.67     1.00    1.445    1.338    0.923 
2010-04-22    50.31   -8.6  A    A   A     2    8.2   10.0  1.00    0.33     0.33     1.00    1.456    1.353    0.928 
2010-04-23    50.52   -8.2  A    A   A     2    8.2    9.9  1.00    0.33     0.34     1.00    1.460    1.365    0.932 

DEEP DIVE 2020-02 full path, peak 2020-02-19 trough 2020-03-16 window end 2020-06-05
date            QQQ    dd% st fast eff votes  vol30  volLv  mult tgtLIVE heldLIVE heldBASE  navLIVE  navBASE   navQQQ
2020-02-04   227.47   -4.0  A    A   A     3   14.8   22.0  0.91    0.00     0.00     1.00    1.000    0.922    0.960 
2020-02-05   228.22   -3.7  A    A   A     3   14.8   22.0  0.91    0.00     0.00     1.00    0.999    0.928    0.963 
2020-02-06   230.19   -2.9  A    A   A     3   14.9   22.3  0.90    0.00     0.00     1.00    0.999    0.944    0.971 
2020-02-07   229.20   -3.3  A    A   A     3   15.0   21.8  0.92    0.00     0.00     1.00    0.999    0.936    0.967 
2020-02-10   231.97   -2.1  A    A   A     3   15.2   17.7  1.00    0.00     0.00     1.00    1.000    0.958    0.979 
2020-02-11   232.01   -2.1  A    A   A     3   15.1   17.1  1.00    0.00     0.00     1.00    1.000    0.959    0.979 
2020-02-12   234.27   -1.1  A    A   A     3   15.0   17.2  1.00    0.00     0.00     1.00    1.000    0.977    0.988 
2020-02-13   233.97   -1.3  A    A   A     3   15.0   17.5  1.00    0.00     0.00     1.00    1.000    0.975    0.987 
2020-02-14   234.64   -1.0  A    A   A     3   14.5   14.5  1.00    0.00     0.00     1.00    1.000    0.980    0.990 
2020-02-18   234.73   -0.9  A    A   A     3   14.1   14.1  1.00    0.00     0.00     1.00    1.000    0.981    0.990 
2020-02-19   236.98    0.0  A    A   A     3   14.2   14.2  1.00    0.00     0.00     1.00    1.000    1.000    1.000 <-- peak
2020-02-20   234.78   -0.9  A    A   A     3   14.6   14.6  1.00    0.00     0.00     1.00    1.000    0.981    0.991 
2020-02-21   230.27   -2.8  A    A   A     3   15.9   15.9  1.00    0.00     0.00     1.00    1.000    0.943    0.972 
2020-02-24   221.39   -6.6  A    D   A     0   19.6   24.7  0.81    0.81     0.81     1.00    1.000    0.870    0.934 
2020-02-25   215.37   -9.1  D    D   D     0   21.2   25.6  0.78    0.78     0.78     1.00    0.955    0.823    0.909 
2020-02-26   216.48   -8.7  D    D   D     0   20.9   26.2  0.76    0.76     0.76     1.00    0.962    0.831    0.914 
2020-02-27   205.64  -13.2  D    E   D     0   25.4   32.1  0.62    0.62     0.62     1.00    0.889    0.747    0.868 
2020-02-28   205.80  -13.2  D    E   D     0   25.4   32.4  0.62    0.62     0.62     1.00    0.890    0.749    0.869 
2020-03-02   216.42   -8.7  D    D   D     0   29.6   45.5  0.44    0.44     0.44     1.00    0.947    0.826    0.913 
2020-03-03   209.48  -11.6  D    D   D     0   30.9   46.7  0.43    0.43     0.42     1.00    0.920    0.773    0.884 
2020-03-04   218.22   -7.9  D    D   D     0   33.4   53.1  0.38    0.38     0.38     1.00    0.952    0.837    0.921 
2020-03-05   211.59  -10.7  D    D   D     0   34.5   54.3  0.37    0.37     0.36     1.00    0.930    0.786    0.893 
2020-03-06   208.02  -12.2  D    E   D     0   34.7   54.2  0.37    0.37     0.35     1.00    0.919    0.760    0.878 
2020-03-09   193.57  -18.3  E    E   E     0   39.8   60.6  0.33    0.16     0.16     0.50    0.874    0.654    0.817 
2020-03-10   204.11  -13.9  D    E   D     0   43.0   68.5  0.29    0.29     0.29     1.00    0.875    0.657    0.862 
2020-03-11   195.22  -17.6  E    E   E     0   44.3   70.9  0.28    0.14     0.14     0.50    0.853    0.599    0.824 
2020-03-12   177.32  -25.2  E    E   E     0   51.0   80.1  0.25    0.12     0.13     0.50    0.840    0.568    0.749 
2020-03-13   192.34  -18.8  E    E   E     0   57.5   94.1  0.21    0.11     0.11     0.51    0.846    0.584    0.812 
2020-03-16   169.30  -28.6  E    F   E     0   66.5  104.0  0.19    0.10     0.10     0.50    0.836    0.550    0.715 <-- trough
2020-03-17   182.14  -23.1  E    F   E     0   70.5  114.7  0.17    0.09     0.09     0.50    0.846    0.585    0.769 
2020-03-18   176.60  -25.5  E    F   E     0   70.3  111.0  0.18    0.09     0.08     0.49    0.843    0.572    0.746 
2020-03-19   177.66  -25.0  E    F   E     0   70.4  111.4  0.18    0.09     0.08     0.50    0.839    0.556    0.750 
2020-03-20   170.70  -28.0  E    F   E     0   70.8  112.1  0.18    0.09     0.09     0.50    0.834    0.534    0.721 
2020-03-23   170.46  -28.1  E    F   E     0   70.8  108.4  0.18    0.09     0.08     0.50    0.829    0.518    0.720 
2020-03-24   183.66  -22.5  E    F   E     0   74.9  112.7  0.18    0.09     0.09     0.50    0.837    0.546    0.775 
2020-03-25   182.30  -23.1  E    F   E     0   74.9  111.0  0.18    0.09     0.09     0.51    0.839    0.553    0.770 
2020-03-26   191.90  -19.0  E    F   E     0   76.7  102.6  0.19    0.10     0.10     0.50    0.845    0.577    0.810 
2020-03-27   185.30  -21.8  E    F   E     0   77.2   95.5  0.21    0.10     0.10     0.50    0.846    0.578    0.782 
2020-03-30   192.04  -19.0  E    C   E     0   78.1   78.1  0.26    0.13     0.13     0.51    0.849    0.589    0.811 
2020-03-31   190.40  -19.7  E    C   E     0   78.1   78.1  0.26    0.13     0.12     0.50    0.845    0.577    0.804 
2020-04-01   182.31  -23.1  E    F   E     0   78.7   78.7  0.25    0.13     0.12     0.50    0.838    0.560    0.770 
2020-04-02   186.01  -21.5  E    F   E     0   79.1   79.1  0.25    0.13     0.12     0.51    0.842    0.568    0.785 
2020-04-03   183.37  -22.6  E    F   E     0   79.0   79.0  0.25    0.13     0.12     0.50    0.838    0.558    0.774 
2020-04-06   196.48  -17.1  E    C   E     0   81.5   81.5  0.25    0.12     0.12     0.50    0.845    0.580    0.830 
2020-04-07   196.40  -17.1  E    C   E     0   81.2   81.2  0.25    0.12     0.12     0.50    0.844    0.576    0.829 
2020-04-08   200.57  -15.4  E    C   E     0   81.5   81.5  0.25    0.12     0.13     0.51    0.850    0.592    0.847 
2020-04-09   200.86  -15.2  E    C   E     0   80.1   80.1  0.25    0.12     0.13     0.50    0.855    0.606    0.848 
2020-04-13   203.03  -14.3  D    C   D     0   80.2   80.2  0.25    0.25     0.25     1.00    0.851    0.596    0.858 
2020-04-14   211.86  -10.6  A    B   A     0   79.8   79.8  0.25    0.25     0.25     1.00    0.870    0.648    0.895 
2020-04-15   209.43  -11.6  A    B   A     0   79.3   79.3  0.25    0.25     0.25     1.00    0.865    0.632    0.885 
2020-04-16   213.25  -10.0  A    B   A     0   78.5   78.5  0.25    0.25     0.25     1.00    0.872    0.655    0.901 
2020-04-17   215.29   -9.2  A    B   A     0   78.0   78.0  0.26    0.26     0.26     1.00    0.877    0.668    0.909 
2020-04-20   212.74  -10.2  A    B   A     0   77.9   77.9  0.26    0.26     0.25     1.00    0.871    0.652    0.899 
2020-04-21   204.89  -13.5  A    C   A     0   75.9   75.9  0.26    0.26     0.26     1.00    0.855    0.604    0.865 
2020-04-22   210.97  -11.0  A    C   A     0   74.7   74.7  0.27    0.27     0.27     1.00    0.868    0.640    0.891 
2020-04-23   210.52  -11.2  A    C   A     0   73.5   73.5  0.27    0.27     0.27     1.00    0.867    0.637    0.889 
2020-04-24   213.84   -9.8  A    B   A     0   67.8   67.8  0.30    0.30     0.28     1.00    0.875    0.657    0.903 
2020-04-27   215.56   -9.0  A    B   A     0   63.6   63.6  0.31    0.31     0.31     1.00    0.879    0.668    0.911 
2020-04-28   211.50  -10.8  A    B   A     0   52.2   52.2  0.38    0.38     0.38     1.00    0.868    0.643    0.893 
2020-04-29   219.00   -7.6  B    B   A     0   48.8   48.8  0.41    0.41     0.41     1.00    0.892    0.688    0.925 
2020-04-30   218.91   -7.6  B    B   A     0   47.6   47.6  0.42    0.42     0.41     1.00    0.892    0.687    0.925 
2020-05-01   212.74  -10.2  B    B   A     0   48.7   48.7  0.41    0.41     0.40     1.00    0.871    0.658    0.899 
2020-05-04   215.22   -9.2  B    B   A     0   46.8   46.8  0.43    0.43     0.43     1.00    0.879    0.670    0.909 
2020-05-05   217.66   -8.2  B    A   A     0   46.7   46.7  0.43    0.43     0.43     1.00    0.888    0.681    0.920 
2020-05-06   219.00   -7.6  B    A   A     0   41.9   41.9  0.48    0.48     0.48     1.00    0.892    0.687    0.925 
2020-05-07   221.82   -6.4  B    A   A     0   41.7   41.7  0.48    0.48     0.48     1.00    0.903    0.701    0.937 
2020-05-08   224.86   -5.1  B    A   A     0   39.5   39.5  0.51    0.51     0.51     1.00    0.915    0.715    0.950 
2020-05-11   226.87   -4.3  B    A   A     0   37.6   37.6  0.53    0.53     0.53     1.00    0.924    0.725    0.959 
2020-05-12   222.12   -6.3  B    A   A     0   37.4   37.4  0.53    0.53     0.52     1.00    0.903    0.702    0.939 
2020-05-13   219.34   -7.4  B    A   A     0   37.6   37.6  0.53    0.53     0.53     1.00    0.891    0.688    0.927 
2020-05-14   221.83   -6.4  B    A   A     0   34.8   34.8  0.57    0.57     0.57     1.00    0.902    0.700    0.937 
2020-05-15   223.27   -5.8  B    A   A     0   34.5   34.5  0.58    0.58     0.58     1.00    0.909    0.707    0.943 
2020-05-18   227.43   -4.0  B    A   A     0   34.2   34.2  0.59    0.59     0.59     1.00    0.929    0.727    0.961 
2020-05-19   226.86   -4.3  B    A   A     0   28.3   28.3  0.71    0.71     0.71     1.00    0.926    0.724    0.959 
2020-05-20   231.39   -2.4  B    A   A     0   28.6   28.6  0.70    0.70     0.71     1.00    0.952    0.746    0.978 
2020-05-21   228.90   -3.4  A    A   A     0   28.6   28.6  0.70    0.70     0.70     1.00    0.937    0.734    0.967 
2020-05-22   229.66   -3.1  A    A   A     0   28.6   28.6  0.70    0.70     0.70     1.00    0.941    0.739    0.971 
2020-05-26   229.04   -3.4  A    A   A     0   28.6   28.6  0.70    0.70     0.70     1.00    0.938    0.735    0.968 
2020-05-27   230.29   -2.8  A    A   A     0   26.1   26.1  0.77    0.77     0.77     1.00    0.945    0.743    0.973 
2020-05-28   229.99   -2.9  A    A   A     0   25.8   25.8  0.78    0.78     0.77     1.00    0.943    0.741    0.972 
2020-05-29   233.36   -1.5  A    A   A     0   25.6   25.6  0.78    0.78     0.77     1.00    0.964    0.763    0.986 
2020-06-01   234.06   -1.2  A    A   A     0   25.5   25.5  0.78    0.78     0.77     1.00    0.969    0.767    0.989 
2020-06-02   235.63   -0.6  A    A   A     1   25.2   25.2  0.80    0.53     0.53     1.00    0.979    0.778    0.996 
2020-06-03   236.69   -0.1  A    A   A     3   22.0   22.0  0.91    0.00     0.00     1.00    0.983    0.785    1.001 
2020-06-04   235.03   -0.8  A    A   A     1   21.0   21.0  0.95    0.63     0.63     1.00    0.983    0.774    0.994 
2020-06-05   239.69    1.1  A    A   A     3   21.4   21.4  0.93    0.00     0.00     1.00    1.007    0.805    1.013 
