STANDING LIVE FIGURES  proxy 22.12% / 0.938 / -32.8%  S 1.150 H 0.780  |  real 30.67% / 1.260 / -25.3%

PRIMARY EPISODES: QQQ close declines >= 15% from the trailing-252-session high, 2000-07-03..2026-08-27 (11 episodes)
 # peak       trough       depth  P->T R(52w high)  F(regain peak)  window end T->end era     note
 1 2000-03-27 2002-10-09  -83.0%   636 2003-06-03   2016-09-06      2004-01-26    325 holdout peak predates rows, strategy measured from 2000-07-03(window = next-peak)
 2 2004-01-26 2004-08-12  -15.9%   138 2004-11-12   2004-11-12      2004-11-12     65 holdout 
 3 2006-01-11 2006-07-21  -17.4%   132 2006-11-13   2006-11-13      2006-11-13     80 holdout 
 4 2007-10-31 2008-11-20  -53.6%   267 2009-09-21   2011-01-04      2010-04-23    356 holdout (window = next-peak)
 5 2010-04-23 2010-07-02  -15.9%    49 2010-10-13   2010-10-13      2010-10-13     71 holdout 
 6 2011-07-26 2011-08-19  -16.1%    18 2012-01-19   2012-01-19      2012-01-19    104 holdout 
 7 2015-12-01 2016-02-09  -16.4%    47 2016-07-29   2016-07-29      2016-07-29    119 search  
 8 2018-08-29 2018-12-24  -23.2%    80 2019-04-17   2019-04-17      2019-04-17     78 search  
 9 2020-02-19 2020-03-16  -28.6%    18 2020-06-05   2020-06-05      2020-06-05     57 search  
10 2021-11-19 2022-12-28  -35.6%   277 2023-05-18   2023-12-15      2023-12-15    243 search  
11 2025-02-19 2025-04-08  -22.9%    34 2025-06-24   2025-06-24      2025-06-24     52 search  

SECONDARY EPISODES: declines between 8% and 15% (18 episodes)
 # peak       trough       depth  P->T R(52w high)  F(regain peak)  window end T->end era     note
 1 2004-12-14 2005-04-20  -14.3%    87 2005-11-10   2005-11-10      2005-11-10    143 holdout 
 2 2007-07-19 2007-08-16   -9.7%    20 2007-09-21   2007-09-21      2007-09-21     25 holdout 
 3 2010-01-19 2010-02-04   -8.5%    12 2010-03-09   2010-03-09      2010-03-09     22 holdout 
 4 2011-02-16 2011-03-16   -8.0%    19 2011-04-27   2011-04-27      2011-04-27     29 holdout 
 5 2011-04-27 2011-06-17   -9.2%    36 2011-07-22   2011-07-22      2011-07-22     24 holdout 
 6 2012-04-02 2012-06-01  -11.5%    42 2012-08-17   2012-08-17      2012-08-17     54 holdout 
 7 2012-09-19 2012-11-15  -11.9%    39 2013-04-30   2013-04-30      2013-04-30    112 holdout 
 8 2014-09-18 2014-10-16   -8.5%    20 2014-10-31   2014-10-31      2014-10-31     11 holdout 
 9 2015-07-20 2015-08-25  -13.9%    26 2015-10-28   2015-10-28      2015-10-28     45 holdout 
10 2018-01-26 2018-02-08  -10.2%     9 2018-03-09   2018-03-09      2018-03-09     20 search  
11 2018-03-12 2018-04-02  -10.7%    14 2018-06-04   2018-06-04      2018-06-04     44 search  
12 2019-05-03 2019-06-03  -10.9%    20 2019-07-03   2019-07-03      2019-07-03     22 search  
13 2020-09-02 2020-09-23  -12.7%    14 2020-12-01   2020-12-01      2020-12-01     48 search  
14 2021-02-12 2021-03-08  -10.9%    15 2021-04-09   2021-04-09      2021-04-09     23 search  
15 2023-07-18 2023-10-26  -10.9%    71 2023-11-16   2023-11-16      2023-11-16     15 search  
16 2024-07-10 2024-08-07  -13.6%    20 2024-11-06   2024-11-06      2024-11-06     64 search  
17 2025-10-29 2026-03-30  -12.2%   103 2026-04-15   2026-04-15      2026-04-15     11 search  
18 2026-06-02 2026-07-29  -11.3%    39 open         never           2026-08-27     21 search  (window = end)

PER-EPISODE, PRIMARY SET  (one-way cost 4bp; returns in %, exposure = held risky weight)
ep        --- peak->trough ---    --- trough->window end ---      -- T+63 --       -- T+126 --     expo P->T expo T->R   pre re-part own-high regain net vs QQQ net vs BASE  $ vs QQQ $ vs BASE
            LIVE    BASE     QQQ    LIVE    BASE     QQQ  sess     LIVE      QQQ     LIVE      QQQ      LIVE      LIVE          LIVE    LIVE     QQQ                                           
2000-03    -20.6   -43.3   -78.6    93.1   102.0    93.9   325     10.0     33.3     -2.1     28.9      0.16      0.38  0.42       4     215    2950      +57.2       +13.8  +223,731   +77,502
2004-01    -19.9   -25.0   -15.6    17.6    12.7    19.2    65     12.4     16.6     10.9     14.8      0.77      0.88  0.50       7      77      65       -6.0       +10.0   -12,947   +19,316
2006-01    -16.8   -14.1   -17.1    28.6    18.1    22.0    80     18.9     17.5     29.9     22.4      0.75      0.88  1.00       9      58      77       +7.0        +7.8   +11,851   +11,098
2007-10    -21.8   -30.8   -53.3    86.5    97.3    99.3   356     -4.0     12.8     15.6     36.5      0.41      0.41  0.72     118     219     515      +18.7        -1.7  +105,551   +18,981
2010-04    -21.1   -30.8   -15.8    20.2    15.1    19.2    71     13.3     15.6     38.8     28.6      0.60      0.65  0.89      12      85      71       -4.2       +14.8   -10,764   +30,438
2011-07    -17.6   -16.2   -16.1     0.8    -3.4    19.9   104     -3.1     11.8     14.5     27.5      0.50      0.47  0.94      95     264     103      -20.7        +2.7   -35,321    +4,103
2015-12    -15.5   -14.6   -16.3    -2.3    -5.1    20.0   119      0.6     11.6      0.6     21.8      0.66      0.74  1.00      23     303     118      -21.5        +1.9   -35,879    +2,956
2018-08    -30.0   -33.8   -23.0    24.9    19.8    30.7    78     13.5     24.2     15.7     29.9      0.57      0.74  1.00      36     249      77      -12.8        +8.9   -26,431   +16,249
2020-02    -16.4   -45.0   -28.5    20.5    46.3    41.8    57     23.6     41.2     27.5     63.0      0.36      0.35  0.25      19      57      55       -9.1        +2.8    -1,184   +40,558
2021-11    -28.8   -30.2   -35.2    76.2    86.4    56.7   243     25.0     21.6     45.6     42.5      0.37      0.67  1.00      58     102     241      +25.8        -8.8   +47,755    -9,228
2025-02    -23.2   -26.2   -22.8    15.6    19.0    29.9    52     22.1     33.7     44.5     47.4      0.57      0.55  0.95      36      98      52      -14.7        -0.4   -22,982    +1,816

PER-EPISODE, SECONDARY SET (8-15%)  (one-way cost 4bp; returns in %, exposure = held risky weight)
ep        --- peak->trough ---    --- trough->window end ---      -- T+63 --       -- T+126 --     expo P->T expo T->R   pre re-part own-high regain net vs QQQ net vs BASE  $ vs QQQ $ vs BASE
            LIVE    BASE     QQQ    LIVE    BASE     QQQ  sess     LIVE      QQQ     LIVE      QQQ      LIVE      LIVE          LIVE    LIVE     QQQ                                           
2004-12    -18.7   -20.3   -14.1    18.9    15.3    17.4   143     14.1     13.9      4.1      9.6      0.87      0.93  0.75      12     149     143       -3.2        +5.1    -8,521    +9,392
2007-07    -17.9   -19.1    -9.6    18.9    21.7    10.9    25     33.7     10.4     19.9     -3.3      0.95      0.87  1.00       0      27      25       -0.3        -1.5    -5,212    -1,562
2010-01    -13.8   -16.7    -8.5    18.9    20.3     9.8    22     23.0      9.4     17.6     10.2      0.82      0.94  0.43       0      20      22       +3.7        +1.5    +3,905    +4,578
2011-02     -9.8   -15.8    -8.0    19.0    19.3     9.4    29     -0.5      0.4     -8.7      2.5      0.79      0.99  0.43       0      26      28       +7.7        +5.7   +13,253   +13,701
2011-04    -18.0   -18.0    -9.1    12.7    12.9    10.9    24     -5.5      5.4    -15.1      2.1      1.00      0.85  1.00       8     308      13       -7.1        -0.2   -16,682      -289
2012-04    -15.9   -22.4   -11.4    25.9    26.9    13.2    54     23.7     12.3     10.8      9.0      0.84      0.95  0.18       0      67      54       +8.2        +5.5   +11,234   +14,835
2012-09    -18.4   -18.3   -11.8     7.9     6.8    14.3   112      1.7     10.2     18.8     20.0      0.92      0.87  1.00      19     166     111      -12.9        +1.1   -25,409    +1,697
2014-09    -16.2   -16.5    -8.4    19.4    21.7    10.5    11     17.5     10.0     33.2     17.6      0.98      0.91  1.00       0      11      11       +1.2        -2.0    -2,187    -2,991
2015-07    -21.7   -22.4   -13.9    14.4    10.4    16.4    45     13.7     16.5     -1.6      5.9      0.95      0.50  1.00      35     418      45       -9.8        +4.7   -21,247    +7,866
2018-01    -14.9   -19.9   -10.2    16.0    26.6    12.9    20     13.2     10.7     29.4     18.9      0.58      0.68  0.84      10      79      20       -1.5        -5.6    -5,198    -5,403
2018-03    -13.7   -20.8   -10.6    18.5    24.4    12.2    44     14.7     10.5     33.4     19.8      0.72      0.80  0.67       6      44      44       +3.2        +1.2    +4,036    +7,469
2019-05    -19.2   -21.2   -10.9    17.3    18.7    12.5    22     10.2     10.3     29.7     20.9      0.88      0.89  0.75       2     140      22       -3.6        +0.5   -11,019    +2,385
2020-09     -1.0   -24.7   -12.7    19.2    30.0    15.0    48     20.7     17.4     21.2     18.2      0.20      0.31  0.00       0       3      48      +15.9       +12.9   +35,204   +40,170
2021-02     -9.6   -21.1   -10.8    14.8    25.6    12.5    23     14.7     12.4     47.2     27.6      0.56      0.63  0.16       0      19      23       +3.6        +0.7    +6,992    +9,421
2023-07    -11.3   -22.7   -10.8    23.9    25.4    12.3    15     48.8     24.8     68.3     26.3      0.70      0.95  0.00       0      13      13      +11.0        +9.9   +19,248   +25,946
2024-07    -15.4   -26.2   -13.5    23.8    32.1    16.5    64     17.4     13.4     28.9     20.6      0.66      0.86  0.52       0      47      64       +5.5        +2.5    +8,054   +14,546
2025-10    -12.4   -17.5   -12.0     9.6    11.4    14.2    11     40.7     32.1     44.1     29.5      0.90      0.57  0.55       0      22      11       -5.1        +3.2    -9,164    +8,020
2026-06     -3.1   -23.0   -11.2    13.7    17.8     9.0    21     13.7      9.0     13.7      9.0      0.42      0.80  0.17       0       4    >252      +12.9       +15.8   +26,899   +38,908

ALL PORTFOLIOS PER EPISODE at 4bp: peak->trough / trough->window-end / net-vs-QQQ (pp) ; re-participation sessions in []
ep                            LIVE                 LIVE-fast                 LIVE-trim                LIVE vol30                   LIVE-VT                   BASE+VT                      BASE                       QQQ                     A5050
2000-03   -20.6/  93.1/ +57.2[  4]  -18.8/  87.5/ +53.5[  4]  -23.3/  77.1/ +38.6[  4]  -20.8/ 101.6/ +65.6[  2]  -42.0/ 141.3/ +84.1[  2]  -19.4/  76.6/ +41.9[  4]  -43.3/ 102.0/ +43.4[  4]  -78.6/  93.9/  +0.0[  0]  -97.7/ 233.6/+120.7[  0]
2004-01   -19.9/  17.6/  -6.0[  7]  -19.9/  12.5/ -11.1[ 20]  -23.1/  17.6/  -9.2[  7]  -20.8/  17.9/  -6.6[  7]  -21.9/  17.9/  -7.6[  7]  -23.1/  12.5/ -14.3[ 20]  -25.0/  12.7/ -16.0[ 20]  -15.6/  19.2/  +0.0[  0]  -30.8/  40.3/  +5.9[  0]
2006-01   -16.8/  28.6/  +7.0[  9]  -14.1/  19.2/  +0.3[ 18]  -16.8/  27.4/  +5.8[  9]  -16.9/  28.6/  +6.8[  9]  -17.1/  28.5/  +6.6[  9]  -14.1/  18.1/  -0.8[ 18]  -14.1/  18.1/  -0.8[ 18]  -17.1/  22.0/  +0.0[  0]  -34.5/  44.9/  +5.6[  0]
2007-10   -21.8/  86.5/ +18.7[118]  -23.3/  66.2/  -3.2[112]  -28.6/ 108.6/ +34.0[134]  -24.7/  91.0/ +20.3[118]  -27.4/ 114.7/ +41.2[ 10]  -28.4/  86.6/ +12.1[134]  -30.8/  97.3/ +20.4[ 17]  -53.3/  99.3/  +0.0[  0]  -81.7/ 255.4/+127.6[  0]
2010-04   -21.1/  20.2/  -4.2[ 12]  -21.1/  14.2/ -10.1[ 13]  -23.5/  20.2/  -6.6[ 19]  -24.1/  20.4/  -7.0[ 12]  -28.6/  21.7/ -10.3[ 12]  -23.5/  14.2/ -12.6[ 19]  -30.8/  15.1/ -19.0[ 13]  -15.8/  19.2/  +0.0[  0]  -30.5/  40.2/  +6.3[  0]
2011-07   -17.6/   0.8/ -20.7[ 95]  -17.6/  -0.2/ -21.7[ 95]  -17.6/   0.8/ -20.7[ 95]  -17.3/   1.5/ -19.7[ 96]  -16.2/  -1.0/ -21.0[  6]  -17.6/  -0.2/ -21.7[ 95]  -16.2/  -3.4/ -23.5[ 18]  -16.1/  19.9/  +0.0[  0]  -30.8/  39.2/  +4.5[  0]
2015-12   -15.5/  -2.3/ -21.5[ 23]  -15.5/  -6.1/ -25.3[ 23]  -15.5/  -2.3/ -21.5[ 23]  -15.2/  -0.8/ -19.7[ 23]  -14.6/   0.0/ -18.3[  5]  -15.5/  -6.1/ -25.3[ 23]  -14.6/  -5.1/ -23.4[ 14]  -16.3/  20.0/  +0.0[  0]  -31.0/  41.4/  +6.7[  0]
2018-08   -30.0/  24.9/ -12.8[ 36]  -27.1/  17.8/ -17.0[ 36]  -30.0/  25.3/ -12.4[ 36]  -33.1/  25.2/ -15.6[ 36]  -38.1/  28.3/ -17.5[  8]  -27.1/  18.2/ -16.6[ 36]  -33.8/  19.8/ -21.7[ 16]  -23.0/  30.7/  +0.0[  0]  -42.7/  66.8/ +16.5[  0]
2020-02   -16.4/  20.5/  -9.1[ 19]  -16.4/  19.0/ -10.7[ 19]  -27.2/  20.8/ -19.6[ 55]  -23.7/  21.3/ -15.6[ 19]  -36.9/  49.0/  -1.1[  0]  -27.2/  19.3/ -21.1[ 55]  -45.0/  46.3/ -11.9[ 19]  -28.5/  41.8/  +0.0[  0]  -51.8/  93.4/ +28.4[  0]
2021-11   -28.8/  76.2/ +25.8[ 58]  -25.1/  65.0/ +18.3[ 58]  -29.3/  86.1/ +35.3[ 58]  -28.5/  80.4/ +30.4[ 54]  -35.2/  86.3/ +29.6[  9]  -25.6/  78.8/ +31.6[ 58]  -30.2/  86.4/ +34.7[ 11]  -35.2/  56.7/  +0.0[  0]  -63.8/ 124.9/ +39.5[  0]
2025-02   -23.2/  15.6/ -14.7[ 36]  -23.2/  11.8/ -18.5[ 36]  -23.2/  15.6/ -14.7[ 36]  -25.1/  16.1/ -16.0[ 36]  -26.2/  25.8/  -7.5[ 11]  -23.2/  11.8/ -18.5[ 36]  -26.2/  19.0/ -14.3[ 16]  -22.8/  29.9/  +0.0[  0]  -41.9/  63.0/ +14.1[  0]

LEAVE-ONE-OUT ATTRIBUTION at 4bp: variant minus LIVE.  dTR = trough->window-end return (pp, + means removing the rule would have
caught MORE recovery); dNet = change in net-vs-QQQ (pp); dRep = LIVE re-participation sessions minus variant's (+ means the rule delayed re-entry)
ep                           LIVE-fast                     LIVE-trim                    LIVE vol30                       LIVE-VT                       BASE+VT                          BASE
               dTR      dNet      dRep       dTR      dNet      dRep       dTR      dNet      dRep       dTR      dNet      dRep       dTR      dNet      dRep       dTR      dNet      dRep
2000-03       -5.6      -3.7         0     -15.9     -18.6         0      +8.5      +8.3         2     +48.2     +26.9         2     -16.5     -15.3         0      +8.9     -13.8         0
2004-01       -5.1      -5.1       -13      +0.0      -3.2         0      +0.3      -0.7         0      +0.3      -1.7         0      -5.1      -8.3       -13      -4.9     -10.0       -13
2006-01       -9.3      -6.7        -9      -1.1      -1.1         0      +0.0      -0.1         0      -0.1      -0.4         0     -10.5      -7.8        -9     -10.5      -7.8        -9
2007-10      -20.4     -21.9         6     +22.1     +15.3       -16      +4.5      +1.6         0     +28.2     +22.5       108      +0.1      -6.6       -16     +10.7      +1.7       101
2010-04       -6.0      -6.0        -1      +0.0      -2.4        -7      +0.2      -2.8         0      +1.4      -6.1         0      -6.0      -8.4        -7      -5.1     -14.8        -1
2011-07       -1.0      -1.0         0      -0.0      -0.0         0      +0.7      +1.0        -1      -1.8      -0.3        89      -1.0      -1.0         0      -4.2      -2.7        77
2015-12       -3.8      -3.8         0      -0.0      -0.0         0      +1.5      +1.8         0      +2.4      +3.3        18      -3.8      -3.8         0      -2.8      -1.9         9
2018-08       -7.1      -4.2         0      +0.4      +0.4         0      +0.3      -2.8         0      +3.4      -4.7        28      -6.7      -3.8         0      -5.1      -8.9        20
2020-02       -1.5      -1.5         0      +0.3     -10.4       -36      +0.8      -6.5         0     +28.5      +8.0        19      -1.2     -12.0       -36     +25.8      -2.8         0
2021-11      -11.2      -7.5         0      +9.9      +9.4         0      +4.2      +4.5         4     +10.2      +3.7        49      +2.6      +5.7         0     +10.3      +8.8        47
2025-02       -3.8      -3.8         0      -0.0      -0.0         0      +0.5      -1.4         0     +10.2      +7.2        25      -3.8      -3.8         0      +3.4      +0.4        20
mean 4bp      -6.8      -5.9      -1.5      +1.4      -1.0      -5.4      +2.0      +0.3      +0.5     +11.9      +5.3     +30.7      -4.7      -5.9      -7.4      +2.4      -4.7     +22.8
median 4bp      -5.6      -4.2      +0.0      +0.0      -0.0      +0.0      +0.7      -0.1      +0.0      +3.4      +3.3     +19.0      -3.8      -6.6      +0.0      -2.8      -2.8      +9.0
mean 10bp      -6.5      -5.5      -1.5      +2.3      -0.1      -5.4      +1.9      +0.2      +0.5     +11.2      +4.5     +30.7      -3.7      -4.7      -7.4      +3.3      -3.6     +22.8
median 10bp      -5.0      -4.1      +0.0      +0.0      +0.0      +0.0      +0.7      -0.1      +0.0      +3.4      +3.3     +19.0      -3.8      -3.8      +0.0      -2.8      -2.9      +9.0
mean 20bp      -6.1      -4.9      -1.5      +3.6      +1.4      -5.4      +1.8      +0.2      +0.5     +10.2      +3.3     +30.7      -2.2      -2.9      -7.4      +4.8      -2.0     +22.8
median 20bp      -4.8      -4.0      +0.0      +0.0      -0.0      +0.0      +0.7      -0.0      +0.0      +3.3      +2.8     +19.0      -3.6      -3.6      +0.0      -2.7      -3.1      +9.0

LEAVE-ONE-OUT SUMMARY BY COST (primary set, variant minus LIVE): dP->T = decline-phase return change (pp, - means the rule was
protecting), dT->R = recovery change, dRep = sessions of re-entry delay attributable to the rule, d$ = compounded window $ vs QQQ change, summed
 cost variant     sum dP->T sum dT->R  sum dNet mean dRep median dRep      sum d$
   4bp LIVE-fast        +9.6     -74.8     -65.2      -1.5        +0.0     -89,002
   4bp LIVE-trim       -26.4     +15.7     -10.7      -5.4        +0.0     -56,436
   4bp LIVE vol30      -18.5     +21.6      +3.0      +0.5        +0.0     -15,502
   4bp LIVE-VT         -72.5    +130.9     +58.4     +30.7       +19.0     -52,919
   4bp BASE+VT         -13.2     -51.8     -65.0      -7.4        +0.0    -117,456
   4bp BASE            -78.4     +26.6     -51.7     +22.8        +9.0    -213,789
  10bp LIVE-fast       +10.9     -71.6     -60.7      -1.5        +0.0     -78,641
  10bp LIVE-trim       -25.5     +24.9      -0.6      -5.4        +0.0     -38,982
  10bp LIVE vol30      -18.4     +21.0      +2.6      +0.5        +0.0     -16,191
  10bp LIVE-VT         -73.7    +123.3     +49.6     +30.7       +19.0     -65,654
  10bp BASE+VT         -11.1     -41.0     -52.2      -7.4        +0.0     -93,098
  10bp BASE            -76.8     +36.8     -40.0     +22.8        +9.0    -191,313
  20bp LIVE-fast       +13.0     -66.6     -53.6      -1.5        +0.0     -63,166
  20bp LIVE-trim       -24.0     +39.2     +15.1      -5.4        +0.0     -13,003
  20bp LIVE vol30      -18.2     +20.2      +2.0      +0.5        +0.0     -17,179
  20bp LIVE-VT         -75.6    +111.7     +36.1     +30.7       +19.0     -83,132
  20bp BASE+VT          -7.8     -24.2     -32.0      -7.4        +0.0     -56,425
  20bp BASE            -74.2     +52.6     -21.7     +22.8        +9.0    -157,467

AGGREGATE, PRIMARY SET (>=15%)  (11 episodes; net = (P->T advantage) + (T->R shortfall) in pp; $ = compounded P->R_win difference on $200,000)
 cost portfolio              -- net vs QQQ --                       -- net vs BASE --                $ vs QQQ   $ vs BASE P->T mean T->R mean T+126 mean
                      sum    mean  median    paid    lost     sum    mean  median    paid    lost         sum         sum                               
   4bp LIVE           19.7     1.8    -6.0       4       7    51.7     4.7     2.8       8       3     243,379     213,789     -21.1      34.7       22.0
   4bp LIVE-fast     -45.5    -4.1   -10.7       3       8   -13.5    -1.2     1.3       7       4     154,376     124,787     -20.2      27.9       15.9
   4bp LIVE-trim       9.0     0.8    -9.2       4       7    41.1     3.7     2.7       8       3     186,943     157,353     -23.5      36.1       24.2
   4bp LIVE vol30     22.7     2.1    -7.0       4       7    54.8     5.0     3.8       7       4     227,877     198,287     -22.7      36.7       22.9
   4bp LIVE-VT        78.1     7.1    -7.5       4       7   110.2    10.0     7.4      10       1     190,459     160,870     -27.6      46.6       29.2
   4bp BASE+VT       -45.3    -4.1   -14.3       3       8   -13.3    -1.2    -1.5       4       7     125,923      96,333     -22.3      30.0       19.1
   4bp BASE          -32.1    -2.9   -14.3       3       8     0.0     0.0     0.0       0      11      29,589           0     -28.2      37.1       24.0
   4bp QQQ             0.0     0.0     0.0       0      11    32.1     2.9    14.3       8       3           0     -29,589     -29.3      41.1       33.0
   4bp A5050         375.7    34.2    14.1      11       0   407.8    37.1    28.4      11       0    -240,853    -270,442     -48.8      94.8       70.7

  10bp LIVE          -11.7    -1.1    -7.7       4       7    40.0     3.6     2.9       8       3     182,117     191,313     -21.8      32.6       20.8
  10bp LIVE-fast     -72.4    -6.6   -11.3       2       9   -20.7    -1.9     1.4       7       4     103,476     112,673     -20.9      26.1       14.9
  10bp LIVE-trim     -12.3    -1.1   -10.8       4       7    39.4     3.6     2.9       8       3     143,135     152,331     -24.2      34.9       23.5
  10bp LIVE vol30     -9.1    -0.8    -8.2       4       7    42.6     3.9     4.0       7       4     165,926     175,123     -23.5      34.5       21.8
  10bp LIVE-VT        37.9     3.4    -8.0       4       7    89.6     8.1     7.0      10       1     116,464     125,660     -28.5      43.8       27.8
  10bp BASE+VT       -63.9    -5.8   -15.8       3       8   -12.2    -1.1    -1.0       4       7      89,019      98,216     -22.9      28.9       18.5
  10bp BASE          -51.7    -4.7   -14.7       3       8     0.0     0.0     0.0       0      11      -9,196           0     -28.8      36.0       23.3
  10bp QQQ             0.0     0.0     0.0       0      11    51.7     4.7    14.7       8       3           0       9,196     -29.3      41.1       33.0
  10bp A5050         374.1    34.0    14.1      11       0   425.9    38.7    29.3      11       0    -242,407    -233,211     -48.9      94.7       70.6

  20bp LIVE          -62.3    -5.7   -10.5       3       8    21.7     2.0     3.1       7       4      85,692     157,467     -23.1      29.3       19.0
  20bp LIVE-fast    -115.9   -10.5   -15.3       2       9   -31.9    -2.9     0.8       7       4      22,526      94,301     -21.9      23.2       13.3
  20bp LIVE-trim     -47.2    -4.3   -13.3       4       7    36.8     3.3     3.2       7       4      72,689     144,464     -25.3      32.9       22.3
  20bp LIVE vol30    -60.3    -5.5   -10.9       4       7    23.6     2.1     4.3       7       4      68,513     140,288     -24.8      31.1       19.9
  20bp LIVE-VT       -26.2    -2.4    -8.8       4       7    57.7     5.2     6.3      10       1       2,560      74,335     -30.0      39.5       25.5
  20bp BASE+VT       -94.3    -8.6   -18.2       3       8   -10.4    -0.9    -0.2       4       7      29,267     101,043     -23.8      27.1       17.4
  20bp BASE          -84.0    -7.6   -15.4       3       8     0.0     0.0     0.0       0      11     -71,775           0     -29.9      34.1       22.2
  20bp QQQ             0.0     0.0     0.0       0      11    84.0     7.6    15.4       8       3           0      71,775     -29.3      41.1       33.0
  20bp A5050         371.4    33.8    14.0      11       0   455.4    41.4    31.5      11       0    -244,991    -173,216     -48.9      94.5       70.5


AGGREGATE, DEPTH 15-25%  (7 episodes; net = (P->T advantage) + (T->R shortfall) in pp; $ = compounded P->R_win difference on $200,000)
 cost portfolio              -- net vs QQQ --                       -- net vs BASE --                $ vs QQQ   $ vs BASE P->T mean T->R mean T+126 mean
                      sum    mean  median    paid    lost     sum    mean  median    paid    lost         sum         sum                               
   4bp LIVE          -72.9   -10.4   -12.8       1       6    45.6     6.5     7.8       6       1    -132,474      85,977     -20.6      15.0       22.1
   4bp LIVE-fast    -103.5   -14.8   -17.0       1       6    15.1     2.2     1.7       5       2    -176,260      42,191     -19.8       9.9       16.8
   4bp LIVE-trim     -79.3   -11.3   -12.4       1       6    39.3     5.6     6.6       6       1    -147,175      71,275     -21.4      14.9       21.2
   4bp LIVE vol30    -77.9   -11.1   -15.6       1       6    40.7     5.8     6.1       6       1    -147,477      70,974     -21.8      15.5       22.7
   4bp LIVE-VT       -75.6   -10.8   -10.3       1       6    43.0     6.1     6.8       7       0    -155,737      62,714     -23.2      17.3       24.8
   4bp BASE+VT      -109.9   -15.7   -16.6       0       7     8.7     1.2     1.7       4       3    -190,384      28,067     -20.6       9.8       15.9
   4bp BASE         -118.6   -16.9   -19.0       0       7     0.0     0.0     0.0       0       7    -218,451           0     -23.0      10.9       17.3
   4bp QQQ             0.0     0.0     0.0       0       7   118.6    16.9    19.0       7       0           0     218,451     -18.1      23.0       27.5
   4bp A5050          59.6     8.5     6.3       7       0   178.2    25.5    28.0       7       0     -60,540     157,911     -34.6      48.0       58.1

  10bp LIVE          -81.1   -11.6   -13.7       1       6    44.7     6.4     7.4       6       1    -148,369      83,697     -21.1      14.4       20.9
  10bp LIVE-fast    -111.1   -15.9   -17.9       0       7    14.7     2.1     2.0       5       2    -190,664      41,402     -20.3       9.3       15.6
  10bp LIVE-trim     -86.7   -12.4   -13.1       1       6    39.1     5.6     6.4       6       1    -161,792      70,273     -21.9      14.4       20.5
  10bp LIVE vol30    -85.8   -12.3   -16.5       1       6    40.0     5.7     5.8       6       1    -162,927      69,139     -22.3      14.9       21.5
  10bp LIVE-VT       -84.1   -12.0   -11.3       1       6    41.7     6.0     6.7       7       0    -172,101      59,965     -23.8      16.7       23.6
  10bp BASE+VT      -116.9   -16.7   -17.2       0       7     8.9     1.3     1.6       4       3    -203,726      28,339     -21.1       9.3       15.2
  10bp BASE         -125.8   -18.0   -19.9       0       7     0.0     0.0     0.0       0       7    -232,066           0     -23.4      10.3       16.6
  10bp QQQ             0.0     0.0     0.0       0       7   125.8    18.0    19.9       7       0           0     232,066     -18.1      23.0       27.5
  10bp A5050          59.3     8.5     6.3       7       0   185.1    26.4    28.8       7       0     -61,128     170,938     -34.6      48.0       58.1

  20bp LIVE          -94.5   -13.5   -15.3       1       6    43.2     6.2     6.6       6       1    -174,388      79,998     -22.1      13.4       19.0
  20bp LIVE-fast    -123.5   -17.6   -19.3       0       7    14.2     2.0     2.4       5       2    -214,261      40,125     -21.2       8.4       13.8
  20bp LIVE-trim     -99.0   -14.1   -14.2       1       6    38.7     5.5     6.1       6       1    -185,744      68,642     -22.8      13.5       19.4
  20bp LIVE vol30    -98.9   -14.1   -17.1       1       6    38.8     5.5     5.4       6       1    -188,234      66,152     -23.2      13.9       19.6
  20bp LIVE-VT       -98.0   -14.0   -12.9       1       6    39.7     5.7     6.3       7       0    -198,882      55,504     -24.7      15.6       21.5
  20bp BASE+VT      -128.4   -18.3   -18.3       0       7     9.3     1.3     1.4       4       3    -225,602      28,784     -21.9       8.4       14.1
  20bp BASE         -137.7   -19.7   -21.5       0       7     0.0     0.0     0.0       0       7    -254,386           0     -24.2       9.4       15.4
  20bp QQQ             0.0     0.0     0.0       0       7   137.7    19.7    21.5       7       0           0     254,386     -18.1      23.0       27.5
  20bp A5050          58.8     8.4     6.2       7       0   196.5    28.1    29.4       7       0     -62,107     192,279     -34.6      47.9       58.0


AGGREGATE, DEPTH >25%  (4 episodes; net = (P->T advantage) + (T->R shortfall) in pp; $ = compounded P->R_win difference on $200,000)
 cost portfolio              -- net vs QQQ --                       -- net vs BASE --                $ vs QQQ   $ vs BASE P->T mean T->R mean T+126 mean
                      sum    mean  median    paid    lost     sum    mean  median    paid    lost         sum         sum                               
   4bp LIVE           92.6    23.2    22.3       3       1     6.1     1.5     0.6       2       2     375,852     127,812     -21.9      69.1       21.7
   4bp LIVE-fast      57.9    14.5     7.5       2       2   -28.6    -7.1    -7.5       2       2     330,636      82,596     -20.9      59.4       14.4
   4bp LIVE-trim      88.3    22.1    34.6       3       1     1.8     0.4    -2.1       2       2     334,118      86,078     -27.1      73.2       29.4
   4bp LIVE vol30    100.6    25.1    25.3       3       1    14.1     3.5    -1.9       1       3     375,354     127,314     -24.4      73.6       23.3
   4bp LIVE-VT       153.7    38.4    35.4       3       1    67.2    16.8    15.8       3       1     346,196      98,156     -35.4      97.8       37.0
   4bp BASE+VT        64.5    16.1    21.8       3       1   -22.0    -5.5    -5.7       0       4     316,307      68,267     -25.2      65.3       24.7
   4bp BASE           86.5    21.6    27.5       3       1     0.0     0.0     0.0       0       4     248,040           0     -37.3      83.0       35.8
   4bp QQQ             0.0     0.0     0.0       0       4   -86.5   -21.6   -27.5       1       3           0    -248,040     -48.9      72.9       42.7
   4bp A5050         316.2    79.0    80.1       4       0   229.7    57.4    58.8       4       0    -180,313    -428,353     -73.8     176.8       92.7

  10bp LIVE           69.3    17.3    16.1       3       1    -4.7    -1.2    -1.1       2       2     330,486     107,616     -23.1      64.4       20.6
  10bp LIVE-fast      38.6     9.7     2.4       2       2   -35.5    -8.9    -8.1       2       2     294,141      71,271     -21.8      55.5       13.7
  10bp LIVE-trim      74.4    18.6    30.6       3       1     0.4     0.1    -2.7       2       2     304,927      82,058     -28.1      70.7       28.6
  10bp LIVE vol30     76.7    19.2    19.1       3       1     2.6     0.7    -3.6       1       3     328,853     105,984     -25.6      68.8       22.2
  10bp LIVE-VT       122.0    30.5    27.9       3       1    47.9    12.0    12.8       3       1     288,565      65,695     -36.9      91.4       35.3
  10bp BASE+VT        53.0    13.2    18.4       3       1   -21.1    -5.3    -5.6       0       4     292,746      69,876     -26.0      63.2       24.2
  10bp BASE           74.1    18.5    24.0       3       1     0.0     0.0     0.0       0       4     222,869           0     -38.3      80.8       35.1
  10bp QQQ             0.0     0.0     0.0       0       4   -74.1   -18.5   -24.0       1       3           0    -222,869     -48.9      72.9       42.7
  10bp A5050         314.9    78.7    79.8       4       0   240.8    60.2    61.2       4       0    -181,279    -404,149     -73.8     176.5       92.6

  20bp LIVE           32.2     8.0     6.1       2       2   -21.6    -5.4    -5.5       1       3     260,080      77,470     -25.0      57.1       18.9
  20bp LIVE-fast       7.6     1.9    -2.3       2       2   -46.1   -11.5    -9.4       2       2     236,787      54,176     -23.3      49.2       12.5
  20bp LIVE-trim      51.9    13.0    23.0       3       1    -1.9    -0.5    -3.7       1       3     258,433      75,822     -29.7      66.7       27.4
  20bp LIVE vol30     38.6     9.7     9.1       3       1   -15.1    -3.8    -6.3       1       3     256,747      74,136     -27.6      61.2       20.5
  20bp LIVE-VT        71.8    18.0    16.0       3       1    18.1     4.5     8.1       3       1     201,442      18,832     -39.3      81.3       32.6
  20bp BASE+VT        34.1     8.5    12.7       3       1   -19.7    -4.9    -5.6       0       4     254,869      72,259     -27.2      59.8       23.2
  20bp BASE           53.8    13.4    18.3       3       1     0.0     0.0     0.0       0       4     182,611           0     -39.8      77.2       34.0
  20bp QQQ             0.0     0.0     0.0       0       4   -53.8   -13.4   -18.3       1       3           0    -182,611     -48.9      72.9       42.7
  20bp A5050         312.7    78.2    79.2       4       0   258.9    64.7    65.1       4       0    -182,884    -365,495     -73.8     176.0       92.3


AGGREGATE, ERA holdout (peak < 2015-11)  (6 episodes; net = (P->T advantage) + (T->R shortfall) in pp; $ = compounded P->R_win difference on $200,000)
 cost portfolio              -- net vs QQQ --                       -- net vs BASE --                $ vs QQQ   $ vs BASE P->T mean T->R mean T+126 mean
                      sum    mean  median    paid    lost     sum    mean  median    paid    lost         sum         sum                               
   4bp LIVE           52.0     8.7     1.4       3       3    47.4     7.9     8.9       5       1     282,100     161,438     -19.6      41.1       17.9
   4bp LIVE-fast       7.7     1.3    -6.7       2       4     3.1     0.5     3.3       5       1     214,812      94,150     -19.1      33.2       11.2
   4bp LIVE-trim      41.9     7.0    -0.4       3       3    37.4     6.2     6.7       5       1     238,305     117,643     -22.1      42.0       15.4
   4bp LIVE vol30     59.4     9.9     0.1       3       3    54.8     9.1     8.5       5       1     283,574     162,912     -20.8      43.5       18.5
   4bp LIVE-VT        92.9    15.5    -0.5       3       3    88.3    14.7     8.5       6       0     253,972     133,310     -25.5      53.8       21.2
   4bp BASE+VT         4.6     0.8    -6.7       2       4     0.0     0.0     0.8       3       3     192,143      71,481     -21.0      34.6       10.1
   4bp BASE            4.6     0.8    -8.4       2       4     0.0     0.0     0.0       0       6     120,662           0     -26.7      40.3        9.3
   4bp QQQ             0.0     0.0     0.0       0       6    -4.6    -0.8     8.4       4       2           0    -120,662     -32.8      45.6       26.5
   4bp A5050         270.6    45.1     6.1       6       0   266.0    44.3    26.6       6       0    -157,681    -278,343     -51.0     108.9       53.3

  10bp LIVE           29.0     4.8     0.3       3       3    37.7     6.3     7.8       5       1     236,940     142,289     -20.6      38.3       16.8
  10bp LIVE-fast     -11.7    -1.9   -10.3       1       5    -2.9    -0.5     3.3       5       1     178,234      83,583     -19.9      30.8       10.2
  10bp LIVE-trim      27.1     4.5    -1.3       3       3    35.9     6.0     6.5       5       1     207,857     113,206     -23.0      40.3       14.7
  10bp LIVE vol30     35.9     6.0    -1.1       3       3    44.7     7.4     8.2       5       1     237,743     143,092     -21.7      40.6       17.4
  10bp LIVE-VT        62.0    10.3    -1.9       3       3    70.7    11.8     8.4       6       0     197,839     103,188     -26.7      49.8       19.7
  10bp BASE+VT        -7.9    -1.3    -7.5       2       4     0.8     0.1     0.8       3       3     167,291      72,640     -21.7      33.3        9.5
  10bp BASE           -8.7    -1.5    -9.4       2       4     0.0     0.0     0.0       0       6      94,651           0     -27.5      38.8        8.6
  10bp QQQ             0.0     0.0     0.0       0       6     8.7     1.5     9.4       4       2           0     -94,651     -32.8      45.6       26.5
  10bp A5050         269.4    44.9     6.0       6       0   278.1    46.4    27.8       6       0    -158,502    -253,153     -51.0     108.8       53.2

  20bp LIVE           -7.9    -1.3    -4.2       2       4    22.7     3.8     4.9       4       2     166,450     113,567     -22.2      33.7       14.8
  20bp LIVE-fast     -42.8    -7.1   -14.1       1       5   -12.2    -2.0     1.6       5       1     120,472      67,589     -21.2      26.9        8.7
  20bp LIVE-trim       2.9     0.5    -2.9       3       3    33.5     5.6     6.2       5       1     159,089     106,207     -24.4      37.7       13.6
  20bp LIVE vol30     -1.5    -0.3    -4.8       3       3    29.0     4.8     6.6       5       1     166,326     113,443     -23.3      35.9       15.4
  20bp LIVE-VT        13.2     2.2    -4.1       3       3    43.8     7.3     7.0       6       0     112,632      59,749     -28.5      43.5       17.3
  20bp BASE+VT       -28.4    -4.7    -8.9       2       4     2.1     0.4     0.7       3       3     127,162      74,280     -22.9      31.0        8.5
  20bp BASE          -30.6    -5.1   -11.1       2       4     0.0     0.0     0.0       0       6      52,883           0     -28.7      36.4        7.4
  20bp QQQ             0.0     0.0     0.0       0       6    30.6     5.1    11.1       4       2           0     -52,883     -32.8      45.6       26.5
  20bp A5050         267.4    44.6     6.0       6       0   298.0    49.7    29.6       6       0    -159,866    -212,749     -51.1     108.5       53.1


AGGREGATE, ERA search (peak >= 2015-11)  (5 episodes; net = (P->T advantage) + (T->R shortfall) in pp; $ = compounded P->R_win difference on $200,000)
 cost portfolio              -- net vs QQQ --                       -- net vs BASE --                $ vs QQQ   $ vs BASE P->T mean T->R mean T+126 mean
                      sum    mean  median    paid    lost     sum    mean  median    paid    lost         sum         sum                               
   4bp LIVE          -32.3    -6.5   -12.8       1       4     4.3     0.9     1.9       3       2     -38,722      52,351     -22.8      27.0       26.8
   4bp LIVE-fast     -53.2   -10.6   -17.0       1       4   -16.6    -3.3    -1.9       2       3     -60,435      30,637     -21.5      21.5       21.5
   4bp LIVE-trim     -32.9    -6.6   -14.7       1       4     3.7     0.7     0.6       3       2     -51,362      39,711     -25.0      29.1       34.7
   4bp LIVE vol30    -36.7    -7.3   -15.6       1       4    -0.0    -0.0    -1.8       2       3     -55,697      35,376     -25.1      28.4       28.2
   4bp LIVE-VT       -14.8    -3.0    -7.5       1       4    21.9     4.4     5.2       4       1     -63,513      27,560     -30.2      37.9       38.9
   4bp BASE+VT       -50.0   -10.0   -18.5       1       4   -13.3    -2.7    -3.1       1       4     -66,221      24,852     -23.7      24.4       29.9
   4bp BASE          -36.7    -7.3   -14.3       1       4     0.0     0.0     0.0       0       5     -91,073           0     -30.0      33.3       41.7
   4bp QQQ             0.0     0.0     0.0       0       5    36.7     7.3    14.3       4       1           0      91,073     -25.2      35.8       40.9
   4bp A5050         105.2    21.0    16.5       5       0   141.8    28.4    30.1       5       0     -83,172       7,901     -46.2      77.9       91.6

  10bp LIVE          -40.7    -8.1   -13.7       1       4     2.3     0.5     1.8       3       2     -54,823      49,025     -23.3      25.8       25.7
  10bp LIVE-fast     -60.7   -12.1   -17.9       1       4   -17.8    -3.6    -1.9       2       3     -74,758      29,090     -22.0      20.5       20.5
  10bp LIVE-trim     -39.4    -7.9   -15.1       1       4     3.6     0.7     0.1       3       2     -64,722      39,125     -25.6      28.3       33.9
  10bp LIVE vol30    -45.0    -9.0   -16.5       1       4    -2.1    -0.4    -1.8       2       3     -71,817      32,031     -25.7      27.3       27.1
  10bp LIVE-VT       -24.1    -4.8    -8.0       1       4    18.9     3.8     5.1       4       1     -81,376      22,471     -30.8      36.6       37.6
  10bp BASE+VT       -56.0   -11.2   -18.9       1       4   -13.0    -2.6    -3.2       1       4     -78,272      25,575     -24.2      23.7       29.3
  10bp BASE          -43.0    -8.6   -14.7       1       4     0.0     0.0     0.0       0       5    -103,847           0     -30.5      32.5       41.0
  10bp QQQ             0.0     0.0     0.0       0       5    43.0     8.6    14.7       4       1           0     103,847     -25.2      35.8       40.9
  10bp A5050         104.7    20.9    16.4       5       0   147.7    29.5    31.7       5       0     -83,905      19,942     -46.2      77.8       91.5

  20bp LIVE          -54.4   -10.9   -15.3       1       4    -1.0    -0.2     1.6       3       2     -80,758      43,901     -24.3      24.0       23.9
  20bp LIVE-fast     -73.1   -14.6   -19.3       1       4   -19.7    -3.9    -2.0       2       3     -97,946      26,712     -22.8      18.8       18.9
  20bp LIVE-trim     -50.1   -10.0   -15.8       1       4     3.3     0.7    -0.4       2       3     -86,401      38,257     -26.4      27.1       32.8
  20bp LIVE vol30    -58.8   -11.8   -17.6       1       4    -5.4    -1.1    -1.7       2       3     -97,813      26,845     -26.6      25.5       25.3
  20bp LIVE-VT       -39.4    -7.9    -8.8       1       4    14.0     2.8     5.0       4       1    -110,071      14,587     -31.8      34.6       35.4
  20bp BASE+VT       -65.9   -13.2   -19.6       1       4   -12.5    -2.5    -3.4       1       4     -97,895      26,763     -25.0      22.4       28.1
  20bp BASE          -53.4   -10.7   -15.4       1       4     0.0     0.0     0.0       0       5    -124,658           0     -31.3      31.2       40.0
  20bp QQQ             0.0     0.0     0.0       0       5    53.4    10.7    15.4       4       1           0     124,658     -25.2      35.8       40.9
  20bp A5050         104.0    20.8    16.3       5       0   157.4    31.5    34.2       5       0     -85,125      39,533     -46.3      77.7       91.4


AGGREGATE, SECONDARY SET 8-15%  (18 episodes; net = (P->T advantage) + (T->R shortfall) in pp; $ = compounded P->R_win difference on $200,000)
 cost portfolio              -- net vs QQQ --                       -- net vs BASE --                $ vs QQQ   $ vs BASE P->T mean T->R mean T+126 mean
                      sum    mean  median    paid    lost     sum    mean  median    paid    lost         sum         sum                               
   4bp LIVE           29.5     1.6     2.2      10       8    61.0     3.4     2.0      14       4      24,185     188,687     -13.9      17.4       21.9
   4bp LIVE-fast      20.0     1.1     2.2      10       8    51.6     2.9     1.4      13       5       9,098     173,600     -13.9      16.8       21.3
   4bp LIVE-trim     -57.7    -3.2    -3.3       5      13   -26.1    -1.4    -0.9       5      13    -181,822     -17,320     -18.8      17.4       19.1
   4bp LIVE vol30     43.6     2.4     2.9      12       6    75.2     4.2     2.1      14       4      40,133     204,635     -14.6      18.8       23.5
   4bp LIVE-VT        73.7     4.1     3.9      12       6   105.3     5.9     4.7      16       2      87,794     252,296     -15.1      21.0       25.9
   4bp BASE+VT       -67.1    -3.7    -3.3       5      13   -35.5    -2.0    -0.9       4      14    -196,800     -32,298     -18.8      16.8       18.5
   4bp BASE          -31.6    -1.8     1.7      11       7     0.0     0.0     0.0       0      18    -164,502           0     -20.4      20.4       22.0
   4bp QQQ             0.0     0.0     0.0       0      18    31.6     1.8    -1.7       7      11           0     164,502     -11.0      12.8       14.7
   4bp A5050          49.2     2.7     3.0      17       1    80.8     4.5     0.4      18       0     -56,790     107,712     -21.5      26.1       28.5

  10bp LIVE           15.9     0.9     1.7      10       8    57.4     3.2     1.9      14       4      -3,402     179,862     -14.3      17.0       20.7
  10bp LIVE-fast       6.6     0.4     1.7      10       8    48.0     2.7     1.2      13       5     -18,267     164,997     -14.3      16.5       20.1
  10bp LIVE-trim     -68.2    -3.8    -3.7       5      13   -26.8    -1.5    -0.9       4      14    -202,012     -18,748     -19.0      17.0       18.3
  10bp LIVE vol30     30.4     1.7     2.5      12       6    71.8     4.0     2.0      15       3      13,017     196,281     -15.0      18.4       22.3
  10bp LIVE-VT        59.9     3.3     3.4      12       6   101.3     5.6     4.6      15       3      58,950     242,214     -15.5      20.6       24.6
  10bp BASE+VT       -77.5    -4.3    -3.7       5      13   -36.1    -2.0    -0.9       3      15    -216,776     -33,512     -19.0      16.5       17.7
  10bp BASE          -41.4    -2.3     1.2      11       7     0.0     0.0     0.0       0      18    -183,264           0     -20.6      20.1       21.3
  10bp QQQ             0.0     0.0     0.0       0      18    41.4     2.3    -1.2       7      11           0     183,264     -11.0      12.8       14.7
  10bp A5050          48.8     2.7     3.0      17       1    90.2     5.0     1.0      18       0     -57,476     125,788     -21.5      26.1       28.5

  20bp LIVE           -6.5    -0.4     0.9      10       8    51.3     2.8     1.7      14       4     -48,903     165,406     -15.0      16.4       18.7
  20bp LIVE-fast     -15.6    -0.9     0.9      10       8    42.2     2.3     1.0      13       5     -63,401     150,908     -15.0      15.9       18.1
  20bp LIVE-trim     -85.8    -4.8    -4.4       4      14   -28.0    -1.6    -1.1       4      14    -235,394     -21,085     -19.4      16.4       17.0
  20bp LIVE vol30      8.6     0.5     1.8      10       8    66.3     3.7     1.8      15       3     -31,711     182,598     -15.6      17.9       20.4
  20bp LIVE-VT        36.9     2.0     3.0      12       6    94.6     5.3     4.4      18       0      11,397     225,706     -16.2      20.0       22.5
  20bp BASE+VT       -94.9    -5.3    -4.4       4      14   -37.1    -2.1    -1.1       3      15    -249,808     -35,499     -19.4      15.9       16.4
  20bp BASE          -57.8    -3.2     0.3      10       8     0.0     0.0     0.0       0      18    -214,309           0     -21.0      19.5       20.1
  20bp QQQ             0.0     0.0     0.0       0      18    57.8     3.2    -0.3       8      10           0     214,309     -11.0      12.8       14.7
  20bp A5050          48.2     2.7     3.0      17       1   106.0     5.9     1.9      18       0     -58,619     155,690     -21.6      26.0       28.4

LIVE net-vs-QQQ / net-vs-BASE per episode across costs (pp)
ep      4bp vsQQQ   4bp vsBASE  10bp vsQQQ   10bp vsBASE  20bp vsQQQ   20bp vsBASE  
2000-03        +57.2        +13.8       +47.0         +8.2       +30.9         -0.3
2004-01         -6.0        +10.0        -7.7         +9.7       -10.5         +9.1
2006-01         +7.0         +7.8        +5.8         +7.4        +4.0         +6.6
2007-10        +18.7         -1.7       +11.0         -5.2        -1.4        -10.7
2010-04         -4.2        +14.8        -5.2        +14.7        -6.9        +14.6
2011-07        -20.7         +2.7       -21.9         +2.9       -23.9         +3.2
2015-12        -21.5         +1.9       -23.2         +1.8       -26.0         +1.6
2018-08        -12.8         +8.9       -13.7         +8.7       -15.3         +8.3
2020-02         -9.1         +2.8        -9.8         +2.9       -10.9         +3.1
2021-11        +25.8         -8.8       +21.2        -10.7       +13.6        -13.7
2025-02        -14.7         -0.4       -15.1         -0.4       -15.8         -0.4

PAIRED CIRCULAR BLOCK BOOTSTRAP (2000 resamples) RESTRICTED TO EPISODE WINDOWS [peak, window end) -- LIVE vs comparator
  3178 sessions inside the 11 primary windows (48% of all sessions)
     4bp LIVE vs BASE     point: log-ret +8.20pp/yr, Sharpe +0.256 | blk20: logret [-0.52,+17.80] P<=0 0.032; Sharpe [-0.011,+0.547] P<=0 0.030 | blk60: logret [+0.75,+16.91] P<=0 0.015; Sharpe [+0.023,+0.537] P<=0 0.016
     4bp LIVE vs BASE+VT  point: log-ret +4.53pp/yr, Sharpe +0.190 | blk20: logret [-1.12,+10.40] P<=0 0.065; Sharpe [-0.049,+0.440] P<=0 0.064 | blk60: logret [-1.42,+10.31] P<=0 0.063; Sharpe [-0.059,+0.438] P<=0 0.066
     4bp LIVE vs QQQ      point: log-ret +9.88pp/yr, Sharpe +0.289 | blk20: logret [-3.13,+23.89] P<=0 0.071; Sharpe [-0.170,+0.769] P<=0 0.118 | blk60: logret [-2.24,+23.87] P<=0 0.064; Sharpe [-0.137,+0.726] P<=0 0.105
     4bp LIVE vs LIVE-fast point: log-ret +3.25pp/yr, Sharpe +0.153 | blk20: logret [+0.35,+6.22] P<=0 0.015; Sharpe [+0.021,+0.283] P<=0 0.012 | blk60: logret [-0.35,+6.57] P<=0 0.036; Sharpe [-0.004,+0.295] P<=0 0.029
     4bp LIVE vs LIVE-trim point: log-ret +2.10pp/yr, Sharpe +0.081 | blk20: logret [-2.87,+6.83] P<=0 0.178; Sharpe [-0.104,+0.265] P<=0 0.178 | blk60: logret [-2.48,+6.52] P<=0 0.176; Sharpe [-0.095,+0.259] P<=0 0.172
     4bp LIVE vs LIVE vol30 point: log-ret +0.88pp/yr, Sharpe +0.037 | blk20: logret [-0.69,+2.82] P<=0 0.157; Sharpe [-0.023,+0.104] P<=0 0.138 | blk60: logret [-0.62,+2.88] P<=0 0.166; Sharpe [-0.023,+0.106] P<=0 0.143
     4bp LIVE vs LIVE-VT  point: log-ret +2.10pp/yr, Sharpe +0.055 | blk20: logret [-4.98,+9.50] P<=0 0.293; Sharpe [-0.131,+0.252] P<=0 0.305 | blk60: logret [-4.84,+10.02] P<=0 0.266; Sharpe [-0.125,+0.244] P<=0 0.289
    10bp LIVE vs BASE     point: log-ret +7.69pp/yr, Sharpe +0.216 | blk20: logret [-0.74,+16.53] P<=0 0.041; Sharpe [-0.062,+0.492] P<=0 0.062 | blk60: logret [-0.48,+16.05] P<=0 0.031; Sharpe [-0.052,+0.485] P<=0 0.055
    10bp LIVE vs BASE+VT  point: log-ret +3.87pp/yr, Sharpe +0.157 | blk20: logret [-1.71,+9.40] P<=0 0.092; Sharpe [-0.086,+0.394] P<=0 0.099 | blk60: logret [-2.22,+9.67] P<=0 0.086; Sharpe [-0.112,+0.413] P<=0 0.094
    10bp LIVE vs QQQ      point: log-ret +7.89pp/yr, Sharpe +0.202 | blk20: logret [-5.64,+21.82] P<=0 0.133; Sharpe [-0.266,+0.682] P<=0 0.204 | blk60: logret [-4.81,+20.98] P<=0 0.108; Sharpe [-0.244,+0.630] P<=0 0.188
    20bp LIVE vs BASE     point: log-ret +6.84pp/yr, Sharpe +0.149 | blk20: logret [-1.57,+16.24] P<=0 0.061; Sharpe [-0.117,+0.422] P<=0 0.136 | blk60: logret [-1.12,+15.70] P<=0 0.045; Sharpe [-0.107,+0.422] P<=0 0.132
    20bp LIVE vs BASE+VT  point: log-ret +2.75pp/yr, Sharpe +0.104 | blk20: logret [-3.11,+8.04] P<=0 0.178; Sharpe [-0.150,+0.334] P<=0 0.209 | blk60: logret [-3.16,+8.65] P<=0 0.179; Sharpe [-0.149,+0.358] P<=0 0.208
    20bp LIVE vs QQQ      point: log-ret +4.56pp/yr, Sharpe +0.055 | blk20: logret [-8.56,+18.79] P<=0 0.264; Sharpe [-0.415,+0.537] P<=0 0.423 | blk60: logret [-7.77,+18.44] P<=0 0.250; Sharpe [-0.378,+0.489] P<=0 0.417
    20bp LIVE vs LIVE-fast point: log-ret +2.62pp/yr, Sharpe +0.141 | blk20: logret [-0.61,+5.73] P<=0 0.048; Sharpe [-0.001,+0.274] P<=0 0.026 | blk60: logret [-0.76,+6.34] P<=0 0.066; Sharpe [-0.012,+0.307] P<=0 0.032
    20bp LIVE vs LIVE-trim point: log-ret +0.81pp/yr, Sharpe +0.004 | blk20: logret [-4.00,+5.54] P<=0 0.388; Sharpe [-0.180,+0.194] P<=0 0.489 | blk60: logret [-4.04,+5.09] P<=0 0.363; Sharpe [-0.186,+0.180] P<=0 0.457
    20bp LIVE vs LIVE vol30 point: log-ret +0.88pp/yr, Sharpe +0.024 | blk20: logret [-0.74,+2.84] P<=0 0.158; Sharpe [-0.033,+0.086] P<=0 0.225 | blk60: logret [-0.70,+2.84] P<=0 0.182; Sharpe [-0.033,+0.086] P<=0 0.254
    20bp LIVE vs LIVE-VT  point: log-ret +3.30pp/yr, Sharpe +0.024 | blk20: logret [-3.84,+11.47] P<=0 0.190; Sharpe [-0.166,+0.221] P<=0 0.396 | blk60: logret [-3.83,+10.82] P<=0 0.190; Sharpe [-0.161,+0.217] P<=0 0.407
  Recovery halves only [trough, window end):
     4bp LIVE vs BASE     point: log-ret -1.58pp/yr, Sharpe +0.531 | blk20: logret [-13.41,+9.68] P<=0 0.587; Sharpe [+0.155,+0.922] P<=0 0.004 | blk60: logret [-13.47,+9.27] P<=0 0.594; Sharpe [+0.205,+0.925] P<=0 0.002
     4bp LIVE vs QQQ      point: log-ret -9.92pp/yr, Sharpe -0.233 | blk20: logret [-22.99,+3.34] P<=0 0.937; Sharpe [-0.728,+0.273] P<=0 0.828 | blk60: logret [-22.93,+3.25] P<=0 0.937; Sharpe [-0.739,+0.294] P<=0 0.806
     4bp LIVE vs LIVE-fast point: log-ret +8.71pp/yr, Sharpe +0.197 | blk20: logret [+4.70,+13.12] P<=0 0.000; Sharpe [+0.035,+0.374] P<=0 0.007 | blk60: logret [+4.15,+13.68] P<=0 0.000; Sharpe [+0.040,+0.360] P<=0 0.006
     4bp LIVE vs LIVE-trim point: log-ret -1.27pp/yr, Sharpe +0.359 | blk20: logret [-10.32,+7.14] P<=0 0.584; Sharpe [+0.035,+0.711] P<=0 0.017 | blk60: logret [-9.65,+5.96] P<=0 0.608; Sharpe [+0.053,+0.704] P<=0 0.007
     4bp LIVE vs LIVE vol30 point: log-ret -2.12pp/yr, Sharpe -0.042 | blk20: logret [-3.31,-1.08] P<=0 1.000; Sharpe [-0.086,-0.000] P<=0 0.976 | blk60: logret [-3.15,-1.16] P<=0 1.000; Sharpe [-0.087,+0.003] P<=0 0.969
     4bp LIVE vs LIVE-VT  point: log-ret -12.41pp/yr, Sharpe +0.107 | blk20: logret [-20.11,-5.05] P<=0 1.000; Sharpe [-0.090,+0.318] P<=0 0.154 | blk60: logret [-21.38,-4.30] P<=0 0.999; Sharpe [-0.093,+0.309] P<=0 0.152
    20bp LIVE vs BASE     point: log-ret -4.07pp/yr, Sharpe +0.368 | blk20: logret [-16.03,+7.14] P<=0 0.760; Sharpe [+0.011,+0.738] P<=0 0.021 | blk60: logret [-16.45,+6.75] P<=0 0.749; Sharpe [+0.042,+0.711] P<=0 0.017
    20bp LIVE vs QQQ      point: log-ret -16.02pp/yr, Sharpe -0.515 | blk20: logret [-29.05,-3.66] P<=0 0.992; Sharpe [-0.993,-0.006] P<=0 0.979 | blk60: logret [-28.64,-4.06] P<=0 0.996; Sharpe [-1.017,-0.010] P<=0 0.978
    20bp LIVE vs LIVE-fast point: log-ret +8.21pp/yr, Sharpe +0.203 | blk20: logret [+4.16,+12.59] P<=0 0.000; Sharpe [+0.038,+0.377] P<=0 0.008 | blk60: logret [+4.03,+12.99] P<=0 0.000; Sharpe [+0.048,+0.363] P<=0 0.004
    20bp LIVE vs LIVE-trim point: log-ret -3.55pp/yr, Sharpe +0.218 | blk20: logret [-12.72,+4.74] P<=0 0.785; Sharpe [-0.116,+0.537] P<=0 0.093 | blk60: logret [-11.51,+3.10] P<=0 0.809; Sharpe [-0.052,+0.513] P<=0 0.057
    20bp LIVE vs LIVE vol30 point: log-ret -2.15pp/yr, Sharpe -0.050 | blk20: logret [-3.29,-1.16] P<=0 1.000; Sharpe [-0.092,-0.011] P<=0 0.994 | blk60: logret [-3.19,-1.26] P<=0 1.000; Sharpe [-0.094,-0.011] P<=0 0.995
    20bp LIVE vs LIVE-VT  point: log-ret -11.49pp/yr, Sharpe +0.064 | blk20: logret [-19.32,-4.35] P<=0 1.000; Sharpe [-0.132,+0.265] P<=0 0.261 | blk60: logret [-20.66,-3.45] P<=0 1.000; Sharpe [-0.136,+0.251] P<=0 0.267

REAL WEEKLY ROWS (actual SPMO/TQQQ legs) -- episodes with peak >= 2015-11-06
  cost 4bp  (weekly rows; 'QQQ' here = 100% core leg = real SPMO, 'QQQ-real' = bench_qqq column)
  ep               --- P->T ---                  --- T->R ---             -- T+13w --         -- T+26w --      expo T->R net vs BASE net vs QQQ-real $ vs BASE
                LIVE      BASE   QQQreal      LIVE      BASE   QQQreal      LIVE   QQQreal      LIVE   QQQreal      LIVE                                      
  2015-12      -15.3     -14.2     -14.9       3.3       4.4      17.6      -0.5       7.6       6.0      19.6      0.69        -2.1           -14.6    -4,042
  2018-08      -17.9     -21.7     -18.0      21.4      13.3      22.5      15.4      17.5      23.6      22.1      0.73       +11.9            -0.9   +21,911
  2020-02       -7.1     -37.9     -25.9      16.5      31.7      40.4      21.3      43.1      27.5      56.3      0.36       +15.6            -5.2   +52,811
  2021-11      -23.9     -24.5     -34.1      48.6      55.4      52.2      11.5      20.5      21.1      38.7      0.66        -6.2            +6.6    -8,443
  2025-02      -16.3     -17.5     -13.6      18.1      17.7      20.6      20.3      22.0      35.4      29.7      0.59        +1.7            -5.1    +3,774
  sum                                                                                                                +20.9           -19.3   +66,011
  leave-one-out on real rows, trough->R return delta vs LIVE (pp):
  ep         LIVE-fast   LIVE-trim  LIVE vol30     LIVE-VT     BASE+VT        BASE
  2015-12         +0.3        +0.0        +0.0        +2.1        +0.3        +1.1
  2018-08         -9.1        +0.4        +0.0        +2.6        -8.8        -8.1
  2020-02         -2.3        +0.0        +0.0       +20.8        -2.3       +15.2
  2021-11         -7.6       +14.8        +0.0        +1.1        +6.5        +6.7
  2025-02         -4.5        -0.0        +0.0        +6.3        -4.5        -0.5
  cost 10bp  (weekly rows; 'QQQ' here = 100% core leg = real SPMO, 'QQQ-real' = bench_qqq column)
  ep               --- P->T ---                  --- T->R ---             -- T+13w --         -- T+26w --      expo T->R net vs BASE net vs QQQ-real $ vs BASE
                LIVE      BASE   QQQreal      LIVE      BASE   QQQreal      LIVE   QQQreal      LIVE   QQQreal      LIVE                                      
  2015-12      -15.6     -14.5     -14.9       2.5       3.6      17.6      -0.8       7.6       5.2      19.6      0.69        -2.1           -15.7    -4,040
  2018-08      -18.3     -22.2     -18.0      21.2      13.1      22.5      15.2      17.5      23.0      22.1      0.73       +12.0            -1.5   +21,983
  2020-02       -7.2     -38.0     -25.9      16.4      31.4      40.4      21.0      43.1      26.9      56.3      0.36       +15.7            -5.4   +52,974
  2021-11      -24.9     -25.3     -34.1      46.6      54.0      52.2      11.2      20.5      20.5      38.7      0.66        -7.0            +3.6    -9,845
  2025-02      -16.5     -17.7     -13.6      17.9      17.4      20.6      20.1      22.0      34.8      29.7      0.59        +1.8            -5.6    +3,786
  sum                                                                                                                +20.3           -24.6   +64,857
  cost 20bp  (weekly rows; 'QQQ' here = 100% core leg = real SPMO, 'QQQ-real' = bench_qqq column)
  ep               --- P->T ---                  --- T->R ---             -- T+13w --         -- T+26w --      expo T->R net vs BASE net vs QQQ-real $ vs BASE
                LIVE      BASE   QQQreal      LIVE      BASE   QQQreal      LIVE   QQQreal      LIVE   QQQreal      LIVE                                      
  2015-12      -16.0     -14.9     -14.9       1.2       2.2      17.6      -1.3       7.6       3.8      19.6      0.69        -2.2           -17.5    -4,035
  2018-08      -18.9     -22.9     -18.0      20.9      12.8      22.5      15.0      17.5      21.9      22.1      0.73       +12.1            -2.5   +22,100
  2020-02       -7.5     -38.3     -25.9      16.2      31.1      40.4      20.4      43.1      25.8      56.3      0.36       +15.9            -5.8   +53,243
  2021-11      -26.4     -26.5     -34.1      43.2      51.7      52.2      10.7      20.5      19.5      38.7      0.66        -8.3            -1.3   -12,033
  2025-02      -16.9     -18.1     -13.6      17.6      17.0      20.6      19.7      22.0      33.8      29.7      0.59        +1.8            -6.3    +3,806
  sum                                                                                                                +19.3           -33.4   +63,081

DEEP DIVE 2007-10: peak 2007-10-31 trough 2008-11-20 window end 2010-04-23  (NAVs rebased to the peak; full session-by-session path in paper-track/research_notes/recovery_study_paths.log)
  every 10 sessions from peak to window end, then EVERY session 10..+40 around the trough
date            QQQ    dd% st fast eff votes  vol30  volLv  mult tgtLIVE heldLIVE heldBASE  navLIVE  navBASE   navQQQ
2007-10-31    55.03    0.0  A    A   A     3   17.1   23.0  0.87    0.00     0.00     1.00    1.000    1.000    1.000 
2007-11-14    50.09   -9.0  D    D   D     0   27.9   37.0  0.54    0.54     0.54     1.00    0.909    0.822    0.910 
2007-11-29    51.70   -6.1  D    A   D     0   29.2   29.2  0.68    0.68     0.68     1.00    0.952    0.873    0.940 
2007-12-13    51.50   -6.4  D    A   D     0   28.1   28.1  0.71    0.71     0.70     1.00    0.946    0.864    0.937 
2007-12-28    51.86   -5.8  A    A   A     0   21.2   21.6  0.92    0.92     0.92     1.00    0.952    0.872    0.943 
2008-01-14    47.87  -13.0  E    F   E     0   24.6   31.5  0.63    0.32     0.32     0.50    0.833    0.752    0.871 
2008-01-29    44.41  -19.3  E    F   E     0   26.1   26.1  0.77    0.38     0.37     0.50    0.804    0.713    0.808 
2008-02-12    43.82  -20.4  F    F   F     0   26.4   26.4  0.76    0.00     0.00     0.00    0.815    0.726    0.798 
2008-02-27    44.29  -19.5  F    F   F     0   22.1   22.1  0.91    0.00     0.00     0.00    0.816    0.726    0.806 
2008-03-12    42.71  -22.4  F    F   F     0   23.3   29.0  0.69    0.00     0.00     0.00    0.816    0.727    0.778 
2008-03-27    43.71  -20.6  C    C   C     0   28.9   38.8  0.52    0.52     0.52     1.00    0.807    0.712    0.796 
2008-04-10    45.54  -17.2  C    C   C     0   30.7   30.7  0.65    0.65     0.65     1.00    0.826    0.742    0.830 
2008-04-24    47.27  -14.1  C    B   A     0   29.4   29.4  0.68    0.68     0.68     1.00    0.848    0.771    0.861 
2008-05-08    48.40  -12.0  B    A   A     0   23.0   23.0  0.87    0.87     0.87     1.00    0.878    0.786    0.882 
2008-05-22    48.35  -12.1  B    A   A     0   21.4   21.4  0.94    0.94     0.92     1.00    0.871    0.784    0.882 
2008-06-06    49.03  -10.9  B    A   A     0   20.3   23.3  0.86    0.86     0.86     1.00    0.913    0.799    0.894 
2008-06-20    47.42  -13.8  F    D   F     0   21.8   24.5  0.81    0.00     0.00     0.00    0.861    0.748    0.865 
2008-07-07    44.90  -18.4  E    E   E     0   24.6   27.1  0.74    0.37     0.37     0.49    0.850    0.736    0.819 
2008-07-21    44.78  -18.6  F    F   F     0   26.1   28.6  0.70    0.00     0.00     0.00    0.851    0.738    0.817 
2008-08-04    44.43  -19.3  F    F   F     0   25.3   25.3  0.79    0.00     0.00     0.00    0.835    0.739    0.811 
2008-08-18    47.60  -13.5  B    B   A     0   24.2   24.2  0.83    0.83     0.83     1.00    0.858    0.741    0.869 
2008-09-02    45.55  -17.2  C    F   C     0   21.7   21.7  0.92    0.92     0.92     1.00    0.803    0.698    0.832 
2008-09-16    42.41  -22.9  F    F   F     0   24.3   26.6  0.75    0.00     0.00     0.00    0.796    0.691    0.775 
2008-09-30    38.91  -29.3  F    F   F     0   38.9   61.4  0.33    0.00     0.00     0.00    0.796    0.691    0.711 
2008-10-14    33.61  -38.9  F    F   F     0   58.8   81.1  0.25    0.00     0.00     0.00    0.797    0.691    0.614 
2008-10-28    31.86  -42.1  F    F   F     0   75.5   88.8  0.23    0.00     0.00     0.00    0.797    0.692    0.582 
2008-11-11    30.10  -45.3  F    F   F     0   71.9   71.9  0.28    0.00     0.00     0.00    0.782    0.692    0.550 
2008-11-25    28.17  -48.8  F    F   F     0   65.7   65.7  0.30    0.00     0.00     0.00    0.782    0.692    0.515 
2008-12-10    29.91  -45.6  F    C   C     0   55.5   60.3  0.33    0.33     0.33     0.00    0.790    0.692    0.547 
2008-12-24    29.14  -47.0  F    C   C     0   53.3   53.3  0.38    0.38     0.38     0.00    0.784    0.670    0.533 
2009-01-09    30.07  -45.4  C    C   C     0   43.7   43.7  0.46    0.46     0.46     1.00    0.783    0.649    0.550 
2009-01-26    29.11  -47.1  F    F   F     0   36.0   41.3  0.48    0.00     0.00     0.00    0.765    0.618    0.533 
2009-02-09    31.50  -42.8  C    C   C     0   34.5   34.5  0.58    0.58     0.58     1.00    0.784    0.641    0.577 
2009-02-24    28.78  -47.7  F    F   F     0   36.9   37.1  0.54    0.00     0.00     0.00    0.751    0.594    0.527 
2009-03-10    27.33  -50.3  F    F   F     0   38.8   46.4  0.43    0.00     0.00     0.00    0.751    0.594    0.501 
2009-03-24    30.33  -44.9  C    B   A     0   42.6   42.6  0.47    0.47     0.47     1.00    0.779    0.606    0.556 
2009-04-07    31.42  -42.9  C    A   A     0   40.9   40.9  0.49    0.49     0.49     1.00    0.813    0.628    0.576 
2009-04-22    32.79  -40.4  C    A   A     1   34.6   34.6  0.58    0.39     0.39     1.00    0.853    0.656    0.601 
2009-05-06    35.03  -36.3  B    A   A     2   26.4   26.4  0.76    0.25     0.24     1.00    0.891    0.700    0.642 
2009-05-20    34.28  -37.7  B    A   A     2   23.7   25.0  0.80    0.27     0.27     1.00    0.877    0.666    0.629 
2009-06-04    36.74  -33.2  A    A   A     2   22.7   26.2  0.76    0.25     0.24     1.00    0.929    0.742    0.674 
2009-06-18    35.82  -34.9  A    A   A     2   22.7   22.7  0.88    0.29     0.30     1.00    0.916    0.704    0.657 
2009-07-02    35.60  -35.3  A    D   A     1   22.4   24.6  0.81    0.54     0.54     1.00    0.917    0.694    0.653 
2009-07-17    37.56  -31.7  A    A   A     3   21.4   24.4  0.82    0.00     0.00     1.00    0.985    0.770    0.690 
2009-07-31    39.45  -28.3  A    A   A     3   21.3   21.3  0.94    0.00     0.00     1.00    0.985    0.849    0.724 
2009-08-14    39.63  -28.0  A    A   A     3   18.7   18.7  1.00    0.00     0.00     1.00    0.985    0.856    0.728 
2009-08-28    40.44  -26.5  A    A   A     3   16.8   19.7  1.00    0.00     0.00     1.00    0.998    0.890    0.743 
2009-09-14    41.68  -24.3  A    A   A     3   17.7   17.8  1.00    0.00     0.00     1.00    1.016    0.945    0.766 
2009-09-28    42.41  -22.9  A    A   A     3   16.7   16.7  1.00    0.00     0.00     1.00    1.016    0.977    0.780 
2009-10-12    42.57  -22.6  A    A   A     3   16.6   19.4  1.00    0.00     0.00     1.00    1.039    0.983    0.783 
2009-10-26    42.99  -21.9  A    A   A     2   14.4   14.4  1.00    0.33     0.33     1.00    1.054    1.002    0.791 
2009-11-09    43.51  -20.9  A    A   A     2   19.9   28.3  0.71    0.24     0.24     1.00    1.107    1.022    0.800 
2009-11-23    44.14  -19.8  A    A   A     2   18.7   18.7  1.00    0.33     0.33     1.00    1.128    1.051    0.812 
2009-12-08    43.64  -20.7  A    A   A     1   19.0   19.0  1.00    0.67     0.66     1.00    1.123    1.027    0.803 
2009-12-22    45.23  -17.8  A    A   A     2   13.3   13.6  1.00    0.33     0.33     1.00    1.178    1.103    0.833 
2010-01-07    46.17  -16.1  A    A   A     2   12.2   12.2  1.00    0.33     0.34     1.00    1.194    1.148    0.850 
2010-01-22    44.16  -19.8  D    D   D     0   16.8   22.2  0.90    0.90     0.90     1.00    1.125    1.048    0.813 
2010-02-05    42.98  -21.9  D    E   D     0   19.9   24.3  0.82    0.82     0.82     1.00    1.067    0.989    0.792 
2010-02-22    44.74  -18.7  D    B   D     0   20.3   20.3  0.99    0.99     0.98     1.00    1.147    1.071    0.824 
2010-03-08    46.53  -15.4  A    A   A     0   17.4   17.4  1.00    1.00     1.00     1.00    1.239    1.157    0.858 
2010-03-22    47.92  -12.9  A    A   A     0   10.6   10.6  1.00    1.00     1.00     1.00    1.314    1.228    0.883 
2010-04-06    48.75  -11.4  A    A   A     0    9.5    9.5  1.00    1.00     1.00     1.00    1.360    1.271    0.899 
2010-04-20    49.75   -9.6  A    A   A     0    8.3   10.1  1.00    1.00     1.00     1.00    1.429    1.323    0.918 
  --- the turn ---
date            QQQ    dd% st fast eff votes  vol30  volLv  mult tgtLIVE heldLIVE heldBASE  navLIVE  navBASE   navQQQ
2008-11-06    30.59  -44.4  F    F   F     0   75.1   75.9  0.26    0.00     0.00     0.00    0.783    0.692    0.559 
2008-11-07    31.19  -43.3  F    F   F     0   75.6   75.6  0.26    0.00     0.00     0.00    0.782    0.692    0.570 
2008-11-10    30.77  -44.1  F    F   F     0   72.5   72.5  0.28    0.00     0.00     0.00    0.782    0.692    0.563 
2008-11-11    30.10  -45.3  F    F   F     0   71.9   71.9  0.28    0.00     0.00     0.00    0.782    0.692    0.550 
2008-11-12    28.71  -47.8  F    F   F     0   72.8   72.8  0.27    0.00     0.00     0.00    0.782    0.692    0.525 
2008-11-13    29.53  -46.3  F    F   F     0   72.7   72.7  0.28    0.00     0.00     0.00    0.782    0.692    0.540 
2008-11-14    28.98  -47.3  F    F   F     0   72.7   72.7  0.27    0.00     0.00     0.00    0.782    0.692    0.530 
2008-11-17    28.37  -48.4  F    F   F     0   72.3   72.3  0.28    0.00     0.00     0.00    0.782    0.692    0.519 
2008-11-18    28.34  -48.5  F    F   F     0   70.2   70.2  0.28    0.00     0.00     0.00    0.782    0.692    0.518 
2008-11-19    26.86  -51.2  F    F   F     0   71.6   71.6  0.28    0.00     0.00     0.00    0.782    0.692    0.491 
2008-11-20    25.56  -53.6  F    F   F     0   72.4   72.4  0.28    0.00     0.00     0.00    0.782    0.692    0.467 <-- trough
2008-11-21    26.67  -51.5  F    F   F     0   73.8   73.8  0.27    0.00     0.00     0.00    0.782    0.692    0.488 
2008-11-24    28.30  -48.6  F    F   F     0   66.6   66.6  0.30    0.00     0.00     0.00    0.782    0.692    0.518 
2008-11-25    28.17  -48.8  F    F   F     0   65.7   65.7  0.30    0.00     0.00     0.00    0.782    0.692    0.515 
2008-11-26    29.35  -46.7  F    F   F     0   61.9   62.6  0.32    0.00     0.00     0.00    0.782    0.692    0.537 
2008-11-28    29.12  -47.1  F    F   F     0   61.9   61.9  0.32    0.00     0.00     0.00    0.782    0.692    0.533 
2008-12-01    26.93  -51.1  F    F   F     0   63.9   71.4  0.28    0.00     0.00     0.00    0.782    0.692    0.493 
2008-12-02    27.83  -49.4  F    F   F     0   64.2   73.5  0.27    0.00     0.00     0.00    0.782    0.692    0.509 
2008-12-03    28.62  -48.0  F    F   F     0   63.3   75.0  0.27    0.00     0.00     0.00    0.782    0.692    0.524 
2008-12-04    27.81  -49.5  F    F   F     0   63.3   71.0  0.28    0.00     0.00     0.00    0.782    0.692    0.509 
2008-12-05    28.94  -47.4  F    C   C     0   64.5   66.3  0.30    0.30     0.30     0.00    0.782    0.692    0.529 
2008-12-08    30.08  -45.3  F    C   C     0   65.1   65.9  0.30    0.30     0.31     0.00    0.792    0.692    0.550 
2008-12-09    30.01  -45.5  F    C   C     0   64.3   64.3  0.31    0.31     0.31     0.00    0.791    0.692    0.549 
2008-12-10    29.91  -45.6  F    C   C     0   55.5   60.3  0.33    0.33     0.33     0.00    0.790    0.692    0.547 
2008-12-11    29.09  -47.1  F    C   C     0   56.0   59.0  0.34    0.34     0.33     0.00    0.783    0.692    0.532 
2008-12-12    29.68  -46.1  F    C   C     0   55.4   59.6  0.34    0.34     0.33     0.00    0.788    0.692    0.543 
2008-12-15    29.16  -47.0  F    C   C     0   55.5   55.5  0.36    0.36     0.36     0.00    0.784    0.692    0.533 
2008-12-16    30.56  -44.5  C    C   C     0   57.5   57.5  0.35    0.35     0.35     1.00    0.797    0.692    0.559 
2008-12-17    30.19  -45.1  C    C   C     0   56.8   56.8  0.35    0.35     0.35     1.00    0.794    0.683    0.552 
2008-12-18    29.66  -46.1  F    C   C     0   55.1   55.1  0.36    0.36     0.36     0.00    0.789    0.671    0.543 
2008-12-19    29.86  -45.7  F    C   C     0   53.7   53.7  0.37    0.37     0.36     0.00    0.791    0.670    0.546 
2008-12-22    29.21  -46.9  F    C   C     0   53.7   53.7  0.37    0.37     0.36     0.00    0.785    0.670    0.534 
2008-12-23    29.06  -47.2  F    C   C     0   53.6   53.6  0.37    0.37     0.36     0.00    0.783    0.670    0.532 
2008-12-24    29.14  -47.0  F    C   C     0   53.3   53.3  0.38    0.38     0.38     0.00    0.784    0.670    0.533 
2008-12-26    29.13  -47.1  F    C   C     0   51.5   51.5  0.39    0.39     0.38     0.00    0.784    0.670    0.533 
2008-12-29    28.89  -47.5  F    F   F     0   50.9   50.9  0.39    0.00     0.00     0.00    0.781    0.670    0.529 
2008-12-30    29.49  -46.4  F    F   F     0   50.9   50.9  0.39    0.00     0.00     0.00    0.781    0.670    0.540 
2008-12-31    29.74  -46.0  F    C   C     0   50.5   50.5  0.40    0.40     0.40     0.00    0.781    0.670    0.544 
2009-01-02    31.03  -43.6  C    C   C     0   51.9   51.9  0.39    0.39     0.39     1.00    0.794    0.670    0.568 
2009-01-05    31.02  -43.6  C    C   C     0   49.2   49.2  0.41    0.41     0.41     1.00    0.794    0.670    0.568 
2009-01-06    31.33  -43.1  C    C   C     0   46.4   46.4  0.43    0.43     0.43     1.00    0.798    0.676    0.573 
2009-01-07    30.44  -44.7  C    C   C     0   46.2   46.2  0.43    0.43     0.42     1.00    0.788    0.657    0.557 
2009-01-08    30.76  -44.1  C    C   C     0   43.1   43.1  0.46    0.46     0.46     1.00    0.791    0.664    0.563 
2009-01-09    30.07  -45.4  C    C   C     0   43.7   43.7  0.46    0.46     0.46     1.00    0.783    0.649    0.550 
2009-01-12    29.52  -46.4  C    F   C     0   42.5   42.5  0.47    0.47     0.47     1.00    0.777    0.637    0.540 
2009-01-13    29.53  -46.3  C    F   C     0   42.4   42.4  0.47    0.47     0.47     1.00    0.777    0.638    0.541 
2009-01-14    28.63  -48.0  F    F   F     0   37.1   37.1  0.54    0.00     0.00     0.00    0.765    0.618    0.524 
2009-01-15    29.10  -47.1  F    F   F     0   36.1   37.0  0.54    0.00     0.00     0.00    0.765    0.618    0.533 
2009-01-16    29.42  -46.5  F    F   F     0   35.4   35.4  0.57    0.00     0.00     0.00    0.765    0.618    0.539 
2009-01-20    27.96  -49.2  F    F   F     0   37.4   37.4  0.53    0.00     0.00     0.00    0.765    0.618    0.512 
2009-01-21    29.15  -47.0  F    F   F     0   37.6   43.9  0.46    0.00     0.00     0.00    0.765    0.618    0.534 

DEEP DIVE 2020-02: peak 2020-02-19 trough 2020-03-16 window end 2020-06-05  (NAVs rebased to the peak; full session-by-session path in paper-track/research_notes/recovery_study_paths.log)
  every 5 sessions from peak to window end, then EVERY session 10..+40 around the trough
date            QQQ    dd% st fast eff votes  vol30  volLv  mult tgtLIVE heldLIVE heldBASE  navLIVE  navBASE   navQQQ
2020-02-19   236.98    0.0  A    A   A     3   14.2   14.2  1.00    0.00     0.00     1.00    1.000    1.000    1.000 
2020-02-26   216.48   -8.7  D    D   D     0   20.9   26.2  0.76    0.76     0.76     1.00    0.962    0.831    0.914 
2020-03-04   218.22   -7.9  D    D   D     0   33.4   53.1  0.38    0.38     0.38     1.00    0.952    0.837    0.921 
2020-03-11   195.22  -17.6  E    E   E     0   44.3   70.9  0.28    0.14     0.14     0.50    0.853    0.599    0.824 
2020-03-18   176.60  -25.5  E    F   E     0   70.3  111.0  0.18    0.09     0.08     0.49    0.843    0.572    0.746 
2020-03-25   182.30  -23.1  E    F   E     0   74.9  111.0  0.18    0.09     0.09     0.51    0.839    0.553    0.770 
2020-04-01   182.31  -23.1  E    F   E     0   78.7   78.7  0.25    0.13     0.12     0.50    0.838    0.560    0.770 
2020-04-08   200.57  -15.4  E    C   E     0   81.5   81.5  0.25    0.12     0.13     0.51    0.850    0.592    0.847 
2020-04-16   213.25  -10.0  A    B   A     0   78.5   78.5  0.25    0.25     0.25     1.00    0.872    0.655    0.901 
2020-04-23   210.52  -11.2  A    C   A     0   73.5   73.5  0.27    0.27     0.27     1.00    0.867    0.637    0.889 
2020-04-30   218.91   -7.6  B    B   A     0   47.6   47.6  0.42    0.42     0.41     1.00    0.892    0.687    0.925 
2020-05-07   221.82   -6.4  B    A   A     0   41.7   41.7  0.48    0.48     0.48     1.00    0.903    0.701    0.937 
2020-05-14   221.83   -6.4  B    A   A     0   34.8   34.8  0.57    0.57     0.57     1.00    0.902    0.700    0.937 
2020-05-21   228.90   -3.4  A    A   A     0   28.6   28.6  0.70    0.70     0.70     1.00    0.937    0.734    0.967 
2020-05-29   233.36   -1.5  A    A   A     0   25.6   25.6  0.78    0.78     0.77     1.00    0.964    0.763    0.986 
2020-06-05   239.69    1.1  A    A   A     3   21.4   21.4  0.93    0.00     0.00     1.00    1.007    0.805    1.013 
  --- the turn ---
date            QQQ    dd% st fast eff votes  vol30  volLv  mult tgtLIVE heldLIVE heldBASE  navLIVE  navBASE   navQQQ
2020-03-02   216.42   -8.7  D    D   D     0   29.6   45.5  0.44    0.44     0.44     1.00    0.947    0.826    0.913 
2020-03-03   209.48  -11.6  D    D   D     0   30.9   46.7  0.43    0.43     0.42     1.00    0.920    0.773    0.884 
2020-03-04   218.22   -7.9  D    D   D     0   33.4   53.1  0.38    0.38     0.38     1.00    0.952    0.837    0.921 
2020-03-05   211.59  -10.7  D    D   D     0   34.5   54.3  0.37    0.37     0.36     1.00    0.930    0.786    0.893 
2020-03-06   208.02  -12.2  D    E   D     0   34.7   54.2  0.37    0.37     0.35     1.00    0.919    0.760    0.878 
2020-03-09   193.57  -18.3  E    E   E     0   39.8   60.6  0.33    0.16     0.16     0.50    0.874    0.654    0.817 
2020-03-10   204.11  -13.9  D    E   D     0   43.0   68.5  0.29    0.29     0.29     1.00    0.875    0.657    0.862 
2020-03-11   195.22  -17.6  E    E   E     0   44.3   70.9  0.28    0.14     0.14     0.50    0.853    0.599    0.824 
2020-03-12   177.32  -25.2  E    E   E     0   51.0   80.1  0.25    0.12     0.13     0.50    0.840    0.568    0.749 
2020-03-13   192.34  -18.8  E    E   E     0   57.5   94.1  0.21    0.11     0.11     0.51    0.846    0.584    0.812 
2020-03-16   169.30  -28.6  E    F   E     0   66.5  104.0  0.19    0.10     0.10     0.50    0.836    0.550    0.715 <-- trough
2020-03-17   182.14  -23.1  E    F   E     0   70.5  114.7  0.17    0.09     0.09     0.50    0.846    0.585    0.769 
2020-03-18   176.60  -25.5  E    F   E     0   70.3  111.0  0.18    0.09     0.08     0.49    0.843    0.572    0.746 
2020-03-19   177.66  -25.0  E    F   E     0   70.4  111.4  0.18    0.09     0.08     0.50    0.839    0.556    0.750 
2020-03-20   170.70  -28.0  E    F   E     0   70.8  112.1  0.18    0.09     0.09     0.50    0.834    0.534    0.721 
2020-03-23   170.46  -28.1  E    F   E     0   70.8  108.4  0.18    0.09     0.08     0.50    0.829    0.518    0.720 
2020-03-24   183.66  -22.5  E    F   E     0   74.9  112.7  0.18    0.09     0.09     0.50    0.837    0.546    0.775 
2020-03-25   182.30  -23.1  E    F   E     0   74.9  111.0  0.18    0.09     0.09     0.51    0.839    0.553    0.770 
2020-03-26   191.90  -19.0  E    F   E     0   76.7  102.6  0.19    0.10     0.10     0.50    0.845    0.577    0.810 
2020-03-27   185.30  -21.8  E    F   E     0   77.2   95.5  0.21    0.10     0.10     0.50    0.846    0.578    0.782 
2020-03-30   192.04  -19.0  E    C   E     0   78.1   78.1  0.26    0.13     0.13     0.51    0.849    0.589    0.811 
2020-03-31   190.40  -19.7  E    C   E     0   78.1   78.1  0.26    0.13     0.12     0.50    0.845    0.577    0.804 
2020-04-01   182.31  -23.1  E    F   E     0   78.7   78.7  0.25    0.13     0.12     0.50    0.838    0.560    0.770 
2020-04-02   186.01  -21.5  E    F   E     0   79.1   79.1  0.25    0.13     0.12     0.51    0.842    0.568    0.785 
2020-04-03   183.37  -22.6  E    F   E     0   79.0   79.0  0.25    0.13     0.12     0.50    0.838    0.558    0.774 
2020-04-06   196.48  -17.1  E    C   E     0   81.5   81.5  0.25    0.12     0.12     0.50    0.845    0.580    0.830 
2020-04-07   196.40  -17.1  E    C   E     0   81.2   81.2  0.25    0.12     0.12     0.50    0.844    0.576    0.829 
2020-04-08   200.57  -15.4  E    C   E     0   81.5   81.5  0.25    0.12     0.13     0.51    0.850    0.592    0.847 
2020-04-09   200.86  -15.2  E    C   E     0   80.1   80.1  0.25    0.12     0.13     0.50    0.855    0.606    0.848 
2020-04-13   203.03  -14.3  D    C   D     0   80.2   80.2  0.25    0.25     0.25     1.00    0.851    0.596    0.858 
2020-04-14   211.86  -10.6  A    B   A     0   79.8   79.8  0.25    0.25     0.25     1.00    0.870    0.648    0.895 
2020-04-15   209.43  -11.6  A    B   A     0   79.3   79.3  0.25    0.25     0.25     1.00    0.865    0.632    0.885 
2020-04-16   213.25  -10.0  A    B   A     0   78.5   78.5  0.25    0.25     0.25     1.00    0.872    0.655    0.901 
2020-04-17   215.29   -9.2  A    B   A     0   78.0   78.0  0.26    0.26     0.26     1.00    0.877    0.668    0.909 
2020-04-20   212.74  -10.2  A    B   A     0   77.9   77.9  0.26    0.26     0.25     1.00    0.871    0.652    0.899 
2020-04-21   204.89  -13.5  A    C   A     0   75.9   75.9  0.26    0.26     0.26     1.00    0.855    0.604    0.865 
2020-04-22   210.97  -11.0  A    C   A     0   74.7   74.7  0.27    0.27     0.27     1.00    0.868    0.640    0.891 
2020-04-23   210.52  -11.2  A    C   A     0   73.5   73.5  0.27    0.27     0.27     1.00    0.867    0.637    0.889 
2020-04-24   213.84   -9.8  A    B   A     0   67.8   67.8  0.30    0.30     0.28     1.00    0.875    0.657    0.903 
2020-04-27   215.56   -9.0  A    B   A     0   63.6   63.6  0.31    0.31     0.31     1.00    0.879    0.668    0.911 
2020-04-28   211.50  -10.8  A    B   A     0   52.2   52.2  0.38    0.38     0.38     1.00    0.868    0.643    0.893 
2020-04-29   219.00   -7.6  B    B   A     0   48.8   48.8  0.41    0.41     0.41     1.00    0.892    0.688    0.925 
2020-04-30   218.91   -7.6  B    B   A     0   47.6   47.6  0.42    0.42     0.41     1.00    0.892    0.687    0.925 
2020-05-01   212.74  -10.2  B    B   A     0   48.7   48.7  0.41    0.41     0.40     1.00    0.871    0.658    0.899 
2020-05-04   215.22   -9.2  B    B   A     0   46.8   46.8  0.43    0.43     0.43     1.00    0.879    0.670    0.909 
2020-05-05   217.66   -8.2  B    A   A     0   46.7   46.7  0.43    0.43     0.43     1.00    0.888    0.681    0.920 
2020-05-06   219.00   -7.6  B    A   A     0   41.9   41.9  0.48    0.48     0.48     1.00    0.892    0.687    0.925 
2020-05-07   221.82   -6.4  B    A   A     0   41.7   41.7  0.48    0.48     0.48     1.00    0.903    0.701    0.937 
2020-05-08   224.86   -5.1  B    A   A     0   39.5   39.5  0.51    0.51     0.51     1.00    0.915    0.715    0.950 
2020-05-11   226.87   -4.3  B    A   A     0   37.6   37.6  0.53    0.53     0.53     1.00    0.924    0.725    0.959 
2020-05-12   222.12   -6.3  B    A   A     0   37.4   37.4  0.53    0.53     0.52     1.00    0.903    0.702    0.939 

DONE. Portfolios: 9; costs: 3; primary episodes 11, secondary 18. No parameter was searched; nothing applied.
