LIVE reproduced: proxy 22.12% / 0.938 / -32.8%  S 1.150 H 0.780  risky 66.2%  |  real 30.67% / 1.260 / -25.3%
rows 6575 2000-07-03..2026-08-26; regression rows (French data through 2026-07-31) 6556
alignment: corr(MKT_NDX, FF Mkt-RF) = +0.871, corr(MKT_NDX, MKT_SPX) = +0.848, corr(MKT_NDX, MOM) = -0.212
   MKT_NDX  mean  +9.58 pp/yr  vol  25.7%  Sharpe +0.37
   MKT_SPX  mean  +7.98 pp/yr  vol  19.2%  Sharpe +0.42
   MOM      mean  +3.24 pp/yr  vol  16.8%  Sharpe +0.19
   SMB      mean  +0.90 pp/yr  vol   9.8%  Sharpe +0.09
   HML      mean  +2.94 pp/yr  vol  12.3%  Sharpe +0.24
   LEV      mean  -1.44 pp/yr  vol   0.1%  Sharpe -26.17
real weeks 563 (2015-11-06..2026-08-14), with French data 560; corr(weekly MOM, SPMO-SPY) = +0.530

====================================================================================================
1. STATIC ATTRIBUTION -- daily excess return regressed on return sources (OLS, Newey-West 10 lags)
   alpha in pp/yr (simple mean x 252); [] = Newey-West 95%% CI; {} = 60d block-bootstrap 95%% CI (400 draws, main model only)
   NOTE: LEV has vol 0.1%/yr -- as a regressor it is nearly collinear with the intercept; treat the +LEV models as robustness only.
  LIVE                        full                       NDX only           R2 0.383  alpha +15.24 [ +8.28,+22.19]  betas MKT_NDX +0.591(0.044)
  LIVE                        full                       NDX+SPX+MOM        R2 0.426  alpha +13.42 [ +6.62,+20.21] { +6.46,+18.65} P(<=0)=0.000  betas MKT_NDX +0.470(0.062) MKT_SPX +0.254(0.089) MOM +0.292(0.035)
  LIVE                        full                       NDX+SPX+MOM+LEV    R2 0.426  alpha  +9.96 [ -3.99,+23.91] { -3.50,+23.47} P(<=0)=0.058  betas MKT_NDX +0.470(0.062) MKT_SPX +0.254(0.089) MOM +0.292(0.035) LEV -2.396(4.322)
  LIVE                        full                       NDX+MOM+SMB+HML+LEV R2 0.433  alpha  +7.80 [ -6.09,+21.69]  betas MKT_NDX +0.632(0.042) MOM +0.307(0.036) SMB +0.303(0.033) HML +0.135(0.048) LEV -3.727(4.280)
  LIVE                        search 2015-11+            NDX only           R2 0.509  alpha +12.22 [ +2.10,+22.35]  betas MKT_NDX +0.815(0.083)
  LIVE                        search 2015-11+            NDX+SPX+MOM        R2 0.525  alpha +11.89 [ +1.90,+21.88] { +2.01,+20.42} P(<=0)=0.003  betas MKT_NDX +1.032(0.103) MKT_SPX -0.295(0.171) MOM +0.109(0.045)
  LIVE                        search 2015-11+            NDX+SPX+MOM+LEV    R2 0.525  alpha +11.20 [ -8.54,+30.95] { -7.14,+27.71} P(<=0)=0.125  betas MKT_NDX +1.032(0.103) MKT_SPX -0.295(0.171) MOM +0.109(0.045) LEV -0.474(6.217)
  LIVE                        search 2015-11+            NDX+MOM+SMB+HML+LEV R2 0.525  alpha +10.15 [ -9.45,+29.76]  betas MKT_NDX +0.801(0.092) MOM +0.173(0.044) SMB +0.186(0.040) HML +0.018(0.078) LEV -1.426(6.267)
  LIVE                        holdout 2000-07..2015-10   NDX only           R2 0.327  alpha +15.00 [ +5.89,+24.11]  betas MKT_NDX +0.491(0.048)
  LIVE                        holdout 2000-07..2015-10   NDX+SPX+MOM        R2 0.388  alpha +12.86 [ +4.18,+21.54] { +3.80,+21.89} P(<=0)=0.000  betas MKT_NDX +0.398(0.062) MKT_SPX +0.290(0.092) MOM +0.363(0.052)
  LIVE                        holdout 2000-07..2015-10   NDX+SPX+MOM+LEV    R2 0.388  alpha +11.14 [ -7.29,+29.58] { -5.01,+28.71} P(<=0)=0.095  betas MKT_NDX +0.398(0.062) MKT_SPX +0.290(0.092) MOM +0.363(0.052) LEV -1.191(5.676)
  LIVE                        holdout 2000-07..2015-10   NDX+MOM+SMB+HML+LEV R2 0.405  alpha  +4.52 [-13.70,+22.75]  betas MKT_NDX +0.578(0.045) MOM +0.391(0.048) SMB +0.356(0.047) HML +0.360(0.068) LEV -4.261(5.602)
  LIVE net of exact LEV cost  full                       NDX only           R2 0.383  alpha +15.73 [ +8.78,+22.68]  betas MKT_NDX +0.591(0.044)
  LIVE net of exact LEV cost  full                       NDX+SPX+MOM        R2 0.426  alpha +13.91 [ +7.12,+20.70] { +6.98,+19.16} P(<=0)=0.000  betas MKT_NDX +0.470(0.062) MKT_SPX +0.254(0.089) MOM +0.292(0.035)
  LIVE net of exact LEV cost  full                       NDX+SPX+MOM+LEV    R2 0.426  alpha  +9.97 [ -3.98,+23.92] { -3.49,+23.49} P(<=0)=0.058  betas MKT_NDX +0.470(0.062) MKT_SPX +0.254(0.089) MOM +0.292(0.035) LEV -2.731(4.321)
  LIVE net of exact LEV cost  full                       NDX+MOM+SMB+HML+LEV R2 0.433  alpha  +7.81 [ -6.08,+21.70]  betas MKT_NDX +0.632(0.042) MOM +0.307(0.036) SMB +0.303(0.033) HML +0.135(0.048) LEV -4.061(4.279)
  LIVE net of exact LEV cost  search 2015-11+            NDX only           R2 0.509  alpha +12.75 [ +2.63,+22.87]  betas MKT_NDX +0.815(0.083)
  LIVE net of exact LEV cost  search 2015-11+            NDX+SPX+MOM        R2 0.525  alpha +12.42 [ +2.44,+22.40] { +2.54,+20.87} P(<=0)=0.003  betas MKT_NDX +1.032(0.103) MKT_SPX -0.295(0.171) MOM +0.109(0.045)
  LIVE net of exact LEV cost  search 2015-11+            NDX+SPX+MOM+LEV    R2 0.525  alpha +11.22 [ -8.53,+30.97] { -7.13,+27.72} P(<=0)=0.125  betas MKT_NDX +1.032(0.103) MKT_SPX -0.295(0.171) MOM +0.109(0.045) LEV -0.829(6.217)
  LIVE net of exact LEV cost  search 2015-11+            NDX+MOM+SMB+HML+LEV R2 0.525  alpha +10.17 [ -9.44,+29.77]  betas MKT_NDX +0.801(0.092) MOM +0.173(0.044) SMB +0.186(0.040) HML +0.018(0.078) LEV -1.781(6.267)
  LIVE net of exact LEV cost  holdout 2000-07..2015-10   NDX only           R2 0.327  alpha +15.47 [ +6.36,+24.58]  betas MKT_NDX +0.491(0.048)
  LIVE net of exact LEV cost  holdout 2000-07..2015-10   NDX+SPX+MOM        R2 0.388  alpha +13.33 [ +4.65,+22.01] { +4.23,+22.33} P(<=0)=0.000  betas MKT_NDX +0.398(0.062) MKT_SPX +0.290(0.092) MOM +0.363(0.052)
  LIVE net of exact LEV cost  holdout 2000-07..2015-10   NDX+SPX+MOM+LEV    R2 0.388  alpha +11.15 [ -7.29,+29.59] { -5.00,+28.71} P(<=0)=0.095  betas MKT_NDX +0.398(0.062) MKT_SPX +0.290(0.092) MOM +0.363(0.052) LEV -1.511(5.675)
  LIVE net of exact LEV cost  holdout 2000-07..2015-10   NDX+MOM+SMB+HML+LEV R2 0.405  alpha  +4.53 [-13.69,+22.75]  betas MKT_NDX +0.578(0.045) MOM +0.391(0.048) SMB +0.356(0.047) HML +0.360(0.068) LEV -4.581(5.601)
  base allocations only       full                       NDX only           R2 0.449  alpha +10.96 [ +2.55,+19.37]  betas MKT_NDX +0.808(0.059)
  base allocations only       full                       NDX+SPX+MOM        R2 0.507  alpha  +8.30 [ +0.32,+16.28]  betas MKT_NDX +0.639(0.087) MKT_SPX +0.360(0.115) MOM +0.433(0.042)
  base allocations only       full                       NDX+SPX+MOM+LEV    R2 0.507  alpha  -0.37 [-16.85,+16.11]  betas MKT_NDX +0.640(0.087) MKT_SPX +0.359(0.115) MOM +0.433(0.042) LEV -6.002(5.100)
  base allocations only       full                       NDX+MOM+SMB+HML+LEV R2 0.508  alpha  -3.25 [-19.64,+13.13]  betas MKT_NDX +0.881(0.054) MOM +0.462(0.042) SMB +0.300(0.047) HML +0.230(0.057) LEV -7.669(5.072)
  base allocations only       search 2015-11+            NDX only           R2 0.650  alpha  +6.11 [ -4.67,+16.89]  betas MKT_NDX +1.206(0.094)
  base allocations only       search 2015-11+            NDX+SPX+MOM        R2 0.676  alpha  +5.39 [ -5.27,+16.05]  betas MKT_NDX +1.392(0.102) MKT_SPX -0.258(0.147) MOM +0.253(0.050)
  base allocations only       search 2015-11+            NDX+SPX+MOM+LEV    R2 0.677  alpha  -1.02 [-23.28,+21.25]  betas MKT_NDX +1.392(0.102) MKT_SPX -0.257(0.147) MOM +0.253(0.050) LEV -4.434(6.526)
  base allocations only       search 2015-11+            NDX+MOM+SMB+HML+LEV R2 0.677  alpha  -2.35 [-24.45,+19.74]  betas MKT_NDX +1.215(0.099) MOM +0.322(0.050) SMB +0.101(0.048) HML +0.107(0.073) LEV -5.154(6.537)
  base allocations only       holdout 2000-07..2015-10   NDX only           R2 0.358  alpha +10.19 [ -0.81,+21.19]  betas MKT_NDX +0.629(0.065)
  base allocations only       holdout 2000-07..2015-10   NDX+SPX+MOM        R2 0.416  alpha  +7.65 [ -2.77,+18.07]  betas MKT_NDX +0.521(0.087) MKT_SPX +0.342(0.119) MOM +0.433(0.067)
  base allocations only       holdout 2000-07..2015-10   NDX+SPX+MOM+LEV    R2 0.416  alpha  +0.62 [-21.30,+22.54]  betas MKT_NDX +0.521(0.087) MKT_SPX +0.341(0.119) MOM +0.432(0.067) LEV -4.871(6.925)
  base allocations only       holdout 2000-07..2015-10   NDX+MOM+SMB+HML+LEV R2 0.442  alpha  -7.95 [-29.30,+13.40]  betas MKT_NDX +0.745(0.060) MOM +0.492(0.062) SMB +0.425(0.059) HML +0.523(0.094) LEV -8.576(6.787)
  QQQ buy-and-hold            full                       NDX only           R2 1.000  alpha  +0.00 [ +0.00, +0.00]  betas MKT_NDX +1.000(0.000)
  QQQ buy-and-hold            full                       NDX+SPX+MOM        R2 1.000  alpha  +0.00 [ +0.00, +0.00]  betas MKT_NDX +1.000(0.000) MKT_SPX +0.000(0.000) MOM +0.000(0.000)
  QQQ buy-and-hold            full                       NDX+SPX+MOM+LEV    R2 1.000  alpha  +0.00 [ +0.00, +0.00]  betas MKT_NDX +1.000(0.000) MKT_SPX +0.000(0.000) MOM +0.000(0.000) LEV +0.000(0.000)
  QQQ buy-and-hold            full                       NDX+MOM+SMB+HML+LEV R2 1.000  alpha  +0.00 [ +0.00, +0.00]  betas MKT_NDX +1.000(0.000) MOM +0.000(0.000) SMB +0.000(0.000) HML +0.000(0.000) LEV +0.000(0.000)
  QQQ buy-and-hold            search 2015-11+            NDX only           R2 1.000  alpha  +0.00 [ +0.00, +0.00]  betas MKT_NDX +1.000(0.000)
  QQQ buy-and-hold            search 2015-11+            NDX+SPX+MOM        R2 1.000  alpha  +0.00 [ +0.00, +0.00]  betas MKT_NDX +1.000(0.000) MKT_SPX +0.000(0.000) MOM +0.000(0.000)
  QQQ buy-and-hold            search 2015-11+            NDX+SPX+MOM+LEV    R2 1.000  alpha  +0.00 [ +0.00, +0.00]  betas MKT_NDX +1.000(0.000) MKT_SPX +0.000(0.000) MOM +0.000(0.000) LEV +0.000(0.000)
  QQQ buy-and-hold            search 2015-11+            NDX+MOM+SMB+HML+LEV R2 1.000  alpha  +0.00 [ +0.00, +0.00]  betas MKT_NDX +1.000(0.000) MOM +0.000(0.000) SMB +0.000(0.000) HML +0.000(0.000) LEV +0.000(0.000)
  QQQ buy-and-hold            holdout 2000-07..2015-10   NDX only           R2 1.000  alpha  +0.00 [ +0.00, +0.00]  betas MKT_NDX +1.000(0.000)
  QQQ buy-and-hold            holdout 2000-07..2015-10   NDX+SPX+MOM        R2 1.000  alpha  -0.00 [ -0.00, +0.00]  betas MKT_NDX +1.000(0.000) MKT_SPX +0.000(0.000) MOM +0.000(0.000)
  QQQ buy-and-hold            holdout 2000-07..2015-10   NDX+SPX+MOM+LEV    R2 1.000  alpha  +0.00 [ -0.00, +0.00]  betas MKT_NDX +1.000(0.000) MKT_SPX +0.000(0.000) MOM +0.000(0.000) LEV +0.000(0.000)
  QQQ buy-and-hold            holdout 2000-07..2015-10   NDX+MOM+SMB+HML+LEV R2 1.000  alpha  +0.00 [ +0.00, +0.00]  betas MKT_NDX +1.000(0.000) MOM +0.000(0.000) SMB +0.000(0.000) HML +0.000(0.000) LEV +0.000(0.000)
  SPY buy-and-hold            full                       NDX only           R2 0.719  alpha  +1.90 [ -1.33, +5.13]  betas MKT_NDX +0.635(0.025)
  SPY buy-and-hold            full                       NDX+SPX+MOM        R2 1.000  alpha  +0.00 [ +0.00, +0.00]  betas MKT_NDX +0.000(0.000) MKT_SPX +1.000(0.000) MOM +0.000(0.000)
  SPY buy-and-hold            full                       NDX+SPX+MOM+LEV    R2 1.000  alpha  +0.00 [ +0.00, +0.00]  betas MKT_NDX +0.000(0.000) MKT_SPX +1.000(0.000) MOM +0.000(0.000) LEV +0.000(0.000)
  SPY buy-and-hold            full                       NDX+MOM+SMB+HML+LEV R2 0.778  alpha  -3.63 [-10.62, +3.37]  betas MKT_NDX +0.680(0.021) MOM -0.000(0.017) SMB -0.051(0.023) HML +0.387(0.026) LEV -2.773(2.211)
  SPY buy-and-hold            search 2015-11+            NDX only           R2 0.865  alpha  -0.14 [ -4.39, +4.12]  betas MKT_NDX +0.746(0.026)
  SPY buy-and-hold            search 2015-11+            NDX+SPX+MOM        R2 1.000  alpha  +0.00 [ +0.00, +0.00]  betas MKT_NDX +0.000(0.000) MKT_SPX +1.000(0.000) MOM +0.000(0.000)
  SPY buy-and-hold            search 2015-11+            NDX+SPX+MOM+LEV    R2 1.000  alpha  +0.00 [ +0.00, +0.00]  betas MKT_NDX +0.000(0.000) MKT_SPX +1.000(0.000) MOM +0.000(0.000) LEV +0.000(0.000)
  SPY buy-and-hold            search 2015-11+            NDX+MOM+SMB+HML+LEV R2 0.931  alpha  +1.62 [ -3.82, +7.07]  betas MKT_NDX +0.818(0.019) MOM -0.052(0.010) SMB -0.010(0.014) HML +0.312(0.022) LEV +2.017(1.642)
  SPY buy-and-hold            holdout 2000-07..2015-10   NDX only           R2 0.654  alpha  +2.16 [ -2.31, +6.63]  betas MKT_NDX +0.585(0.030)
  SPY buy-and-hold            holdout 2000-07..2015-10   NDX+SPX+MOM        R2 1.000  alpha  +0.00 [ +0.00, +0.00]  betas MKT_NDX +0.000(0.000) MKT_SPX +1.000(0.000) MOM +0.000(0.000)
  SPY buy-and-hold            holdout 2000-07..2015-10   NDX+SPX+MOM+LEV    R2 1.000  alpha  +0.00 [ +0.00, +0.00]  betas MKT_NDX +0.000(0.000) MKT_SPX +1.000(0.000) MOM +0.000(0.000) LEV +0.000(0.000)
  SPY buy-and-hold            holdout 2000-07..2015-10   NDX+MOM+SMB+HML+LEV R2 0.734  alpha  -8.46 [-19.06, +2.14]  betas MKT_NDX +0.627(0.024) MOM +0.028(0.024) SMB -0.105(0.044) HML +0.537(0.039) LEV -5.544(3.417)

   REAL weekly SPMO rows (560 weeks with French data), weekly x 52:
  LIVE (real)                    NDX only                 R2 0.519  alpha +12.72 [ +3.44,+22.01]  betas MKT_NDX +0.833(0.095)
  LIVE (real)                    NDX+SPX+MOM+LEV          R2 0.540  alpha +13.79 [ +3.26,+24.31]  betas MKT_NDX +0.988(0.167) MKT_SPX -0.196(0.235) MOM +0.153(0.068) LEV +0.352(0.372)
  LIVE (real)                    NDX+SPX+(SPMO-SPY)+LEV   R2 0.536  alpha +13.98 [ +3.53,+24.43]  betas MKT_NDX +1.011(0.151) MKT_SPX -0.238(0.204) SPMOX +0.213(0.117) LEV +0.390(0.376)
  base allocations only (real)   NDX only                 R2 0.657  alpha  +6.44 [ -3.62,+16.49]  betas MKT_NDX +1.201(0.112)
  base allocations only (real)   NDX+SPX+MOM+LEV          R2 0.688  alpha  +6.70 [ -4.70,+18.09]  betas MKT_NDX +1.105(0.153) MKT_SPX +0.137(0.185) MOM +0.316(0.081) LEV +0.277(0.465)
  base allocations only (real)   NDX+SPX+(SPMO-SPY)+LEV   R2 0.679  alpha  +7.06 [ -4.53,+18.65]  betas MKT_NDX +1.147(0.138) MKT_SPX +0.059(0.161) SPMOX +0.462(0.130) LEV +0.360(0.477)
  QQQ (real)                     NDX only                 R2 1.000  alpha  -0.00 [ -0.00, -0.00]  betas MKT_NDX +1.000(0.000)
  QQQ (real)                     NDX+SPX+MOM+LEV          R2 1.000  alpha  -0.00 [ -0.00, -0.00]  betas MKT_NDX +1.000(0.000) MKT_SPX +0.000(0.000) MOM +0.000(0.000) LEV +0.000(0.000)
  QQQ (real)                     NDX+SPX+(SPMO-SPY)+LEV   R2 1.000  alpha  -0.00 [ -0.00, -0.00]  betas MKT_NDX +1.000(0.000) MKT_SPX +0.000(0.000) SPMOX +0.000(0.000) LEV +0.000(0.000)
  SPMO (real core leg)           NDX only                 R2 0.699  alpha  +2.02 [ -3.75, +7.79]  betas MKT_NDX +0.787(0.046)
  SPMO (real core leg)           NDX+SPX+MOM+LEV          R2 0.816  alpha  +0.47 [ -3.97, +4.90]  betas MKT_NDX +0.113(0.077) MKT_SPX +0.887(0.083) MOM +0.291(0.034) LEV -0.184(0.123)
  SPMO (real core leg)           NDX+SPX+(SPMO-SPY)+LEV   R2 1.000  alpha  +0.00 [ -0.00, +0.00]  betas MKT_NDX +0.000(0.000) MKT_SPX +1.000(0.000) SPMOX +1.000(0.000) LEV +0.000(0.000)

====================================================================================================
2. EXPOSURE-MATCHED PASSIVE.  e_t = held weights . (1, 3, 2, 0.5, 0);  passive = e_{t-1} x MKT_NDX + cash
   residual = LIVE - passive  ==  LEV(decay+financing) + XLU selection + one-day lag term - costs   (exact identity, asserted)
   average exposure e-bar = 1.245  (deployed capital 66.2%);  e range [0.00, 2.03]
   era                              N  LIVE xs  P_avg xs P_path xs  timing(b)  resid(c)   = LEV   +XLU   +LAG  -COST | resid Sharpe  boot CI(20d)      P    CI(60d)         P
   full                          6575   +21.09    +12.11    +20.14      +8.03     +0.95   -0.49  +0.21  +2.53  -1.29 |  +0.16  [-1.10,+3.08] 0.183  [-1.41,+3.12] 0.203
   search 2015-11+               2719   +26.93    +23.88    +27.33      +3.45     -0.40   -0.53  +0.14  +1.35  -1.37 |  -0.06  [-4.10,+3.04] 0.568  [-4.00,+2.92] 0.584
   holdout 2000-07..2015-10      3856   +16.97     +4.74    +15.07     +10.33     +1.91   -0.47  +0.26  +3.35  -1.23 |  +0.36  [-0.60,+4.44] 0.066  [-0.77,+4.86] 0.085
   2000-07..2009                 2389   +13.10     -3.96    +11.09     +15.05     +2.01   -0.36  +0.23  +3.39  -1.25 |  +0.35  [-1.95,+5.79] 0.151  [-1.96,+6.38] 0.161
   2010..2019                    2515   +22.12    +27.48    +22.89      -4.58     -0.78   -0.65  +0.20  +0.82  -1.14 |  -0.14  [-4.18,+2.20] 0.672  [-4.46,+2.46] 0.668
   2020..2026                    1671   +30.96    +21.65    +28.92      +7.27     +2.04   -0.46  +0.20  +3.87  -1.57 |  +0.31  [-2.28,+6.18] 0.173  [-1.73,+5.56] 0.144
   'boot CI' = block bootstrap of the LIVE-minus-passive annualised log-return (block_bootstrap.boot, 2000 draws), P = P(<=0)
   Sharpe of LIVE vs the passive path (paired bootstrap, Sharpe difference):
     full                         Sharpe LIVE 0.938  P_path 0.902  P_avg 0.439  dSharpe(LIVE-P_path) CI20 [-0.049,+0.126] P 0.201  CI60 [-0.058,+0.127] P 0.219
     search 2015-11+              Sharpe LIVE 1.150  P_path 1.169  P_avg 0.885  dSharpe(LIVE-P_path) CI20 [-0.164,+0.120] P 0.589  CI60 [-0.161,+0.114] P 0.602
     holdout 2000-07..2015-10     Sharpe LIVE 0.780  P_path 0.703  P_avg 0.192  dSharpe(LIVE-P_path) CI20 [-0.029,+0.184] P 0.075  CI60 [-0.035,+0.201] P 0.096

   TIMING TERM (b) = P_path - P_avg: does the exposure PATH beat the same average exposure held constantly?
     full                         e-bar 1.245  (b)  +8.03 pp/yr  log-return CI20 [+1.94,+19.15] P 0.007  CI60 [+2.63,+18.36] P 0.004  dSharpe CI60 [+0.164,+0.762] P 0.001
     search 2015-11+              e-bar 1.341  (b)  +3.45 pp/yr  log-return CI20 [-5.51,+15.28] P 0.186  CI60 [-3.83,+13.12] P 0.140  dSharpe CI60 [-0.038,+0.633] P 0.046
     holdout 2000-07..2015-10     e-bar 1.178  (b) +10.33 pp/yr  log-return CI20 [+0.81,+25.38] P 0.017  CI60 [+1.50,+25.67] P 0.013  dSharpe CI60 [+0.093,+0.909] P 0.006

   TIMING TERM vs EXECUTION DELAY: (b) = P_path(lag k) - P_avg, pp/yr, with 60d-block bootstrap P(<=0) in brackets
     era                                    lag 0           lag 1           lag 2           lag 3           lag 5          lag 10
     full                          +10.55 [0.000]   +8.03 [0.009]   +6.60 [0.017]   +6.54 [0.013]   +5.95 [0.036]   +3.98 [0.096]
     search 2015-11+                +4.80 [0.088]   +3.45 [0.138]   +2.19 [0.202]   +2.11 [0.226]   +0.27 [0.366]   +1.20 [0.343]
     holdout 2000-07..2015-10      +13.68 [0.001]  +10.33 [0.013]   +8.78 [0.037]   +8.72 [0.024]   +9.03 [0.023]   +5.02 [0.114]

   TIMING TERM BY DESIGN (lag 1, pp/yr): which rule produces the exposure timing?
     design                          era                        e-bar  LIVE xs P_avg xs     (b)  P(b<=0)     (c)  Sharpe Sh P_path
     base allocations only (no VT)   full                        1.50   +18.99   +14.62   +4.76    0.078   -0.39   0.675     0.685
     base allocations only (no VT)   search 2015-11+             1.67   +27.88   +29.73   -0.32    0.434   -1.54   0.907     0.948
     base allocations only (no VT)   holdout 2000-07..2015-10    1.39   +12.72    +5.57   +6.72    0.096   +0.42   0.491     0.475
     base + vol target               full                        1.38   +18.16   +13.41   +5.09    0.051   -0.33   0.760     0.770
     base + vol target               search 2015-11+             1.53   +24.80   +27.19   -0.57    0.406   -1.82   0.959     1.021
     base + vol target               holdout 2000-07..2015-10    1.27   +13.49    +5.13   +7.64    0.063   +0.72   0.604     0.574
     base + fast overlay + VT        full                        1.43   +19.82   +13.94   +6.07    0.022   -0.20   0.797     0.803
     base + fast overlay + VT        search 2015-11+             1.57   +25.60   +27.92   -0.86    0.411   -1.46   0.971     1.020
     base + fast overlay + VT        holdout 2000-07..2015-10    1.34   +15.74    +5.39   +9.65    0.018   +0.69   0.664     0.636
     base + trim + VT                full                        1.19   +19.08   +11.62   +6.59    0.025   +0.87   0.885     0.851
     base + trim + VT                search 2015-11+             1.30   +25.89   +23.16   +3.62    0.143   -0.88   1.133     1.171
     base + trim + VT                holdout 2000-07..2015-10    1.12   +14.28    +4.51   +7.66    0.054   +2.11   0.697     0.606
     LIVE                            full                        1.25   +21.09   +12.11   +8.03    0.005   +0.95   0.938     0.902
     LIVE                            search 2015-11+             1.34   +26.93   +23.88   +3.45    0.133   -0.40   1.150     1.169
     LIVE                            holdout 2000-07..2015-10    1.18   +16.97    +4.74  +10.33    0.007   +1.91   0.780     0.703

   REAL weekly rows (same decomposition, weights = RF.eval_real's, exposure lagged one week):
     N 563  e-bar 1.336  LIVE xs +27.25  P_avg xs +23.13  P_path xs +23.44  timing(b) +0.31  resid(c) +3.81 = LEV -0.85 + XLU +0.76 + LAG +5.17 + SPMO-vs-QQQ core -0.42 - COST 0.85
     resid Sharpe +0.35; LIVE-P_path log-ret CI(4w) [-10.67,+51.27] P 0.107, (12w) [-9.00,+49.04] P 0.097;  timing(b) CI(4w) [-46.88,+55.11] P 0.418, (12w) [-45.26,+48.35] P 0.429
     [real LEV uses the REAL TQQQ/QLD legs, so it carries their tracking error too; identity LEV+XLU+LAG+CORE-COST asserted exactly]

====================================================================================================
3. STYLE-REGIME BUCKETS (daily rows; regimes are calendar-quarter statistics, contemporaneous, quintiles/terciles over quarters)
   columns: pp/yr = annualised mean within bucket; 'share' = bucket's share of the full-sample SUM of that term

   (i) Fama-French MOMENTUM factor, quarterly return quintile  (Q5 = momentum works best)
   bucket                     N  e-bar  MKT_NDX  LIVE xs  P_avg xs P_path xs  timing(b)  resid(c)    LEV    LAG | share of: (b)     (c)
   Q1 (lowest)             1297   0.97    +48.0    +48.7     +59.7     +47.4      -12.4      +1.4   -0.3   +2.3 |    -30%     +28%
   Q2                      1321   1.39     +8.0     +3.6     +10.0      +6.7       -3.3      -3.1   -0.5   -1.3 |     -8%     -65%
   Q3                      1322   1.60    +22.6    +38.3     +28.1     +35.5       +7.4      +2.8   -0.6   +4.6 |    +18%     +58%
   Q4                      1321   1.32     +1.2     +9.4      +1.5      +9.5       +8.0      -0.1   -0.5   +1.5 |    +20%      -2%
   Q5 (highest)            1314   0.93    -30.7     +5.8     -38.2      +2.0      +40.2      +3.9   -0.4   +5.6 |   +100%     +81%

   (ii) NASDAQ vs S&P relative performance (MKT_NDX - MKT_SPX), quarterly quintile  (Q5 = Nasdaq beats S&P most)
   bucket                     N  e-bar  MKT_NDX  LIVE xs  P_avg xs P_path xs  timing(b)  resid(c)    LEV    LAG | share of: (b)     (c)
   Q1 (lowest)             1282   0.77    -47.5    -26.5     -59.1     -29.2      +29.9      +2.7   -0.3   +4.0 |    +73%     +55%
   Q2                      1312   1.40     +3.2     +3.0      +4.0      +5.0       +1.0      -2.0   -0.6   -0.8 |     +2%     -42%
   Q3                      1334   1.46    +14.7    +37.8     +18.4     +37.8      +19.5      -0.0   -0.6   +1.6 |    +49%      -1%
   Q4                      1326   1.50    +30.7    +43.3     +38.3     +40.8       +2.6      +2.5   -0.6   +4.1 |     +7%     +52%
   Q5 (highest)            1321   1.08    +45.5    +46.0     +56.7     +44.4      -12.3      +1.7   -0.4   +3.8 |    -31%     +36%

   (iii) realised QQQ vol, quarterly tercile
   bucket                     N  e-bar  MKT_NDX  LIVE xs  P_avg xs P_path xs  timing(b)  resid(c)    LEV    LAG | share of: (b)     (c)
   T1 (low vol)            2204   1.85    +24.5    +46.2     +30.5     +45.9      +15.4      +0.3   -0.7   +1.7 |    +64%     +10%
   T2                      2177   1.34    +16.5    +18.4     +20.6     +18.3       -2.3      +0.2   -0.6   +1.1 |    -10%      +6%
   T3 (high vol)           2194   0.54    -11.9     -1.5     -14.8      -3.9      +10.9      +2.4   -0.2   +4.8 |    +45%     +83%

   (iv-a) market direction: MKT_NDX quarterly quintile (the leverage-timing view)
   bucket                     N  e-bar  MKT_NDX  LIVE xs  P_avg xs P_path xs  timing(b)  resid(c)    LEV    LAG | share of: (b)     (c)
   M1 (worst)              1308   0.65    -66.6    -38.5     -83.0     -37.8      +45.2      -0.7   -0.3   +0.3 |   +112%     -15%
   M2                      1299   1.22     -3.7    -11.3      -4.6     -14.6      -10.0      +3.2   -0.5   +5.9 |    -25%     +67%
   M3                      1312   1.71    +14.7    +24.3     +18.3     +27.7       +9.5      -3.4   -0.7   -2.2 |    +24%     -71%
   M4                      1330   1.68    +34.4    +63.0     +42.8     +58.4      +15.6      +4.5   -0.7   +6.4 |    +39%     +96%
   M5 (best)               1326   0.96    +68.5    +66.4     +85.3     +65.3      -20.0      +1.1   -0.3   +2.3 |    -50%     +23%

   (iv-b) macro state (50/200 classifier, daily)
   bucket                     N  e-bar  MKT_NDX  LIVE xs  P_avg xs P_path xs  timing(b)  resid(c)    LEV    LAG | share of: (b)     (c)
   A                       3442   1.56    +12.2    +23.6     +15.2     +22.5       +7.4      +1.1   -0.6   +3.0 |    +48%     +61%
   B                        381   1.58    -11.7     +1.7     -14.6      +0.5      +15.1      +1.2   -0.5   +2.5 |    +11%      +7%
   C                        445   0.83    +27.3    +36.8     +34.0     +40.7       +6.6      -3.9   -0.2   -2.8 |     +6%     -28%
   D                        934   1.78    +22.1    +38.7     +27.5     +40.1      +12.6      -1.4   -1.1   +1.7 |    +22%     -21%
   E                        380   0.18    +22.9     +4.4     +28.5      -2.0      -30.5      +6.4   +0.0   +4.2 |    -22%     +39%
   F                        993   0.13    -15.1     +2.5     -18.8      -0.1      +18.7      +2.6   +0.0   +3.6 |    +35%     +42%

   (iv-c) effective state after the fast overlay
   bucket                     N  e-bar  MKT_NDX  LIVE xs  P_avg xs P_path xs  timing(b)  resid(c)    LEV    LAG | share of: (b)     (c)
   A                       3909   1.55    +13.6    +25.7     +17.0     +24.7       +7.7      +1.0   -0.6   +2.8 |    +57%     +65%
   B                         78   1.32    -43.1    -54.9     -53.7     -55.1       -1.4      +0.1   -0.3   +1.8 |     -0%      +0%
   C                        506   0.57    +12.2     +9.9     +15.2      +9.4       -5.8      +0.5   +0.0   +1.8 |     -6%      +4%
   D                        934   1.78    +22.1    +38.7     +27.5     +40.1      +12.6      -1.4   -1.1   +1.7 |    +22%     -21%
   E                        380   0.18    +22.9     +4.4     +28.5      -2.0      -30.5      +6.4   +0.0   +4.2 |    -22%     +39%
   F                        768   0.00    -28.1     -0.6     -34.9      -1.7      +33.2      +1.1   +0.0   +1.7 |    +48%     +13%

   regression alpha (NDX+SPX+MOM+LEV) of LIVE inside momentum halves and Nasdaq-vs-S&P halves:
     high MOM half          N  3263  alpha  +7.10 [ -2.85,+17.06]  beta_NDX 0.371  beta_MOM +0.390
     low MOM half           N  3293  alpha +10.24 [ +1.59,+18.89]  beta_NDX 0.663  beta_MOM +0.253
     high NDX-SPX half      N  3281  alpha +19.65 [+10.50,+28.79]  beta_NDX 0.744  beta_MOM +0.204
     low NDX-SPX half       N  3275  alpha  -2.18 [-11.82, +7.46]  beta_NDX 0.243  beta_MOM +0.383

====================================================================================================
4. ROLLING 3-YEAR (756-session) windows ending each year-end; plus that calendar year's own numbers
   year   3y beta  3y a1  3y a4 3y bMOM  3y e  3y R2 |  1y beta  1y a4  1y e   LIVE    QQQ    MOMflag
   2002      0.15   -1.4   -1.7   +0.06  0.24   0.24 |     0.15   +5.0  0.21   -2.5  -45.1  +23.0  
   2003      0.22  +19.0  +18.9   +0.14  0.38   0.28 |     0.71  +22.9  0.70  +49.2  +36.5  -12.6  timing (alpha>0, beta low)
   2004      0.42  +18.6  +16.4   +0.46  0.78   0.37 |     1.35   -0.1  1.43   +9.7   +8.9   -0.9  timing (alpha>0, beta low)
   2005      1.04   +4.2   +4.0   +0.20  1.28   0.65 |     1.59   -3.8  1.70   +2.5   +5.1  +17.6  
   2006      1.36   +3.1   +4.0   -0.07  1.53   0.74 |     1.19  +11.7  1.46  +15.6   +5.2   -7.3  
   2007      1.50   +8.3   +9.7   -0.12  1.65   0.82 |     1.68  +12.3  1.80  +36.0  +16.1  +24.9  
   2008      0.53  +18.2  +15.4   +0.27  1.25   0.38 |     0.18   -5.6  0.50  -12.9  -47.8   +8.2  timing (alpha>0, beta low)
   2009      0.46  +19.7  +19.5   +0.12  0.94   0.35 |     0.50  +21.1  0.53  +41.1  +40.9  -65.8  timing (alpha>0, beta low)
   2010      0.42  +18.5  +20.0   +0.14  0.78   0.35 |     1.26   +9.8  1.31  +31.8  +18.0   +4.8  timing (alpha>0, beta low)
   2011      0.78   +1.4   +4.1   +0.23  1.01   0.58 |     0.78  -23.7  1.17  -21.0   +3.5   +8.8  timing (alpha>0, beta low)
   2012      1.08   -3.4   -3.7   -0.01  1.32   0.65 |     1.51   -5.2  1.50  +17.1  +17.4   +2.0  STYLE-RIDING (alpha<0, beta high)
   2013      1.15   -1.1   -1.1   +0.01  1.55   0.64 |     1.99   -1.9  1.97  +49.8  +26.7   +6.3  STYLE-RIDING (alpha<0, beta high)
   2014      1.76   -3.7   -3.9   +0.14  1.81   0.90 |     1.95   -3.0  1.97  +28.6  +17.1   +2.6  STYLE-RIDING (alpha<0, beta high)
   2015      1.67   -0.8   -1.7   +0.14  1.89   0.86 |     1.37  -12.1  1.72   -1.4   +6.8  +14.9  STYLE-RIDING (alpha<0, beta high)
   2016      1.39   -5.4   -5.3   +0.20  1.71   0.74 |     0.99   -8.9  1.44   -2.1   +9.4  -20.7  STYLE-RIDING (alpha<0, beta high)
   2017      1.32   -0.8   -1.1   +0.15  1.72   0.71 |     1.96   +1.2  1.99  +56.5  +28.9   +7.8  STYLE-RIDING (alpha<0, beta high)
   2018      1.13   +2.4   +2.9   +0.21  1.62   0.65 |     1.01   -6.6  1.42   -7.2   -1.7  +10.3  
   2019      1.25   +6.3   +6.1   +0.04  1.71   0.71 |     1.43   -4.9  1.72  +40.9  +33.9   -0.7  
   2020      0.67   +7.9   +4.0   -0.17  1.21   0.49 |     0.37  +16.1  0.49  +34.3  +36.3  -12.5  timing (alpha>0, beta low)
   2021      0.73  +16.8  +13.7   -0.12  1.28   0.53 |     1.50   +3.2  1.63  +45.4  +26.7   -9.1  timing (alpha>0, beta low)
   2022      0.48  +12.5  +12.4   +0.09  0.83   0.41 |     0.27  -20.8  0.37  -32.2  -41.4  +16.1  timing (alpha>0, beta low)
   2023      0.72  +16.7  +17.3   +0.28  1.11   0.52 |     1.33   +4.2  1.33  +56.3  +43.0  -16.9  timing (alpha>0, beta low)
   2024      0.73  +18.5  +15.5   +0.33  1.09   0.52 |     1.58  +13.3  1.56  +50.2  +24.3  +21.4  timing (alpha>0, beta low)
   2025      1.11  +13.5  +12.5   +0.17  1.41   0.66 |     0.72   +9.7  1.37  +23.5  +19.1   +4.4  
   2026      1.09  +16.3  +16.2   +0.13  1.48   0.64 |     0.95  +14.6  1.26  +33.8  +20.8  +21.5  
   (a1 = single-factor alpha pp/yr; a4 = NDX+SPX+MOM+LEV alpha; e = average realised exposure; median 3y beta 1.04)
   corr across windows: 3y alpha4 vs 3y beta -0.61;  1y alpha4 vs 1y MOM return -0.33;  1y alpha4 vs 1y QQQ return +0.50

====================================================================================================
5. THREE-WAY DECOMPOSITION OF THE GAP vs QQQ AND vs SPY  (annualised LOG return, pp/yr -- terms add exactly; CAGRs shown alongside)
   gap = [index choice: QQQ - SPY] + (a) average leverage [P_avg - QQQ] + (b) time-varying exposure [P_path - P_avg] + (c) residual [LIVE - P_path]
   (c) = LEV(decay+financing) + XLU selection + one-day lag - costs
   4bp full                       e-bar 1.25  CAGR LIVE 22.12 QQQ  8.72 SPY  8.49 P_avg  9.35 P_path 20.98
        vs QQQ gap +11.62 = (a)  +0.58 (  +5%) + (b) +10.11 ( +87%) + (c)  +0.93 (  +8%)   [(c): LEV -0.49, XLU +0.21, lag +2.53, cost -1.29; simple-mean terms]
        vs SPY gap +11.83 = index  +0.21 (  +2%) + (a)  +0.58 (  +5%) + (b) +10.11 ( +85%) + (c)  +0.93 (  +8%)
   4bp search 2015-11+            e-bar 1.34  CAGR LIVE 29.67 QQQ 19.30 SPY 14.85 P_avg 24.28 P_path 30.21
        vs QQQ gap  +8.33 = (a)  +4.09 ( +49%) + (b)  +4.66 ( +56%) + (c)  -0.42 (  -5%)   [(c): LEV -0.53, XLU +0.14, lag +1.35, cost -1.37; simple-mean terms]
        vs SPY gap +12.14 = index  +3.81 ( +31%) + (a)  +4.09 ( +34%) + (b)  +4.66 ( +38%) + (c)  -0.42 (  -3%)
   4bp holdout 2000-07..2015-10   e-bar 1.18  CAGR LIVE 17.06 QQQ  1.83 SPY  4.22 P_avg  1.04 P_path 14.87
        vs QQQ gap +13.94 = (a)  -0.77 (  -6%) + (b) +12.83 ( +92%) + (c)  +1.89 ( +14%)   [(c): LEV -0.47, XLU +0.26, lag +3.35, cost -1.23; simple-mean terms]
        vs SPY gap +11.62 = index  -2.32 ( -20%) + (a)  -0.77 (  -7%) + (b) +12.83 (+110%) + (c)  +1.89 ( +16%)
   4bp REAL weekly                 e-bar 1.34  CAGR LIVE 30.57 QQQ 19.09 SPY 14.73 SPMO 17.43 P_avg 24.18 P_path 25.39
        vs QQQ gap  +9.20 = (a)  +4.18 + (b)  +0.97 + (c)  +4.05   [(c): LEV -0.85, XLU +0.76, lag +5.17, cost -0.85, SPMO-vs-QQQ core -0.42]
        vs SPY gap +12.94 = index  +3.73 + (a)  +4.18 + (b)  +0.97 + (c)  +4.05
   10bp full                       e-bar 1.25  CAGR LIVE 19.78 QQQ  8.72 SPY  8.49 P_avg  9.35 P_path 20.98
        vs QQQ gap  +9.69 = (a)  +0.58 (  +6%) + (b) +10.11 (+104%) + (c)  -1.00 ( -10%)   [(c): LEV -0.49, XLU +0.21, lag +2.53, cost -3.22; simple-mean terms]
        vs SPY gap  +9.90 = index  +0.21 (  +2%) + (a)  +0.58 (  +6%) + (b) +10.11 (+102%) + (c)  -1.00 ( -10%)
   10bp search 2015-11+            e-bar 1.34  CAGR LIVE 27.03 QQQ 19.30 SPY 14.85 P_avg 24.28 P_path 30.21
        vs QQQ gap  +6.27 = (a)  +4.09 ( +65%) + (b)  +4.66 ( +74%) + (c)  -2.47 ( -39%)   [(c): LEV -0.53, XLU +0.14, lag +1.35, cost -3.43; simple-mean terms]
        vs SPY gap +10.08 = index  +3.81 ( +38%) + (a)  +4.09 ( +41%) + (b)  +4.66 ( +46%) + (c)  -2.47 ( -25%)
   10bp holdout 2000-07..2015-10   e-bar 1.18  CAGR LIVE 14.92 QQQ  1.83 SPY  4.22 P_avg  1.04 P_path 14.87
        vs QQQ gap +12.10 = (a)  -0.77 (  -6%) + (b) +12.83 (+106%) + (c)  +0.04 (  +0%)   [(c): LEV -0.47, XLU +0.26, lag +3.35, cost -3.08; simple-mean terms]
        vs SPY gap  +9.77 = index  -2.32 ( -24%) + (a)  -0.77 (  -8%) + (b) +12.83 (+131%) + (c)  +0.04 (  +0%)
   10bp REAL weekly                 e-bar 1.34  CAGR LIVE 28.92 QQQ 19.09 SPY 14.73 SPMO 17.43 P_avg 24.18 P_path 25.39
        vs QQQ gap  +7.93 = (a)  +4.18 + (b)  +0.97 + (c)  +2.78   [(c): LEV -0.85, XLU +0.76, lag +5.17, cost -2.13, SPMO-vs-QQQ core -0.42]
        vs SPY gap +11.66 = index  +3.73 + (a)  +4.18 + (b)  +0.97 + (c)  +2.78

====================================================================================================
6. PLACEBO: the exposure PATH with its timing destroyed -- same exposure values, same average, random placement
   (i) calendar-year blocks permuted; (ii) 60-session circular blocks resampled.  Statistic: P_path annualised log return and Sharpe.
   P = fraction of placebo paths at least as good as the actual path (one-sided).  1000 draws each.
   full                       actual P_path: log-ret +19.05 pp/yr, Sharpe 0.902
      year     placebo log-ret median  +6.95 [ -1.58,+15.42]  P(placebo>=actual) 0.004   Sharpe median 0.373 [0.165,0.619]  P 0.000
      block60  placebo log-ret median  +6.50 [ -1.09,+14.44]  P(placebo>=actual) 0.003   Sharpe median 0.362 [0.164,0.577]  P 0.000
   search 2015-11+            actual P_path: log-ret +26.40 pp/yr, Sharpe 1.169
      year     placebo log-ret median +20.82 [+12.82,+29.89]  P(placebo>=actual) 0.116   Sharpe median 0.776 [0.538,1.092]  P 0.010
      block60  placebo log-ret median +19.98 [+11.15,+29.22]  P(placebo>=actual) 0.086   Sharpe median 0.756 [0.492,1.048]  P 0.004
   holdout 2000-07..2015-10   actual P_path: log-ret +13.87 pp/yr, Sharpe 0.703
      year     placebo log-ret median  -1.10 [-14.51,+12.60]  P(placebo>=actual) 0.016   Sharpe median 0.175 [-0.105,0.543]  P 0.005
      block60  placebo log-ret median  -1.51 [-13.08, +9.75]  P(placebo>=actual) 0.005   Sharpe median 0.160 [-0.089,0.459]  P 0.002
   LIVE (with its residual) vs the placebo passive distribution:
      full                       LIVE log-ret +19.98 Sharpe 0.938  vs year-placebo median  +6.95/0.373  P(placebo log-ret >= LIVE) ~ <0.025;  LIVE - placebo median = +13.03 pp/yr
      search 2015-11+            LIVE log-ret +25.98 Sharpe 1.150  vs year-placebo median +20.82/0.776  P(placebo log-ret >= LIVE) ~ >0.025;  LIVE - placebo median = +5.16 pp/yr
      holdout 2000-07..2015-10   LIVE log-ret +15.76 Sharpe 0.780  vs year-placebo median  -1.10/0.175  P(placebo log-ret >= LIVE) ~ <0.025;  LIVE - placebo median = +16.85 pp/yr
   sign-flip: exposure path mirrored around e-bar (2e-bar - e_t): a real timing signal must LOSE
      full                       actual +19.05/0.902   flipped  -7.57/0.115   constant e-bar  +8.94/0.439
      search 2015-11+            actual +26.40/1.169   flipped +12.61/0.507   constant e-bar +21.74/0.879
      holdout 2000-07..2015-10   actual +13.87/0.703   flipped -19.13/-0.071   constant e-bar  +1.04/0.195

done in 202s
